03-31 18:39:55.147   616   616 W NotificationHistory: Attempted to add notif for locked/gone/disabled user 0
03-31 18:39:55.174   616   616 W NotificationHistory: Attempted to add notif for locked/gone/disabled user 0
03-31 18:39:55.194   616   616 W NotificationHistory: Attempted to add notif for locked/gone/disabled user 0
03-31 18:39:57.120   616   616 W NotificationHistory: Attempted to add notif for locked/gone/disabled user 0
03-31 18:39:57.146   616   616 W NotificationHistory: Attempted to add notif for locked/gone/disabled user 0
03-31 18:39:57.167   616   616 W NotificationHistory: Attempted to add notif for locked/gone/disabled user 0
03-31 18:39:57.187   616   616 W NotificationHistory: Attempted to add notif for locked/gone/disabled user 0
03-31 18:39:59.113   616   616 W NotificationHistory: Attempted to add notif for locked/gone/disabled user 0
03-31 18:39:59.137   616   616 W NotificationHistory: Attempted to add notif for locked/gone/disabled user 0
03-31 18:39:59.166   616   616 W NotificationHistory: Attempted to add notif for locked/gone/disabled user 0
03-31 18:39:59.187   616   616 W NotificationHistory: Attempted to add notif for locked/gone/disabled user 0
03-31 18:40:01.126   616   616 W NotificationHistory: Attempted to add notif for locked/gone/disabled user 0
03-31 18:40:01.148   616   616 W NotificationHistory: Attempted to add notif for locked/gone/disabled user 0
03-31 18:40:01.181   616   616 W NotificationHistory: Attempted to add notif for locked/gone/disabled user 0
03-31 18:40:01.204   616   616 W NotificationHistory: Attempted to add notif for locked/gone/disabled user 0
03-31 18:40:03.149   616   616 W NotificationHistory: Attempted to add notif for locked/gone/disabled user 0
03-31 18:40:03.173   616   616 W NotificationHistory: Attempted to add notif for locked/gone/disabled user 0
03-31 18:40:03.194   616   616 W NotificationHistory: Attempted to add notif for locked/gone/disabled user 0
03-31 18:40:03.212   616   616 W NotificationHistory: Attempted to add notif for locked/gone/disabled user 0
03-31 18:40:05.121   616   616 W NotificationHistory: Attempted to add notif for locked/gone/disabled user 0
03-31 18:40:05.146   616   616 W NotificationHistory: Attempted to add notif for locked/gone/disabled user 0
03-31 18:40:05.167   616   616 W NotificationHistory: Attempted to add notif for locked/gone/disabled user 0
03-31 18:40:05.188   616   616 W NotificationHistory: Attempted to add notif for locked/gone/disabled user 0
03-31 18:40:06.255   616  1449 W ProcessStats: Tracking association SourceState{eafe48 com.google.android.apps.mediashell/10041 BTopFgs #9649} whose proc state 2 is better than process ProcessState{525c8d3 com.google.android.gms.persistent/10050 pkg=com.google.android.gms} proc state 3 (51 skipped)
03-31 18:40:07.114   616   616 W NotificationHistory: Attempted to add notif for locked/gone/disabled user 0
03-31 18:40:07.144   616   616 W NotificationHistory: Attempted to add notif for locked/gone/disabled user 0
03-31 18:40:07.165   616   616 W NotificationHistory: Attempted to add notif for locked/gone/disabled user 0
03-31 18:40:07.189   616   616 W NotificationHistory: Attempted to add notif for locked/gone/disabled user 0
03-31 18:40:08.172   616   641 I UsageStatsService: User[0] Flushing usage stats to disk
03-31 18:40:09.127   616   616 W NotificationHistory: Attempted to add notif for locked/gone/disabled user 0
03-31 18:40:09.149   616   616 W NotificationHistory: Attempted to add notif for locked/gone/disabled user 0
03-31 18:40:09.169   616   616 W NotificationHistory: Attempted to add notif for locked/gone/disabled user 0
03-31 18:40:09.191   616   616 W NotificationHistory: Attempted to add notif for locked/gone/disabled user 0
03-31 18:40:11.132   616   616 W NotificationHistory: Attempted to add notif for locked/gone/disabled user 0
03-31 18:40:11.152   616   616 W NotificationHistory: Attempted to add notif for locked/gone/disabled user 0
03-31 18:40:11.172   616   616 W NotificationHistory: Attempted to add notif for locked/gone/disabled user 0
03-31 18:40:11.190   616   616 W NotificationHistory: Attempted to add notif for locked/gone/disabled user 0
03-31 18:40:13.115   616   616 W NotificationHistory: Attempted to add notif for locked/gone/disabled user 0
03-31 18:40:13.144   616   616 W NotificationHistory: Attempted to add notif for locked/gone/disabled user 0
03-31 18:40:13.169   616   616 W NotificationHistory: Attempted to add notif for locked/gone/disabled user 0
03-31 18:40:13.188   616   616 W NotificationHistory: Attempted to add notif for locked/gone/disabled user 0
03-31 18:40:15.126   616   616 W NotificationHistory: Attempted to add notif for locked/gone/disabled user 0
03-31 18:40:15.151   616   616 W NotificationHistory: Attempted to add notif for locked/gone/disabled user 0
03-31 18:40:15.170   616   616 W NotificationHistory: Attempted to add notif for locked/gone/disabled user 0
03-31 18:40:15.197   616   616 W NotificationHistory: Attempted to add notif for locked/gone/disabled user 0
03-31 18:40:17.111   616   616 W NotificationHistory: Attempted to add notif for locked/gone/disabled user 0
03-31 18:40:17.132   616   616 W NotificationHistory: Attempted to add notif for locked/gone/disabled user 0
03-31 18:40:17.152   616   616 W NotificationHistory: Attempted to add notif for locked/gone/disabled user 0
03-31 18:40:17.178   616   616 W NotificationHistory: Attempted to add notif for locked/gone/disabled user 0
03-31 18:40:19.136   616   616 W NotificationHistory: Attempted to add notif for locked/gone/disabled user 0
03-31 18:40:19.158   616   616 W NotificationHistory: Attempted to add notif for locked/gone/disabled user 0
03-31 18:40:19.180   616   616 W NotificationHistory: Attempted to add notif for locked/gone/disabled user 0
03-31 18:40:19.205   616   616 W NotificationHistory: Attempted to add notif for locked/gone/disabled user 0
03-31 18:40:21.142   616   616 W NotificationHistory: Attempted to add notif for locked/gone/disabled user 0
03-31 18:40:21.165   616   616 W NotificationHistory: Attempted to add notif for locked/gone/disabled user 0
03-31 18:40:21.186   616   616 W NotificationHistory: Attempted to add notif for locked/gone/disabled user 0
03-31 18:40:21.206   616   616 W NotificationHistory: Attempted to add notif for locked/gone/disabled user 0
03-31 18:40:23.119   616   616 W NotificationHistory: Attempted to add notif for locked/gone/disabled user 0
03-31 18:40:23.149   616   616 W NotificationHistory: Attempted to add notif for locked/gone/disabled user 0
03-31 18:40:23.167   616   616 W NotificationHistory: Attempted to add notif for locked/gone/disabled user 0
03-31 18:40:23.188   616   616 W NotificationHistory: Attempted to add notif for locked/gone/disabled user 0
03-31 18:40:25.134   616   616 W NotificationHistory: Attempted to add notif for locked/gone/disabled user 0
03-31 18:40:25.157   616   616 W NotificationHistory: Attempted to add notif for locked/gone/disabled user 0
03-31 18:40:25.180   616   616 W NotificationHistory: Attempted to add notif for locked/gone/disabled user 0
03-31 18:40:25.201   616   616 W NotificationHistory: Attempted to add notif for locked/gone/disabled user 0
03-31 18:40:27.125   616   616 W NotificationHistory: Attempted to add notif for locked/gone/disabled user 0
03-31 18:40:27.151   616   616 W NotificationHistory: Attempted to add notif for locked/gone/disabled user 0
03-31 18:40:27.173   616   616 W NotificationHistory: Attempted to add notif for locked/gone/disabled user 0
03-31 18:40:27.192   616   616 W NotificationHistory: Attempted to add notif for locked/gone/disabled user 0
03-31 18:40:29.126   616   616 W NotificationHistory: Attempted to add notif for locked/gone/disabled user 0
03-31 18:40:29.150   616   616 W NotificationHistory: Attempted to add notif for locked/gone/disabled user 0
03-31 18:40:29.169   616   616 W NotificationHistory: Attempted to add notif for locked/gone/disabled user 0
03-31 18:40:29.192   616   616 W NotificationHistory: Attempted to add notif for locked/gone/disabled user 0
03-31 18:40:31.131   616   616 W NotificationHistory: Attempted to add notif for locked/gone/disabled user 0
03-31 18:40:31.151   616   616 W NotificationHistory: Attempted to add notif for locked/gone/disabled user 0
03-31 18:40:31.171   616   616 W NotificationHistory: Attempted to add notif for locked/gone/disabled user 0
03-31 18:40:31.189   616   616 W NotificationHistory: Attempted to add notif for locked/gone/disabled user 0
03-31 18:40:33.130   616   616 W NotificationHistory: Attempted to add notif for locked/gone/disabled user 0
03-31 18:40:33.154   616   616 W NotificationHistory: Attempted to add notif for locked/gone/disabled user 0
03-31 18:40:33.173   616   616 W NotificationHistory: Attempted to add notif for locked/gone/disabled user 0
03-31 18:40:33.194   616   616 W NotificationHistory: Attempted to add notif for locked/gone/disabled user 0
03-31 18:40:35.117   616   616 W NotificationHistory: Attempted to add notif for locked/gone/disabled user 0
03-31 18:40:35.140   616   616 W NotificationHistory: Attempted to add notif for locked/gone/disabled user 0
03-31 18:40:35.158   616   616 W NotificationHistory: Attempted to add notif for locked/gone/disabled user 0
03-31 18:40:35.185   616   616 W NotificationHistory: Attempted to add notif for locked/gone/disabled user 0
03-31 18:40:37.138   616   616 W NotificationHistory: Attempted to add notif for locked/gone/disabled user 0
03-31 18:40:37.160   616   616 W NotificationHistory: Attempted to add notif for locked/gone/disabled user 0
03-31 18:40:37.188   616   616 W NotificationHistory: Attempted to add notif for locked/gone/disabled user 0
03-31 18:40:37.226   616   616 W NotificationHistory: Attempted to add notif for locked/gone/disabled user 0
03-31 18:40:39.177   616   616 W NotificationHistory: Attempted to add notif for locked/gone/disabled user 0
03-31 18:40:39.202   616   616 W NotificationHistory: Attempted to add notif for locked/gone/disabled user 0
03-31 18:40:39.226   616   616 W NotificationHistory: Attempted to add notif for locked/gone/disabled user 0
03-31 18:40:39.247   616   616 W NotificationHistory: Attempted to add notif for locked/gone/disabled user 0
03-31 18:40:41.130   616   616 W NotificationHistory: Attempted to add notif for locked/gone/disabled user 0
03-31 18:40:41.154   616   616 W NotificationHistory: Attempted to add notif for locked/gone/disabled user 0
03-31 18:40:41.174   616   616 W NotificationHistory: Attempted to add notif for locked/gone/disabled user 0
03-31 18:40:41.204   616   616 W NotificationHistory: Attempted to add notif for locked/gone/disabled user 0
03-31 18:40:43.135   616   616 W NotificationHistory: Attempted to add notif for locked/gone/disabled user 0
03-31 18:40:43.159   616   616 W NotificationHistory: Attempted to add notif for locked/gone/disabled user 0
03-31 18:40:43.182   616   616 W NotificationHistory: Attempted to add notif for locked/gone/disabled user 0
03-31 18:40:43.201   616   616 W NotificationHistory: Attempted to add notif for locked/gone/disabled user 0
03-31 18:40:45.012   616  1742 W ProcessStats: Tracking association SourceState{eafe48 com.google.android.apps.mediashell/10041 BTopFgs #9650} whose proc state 2 is better than process ProcessState{525c8d3 com.google.android.gms.persistent/10050 pkg=com.google.android.gms} proc state 3 (3 skipped)
03-31 18:40:45.133   616   616 W NotificationHistory: Attempted to add notif for locked/gone/disabled user 0
03-31 18:40:45.155   616   616 W NotificationHistory: Attempted to add notif for locked/gone/disabled user 0
03-31 18:40:45.175   616   616 W NotificationHistory: Attempted to add notif for locked/gone/disabled user 0
03-31 18:40:45.199   616   616 W NotificationHistory: Attempted to add notif for locked/gone/disabled user 0
03-31 18:40:47.137   616   616 W NotificationHistory: Attempted to add notif for locked/gone/disabled user 0
03-31 18:40:47.158   616   616 W NotificationHistory: Attempted to add notif for locked/gone/disabled user 0
03-31 18:40:47.177   616   616 W NotificationHistory: Attempted to add notif for locked/gone/disabled user 0
03-31 18:40:47.196   616   616 W NotificationHistory: Attempted to add notif for locked/gone/disabled user 0
03-31 18:40:49.152   616   616 W NotificationHistory: Attempted to add notif for locked/gone/disabled user 0
03-31 18:40:49.172   616   616 W NotificationHistory: Attempted to add notif for locked/gone/disabled user 0
03-31 18:40:49.192   616   616 W NotificationHistory: Attempted to add notif for locked/gone/disabled user 0
03-31 18:40:49.212   616   616 W NotificationHistory: Attempted to add notif for locked/gone/disabled user 0
03-31 18:40:51.139   616   616 W NotificationHistory: Attempted to add notif for locked/gone/disabled user 0
03-31 18:40:51.164   616   616 W NotificationHistory: Attempted to add notif for locked/gone/disabled user 0
03-31 18:40:51.187   616   616 W NotificationHistory: Attempted to add notif for locked/gone/disabled user 0
03-31 18:40:51.206   616   616 W NotificationHistory: Attempted to add notif for locked/gone/disabled user 0
03-31 18:40:53.138   616   616 W NotificationHistory: Attempted to add notif for locked/gone/disabled user 0
03-31 18:40:53.154   616   616 W NotificationHistory: Attempted to add notif for locked/gone/disabled user 0
03-31 18:40:53.178   616   616 W NotificationHistory: Attempted to add notif for locked/gone/disabled user 0
03-31 18:40:53.197   616   616 W NotificationHistory: Attempted to add notif for locked/gone/disabled user 0
03-31 18:40:55.151   616   616 W NotificationHistory: Attempted to add notif for locked/gone/disabled user 0
03-31 18:40:55.167   616   616 W NotificationHistory: Attempted to add notif for locked/gone/disabled user 0
03-31 18:40:55.192   616   616 W NotificationHistory: Attempted to add notif for locked/gone/disabled user 0
03-31 18:40:55.214   616   616 W NotificationHistory: Attempted to add notif for locked/gone/disabled user 0
03-31 18:40:57.136   616   616 W NotificationHistory: Attempted to add notif for locked/gone/disabled user 0
03-31 18:40:57.165   616   616 W NotificationHistory: Attempted to add notif for locked/gone/disabled user 0
03-31 18:40:57.187   616   616 W NotificationHistory: Attempted to add notif for locked/gone/disabled user 0
03-31 18:40:57.209   616   616 W NotificationHistory: Attempted to add notif for locked/gone/disabled user 0
03-31 18:40:59.128   616   616 W NotificationHistory: Attempted to add notif for locked/gone/disabled user 0
03-31 18:40:59.155   616   616 W NotificationHistory: Attempted to add notif for locked/gone/disabled user 0
03-31 18:40:59.177   616   616 W NotificationHistory: Attempted to add notif for locked/gone/disabled user 0
03-31 18:40:59.208   616   616 W NotificationHistory: Attempted to add notif for locked/gone/disabled user 0
03-31 18:41:00.070   616  1742 W ProcessStats: Tracking association SourceState{eafe48 com.google.android.apps.mediashell/10041 BTopFgs #9651} whose proc state 2 is better than process ProcessState{525c8d3 com.google.android.gms.persistent/10050 pkg=com.google.android.gms} proc state 3 (3 skipped)
03-31 18:41:01.140   616   616 W NotificationHistory: Attempted to add notif for locked/gone/disabled user 0
03-31 18:41:01.166   616   616 W NotificationHistory: Attempted to add notif for locked/gone/disabled user 0
03-31 18:41:01.187   616   616 W NotificationHistory: Attempted to add notif for locked/gone/disabled user 0
03-31 18:41:01.208   616   616 W NotificationHistory: Attempted to add notif for locked/gone/disabled user 0
03-31 18:41:03.146   616   616 W NotificationHistory: Attempted to add notif for locked/gone/disabled user 0
03-31 18:41:03.169   616   616 W NotificationHistory: Attempted to add notif for locked/gone/disabled user 0
03-31 18:41:03.191   616   616 W NotificationHistory: Attempted to add notif for locked/gone/disabled user 0
03-31 18:41:03.212   616   616 W NotificationHistory: Attempted to add notif for locked/gone/disabled user 0
03-31 18:41:05.141   616   616 W NotificationHistory: Attempted to add notif for locked/gone/disabled user 0
03-31 18:41:05.169   616   616 W NotificationHistory: Attempted to add notif for locked/gone/disabled user 0
03-31 18:41:05.189   616   616 W NotificationHistory: Attempted to add notif for locked/gone/disabled user 0
03-31 18:41:05.209   616   616 W NotificationHistory: Attempted to add notif for locked/gone/disabled user 0
03-31 18:41:07.128   616   616 W NotificationHistory: Attempted to add notif for locked/gone/disabled user 0
03-31 18:41:07.148   616   616 W NotificationHistory: Attempted to add notif for locked/gone/disabled user 0
03-31 18:41:07.170   616   616 W NotificationHistory: Attempted to add notif for locked/gone/disabled user 0
03-31 18:41:07.192   616   616 W NotificationHistory: Attempted to add notif for locked/gone/disabled user 0
03-31 18:41:09.153   616   616 W NotificationHistory: Attempted to add notif for locked/gone/disabled user 0
03-31 18:41:09.174   616   616 W NotificationHistory: Attempted to add notif for locked/gone/disabled user 0
03-31 18:41:09.209   616   616 W NotificationHistory: Attempted to add notif for locked/gone/disabled user 0
03-31 18:41:09.242   616   616 W NotificationHistory: Attempted to add notif for locked/gone/disabled user 0
03-31 18:41:11.137   616   616 W NotificationHistory: Attempted to add notif for locked/gone/disabled user 0
03-31 18:41:11.166   616   616 W NotificationHistory: Attempted to add notif for locked/gone/disabled user 0
03-31 18:41:11.185   616   616 W NotificationHistory: Attempted to add notif for locked/gone/disabled user 0
03-31 18:41:11.204   616   616 W NotificationHistory: Attempted to add notif for locked/gone/disabled user 0
03-31 18:41:13.150   616   616 W NotificationHistory: Attempted to add notif for locked/gone/disabled user 0
03-31 18:41:13.172   616   616 W NotificationHistory: Attempted to add notif for locked/gone/disabled user 0
03-31 18:41:13.191   616   616 W NotificationHistory: Attempted to add notif for locked/gone/disabled user 0
03-31 18:41:13.211   616   616 W NotificationHistory: Attempted to add notif for locked/gone/disabled user 0
03-31 18:41:15.132   616   616 W NotificationHistory: Attempted to add notif for locked/gone/disabled user 0
03-31 18:41:15.153   616   616 W NotificationHistory: Attempted to add notif for locked/gone/disabled user 0
03-31 18:41:15.175   616   616 W NotificationHistory: Attempted to add notif for locked/gone/disabled user 0
03-31 18:41:15.197   616   616 W NotificationHistory: Attempted to add notif for locked/gone/disabled user 0
03-31 18:41:17.151   616   616 W NotificationHistory: Attempted to add notif for locked/gone/disabled user 0
03-31 18:41:17.172   616   616 W NotificationHistory: Attempted to add notif for locked/gone/disabled user 0
03-31 18:41:17.189   616   616 W NotificationHistory: Attempted to add notif for locked/gone/disabled user 0
03-31 18:41:17.208   616   616 W NotificationHistory: Attempted to add notif for locked/gone/disabled user 0
03-31 18:41:19.143   616   616 W NotificationHistory: Attempted to add notif for locked/gone/disabled user 0
03-31 18:41:19.168   616   616 W NotificationHistory: Attempted to add notif for locked/gone/disabled user 0
03-31 18:41:19.188   616   616 W NotificationHistory: Attempted to add notif for locked/gone/disabled user 0
03-31 18:41:19.207   616   616 W NotificationHistory: Attempted to add notif for locked/gone/disabled user 0
03-31 18:41:21.147   616   616 W NotificationHistory: Attempted to add notif for locked/gone/disabled user 0
03-31 18:41:21.171   616   616 W NotificationHistory: Attempted to add notif for locked/gone/disabled user 0
03-31 18:41:21.192   616   616 W NotificationHistory: Attempted to add notif for locked/gone/disabled user 0
03-31 18:41:21.213   616   616 W NotificationHistory: Attempted to add notif for locked/gone/disabled user 0
03-31 18:41:23.141   616   616 W NotificationHistory: Attempted to add notif for locked/gone/disabled user 0
03-31 18:41:23.159   616   616 W NotificationHistory: Attempted to add notif for locked/gone/disabled user 0
03-31 18:41:23.182   616   616 W NotificationHistory: Attempted to add notif for locked/gone/disabled user 0
03-31 18:41:23.207   616   616 W NotificationHistory: Attempted to add notif for locked/gone/disabled user 0
03-31 18:41:25.148   616   616 W NotificationHistory: Attempted to add notif for locked/gone/disabled user 0
03-31 18:41:25.170   616   616 W NotificationHistory: Attempted to add notif for locked/gone/disabled user 0
03-31 18:41:25.190   616   616 W NotificationHistory: Attempted to add notif for locked/gone/disabled user 0
03-31 18:41:25.209   616   616 W NotificationHistory: Attempted to add notif for locked/gone/disabled user 0
03-31 18:41:27.162   616   616 W NotificationHistory: Attempted to add notif for locked/gone/disabled user 0
03-31 18:41:27.186   616   616 W NotificationHistory: Attempted to add notif for locked/gone/disabled user 0
03-31 18:41:27.209   616   616 W NotificationHistory: Attempted to add notif for locked/gone/disabled user 0
03-31 18:41:27.236   616   616 W NotificationHistory: Attempted to add notif for locked/gone/disabled user 0
03-31 18:41:29.135   616   616 W NotificationHistory: Attempted to add notif for locked/gone/disabled user 0
03-31 18:41:29.158   616   616 W NotificationHistory: Attempted to add notif for locked/gone/disabled user 0
03-31 18:41:29.183   616   616 W NotificationHistory: Attempted to add notif for locked/gone/disabled user 0
03-31 18:41:29.198   616   616 W NotificationHistory: Attempted to add notif for locked/gone/disabled user 0
03-31 18:41:31.145   616   616 W NotificationHistory: Attempted to add notif for locked/gone/disabled user 0
03-31 18:41:31.158   616   616 W NotificationHistory: Attempted to add notif for locked/gone/disabled user 0
03-31 18:41:31.190   616   616 W NotificationHistory: Attempted to add notif for locked/gone/disabled user 0
03-31 18:41:31.209   616   616 W NotificationHistory: Attempted to add notif for locked/gone/disabled user 0
03-31 18:41:33.145   616   616 W NotificationHistory: Attempted to add notif for locked/gone/disabled user 0
03-31 18:41:33.166   616   616 W NotificationHistory: Attempted to add notif for locked/gone/disabled user 0
03-31 18:41:33.191   616   616 W NotificationHistory: Attempted to add notif for locked/gone/disabled user 0
03-31 18:41:33.210   616   616 W NotificationHistory: Attempted to add notif for locked/gone/disabled user 0
03-31 18:41:35.272   616   616 W NotificationHistory: Attempted to add notif for locked/gone/disabled user 0
03-31 18:41:35.292   616   616 W NotificationHistory: Attempted to add notif for locked/gone/disabled user 0
03-31 18:41:35.312   616   616 W NotificationHistory: Attempted to add notif for locked/gone/disabled user 0
03-31 18:41:35.331   616   616 W NotificationHistory: Attempted to add notif for locked/gone/disabled user 0
03-31 18:41:36.994   616  1449 W ProcessStats: Tracking association SourceState{eafe48 com.google.android.apps.mediashell/10041 BTopFgs #9657} whose proc state 2 is better than process ProcessState{525c8d3 com.google.android.gms.persistent/10050 pkg=com.google.android.gms} proc state 3 (11 skipped)
03-31 18:41:37.133   616   616 W NotificationHistory: Attempted to add notif for locked/gone/disabled user 0
03-31 18:41:37.151   616   616 W NotificationHistory: Attempted to add notif for locked/gone/disabled user 0
03-31 18:41:37.187   616   616 W NotificationHistory: Attempted to add notif for locked/gone/disabled user 0
03-31 18:41:37.209   616   616 W NotificationHistory: Attempted to add notif for locked/gone/disabled user 0
03-31 18:41:39.144   616   616 W NotificationHistory: Attempted to add notif for locked/gone/disabled user 0
03-31 18:41:39.162   616   616 W NotificationHistory: Attempted to add notif for locked/gone/disabled user 0
03-31 18:41:39.184   616   616 W NotificationHistory: Attempted to add notif for locked/gone/disabled user 0
03-31 18:41:39.206   616   616 W NotificationHistory: Attempted to add notif for locked/gone/disabled user 0
03-31 18:41:41.155   616   616 W NotificationHistory: Attempted to add notif for locked/gone/disabled user 0
03-31 18:41:41.186   616   616 W NotificationHistory: Attempted to add notif for locked/gone/disabled user 0
03-31 18:41:41.208   616   616 W NotificationHistory: Attempted to add notif for locked/gone/disabled user 0
03-31 18:41:41.227   616   616 W NotificationHistory: Attempted to add notif for locked/gone/disabled user 0
03-31 18:41:43.147   616   616 W NotificationHistory: Attempted to add notif for locked/gone/disabled user 0
03-31 18:41:43.166   616   616 W NotificationHistory: Attempted to add notif for locked/gone/disabled user 0
03-31 18:41:43.191   616   616 W NotificationHistory: Attempted to add notif for locked/gone/disabled user 0
03-31 18:41:43.210   616   616 W NotificationHistory: Attempted to add notif for locked/gone/disabled user 0
03-31 18:41:45.132   616   616 W NotificationHistory: Attempted to add notif for locked/gone/disabled user 0
03-31 18:41:45.167   616   616 W NotificationHistory: Attempted to add notif for locked/gone/disabled user 0
03-31 18:41:45.187   616   616 W NotificationHistory: Attempted to add notif for locked/gone/disabled user 0
03-31 18:41:45.207   616   616 W NotificationHistory: Attempted to add notif for locked/gone/disabled user 0
03-31 18:41:47.174   616   616 W NotificationHistory: Attempted to add notif for locked/gone/disabled user 0
03-31 18:41:47.197   616   616 W NotificationHistory: Attempted to add notif for locked/gone/disabled user 0
03-31 18:41:47.218   616   616 W NotificationHistory: Attempted to add notif for locked/gone/disabled user 0
03-31 18:41:47.242   616   616 W NotificationHistory: Attempted to add notif for locked/gone/disabled user 0
03-31 18:41:49.150   616   616 W NotificationHistory: Attempted to add notif for locked/gone/disabled user 0
03-31 18:41:49.171   616   616 W NotificationHistory: Attempted to add notif for locked/gone/disabled user 0
03-31 18:41:49.188   616   616 W NotificationHistory: Attempted to add notif for locked/gone/disabled user 0
03-31 18:41:49.209   616   616 W NotificationHistory: Attempted to add notif for locked/gone/disabled user 0
03-31 18:41:51.149   616   616 W NotificationHistory: Attempted to add notif for locked/gone/disabled user 0
03-31 18:41:51.168   616   616 W NotificationHistory: Attempted to add notif for locked/gone/disabled user 0
03-31 18:41:51.192   616   616 W NotificationHistory: Attempted to add notif for locked/gone/disabled user 0
03-31 18:41:51.211   616   616 W NotificationHistory: Attempted to add notif for locked/gone/disabled user 0
03-31 18:41:52.058   616  4635 W ProcessStats: Tracking association SourceState{eafe48 com.google.android.apps.mediashell/10041 BTopFgs #9658} whose proc state 2 is better than process ProcessState{525c8d3 com.google.android.gms.persistent/10050 pkg=com.google.android.gms} proc state 3 (3 skipped)
03-31 18:41:53.145   616   616 W NotificationHistory: Attempted to add notif for locked/gone/disabled user 0
03-31 18:41:53.168   616   616 W NotificationHistory: Attempted to add notif for locked/gone/disabled user 0
03-31 18:41:53.187   616   616 W NotificationHistory: Attempted to add notif for locked/gone/disabled user 0
03-31 18:41:53.205   616   616 W NotificationHistory: Attempted to add notif for locked/gone/disabled user 0
03-31 18:41:55.148   616   616 W NotificationHistory: Attempted to add notif for locked/gone/disabled user 0
03-31 18:41:55.166   616   616 W NotificationHistory: Attempted to add notif for locked/gone/disabled user 0
03-31 18:41:55.188   616   616 W NotificationHistory: Attempted to add notif for locked/gone/disabled user 0
03-31 18:41:55.208   616   616 W NotificationHistory: Attempted to add notif for locked/gone/disabled user 0
03-31 18:41:57.147   616   616 W NotificationHistory: Attempted to add notif for locked/gone/disabled user 0
03-31 18:41:57.165   616   616 W NotificationHistory: Attempted to add notif for locked/gone/disabled user 0
03-31 18:41:57.188   616   616 W NotificationHistory: Attempted to add notif for locked/gone/disabled user 0
03-31 18:41:57.208   616   616 W NotificationHistory: Attempted to add notif for locked/gone/disabled user 0
03-31 18:41:59.156   616   616 W NotificationHistory: Attempted to add notif for locked/gone/disabled user 0
03-31 18:41:59.186   616   616 W NotificationHistory: Attempted to add notif for locked/gone/disabled user 0
03-31 18:41:59.209   616   616 W NotificationHistory: Attempted to add notif for locked/gone/disabled user 0
03-31 18:41:59.231   616   616 W NotificationHistory: Attempted to add notif for locked/gone/disabled user 0
03-31 18:42:01.168   616   616 W NotificationHistory: Attempted to add notif for locked/gone/disabled user 0
03-31 18:42:01.191   616   616 W NotificationHistory: Attempted to add notif for locked/gone/disabled user 0
03-31 18:42:01.212   616   616 W NotificationHistory: Attempted to add notif for locked/gone/disabled user 0
03-31 18:42:01.238   616   616 W NotificationHistory: Attempted to add notif for locked/gone/disabled user 0
03-31 18:42:03.146   616   616 W NotificationHistory: Attempted to add notif for locked/gone/disabled user 0
03-31 18:42:03.166   616   616 W NotificationHistory: Attempted to add notif for locked/gone/disabled user 0
03-31 18:42:03.189   616   616 W NotificationHistory: Attempted to add notif for locked/gone/disabled user 0
03-31 18:42:03.206   616   616 W NotificationHistory: Attempted to add notif for locked/gone/disabled user 0
03-31 18:42:05.152   616   616 W NotificationHistory: Attempted to add notif for locked/gone/disabled user 0
03-31 18:42:05.171   616   616 W NotificationHistory: Attempted to add notif for locked/gone/disabled user 0
03-31 18:42:05.191   616   616 W NotificationHistory: Attempted to add notif for locked/gone/disabled user 0
03-31 18:42:05.209   616   616 W NotificationHistory: Attempted to add notif for locked/gone/disabled user 0
03-31 18:42:07.146   616   616 W NotificationHistory: Attempted to add notif for locked/gone/disabled user 0
03-31 18:42:07.175   616   616 W NotificationHistory: Attempted to add notif for locked/gone/disabled user 0
03-31 18:42:07.196   616   616 W NotificationHistory: Attempted to add notif for locked/gone/disabled user 0
03-31 18:42:07.217   616   616 W NotificationHistory: Attempted to add notif for locked/gone/disabled user 0
03-31 18:42:09.151   616   616 W NotificationHistory: Attempted to add notif for locked/gone/disabled user 0
03-31 18:42:09.171   616   616 W NotificationHistory: Attempted to add notif for locked/gone/disabled user 0
03-31 18:42:09.190   616   616 W NotificationHistory: Attempted to add notif for locked/gone/disabled user 0
03-31 18:42:09.209   616   616 W NotificationHistory: Attempted to add notif for locked/gone/disabled user 0
03-31 18:42:11.137   616   616 W NotificationHistory: Attempted to add notif for locked/gone/disabled user 0
03-31 18:42:11.160   616   616 W NotificationHistory: Attempted to add notif for locked/gone/disabled user 0
03-31 18:42:11.184   616   616 W NotificationHistory: Attempted to add notif for locked/gone/disabled user 0
03-31 18:42:11.207   616   616 W NotificationHistory: Attempted to add notif for locked/gone/disabled user 0
03-31 18:42:13.161   616   616 W NotificationHistory: Attempted to add notif for locked/gone/disabled user 0
03-31 18:42:13.177   616   616 W NotificationHistory: Attempted to add notif for locked/gone/disabled user 0
03-31 18:42:13.201   616   616 W NotificationHistory: Attempted to add notif for locked/gone/disabled user 0
03-31 18:42:13.230   616   616 W NotificationHistory: Attempted to add notif for locked/gone/disabled user 0
03-31 18:42:15.148   616   616 W NotificationHistory: Attempted to add notif for locked/gone/disabled user 0
03-31 18:42:15.172   616   616 W NotificationHistory: Attempted to add notif for locked/gone/disabled user 0
03-31 18:42:15.195   616   616 W NotificationHistory: Attempted to add notif for locked/gone/disabled user 0
03-31 18:42:15.214   616   616 W NotificationHistory: Attempted to add notif for locked/gone/disabled user 0
03-31 18:42:17.144   616   616 W NotificationHistory: Attempted to add notif for locked/gone/disabled user 0
03-31 18:42:17.167   616   616 W NotificationHistory: Attempted to add notif for locked/gone/disabled user 0
03-31 18:42:17.189   616   616 W NotificationHistory: Attempted to add notif for locked/gone/disabled user 0
03-31 18:42:17.209   616   616 W NotificationHistory: Attempted to add notif for locked/gone/disabled user 0
03-31 18:42:18.184   616   616 W ProcessStats: Tracking association SourceState{eafe48 com.google.android.apps.mediashell/10041 BTopFgs #9659} whose proc state 2 is better than process ProcessState{525c8d3 com.google.android.gms.persistent/10050 pkg=com.google.android.gms} proc state 3 (3 skipped)
03-31 18:42:19.156   616   616 W NotificationHistory: Attempted to add notif for locked/gone/disabled user 0
03-31 18:42:19.184   616   616 W NotificationHistory: Attempted to add notif for locked/gone/disabled user 0
03-31 18:42:19.213   616   616 W NotificationHistory: Attempted to add notif for locked/gone/disabled user 0
03-31 18:42:19.238   616   616 W NotificationHistory: Attempted to add notif for locked/gone/disabled user 0
03-31 18:42:20.372   616  3735 I ActivityManager: com.android.vending is exempt from freezer
03-31 18:42:20.373   616  3735 D CompatibilityChangeReporter: Compat change id reported: 135634846; UID 10051; state: DISABLED
03-31 18:42:20.378   616   643 D CompatibilityChangeReporter: Compat change id reported: 143937733; UID 10051; state: ENABLED
03-31 18:42:20.399   616   643 I ActivityManager: Start proc 10790:com.android.vending:background/u0a51 for service {com.android.vending/com.google.android.finsky.ipcservers.background.BackgroundGrpcServerAndroidService}
03-31 18:42:21.046   616   678 I ActivityManager: com.android.vending is exempt from freezer
03-31 18:42:21.046   616   678 D CompatibilityChangeReporter: Compat change id reported: 135634846; UID 10051; state: DISABLED
03-31 18:42:21.047   616   643 D CompatibilityChangeReporter: Compat change id reported: 143937733; UID 10051; state: ENABLED
03-31 18:42:21.072   616   643 I ActivityManager: Start proc 10831:com.android.vending:quick_launch/u0a51 for service {com.android.vending/com.google.android.finsky.ipcservers.quicklaunch.QuickLaunchGrpcServerAndroidService}
03-31 18:42:21.107   616  1393 V BackupManagerConstants: getKeyValueBackupIntervalMilliseconds(...) returns 14400000
03-31 18:42:21.107   616  1393 V BackupManagerConstants: getKeyValueBackupFuzzMilliseconds(...) returns 600000
03-31 18:42:21.107   616  1393 V BackupManagerConstants: getKeyValueBackupRequiredNetworkType(...) returns 1
03-31 18:42:21.107   616  1393 V BackupManagerConstants: getKeyValueBackupRequireCharging(...) returns true
03-31 18:42:21.107   616  1393 V KeyValueBackupJob: Scheduling k/v pass in 243 minutes
03-31 18:42:21.180   616   616 W NotificationHistory: Attempted to add notif for locked/gone/disabled user 0
03-31 18:42:21.210   616   616 W NotificationHistory: Attempted to add notif for locked/gone/disabled user 0
03-31 18:42:21.244   616   616 W NotificationHistory: Attempted to add notif for locked/gone/disabled user 0
03-31 18:42:21.270   616   616 W NotificationHistory: Attempted to add notif for locked/gone/disabled user 0
03-31 18:42:21.528   616   969 I ActivityManager: Killing 8764:com.google.android.videos/u0a57 (adj 955): empty for 10473s
03-31 18:42:21.531   616   969 I ActivityManager: Killing 8690:com.google.android.tungsten.setupwraith/u0a46 (adj 965): empty for 10475s
03-31 18:42:23.148   616   616 W NotificationHistory: Attempted to add notif for locked/gone/disabled user 0
03-31 18:42:23.171   616   616 W NotificationHistory: Attempted to add notif for locked/gone/disabled user 0
03-31 18:42:23.193   616   616 W NotificationHistory: Attempted to add notif for locked/gone/disabled user 0
03-31 18:42:23.211   616   616 W NotificationHistory: Attempted to add notif for locked/gone/disabled user 0
03-31 18:42:25.146   616   616 W NotificationHistory: Attempted to add notif for locked/gone/disabled user 0
03-31 18:42:25.177   616   616 W NotificationHistory: Attempted to add notif for locked/gone/disabled user 0
03-31 18:42:25.212   616   616 W NotificationHistory: Attempted to add notif for locked/gone/disabled user 0
03-31 18:42:25.235   616   616 W NotificationHistory: Attempted to add notif for locked/gone/disabled user 0
03-31 18:42:27.142   616   616 W NotificationHistory: Attempted to add notif for locked/gone/disabled user 0
03-31 18:42:27.184   616   616 W NotificationHistory: Attempted to add notif for locked/gone/disabled user 0
03-31 18:42:27.211   616   616 W NotificationHistory: Attempted to add notif for locked/gone/disabled user 0
03-31 18:42:27.233   616   616 W NotificationHistory: Attempted to add notif for locked/gone/disabled user 0
03-31 18:42:29.148   616   616 W NotificationHistory: Attempted to add notif for locked/gone/disabled user 0
03-31 18:42:29.173   616   616 W NotificationHistory: Attempted to add notif for locked/gone/disabled user 0
03-31 18:42:29.193   616   616 W NotificationHistory: Attempted to add notif for locked/gone/disabled user 0
03-31 18:42:29.212   616   616 W NotificationHistory: Attempted to add notif for locked/gone/disabled user 0
03-31 18:42:31.129   616  3802 W ProcessStats: Tracking association SourceState{eafe48 com.google.android.apps.mediashell/10041 BTopFgs #9696} whose proc state 2 is better than process ProcessState{525c8d3 com.google.android.gms.persistent/10050 pkg=com.google.android.gms} proc state 3 (67 skipped)
03-31 18:42:31.140   616   616 W NotificationHistory: Attempted to add notif for locked/gone/disabled user 0
03-31 18:42:31.167   616   616 W NotificationHistory: Attempted to add notif for locked/gone/disabled user 0
03-31 18:42:31.189   616   616 W NotificationHistory: Attempted to add notif for locked/gone/disabled user 0
03-31 18:42:31.210   616   616 W NotificationHistory: Attempted to add notif for locked/gone/disabled user 0
03-31 18:42:33.143   616   616 W NotificationHistory: Attempted to add notif for locked/gone/disabled user 0
03-31 18:42:33.164   616   616 W NotificationHistory: Attempted to add notif for locked/gone/disabled user 0
03-31 18:42:33.186   616   616 W NotificationHistory: Attempted to add notif for locked/gone/disabled user 0
03-31 18:42:33.206   616   616 W NotificationHistory: Attempted to add notif for locked/gone/disabled user 0
03-31 18:42:35.137   616   616 W NotificationHistory: Attempted to add notif for locked/gone/disabled user 0
03-31 18:42:35.168   616   616 W NotificationHistory: Attempted to add notif for locked/gone/disabled user 0
03-31 18:42:35.190   616   616 W NotificationHistory: Attempted to add notif for locked/gone/disabled user 0
03-31 18:42:35.210   616   616 W NotificationHistory: Attempted to add notif for locked/gone/disabled user 0
03-31 18:42:37.136   616   616 W NotificationHistory: Attempted to add notif for locked/gone/disabled user 0
03-31 18:42:37.158   616   616 W NotificationHistory: Attempted to add notif for locked/gone/disabled user 0
03-31 18:42:37.182   616   616 W NotificationHistory: Attempted to add notif for locked/gone/disabled user 0
03-31 18:42:37.203   616   616 W NotificationHistory: Attempted to add notif for locked/gone/disabled user 0
03-31 18:42:39.152   616   616 W NotificationHistory: Attempted to add notif for locked/gone/disabled user 0
03-31 18:42:39.172   616   616 W NotificationHistory: Attempted to add notif for locked/gone/disabled user 0
03-31 18:42:39.194   616   616 W NotificationHistory: Attempted to add notif for locked/gone/disabled user 0
03-31 18:42:39.218   616   616 W NotificationHistory: Attempted to add notif for locked/gone/disabled user 0
03-31 18:42:41.149   616   616 W NotificationHistory: Attempted to add notif for locked/gone/disabled user 0
03-31 18:42:41.172   616   616 W NotificationHistory: Attempted to add notif for locked/gone/disabled user 0
03-31 18:42:41.192   616   616 W NotificationHistory: Attempted to add notif for locked/gone/disabled user 0
03-31 18:42:41.211   616   616 W NotificationHistory: Attempted to add notif for locked/gone/disabled user 0
03-31 18:42:42.030   616   964 W ProcessStats: Tracking association SourceState{eafe48 com.google.android.apps.mediashell/10041 BTopFgs #9705} whose proc state 2 is better than process ProcessState{525c8d3 com.google.android.gms.persistent/10050 pkg=com.google.android.gms} proc state 3 (31 skipped)
03-31 18:42:43.144   616   616 W NotificationHistory: Attempted to add notif for locked/gone/disabled user 0
03-31 18:42:43.170   616   616 W NotificationHistory: Attempted to add notif for locked/gone/disabled user 0
03-31 18:42:43.188   616   616 W NotificationHistory: Attempted to add notif for locked/gone/disabled user 0
03-31 18:42:43.208   616   616 W NotificationHistory: Attempted to add notif for locked/gone/disabled user 0
03-31 18:42:45.152   616   616 W NotificationHistory: Attempted to add notif for locked/gone/disabled user 0
03-31 18:42:45.174   616   616 W NotificationHistory: Attempted to add notif for locked/gone/disabled user 0
03-31 18:42:45.195   616   616 W NotificationHistory: Attempted to add notif for locked/gone/disabled user 0
03-31 18:42:45.215   616   616 W NotificationHistory: Attempted to add notif for locked/gone/disabled user 0
03-31 18:42:47.148   616   616 W NotificationHistory: Attempted to add notif for locked/gone/disabled user 0
03-31 18:42:47.168   616   616 W NotificationHistory: Attempted to add notif for locked/gone/disabled user 0
03-31 18:42:47.186   616   616 W NotificationHistory: Attempted to add notif for locked/gone/disabled user 0
03-31 18:42:47.206   616   616 W NotificationHistory: Attempted to add notif for locked/gone/disabled user 0
03-31 18:42:49.146   616   616 W NotificationHistory: Attempted to add notif for locked/gone/disabled user 0
03-31 18:42:49.168   616   616 W NotificationHistory: Attempted to add notif for locked/gone/disabled user 0
03-31 18:42:49.188   616   616 W NotificationHistory: Attempted to add notif for locked/gone/disabled user 0
03-31 18:42:49.206   616   616 W NotificationHistory: Attempted to add notif for locked/gone/disabled user 0
03-31 18:42:51.157   616   616 W NotificationHistory: Attempted to add notif for locked/gone/disabled user 0
03-31 18:42:51.181   616   616 W NotificationHistory: Attempted to add notif for locked/gone/disabled user 0
03-31 18:42:51.200   616   616 W NotificationHistory: Attempted to add notif for locked/gone/disabled user 0
03-31 18:42:51.216   616   616 W NotificationHistory: Attempted to add notif for locked/gone/disabled user 0
03-31 18:42:53.140   616   616 W NotificationHistory: Attempted to add notif for locked/gone/disabled user 0
03-31 18:42:53.165   616   616 W NotificationHistory: Attempted to add notif for locked/gone/disabled user 0
03-31 18:42:53.188   616   616 W NotificationHistory: Attempted to add notif for locked/gone/disabled user 0
03-31 18:42:53.207   616   616 W NotificationHistory: Attempted to add notif for locked/gone/disabled user 0
03-31 18:42:55.166   616   616 W NotificationHistory: Attempted to add notif for locked/gone/disabled user 0
03-31 18:42:55.186   616   616 W NotificationHistory: Attempted to add notif for locked/gone/disabled user 0
03-31 18:42:55.206   616   616 W NotificationHistory: Attempted to add notif for locked/gone/disabled user 0
03-31 18:42:55.226   616   616 W NotificationHistory: Attempted to add notif for locked/gone/disabled user 0
03-31 18:42:57.152   616   616 W NotificationHistory: Attempted to add notif for locked/gone/disabled user 0
03-31 18:42:57.172   616   616 W NotificationHistory: Attempted to add notif for locked/gone/disabled user 0
03-31 18:42:57.193   616   616 W NotificationHistory: Attempted to add notif for locked/gone/disabled user 0
03-31 18:42:57.213   616   616 W NotificationHistory: Attempted to add notif for locked/gone/disabled user 0
03-31 18:42:59.153   616   616 W NotificationHistory: Attempted to add notif for locked/gone/disabled user 0
03-31 18:42:59.175   616   616 W NotificationHistory: Attempted to add notif for locked/gone/disabled user 0
03-31 18:42:59.195   616   616 W NotificationHistory: Attempted to add notif for locked/gone/disabled user 0
03-31 18:42:59.212   616   616 W NotificationHistory: Attempted to add notif for locked/gone/disabled user 0
03-31 18:43:01.144   616   616 W NotificationHistory: Attempted to add notif for locked/gone/disabled user 0
03-31 18:43:01.165   616   616 W NotificationHistory: Attempted to add notif for locked/gone/disabled user 0
03-31 18:43:01.188   616   616 W NotificationHistory: Attempted to add notif for locked/gone/disabled user 0
03-31 18:43:01.213   616   616 W NotificationHistory: Attempted to add notif for locked/gone/disabled user 0
03-31 18:43:03.145   616   616 W NotificationHistory: Attempted to add notif for locked/gone/disabled user 0
03-31 18:43:03.172   616   616 W NotificationHistory: Attempted to add notif for locked/gone/disabled user 0
03-31 18:43:03.193   616   616 W NotificationHistory: Attempted to add notif for locked/gone/disabled user 0
03-31 18:43:03.213   616   616 W NotificationHistory: Attempted to add notif for locked/gone/disabled user 0
03-31 18:43:05.159   616   616 W NotificationHistory: Attempted to add notif for locked/gone/disabled user 0
03-31 18:43:05.186   616   616 W NotificationHistory: Attempted to add notif for locked/gone/disabled user 0
03-31 18:43:05.210   616   616 W NotificationHistory: Attempted to add notif for locked/gone/disabled user 0
03-31 18:43:05.235   616   616 W NotificationHistory: Attempted to add notif for locked/gone/disabled user 0
03-31 18:43:07.150   616   616 W NotificationHistory: Attempted to add notif for locked/gone/disabled user 0
03-31 18:43:07.172   616   616 W NotificationHistory: Attempted to add notif for locked/gone/disabled user 0
03-31 18:43:07.192   616   616 W NotificationHistory: Attempted to add notif for locked/gone/disabled user 0
03-31 18:43:07.213   616   616 W NotificationHistory: Attempted to add notif for locked/gone/disabled user 0
03-31 18:43:09.149   616   616 W NotificationHistory: Attempted to add notif for locked/gone/disabled user 0
03-31 18:43:09.174   616   616 W NotificationHistory: Attempted to add notif for locked/gone/disabled user 0
03-31 18:43:09.191   616   616 W NotificationHistory: Attempted to add notif for locked/gone/disabled user 0
03-31 18:43:09.212   616   616 W NotificationHistory: Attempted to add notif for locked/gone/disabled user 0
03-31 18:43:11.149   616   616 W NotificationHistory: Attempted to add notif for locked/gone/disabled user 0
03-31 18:43:11.169   616   616 W NotificationHistory: Attempted to add notif for locked/gone/disabled user 0
03-31 18:43:11.190   616   616 W NotificationHistory: Attempted to add notif for locked/gone/disabled user 0
03-31 18:43:11.210   616   616 W NotificationHistory: Attempted to add notif for locked/gone/disabled user 0
03-31 18:43:13.149   616   616 W NotificationHistory: Attempted to add notif for locked/gone/disabled user 0
03-31 18:43:13.172   616   616 W NotificationHistory: Attempted to add notif for locked/gone/disabled user 0
03-31 18:43:13.193   616   616 W NotificationHistory: Attempted to add notif for locked/gone/disabled user 0
03-31 18:43:13.211   616   616 W NotificationHistory: Attempted to add notif for locked/gone/disabled user 0
03-31 18:43:15.146   616   616 W NotificationHistory: Attempted to add notif for locked/gone/disabled user 0
03-31 18:43:15.165   616   616 W NotificationHistory: Attempted to add notif for locked/gone/disabled user 0
03-31 18:43:15.187   616   616 W NotificationHistory: Attempted to add notif for locked/gone/disabled user 0
03-31 18:43:15.210   616   616 W NotificationHistory: Attempted to add notif for locked/gone/disabled user 0
03-31 18:43:17.140   616   616 W NotificationHistory: Attempted to add notif for locked/gone/disabled user 0
03-31 18:43:17.163   616   616 W NotificationHistory: Attempted to add notif for locked/gone/disabled user 0
03-31 18:43:17.187   616   616 W NotificationHistory: Attempted to add notif for locked/gone/disabled user 0
03-31 18:43:17.209   616   616 W NotificationHistory: Attempted to add notif for locked/gone/disabled user 0
03-31 18:43:19.148   616   616 W NotificationHistory: Attempted to add notif for locked/gone/disabled user 0
03-31 18:43:19.176   616   616 W NotificationHistory: Attempted to add notif for locked/gone/disabled user 0
03-31 18:43:19.192   616  1442 W ProcessStats: Tracking association SourceState{eafe48 com.google.android.apps.mediashell/10041 BTopFgs #9706} whose proc state 2 is better than process ProcessState{525c8d3 com.google.android.gms.persistent/10050 pkg=com.google.android.gms} proc state 3 (3 skipped)
03-31 18:43:19.197   616   616 W NotificationHistory: Attempted to add notif for locked/gone/disabled user 0
03-31 18:43:19.218   616   616 W NotificationHistory: Attempted to add notif for locked/gone/disabled user 0
03-31 18:43:21.156   616   616 W NotificationHistory: Attempted to add notif for locked/gone/disabled user 0
03-31 18:43:21.177   616   616 W NotificationHistory: Attempted to add notif for locked/gone/disabled user 0
03-31 18:43:21.200   616   616 W NotificationHistory: Attempted to add notif for locked/gone/disabled user 0
03-31 18:43:21.218   616   616 W NotificationHistory: Attempted to add notif for locked/gone/disabled user 0
