05-03 02:13:04.603   646   671 I SystemServerTimingAsync: ssm.onUnlockedUser-0_com.android.server.SensorNotificationService
05-03 02:13:04.603   646   671 I SystemServerTimingAsync: ssm.onUnlockedUser-0_com.android.server.emergency.EmergencyAffordanceService
05-03 02:13:04.603   646   671 I SystemServerTimingAsync: ssm.onUnlockedUser-0_com.android.server.dreams.DreamManagerService
05-03 02:13:04.603   646   671 I SystemServerTimingAsync: ssm.onUnlockedUser-0_com.android.server.blob.BlobStoreManagerService
05-03 02:13:04.603   646   671 I SystemServerTimingAsync: ssm.onUnlockedUser-0_com.android.server.restrictions.RestrictionsManagerService
05-03 02:13:04.603   646   671 I SystemServerTimingAsync: ssm.onUnlockedUser-0_com.android.server.media.MediaSessionService
05-03 02:13:04.603   646   671 I SystemServerTimingAsync: ssm.onUnlockedUser-0_com.android.server.hdmi.HdmiControlService
05-03 02:13:04.603   646   671 I SystemServerTimingAsync: ssm.onUnlockedUser-0_com.android.server.tv.TvInputManagerService
05-03 02:13:04.603   646   671 I SystemServerTimingAsync: ssm.onUnlockedUser-0_com.android.server.media.MediaResourceMonitorService
05-03 02:13:04.603   646   671 I SystemServerTimingAsync: ssm.onUnlockedUser-0_com.android.server.tv.TvRemoteService
05-03 02:13:04.603   646   671 I SystemServerTimingAsync: ssm.onUnlockedUser-0_com.android.server.biometrics.BiometricService
05-03 02:13:04.603   646   671 I SystemServerTimingAsync: ssm.onUnlockedUser-0_com.android.server.biometrics.AuthService
05-03 02:13:04.603   646   671 I SystemServerTimingAsync: ssm.onUnlockedUser-0_com.android.server.pm.ShortcutService$Lifecycle
05-03 02:13:04.603   646   671 I SystemServerTimingAsync: ssm.onUnlockedUser-0_com.android.server.pm.LauncherAppsService
05-03 02:13:04.603   646   671 I SystemServerTimingAsync: ssm.onUnlockedUser-0_com.android.server.pm.CrossProfileAppsService
05-03 02:13:04.603   646   671 I SystemServerTimingAsync: ssm.onUnlockedUser-0_com.android.server.people.PeopleService
05-03 02:13:04.604   646   671 I SystemServerTimingAsync: ssm.onUnlockedUser-0_com.android.server.media.metrics.MediaMetricsManagerService
05-03 02:13:04.604   646   671 I SystemServerTimingAsync: ssm.onUnlockedUser-0_com.android.server.media.projection.MediaProjectionManagerService
05-03 02:13:04.604   646   671 I SystemServerTimingAsync: ssm.onUnlockedUser-0_com.android.server.slice.SliceManagerService$Lifecycle
05-03 02:13:04.604   646   671 I SystemServerTimingAsync: ssm.onUnlockedUser-0_com.android.server.stats.StatsCompanion$Lifecycle
05-03 02:13:04.604   646   671 I SystemServerTimingAsync: ssm.onUnlockedUser-0_com.android.server.scheduling.RebootReadinessManagerService$Lifecycle
05-03 02:13:04.604   646   671 I SystemServerTimingAsync: ssm.onUnlockedUser-0_com.android.server.stats.pull.StatsPullAtomService
05-03 02:13:04.604   646   671 I SystemServerTimingAsync: ssm.onUnlockedUser-0_com.android.server.incident.IncidentCompanionService
05-03 02:13:04.604   646   671 I SystemServerTimingAsync: ssm.onUnlockedUser-0_com.android.server.MmsServiceBroker
05-03 02:13:04.604   646   671 I SystemServerTimingAsync: ssm.onUnlockedUser-0_com.android.server.autofill.AutofillManagerService
05-03 02:13:04.604   646   671 I SystemServerTimingAsync: ssm.onUnlockedUser-0_com.android.server.clipboard.ClipboardService
05-03 02:13:04.604   646   671 I SystemServerTimingAsync: ssm.onUnlockedUser-0_com.android.server.appbinding.AppBindingService$Lifecycle
05-03 02:13:04.605   646   671 I SystemServerTimingAsync: ssm.onUnlockedUser-0_com.android.server.tracing.TracingServiceProxy
05-03 02:13:04.605   646   671 I SystemServerTimingAsync: ssm.onUnlockedUser-0_com.android.server.policy.PermissionPolicyService
05-03 02:13:04.605   646   671 I SystemServerTimingAsync: ssm.onUnlockedUser-0_com.android.server.pm.StagingManager$Lifecycle
05-03 02:13:04.605   646   671 I SystemServerTimingAsync: ssm.onUnlockedUser-0_com.android.server.app.GameManagerService$Lifecycle
05-03 02:13:04.605   646   671 I SystemServerTimingAsync: ssm.onUnlockedUser-0_com.android.server.appsearch.AppSearchManagerService
05-03 02:13:04.605   646   671 I SystemServerTimingAsync: ssm.onUnlockedUser-0_com.android.server.media.MediaCommunicationService
05-03 02:13:04.605   646   671 W ActivityManager: UserLifecycleEvent 6 received without an active userJourneySession.
05-03 02:13:04.683   646   646 D CompatibilityChangeReporter: Compat change id reported: 175319604; UID 10066; state: ENABLED
05-03 02:13:04.685   646   646 D CompatibilityChangeReporter: Compat change id reported: 175319604; UID 10073; state: ENABLED
05-03 02:13:04.687   646   646 D CompatibilityChangeReporter: Compat change id reported: 175319604; UID 10042; state: ENABLED
05-03 02:13:04.690   646   646 E BootReceiver: Could not open /sys/kernel/tracing/instances/bootreceiver/trace_pipe
05-03 02:13:04.690   646   646 E BootReceiver: android.system.ErrnoException: open failed: ENOENT (No such file or directory)
05-03 02:13:04.690   646   646 E BootReceiver: 	at libcore.io.Linux.open(Native Method)
05-03 02:13:04.690   646   646 E BootReceiver: 	at libcore.io.ForwardingOs.open(ForwardingOs.java:567)
05-03 02:13:04.690   646   646 E BootReceiver: 	at libcore.io.BlockGuardOs.open(BlockGuardOs.java:273)
05-03 02:13:04.690   646   646 E BootReceiver: 	at android.system.Os.open(Os.java:501)
05-03 02:13:04.690   646   646 E BootReceiver: 	at com.android.server.BootReceiver.onReceive(BootReceiver.java:167)
05-03 02:13:04.690   646   646 E BootReceiver: 	at android.app.ActivityThread.handleReceiver(ActivityThread.java:4308)
05-03 02:13:04.690   646   646 E BootReceiver: 	at android.app.ActivityThread.access$1600(ActivityThread.java:247)
05-03 02:13:04.690   646   646 E BootReceiver: 	at android.app.ActivityThread$H.handleMessage(ActivityThread.java:2064)
05-03 02:13:04.690   646   646 E BootReceiver: 	at android.os.Handler.dispatchMessage(Handler.java:106)
05-03 02:13:04.690   646   646 E BootReceiver: 	at android.os.Looper.loopOnce(Looper.java:201)
05-03 02:13:04.690   646   646 E BootReceiver: 	at android.os.Looper.loop(Looper.java:288)
05-03 02:13:04.690   646   646 E BootReceiver: 	at com.android.server.SystemServer.run(SystemServer.java:903)
05-03 02:13:04.690   646   646 E BootReceiver: 	at com.android.server.SystemServer.main(SystemServer.java:610)
05-03 02:13:04.690   646   646 E BootReceiver: 	at java.lang.reflect.Method.invoke(Native Method)
05-03 02:13:04.690   646   646 E BootReceiver: 	at com.android.internal.os.RuntimeInit$MethodAndArgsCaller.run(RuntimeInit.java:555)
05-03 02:13:04.690   646   646 E BootReceiver: 	at com.android.internal.os.ZygoteInit.main(ZygoteInit.java:981)
05-03 02:13:04.692   646   671 I DropBoxManagerService: add tag=system_server_wtf isTagEnabled=true flags=0x2
05-03 02:13:04.710   646   646 I NotificationService: Cannot find enqueued record for key: 0|android|13|PreBootBroadcaster|1000
05-03 02:13:04.724   646   646 I NotificationService: Cannot find enqueued record for key: 0|android|13|PreBootBroadcaster|1000
05-03 02:13:04.750   646  2565 I DropBoxManagerService: add tag=SYSTEM_BOOT isTagEnabled=true flags=0x2
05-03 02:13:04.772   646   646 I NotificationService: Cannot find enqueued record for key: 0|android|13|PreBootBroadcaster|1000
05-03 02:13:04.797   646  2565 I BootReceiver: Copying audit failures to DropBox
05-03 02:13:04.799   646  2565 I BootReceiver: Checking for fsck errors
05-03 02:13:04.800   646  2565 I BootReceiver: fs_stat, partition:cache stat:0x3
05-03 02:13:04.819   646  2565 E BootReceiver: Wrong format of shutdown metrics - reboot:y,reason:unattended,ota_update,quiescent,shutdown_activity_manager:395,shutdown_radios:2,begin_shutdown:1683076281105,shutdown_send_shutdown_broadcast:264,shutdown_system_server:741,shutdown_package_manager:66
05-03 02:13:04.819   646  2565 E BootReceiver: Wrong format of shutdown metrics - reboot:y,reason:unattended,ota_update,quiescent,shutdown_activity_manager:395,shutdown_radios:2,begin_shutdown:1683076281105,shutdown_send_shutdown_broadcast:264,shutdown_system_server:741,shutdown_package_manager:66
05-03 02:13:04.863   646  1082 D CompatibilityChangeReporter: Compat change id reported: 168419799; UID 10060; state: DISABLED
05-03 02:13:04.971   646  1082 D CompatibilityChangeReporter: Compat change id reported: 135634846; UID 10063; state: DISABLED
05-03 02:13:04.971   646  1082 D CompatibilityChangeReporter: Compat change id reported: 177438394; UID 10063; state: DISABLED
05-03 02:13:04.971   646  1082 D CompatibilityChangeReporter: Compat change id reported: 135772972; UID 10063; state: DISABLED
05-03 02:13:04.971   646  1082 D CompatibilityChangeReporter: Compat change id reported: 135754954; UID 10063; state: ENABLED
05-03 02:13:04.972   646   672 D CompatibilityChangeReporter: Compat change id reported: 143937733; UID 10063; state: ENABLED
05-03 02:13:04.975   646   663 W Looper  : Slow dispatch took 115ms android.ui h=com.android.server.am.ActivityManagerService$UiHandler c=null m=68
05-03 02:13:05.038   646   672 W ActivityManager: Slow operation: 69ms so far, now at startProcess: returned from zygote!
05-03 02:13:05.039   646   672 W ActivityManager: Slow operation: 69ms so far, now at startProcess: done updating battery stats
05-03 02:13:05.039   646   672 W ActivityManager: Slow operation: 69ms so far, now at startProcess: building log message
05-03 02:13:05.039   646   672 I ActivityManager: Start proc 2573:com.google.android.play.games/u0a63 for broadcast {com.google.android.play.games/com.google.android.gms.games.pano.recommendation.GamesPanoBroadcastReceiver}
05-03 02:13:05.039   646   672 W ActivityManager: Slow operation: 69ms so far, now at startProcess: starting to update pids map
05-03 02:13:05.041   646   672 W ActivityManager: Slow operation: 72ms so far, now at startProcess: done updating pids map
05-03 02:13:05.184   646  1579 D CompatibilityChangeReporter: Compat change id reported: 168419799; UID 10063; state: DISABLED
05-03 02:13:05.236   646  2562 E TaskPersister: File error accessing recents directory (directory doesn't exist?).
05-03 02:13:05.437   646  1120 W SystemUpdateManagerService: Outdated info file. Ignored
05-03 02:13:05.437   646  1120 I SystemUpdateManagerService: Removing info file
05-03 02:13:05.711   646   829 D CompatibilityChangeReporter: Compat change id reported: 149924527; UID 10072; state: ENABLED
05-03 02:13:05.719   646  1082 D CompatibilityChangeReporter: Compat change id reported: 132649864; UID 10072; state: DISABLED
05-03 02:13:05.744   646  1082 D CompatibilityChangeReporter: Compat change id reported: 182734110; UID 10072; state: DISABLED
05-03 02:13:06.046   646  1082 D CompatibilityChangeReporter: Compat change id reported: 171306433; UID 10051; state: ENABLED
05-03 02:13:06.826   646  1082 W ProcessStats: Tracking association SourceState{5fd1cb3 com.google.android.gms/10051 BTopFgs #875} whose proc state 2 is better than process ProcessState{7ce9c0a com.google.android.gms.persistent/10051 pkg=com.google.android.gms} proc state 3 (6137 skipped)
05-03 02:13:06.876   646  1120 D CompatibilityChangeReporter: Compat change id reported: 135634846; UID 10061; state: DISABLED
05-03 02:13:06.877   646   672 D CompatibilityChangeReporter: Compat change id reported: 143937733; UID 10061; state: ENABLED
05-03 02:13:06.917   646   672 I ActivityManager: Start proc 2638:com.netflix.ninja/u0a61 for broadcast {com.netflix.ninja/com.netflix.ninja.BootCompleteReceiver}
05-03 02:13:07.023   646  1120 D CompatibilityChangeReporter: Compat change id reported: 168419799; UID 10061; state: DISABLED
05-03 02:13:08.537   646  1273 D CompatibilityChangeReporter: Compat change id reported: 135634846; UID 1000; state: DISABLED
05-03 02:13:08.579   646   672 I ActivityManager: Start proc 2703:com.sagemcom.factorysetup/1000 for broadcast {com.sagemcom.factorysetup/com.sagemcom.factorysetup.BootCompleteReceiver}
05-03 02:13:08.983   646  1120 D CompatibilityChangeReporter: Compat change id reported: 168419799; UID 1000; state: DISABLED
05-03 02:13:09.558   646  1120 I ActivityManager: com.android.vending is exempt from freezer
05-03 02:13:09.559   646  1120 D CompatibilityChangeReporter: Compat change id reported: 135634846; UID 10050; state: DISABLED
05-03 02:13:09.560   646   672 D CompatibilityChangeReporter: Compat change id reported: 143937733; UID 10050; state: ENABLED
05-03 02:13:09.592   646   672 I ActivityManager: Start proc 2737:com.android.vending:background/u0a50 for service {com.android.vending/com.google.android.finsky.ipcservers.background.BackgroundGrpcServerAndroidService}
05-03 02:13:10.616   646   829 D CompatibilityChangeReporter: Compat change id reported: 135634846; UID 1000; state: DISABLED
05-03 02:13:10.676   646   672 W ActivityManager: Slow operation: 61ms so far, now at startProcess: returned from zygote!
05-03 02:13:10.677   646   672 W ActivityManager: Slow operation: 62ms so far, now at startProcess: done updating battery stats
05-03 02:13:10.677   646   672 W ActivityManager: Slow operation: 62ms so far, now at startProcess: building log message
05-03 02:13:10.677   646   672 I ActivityManager: Start proc 2764:com.android.dynsystem/1000 for broadcast {com.android.dynsystem/com.android.dynsystem.BootCompletedReceiver}
05-03 02:13:10.677   646   672 W ActivityManager: Slow operation: 62ms so far, now at startProcess: starting to update pids map
05-03 02:13:10.677   646   672 W ActivityManager: Slow operation: 63ms so far, now at startProcess: done updating pids map
05-03 02:13:10.818   646  1120 D CompatibilityChangeReporter: Compat change id reported: 135634846; UID 1000; state: DISABLED
05-03 02:13:10.843   646  1120 D CompatibilityChangeReporter: Compat change id reported: 168419799; UID 10013; state: DISABLED
05-03 02:13:10.876   646  1120 D CompatibilityChangeReporter: Compat change id reported: 171306433; UID 10022; state: ENABLED
05-03 02:13:10.877   646   672 W ActivityManager: Slow operation: 60ms so far, now at startProcess: returned from zygote!
05-03 02:13:10.877   646   672 W ActivityManager: Slow operation: 60ms so far, now at startProcess: done updating battery stats
05-03 02:13:10.877   646   672 W ActivityManager: Slow operation: 60ms so far, now at startProcess: building log message
05-03 02:13:10.877   646   672 I ActivityManager: Start proc 2787:com.android.dynsystem:dynsystem/1000 for service {com.android.dynsystem/com.android.dynsystem.DynamicSystemInstallationService}
05-03 02:13:10.877   646   672 W ActivityManager: Slow operation: 60ms so far, now at startProcess: starting to update pids map
05-03 02:13:10.878   646   672 W ActivityManager: Slow operation: 61ms so far, now at startProcess: done updating pids map
05-03 02:13:10.895   646  1120 D CompatibilityChangeReporter: Compat change id reported: 168419799; UID 10012; state: DISABLED
05-03 02:13:10.996   646  1273 I DynamicSystemService: isInstalled(): false
05-03 02:13:11.026   646  1120 I ActivityManager: com.android.shell is exempt from freezer
05-03 02:13:11.027   646  1120 D CompatibilityChangeReporter: Compat change id reported: 135634846; UID 2000; state: DISABLED
05-03 02:13:11.027   646  1120 D CompatibilityChangeReporter: Compat change id reported: 177438394; UID 2000; state: DISABLED
05-03 02:13:11.027   646  1120 D CompatibilityChangeReporter: Compat change id reported: 135772972; UID 2000; state: DISABLED
05-03 02:13:11.027   646  1120 D CompatibilityChangeReporter: Compat change id reported: 135754954; UID 2000; state: ENABLED
05-03 02:13:11.030   646  1120 I ActivityManager: Killing 1283:com.android.keychain/1000 (adj 995): empty #17
05-03 02:13:11.064   646   672 I ActivityManager: Start proc 2809:com.android.shell/2000 for broadcast {com.android.shell/com.android.shell.HeapDumpReceiver}
05-03 02:13:11.136   646   829 D CompatibilityChangeReporter: Compat change id reported: 168419799; UID 2000; state: DISABLED
05-03 02:13:11.337   646  1120 I ActivityManager: Killing 1523:com.android.localtransport/1000 (adj 995): empty #17
05-03 02:13:11.350   646  1120 D CompatibilityChangeReporter: Compat change id reported: 168419799; UID 10016; state: DISABLED
05-03 02:13:11.752   646   829 D CompatibilityChangeReporter: Compat change id reported: 135634846; UID 10012; state: DISABLED
05-03 02:13:11.753   646   829 D CompatibilityChangeReporter: Compat change id reported: 177438394; UID 10012; state: DISABLED
05-03 02:13:11.753   646   829 D CompatibilityChangeReporter: Compat change id reported: 135772972; UID 10012; state: DISABLED
05-03 02:13:11.753   646   829 D CompatibilityChangeReporter: Compat change id reported: 135754954; UID 10012; state: ENABLED
05-03 02:13:11.755   646   672 D CompatibilityChangeReporter: Compat change id reported: 143937733; UID 10012; state: ENABLED
05-03 02:13:11.783   646   672 I ActivityManager: Start proc 2850:com.broadcom.dnyhelper/u0a12 for broadcast {com.broadcom.dnyhelper/com.broadcom.dnyhelper.BootCompletedReceiver}
05-03 02:13:12.033   646   829 D CompatibilityChangeReporter: Compat change id reported: 135634846; UID 10012; state: DISABLED
05-03 02:13:12.033   646   829 D CompatibilityChangeReporter: Compat change id reported: 177438394; UID 10012; state: DISABLED
05-03 02:13:12.033   646   829 D CompatibilityChangeReporter: Compat change id reported: 135772972; UID 10012; state: DISABLED
05-03 02:13:12.033   646   829 D CompatibilityChangeReporter: Compat change id reported: 135754954; UID 10012; state: ENABLED
05-03 02:13:12.034   646   672 D CompatibilityChangeReporter: Compat change id reported: 143937733; UID 10012; state: ENABLED
05-03 02:13:12.036   646   829 I ActivityManager: Killing 1656:com.android.externalstorage/u0a18 (adj 985): empty #17
05-03 02:13:12.094   646   672 W ActivityManager: Slow operation: 62ms so far, now at startProcess: done updating battery stats
05-03 02:13:12.094   646   672 W ActivityManager: Slow operation: 62ms so far, now at startProcess: building log message
05-03 02:13:12.094   646   672 I ActivityManager: Start proc 2870:com.broadcom.nrdphelper/u0a12 for broadcast {com.broadcom.nrdphelper/com.broadcom.nrdphelper.BootCompletedReceiver}
05-03 02:13:12.094   646   672 W ActivityManager: Slow operation: 63ms so far, now at startProcess: starting to update pids map
05-03 02:13:12.095   646   672 W ActivityManager: Slow operation: 63ms so far, now at startProcess: done updating pids map
05-03 02:13:12.154   646  2663 D CompatibilityChangeReporter: Compat change id reported: 168419799; UID 10012; state: DISABLED
05-03 02:13:12.353   646  1120 I ActivityManager: Killing 1834:com.google.android.tts/u0a55 (adj 995): empty #17
05-03 02:13:12.355   646  1120 D CompatibilityChangeReporter: Compat change id reported: 168419799; UID 10045; state: DISABLED
05-03 02:13:12.684   646   893 D CompatibilityChangeReporter: Compat change id reported: 135634846; UID 10056; state: DISABLED
05-03 02:13:12.686   646   672 D CompatibilityChangeReporter: Compat change id reported: 143937733; UID 10056; state: ENABLED
05-03 02:13:12.727   646   672 I ActivityManager: Start proc 2899:com.google.android.inputmethod.latin/u0a56 for broadcast {com.google.android.inputmethod.latin/com.google.android.apps.inputmethod.libs.framework.core.LauncherIconVisibilityInitializer}
05-03 02:13:12.816   646   761 D CompatibilityChangeReporter: Compat change id reported: 168419799; UID 10056; state: DISABLED
05-03 02:13:14.425   646  2895 D CompatibilityChangeReporter: Compat change id reported: 168419799; UID 10044; state: DISABLED
05-03 02:13:14.560   646  1082 D CompatibilityChangeReporter: Compat change id reported: 135634846; UID 10046; state: DISABLED
05-03 02:13:14.560   646  1082 D CompatibilityChangeReporter: Compat change id reported: 177438394; UID 10046; state: DISABLED
05-03 02:13:14.560   646  1082 D CompatibilityChangeReporter: Compat change id reported: 135772972; UID 10046; state: DISABLED
05-03 02:13:14.560   646  1082 D CompatibilityChangeReporter: Compat change id reported: 135754954; UID 10046; state: ENABLED
05-03 02:13:14.561   646   672 D CompatibilityChangeReporter: Compat change id reported: 143937733; UID 10046; state: ENABLED
05-03 02:13:14.598   646   672 I ActivityManager: Start proc 2960:com.google.android.onetimeinitializer/u0a46 for broadcast {com.google.android.onetimeinitializer/com.google.android.onetimeinitializer.OneTimeInitializerReceiver}
05-03 02:13:14.656   646  2895 D CompatibilityChangeReporter: Compat change id reported: 168419799; UID 10046; state: DISABLED
05-03 02:13:14.938   646  2895 I ActivityManager: com.google.android.packageinstaller is exempt from freezer
05-03 02:13:14.938   646  2895 D CompatibilityChangeReporter: Compat change id reported: 135634846; UID 10017; state: DISABLED
05-03 02:13:14.939   646  2895 D CompatibilityChangeReporter: Compat change id reported: 177438394; UID 10017; state: DISABLED
05-03 02:13:14.939   646  2895 D CompatibilityChangeReporter: Compat change id reported: 135772972; UID 10017; state: DISABLED
05-03 02:13:14.939   646  2895 D CompatibilityChangeReporter: Compat change id reported: 135754954; UID 10017; state: ENABLED
05-03 02:13:14.939   646   672 D CompatibilityChangeReporter: Compat change id reported: 143937733; UID 10017; state: ENABLED
05-03 02:13:14.940   646  2895 I ActivityManager: Killing 2168:com.google.android.youtube.tv/u0a54 (adj 935): empty #17
05-03 02:13:14.967   646   672 I ActivityManager: Start proc 2991:com.google.android.packageinstaller/u0a17 for broadcast {com.google.android.packageinstaller/com.android.packageinstaller.TemporaryFileManager}
05-03 02:13:15.057   646   761 D CompatibilityChangeReporter: Compat change id reported: 168419799; UID 10017; state: DISABLED
05-03 02:13:15.124   646  3005 I ActivityManager: Killing 1987:com.google.android.videos/u0a57 (adj 925): empty #17
05-03 02:13:15.296   646   646 D CompatibilityChangeReporter: Compat change id reported: 168419799; UID 10061; state: DISABLED
05-03 02:13:15.328   646  3005 D CompatibilityChangeReporter: Compat change id reported: 135634846; UID 10065; state: DISABLED
05-03 02:13:15.328   646  3005 D CompatibilityChangeReporter: Compat change id reported: 177438394; UID 10065; state: DISABLED
05-03 02:13:15.329   646  3005 D CompatibilityChangeReporter: Compat change id reported: 135772972; UID 10065; state: DISABLED
05-03 02:13:15.329   646  3005 D CompatibilityChangeReporter: Compat change id reported: 135754954; UID 10065; state: ENABLED
05-03 02:13:15.330   646   672 D CompatibilityChangeReporter: Compat change id reported: 143937733; UID 10065; state: ENABLED
05-03 02:13:15.356   646   672 I ActivityManager: Start proc 3016:com.google.android.partnersetup/u0a65 for broadcast {com.google.android.partnersetup/com.google.android.partnersetup.GooglePartnerSetup}
05-03 02:13:15.443   646  3005 D CompatibilityChangeReporter: Compat change id reported: 168419799; UID 10065; state: DISABLED
05-03 02:13:15.788   646   724 D CompatibilityChangeReporter: Compat change id reported: 168419799; UID 10063; state: DISABLED
05-03 02:13:15.821   646  2663 D CompatibilityChangeReporter: Compat change id reported: 168419799; UID 10051; state: DISABLED
05-03 02:13:16.441   646   893 D CompatibilityChangeReporter: Compat change id reported: 135634846; UID 10059; state: DISABLED
05-03 02:13:16.441   646   893 D CompatibilityChangeReporter: Compat change id reported: 177438394; UID 10059; state: DISABLED
05-03 02:13:16.441   646   893 D CompatibilityChangeReporter: Compat change id reported: 135772972; UID 10059; state: DISABLED
05-03 02:13:16.441   646   893 D CompatibilityChangeReporter: Compat change id reported: 135754954; UID 10059; state: ENABLED
05-03 02:13:16.442   646   672 D CompatibilityChangeReporter: Compat change id reported: 143937733; UID 10059; state: ENABLED
05-03 02:13:16.487   646   672 I ActivityManager: Start proc 3110:com.google.android.syncadapters.calendar/u0a59 for broadcast {com.google.android.syncadapters.calendar/com.google.android.libraries.internal.growth.growthkit.inject.GrowthKitBootCompletedBroadcastReceiver}
05-03 02:13:16.578   646   893 D CompatibilityChangeReporter: Compat change id reported: 168419799; UID 10059; state: DISABLED
05-03 02:13:17.071   646   893 W ProcessStats: Tracking association SourceState{770f810 com.alticelabs.meo.androidtv/10024 Top #1183} whose proc state 1 is better than process ProcessState{30eaf09 com.android.providers.tv/10015 pkg=com.android.providers.tv} proc state 2 (4955 skipped)
05-03 02:13:17.196   646  3005 W BackupManagerService: [UserID:0] dataChanged but no participant pkg='com.google.android.syncadapters.calendar' uid=10059
05-03 02:13:19.601   646   827 D CompatibilityChangeReporter: Compat change id reported: 168419799; UID 1000; state: DISABLED
05-03 02:13:20.538   646   829 W ActivityManager: Unable to start service Intent { act=com.google.android.libraries.cast.tv.warg.service.START pkg=com.google.android.libraries.cast.tv.warg.service (has extras) } U=0: not found
05-03 02:13:22.437   646  3005 D CompatibilityChangeReporter: Compat change id reported: 135634846; UID 10055; state: DISABLED
05-03 02:13:22.438   646   672 D CompatibilityChangeReporter: Compat change id reported: 143937733; UID 10055; state: ENABLED
05-03 02:13:22.470   646   672 I ActivityManager: Start proc 3247:com.google.android.tts/u0a55 for broadcast {com.google.android.tts/androidx.work.impl.background.systemalarm.RescheduleReceiver}
05-03 02:13:22.537   646  3005 D CompatibilityChangeReporter: Compat change id reported: 168419799; UID 10055; state: DISABLED
05-03 02:13:22.719   646  3005 I ActivityManager: Killing 1186:com.google.android.marvin.talkback/u0a60 (adj 975): empty #17
05-03 02:13:23.936   646   829 D CompatibilityChangeReporter: Compat change id reported: 135634846; UID 10047; state: DISABLED
05-03 02:13:23.937   646   829 D CompatibilityChangeReporter: Compat change id reported: 177438394; UID 10047; state: DISABLED
05-03 02:13:23.937   646   829 D CompatibilityChangeReporter: Compat change id reported: 135772972; UID 10047; state: DISABLED
05-03 02:13:23.937   646   829 D CompatibilityChangeReporter: Compat change id reported: 135754954; UID 10047; state: ENABLED
05-03 02:13:23.937   646   672 D CompatibilityChangeReporter: Compat change id reported: 143937733; UID 10047; state: ENABLED
05-03 02:13:23.940   646   829 I ActivityManager: Killing 2703:com.sagemcom.factorysetup/1000 (adj 985): empty #17
05-03 02:13:23.957   646   672 I ActivityManager: Start proc 3302:com.google.android.tungsten.setupwraith/u0a47 for broadcast {com.google.android.tungsten.setupwraith/com.google.android.tvsetup.app.BootCompletedReceiver}
05-03 02:13:24.041   646  3005 D CompatibilityChangeReporter: Compat change id reported: 168419799; UID 10047; state: DISABLED
05-03 02:13:24.145   646  3005 D CompatibilityChangeReporter: Compat change id reported: 168419799; UID 10050; state: DISABLED
05-03 02:13:24.807   646  3005 W ActivityManager: Unable to start service Intent { cmp=com.google.android.gms/.fido.fido2.pollux.CableAuthenticatorService } U=0: not found
05-03 02:13:24.815   646  2663 I DropBoxManagerService: add tag=event_log isTagEnabled=true flags=0x2
05-03 02:13:24.855   646  1579 W ActivityManager: Unable to start service Intent { cmp=com.google.android.gms/.fido.authenticator.service.AuthenticatorService } U=0: not found
05-03 02:13:25.809   646  3005 D BiometricService: canAuthenticate: User=0, Caller=0, Authenticators=255
05-03 02:13:25.814   646  3005 D BiometricService/PreAuthInfo: getCanAuthenticateInternal Modality: 0 AuthenticatorStatus: 2
05-03 02:13:25.821   646  3005 D AuthService: canAuthenticate, userId: 0, callingUserId: 0, authenticators: 255, result: 12
05-03 02:13:26.302   646  3014 W ActivityManager: Unable to start service Intent { act=com.google.android.gms.nearby.discovery:ACTION_INIT_MESSAGES_PATH cmp=com.google.android.gms/.nearby.discovery.service.DiscoveryService } U=0: not found
05-03 02:13:26.428   646  1120 D CompatibilityChangeReporter: Compat change id reported: 168419799; UID 10049; state: DISABLED
05-03 02:13:26.455   646  1120 D CompatibilityChangeReporter: Compat change id reported: 168419799; UID 10041; state: DISABLED
05-03 02:13:27.074   646  3014 W ProcessStats: Tracking association SourceState{23ccd6a com.google.android.apps.mediashell/10045 BTopFgs #1518} whose proc state 2 is better than process ProcessState{7ce9c0a com.google.android.gms.persistent/10051 pkg=com.google.android.gms} proc state 3 (2422 skipped)
05-03 02:13:27.339   646   671 I ActivityManager: Waited long enough for: ServiceRecord{d0e731d u0 com.broadcom.nrdphelper/.HdmiAudioPlugService}
05-03 02:13:27.342   646   671 I ActivityManager: Waited long enough for: ServiceRecord{ba80992 u0 com.broadcom.nrdphelper/.NetflixStatusService}
05-03 02:13:28.458   646  1273 D CompatibilityChangeReporter: Compat change id reported: 135634846; UID 10057; state: DISABLED
05-03 02:13:28.458   646   672 D CompatibilityChangeReporter: Compat change id reported: 143937733; UID 10057; state: ENABLED
05-03 02:13:28.497   646   672 I ActivityManager: Start proc 3416:com.google.android.videos/u0a57 for broadcast {com.google.android.videos/com.google.android.apps.play.movies.tv.usecase.tvinput.epg.TvEpgUpdateBroadcastReceiver}
05-03 02:13:28.594   646  1273 D CompatibilityChangeReporter: Compat change id reported: 168419799; UID 10057; state: DISABLED
05-03 02:13:31.449   646  2663 I ActivityManager: Killing 2764:com.android.dynsystem/1000 (adj 985): empty #17
05-03 02:13:31.905   197   206 D vold    : Disk at 252:2 changed
05-03 02:13:31.905   197   206 D vold    : Disk at 252:2 changed
05-03 02:13:32.983   197   206 D vold    : Disk at 252:5 changed
05-03 02:13:32.984   197   206 D vold    : Disk at 252:5 changed
05-03 02:13:34.763   646  1273 D CompatibilityChangeReporter: Compat change id reported: 135634846; UID 10054; state: DISABLED
05-03 02:13:34.764   646   672 D CompatibilityChangeReporter: Compat change id reported: 143937733; UID 10054; state: ENABLED
05-03 02:13:34.805   646   672 I ActivityManager: Start proc 3521:com.google.android.youtube.tv/u0a54 for broadcast {com.google.android.youtube.tv/com.google.android.libraries.youtube.tv.recommendations.RecommendationsScheduler$Receiver}
05-03 02:13:34.864   646   829 D CompatibilityChangeReporter: Compat change id reported: 168419799; UID 10054; state: DISABLED
05-03 02:13:35.051   646  1273 I ActivityManager: Killing 1614:com.android.managedprovisioning/u0a13 (adj 985): empty #17
05-03 02:13:35.867   646  1120 I ActivityManager: com.android.vending is exempt from freezer
05-03 02:13:35.868   646  1120 D CompatibilityChangeReporter: Compat change id reported: 135634846; UID 10050; state: DISABLED
05-03 02:13:35.868   646   672 D CompatibilityChangeReporter: Compat change id reported: 143937733; UID 10050; state: ENABLED
05-03 02:13:35.902   646   672 I ActivityManager: Start proc 3555:com.android.vending:instant_app_installer/u0a50 for service {com.android.vending/com.google.android.finsky.instantapps.statussync.EnabledStatusSyncService}
05-03 02:13:37.078   646   714 W ProcessStats: Tracking association SourceState{61f1261 com.google.android.gms.unstable/10051 BTopFgs #1741} whose proc state 2 is better than process ProcessState{7ce9c0a com.google.android.gms.persistent/10051 pkg=com.google.android.gms} proc state 3 (1345 skipped)
05-03 02:13:37.719   197   206 D vold    : Disk at 252:5 changed
05-03 02:13:37.719   197   206 D vold    : Disk at 252:5 changed
05-03 02:13:37.799   197   206 D vold    : Disk at 252:8 changed
05-03 02:13:37.800   197   206 D vold    : Disk at 252:8 changed
05-03 02:13:38.471   646  2663 I ActivityManager: Killing 1596:com.android.providers.calendar/u0a22 (adj 985): empty #17
05-03 02:13:38.492  1009  1009 W ContextImpl: Calling a method in the system process without a qualified user: android.app.ContextImpl.startForegroundService:1823 android.content.ContextWrapper.startForegroundService:781 android.content.ContextWrapper.startForegroundService:781 com.sagemcom.datacollector.BootReceiver.startDataCollectionService:40 com.sagemcom.datacollector.BootReceiver.onReceive:34 
05-03 02:13:38.513   646  1120 D CompatibilityChangeReporter: Compat change id reported: 135634846; UID 1000; state: DISABLED
05-03 02:13:38.533   646   672 I ActivityManager: Start proc 3656:com.sagemcom.rcuinterface/1000 for broadcast {com.sagemcom.rcuinterface/com.sagemcom.rcuinterface.BootReceiver}
05-03 02:13:38.832  3656  3656 W ContextImpl: Calling a method in the system process without a qualified user: android.app.ContextImpl.startForegroundService:1823 android.content.ContextWrapper.startForegroundService:781 android.content.ContextWrapper.startForegroundService:781 com.sagemcom.rcuinterface.BootReceiver.startIRFallbackService:59 com.sagemcom.rcuinterface.BootReceiver.onReceive:37 
05-03 02:13:38.841   646  1120 D CompatibilityChangeReporter: Compat change id reported: 168419799; UID 1000; state: DISABLED
05-03 02:13:38.888   995   995 W ContextImpl: Calling a method in the system process without a qualified user: android.app.ContextImpl.startService:1817 android.content.ContextWrapper.startService:776 android.content.ContextWrapper.startService:776 com.sagemcom.sgcanalyticsagent.BootCompleteReceiver.onReceive:21 android.app.ActivityThread.handleReceiver:4308 
05-03 02:13:38.921   964   964 W ContextImpl: Calling a method in the system process without a qualified user: android.app.ContextImpl.startService:1817 android.content.ContextWrapper.startService:776 android.content.ContextWrapper.startService:776 com.sagemcom.stb.tr69service.Tr69BootReceiver.onReceive:26 android.app.ActivityThread.handleReceiver:4308 
05-03 02:13:38.940   646  3005 D CompatibilityChangeReporter: Compat change id reported: 135634846; UID 10078; state: DISABLED
05-03 02:13:38.943   646   672 D CompatibilityChangeReporter: Compat change id reported: 143937733; UID 10078; state: ENABLED
05-03 02:13:38.978   646   672 I ActivityManager: Start proc 3677:com.nousguide.android.rbtv/u0a78 for broadcast {com.nousguide.android.rbtv/com.redbull.system.BootupReceiver}
05-03 02:13:39.076   995   995 W ContextImpl: Calling a method in the system process without a qualified user: android.app.ContextImpl.bindService:1896 android.content.ContextWrapper.bindService:812 com.sagemcom.sgcanalyticsagent.system.SystemInformation.<init>:100 com.sagemcom.sgcanalyticsagent.Repository.init:157 com.sagemcom.sgcanalyticsagent.MqttScheduler.onCreate:181 
05-03 02:13:39.079   646   646 W NotificationHistory: Attempted to add notif for locked/gone/disabled user 0
05-03 02:13:39.089   646  3005 D CompatibilityChangeReporter: Compat change id reported: 135634846; UID 10033; state: DISABLED
05-03 02:13:39.090   646   672 D CompatibilityChangeReporter: Compat change id reported: 143937733; UID 10033; state: ENABLED
05-03 02:13:39.101   646  3005 D CompatibilityChangeReporter: Compat change id reported: 168419799; UID 10078; state: DISABLED
05-03 02:13:39.144   646   672 W ActivityManager: Slow operation: 56ms so far, now at startProcess: returned from zygote!
05-03 02:13:39.144   646   672 W ActivityManager: Slow operation: 56ms so far, now at startProcess: done updating battery stats
05-03 02:13:39.144   646   672 W ActivityManager: Slow operation: 56ms so far, now at startProcess: building log message
05-03 02:13:39.144   646   672 I ActivityManager: Start proc 3693:com.sagemcom.server/u0a33 for service {com.sagemcom.server/com.sagemcom.server.StbService}
05-03 02:13:39.144   646   672 W ActivityManager: Slow operation: 57ms so far, now at startProcess: starting to update pids map
05-03 02:13:39.148   646   672 W ActivityManager: Slow operation: 61ms so far, now at startProcess: done updating pids map
05-03 02:13:39.250   646   829 D CompatibilityChangeReporter: Compat change id reported: 168419799; UID 10033; state: DISABLED
05-03 02:13:39.437   964   964 W ContextImpl: Calling a method in the system process without a qualified user: android.app.ContextImpl.bindService:1896 android.content.ContextWrapper.bindService:812 com.sagemcom.stb.tr69service.Hdmi.initStbService:115 com.sagemcom.stb.tr69service.Hdmi.<init>:89 com.sagemcom.stb.tr69service.TR69DatamodelNative.init:79 
05-03 02:13:40.243   197   206 D vold    : Disk at 252:8 changed
05-03 02:13:40.243   197   206 D vold    : Disk at 252:8 changed
05-03 02:13:40.850   995   995 W ContextImpl: Calling a method in the system process without a qualified user: android.app.ContextImpl.bindService:1896 android.content.ContextWrapper.bindService:812 com.sagemcom.sgcanalyticsagent.system.DvbInformation.<init>:75 com.sagemcom.sgcanalyticsagent.Repository.init:164 com.sagemcom.sgcanalyticsagent.MqttScheduler.onCreate:181 
05-03 02:13:41.305   646  1120 I ActivityManager: Finished processing BOOT_COMPLETED for u0
05-03 02:13:41.306   646  1120 W BroadcastQueue: Background execution not allowed: receiving Intent { act=android.intent.action.DROPBOX_ENTRY_ADDED flg=0x10 (has extras) } to com.google.android.gms/.stats.service.DropBoxEntryAddedReceiver
05-03 02:13:41.309   646   671 W BroadcastQueue: Background execution not allowed: receiving Intent { act=android.intent.action.DROPBOX_ENTRY_ADDED flg=0x10 (has extras) } to com.google.android.gms/.chimera.GmsIntentOperationService$PersistentTrustedReceiver
05-03 02:13:41.346   646  1120 W BroadcastQueue: Background execution not allowed: receiving Intent { act=android.intent.action.DROPBOX_ENTRY_ADDED flg=0x10 (has extras) } to com.google.android.gms/.stats.service.DropBoxEntryAddedReceiver
05-03 02:13:41.348   646   671 W BroadcastQueue: Background execution not allowed: receiving Intent { act=android.intent.action.DROPBOX_ENTRY_ADDED flg=0x10 (has extras) } to com.google.android.gms/.chimera.GmsIntentOperationService$PersistentTrustedReceiver
05-03 02:13:41.678   646  3005 D CompatibilityChangeReporter: Compat change id reported: 135634846; UID 10022; state: DISABLED
05-03 02:13:41.678   646  3005 D CompatibilityChangeReporter: Compat change id reported: 177438394; UID 10022; state: DISABLED
05-03 02:13:41.678   646  3005 D CompatibilityChangeReporter: Compat change id reported: 135772972; UID 10022; state: DISABLED
05-03 02:13:41.678   646  3005 D CompatibilityChangeReporter: Compat change id reported: 135754954; UID 10022; state: ENABLED
05-03 02:13:41.679   646   672 D CompatibilityChangeReporter: Compat change id reported: 143937733; UID 10022; state: ENABLED
05-03 02:13:41.703   646   672 I ActivityManager: Start proc 3779:com.android.providers.calendar/u0a22 for broadcast {com.android.providers.calendar/com.android.providers.calendar.CalendarProviderBroadcastReceiver}
05-03 02:13:41.881   646  1120 I ActivityManager: Killing 2787:com.android.dynsystem:dynsystem/1000 (adj 985): empty #17
05-03 02:13:41.988   646  3005 W BroadcastQueue: Background execution not allowed: receiving Intent { act=android.speech.action.GET_LANGUAGE_DETAILS flg=0x10 } to com.google.android.tts/com.google.android.libraries.speech.modelmanager.languagepack.legacy.LanguagePackDetailsReceiver_Receiver
05-03 02:13:42.100   646  1120 W BroadcastQueue: Background execution not allowed: receiving Intent { act=android.intent.action.DROPBOX_ENTRY_ADDED flg=0x10 (has extras) } to com.google.android.gms/.stats.service.DropBoxEntryAddedReceiver
05-03 02:13:42.102   646   671 W BroadcastQueue: Background execution not allowed: receiving Intent { act=android.intent.action.DROPBOX_ENTRY_ADDED flg=0x10 (has extras) } to com.google.android.gms/.chimera.GmsIntentOperationService$PersistentTrustedReceiver
05-03 02:13:42.158   646  3005 D CompatibilityChangeReporter: Compat change id reported: 143231523; UID 10022; state: DISABLED
05-03 02:13:42.280   646  3014 I ActivityManager: com.android.vending is exempt from freezer
05-03 02:13:42.280   646  3014 D CompatibilityChangeReporter: Compat change id reported: 135634846; UID 10050; state: DISABLED
05-03 02:13:42.281   646   672 D CompatibilityChangeReporter: Compat change id reported: 143937733; UID 10050; state: ENABLED
05-03 02:13:42.320   646  3005 I ActivityManager: Killing 2809:com.android.shell/2000 (adj 985): empty #17
05-03 02:13:42.419   646   672 W ActivityManager: Slow operation: 139ms so far, now at startProcess: returned from zygote!
05-03 02:13:42.419   646   672 W ActivityManager: Slow operation: 140ms so far, now at startProcess: done updating battery stats
05-03 02:13:42.420   646   672 W ActivityManager: Slow operation: 140ms so far, now at startProcess: building log message
05-03 02:13:42.420   646   672 I ActivityManager: Start proc 3819:com.android.vending:quick_launch/u0a50 for service {com.android.vending/com.google.android.finsky.ipcservers.quicklaunch.QuickLaunchGrpcServerAndroidService}
05-03 02:13:42.420   646   672 W ActivityManager: Slow operation: 140ms so far, now at startProcess: starting to update pids map
05-03 02:13:42.420   646   672 W ActivityManager: Slow operation: 140ms so far, now at startProcess: done updating pids map
05-03 02:13:42.530   646  1579 D CompatibilityChangeReporter: Compat change id reported: 168419799; UID 10050; state: DISABLED
05-03 02:13:42.926   646  3014 D CompatibilityChangeReporter: Compat change id reported: 168419799; UID 10065; state: DISABLED
05-03 02:13:43.027   646   671 I ActivityManager: Waited long enough for: ServiceRecord{73848d4 u0 com.google.android.gms/.statementservice.OperationService}
05-03 02:13:43.467   646   646 W NotificationHistory: Attempted to add notif for locked/gone/disabled user 0
05-03 02:13:44.069   646   893 W ContentProviderHelper: Slow operation: 181ms so far, now at getContentProviderImpl: before checkContentProviderPermission
05-03 02:13:44.069   646   893 W ContentProviderHelper: Slow operation: 182ms so far, now at getContentProviderImpl: after checkContentProviderPermission
05-03 02:13:44.069   646   893 W ContentProviderHelper: Slow operation: 182ms so far, now at getContentProviderImpl: incProviderCountLocked
05-03 02:13:44.069   646   893 W ContentProviderHelper: Slow operation: 182ms so far, now at getContentProviderImpl: before updateOomAdj
05-03 02:13:44.071   646   893 W ContentProviderHelper: Slow operation: 184ms so far, now at getContentProviderImpl: after updateOomAdj
05-03 02:13:44.071   646   893 W ContentProviderHelper: Slow operation: 184ms so far, now at getContentProviderImpl: done!
05-03 02:13:44.769  3555  3876 E ActivityThread: Failed to find provider info for com.google.android.instantapps.supervisor.SupervisorArchiveProvider
05-03 02:13:44.876   646   646 W NotificationHistory: Attempted to add notif for locked/gone/disabled user 0
05-03 02:13:45.113   995   995 W ContextImpl: Calling a method in the system process without a qualified user: android.app.ContextImpl.startService:1817 android.content.ContextWrapper.startService:776 org.eclipse.paho.android.service.MqttAndroidClient.connect:414 com.sagemcom.sgcanalyticsagent.MqttScheduler.initMqttClient:648 com.sagemcom.sgcanalyticsagent.MqttScheduler.access$900:104 
05-03 02:13:45.128   995   995 W ContextImpl: Calling a method in the system process without a qualified user: android.app.ContextImpl.bindService:1896 android.content.ContextWrapper.bindService:812 org.eclipse.paho.android.service.MqttAndroidClient.connect:425 com.sagemcom.sgcanalyticsagent.MqttScheduler.initMqttClient:648 com.sagemcom.sgcanalyticsagent.MqttScheduler.access$900:104 
05-03 02:13:45.410   646   646 W NotificationHistory: Attempted to add notif for locked/gone/disabled user 0
05-03 02:13:45.755   646   893 D CompatibilityChangeReporter: Compat change id reported: 171306433; UID 1000; state: ENABLED
05-03 02:13:46.306   646  2663 D CompatibilityChangeReporter: Compat change id reported: 168419799; UID 10057; state: DISABLED
05-03 02:13:47.149   646  2663 W ProcessStats: Tracking association SourceState{23ccd6a com.google.android.apps.mediashell/10045 BTopFgs #2094} whose proc state 2 is better than process ProcessState{7ce9c0a com.google.android.gms.persistent/10051 pkg=com.google.android.gms} proc state 3 (1964 skipped)
05-03 02:13:48.725   646   646 W NotificationHistory: Attempted to add notif for locked/gone/disabled user 0
05-03 02:13:50.695   646  3005 I ActivityManager: Killing 1033:com.android.tv.settings/1000 (adj 995): empty #17
05-03 02:13:50.728   646   665 W ActivityManager: setHasOverlayUi called on unknown pid: 1033
05-03 02:13:51.722   646   714 I ActivityManager: Killing 1788:com.android.statementservice/u0a16 (adj 995): empty #17
05-03 02:13:52.258   646  3932 I ActivityManager: Killing 2850:com.broadcom.dnyhelper/u0a12 (adj 985): empty #17
05-03 02:13:52.423   646   671 D CompatibilityChangeReporter: Compat change id reported: 168419799; UID 10055; state: DISABLED
05-03 02:13:54.276   646  3932 I ActivityManager: Killing 2960:com.google.android.onetimeinitializer/u0a46 (adj 985): empty #17
05-03 02:13:54.276   646  3932 I ActivityManager: Killing 2899:com.google.android.inputmethod.latin/u0a56 (adj 985): empty #18
05-03 02:13:54.338   646  1579 I ActivityManager: Killing 2991:com.google.android.packageinstaller/u0a17 (adj 995): empty #17
05-03 02:13:54.561   646  3005 I ActivityManager: Killing 3302:com.google.android.tungsten.setupwraith/u0a47 (adj 985): empty #17
05-03 02:13:57.223   646   671 W ProcessStats: Tracking association SourceState{42f64a5 com.google.android.katniss:search/10044 BTopFgs #2493} whose proc state 2 is better than process ProcessState{7ce9c0a com.google.android.gms.persistent/10051 pkg=com.google.android.gms} proc state 3 (3342 skipped)
05-03 02:13:57.725   646   724 W ActivityManager: Unable to start service Intent { act=com.google.android.gms.drive.ApiService.RESET_AFTER_BOOT flg=0x4 cmp=com.google.android.gms/.drive.api.ApiService (has extras) } U=0: not found
05-03 02:14:00.698   646  3005 W ActivityManager: Unable to start service Intent { cmp=com.google.android.gms/.fido.fido2.pollux.CableAuthenticatorService } U=0: not found
05-03 02:14:07.723   646  3005 W ProcessStats: Tracking association SourceState{5fd1cb3 com.google.android.gms/10051 BTopFgs #2674} whose proc state 2 is better than process ProcessState{7ce9c0a com.google.android.gms.persistent/10051 pkg=com.google.android.gms} proc state 3 (1375 skipped)
05-03 02:14:10.862   646   893 I ActivityManager: Killing 3110:com.google.android.syncadapters.calendar/u0a59 (adj 985): empty #17
05-03 02:14:20.790   646  1273 D BiometricService: canAuthenticate: User=0, Caller=0, Authenticators=255
05-03 02:14:20.791   646  1273 D BiometricService/PreAuthInfo: getCanAuthenticateInternal Modality: 0 AuthenticatorStatus: 2
05-03 02:14:20.791   646  1273 D AuthService: canAuthenticate, userId: 0, callingUserId: 0, authenticators: 255, result: 12
05-03 02:14:20.816   646  1273 W ProcessStats: Tracking association SourceState{23ccd6a com.google.android.apps.mediashell/10045 BTopFgs #2709} whose proc state 2 is better than process ProcessState{7ce9c0a com.google.android.gms.persistent/10051 pkg=com.google.android.gms} proc state 3 (172 skipped)
05-03 02:14:30.987   646  1120 W ProcessStats: Tracking association SourceState{23ccd6a com.google.android.apps.mediashell/10045 BTopFgs #2772} whose proc state 2 is better than process ProcessState{7ce9c0a com.google.android.gms.persistent/10051 pkg=com.google.android.gms} proc state 3 (326 skipped)
05-03 02:14:41.100   646  1120 W ProcessStats: Tracking association SourceState{23ccd6a com.google.android.apps.mediashell/10045 BTopFgs #2793} whose proc state 2 is better than process ProcessState{7ce9c0a com.google.android.gms.persistent/10051 pkg=com.google.android.gms} proc state 3 (104 skipped)
05-03 02:14:51.239   646  1120 W ProcessStats: Tracking association SourceState{23ccd6a com.google.android.apps.mediashell/10045 BTopFgs #2804} whose proc state 2 is better than process ProcessState{7ce9c0a com.google.android.gms.persistent/10051 pkg=com.google.android.gms} proc state 3 (54 skipped)
05-03 02:15:01.362   646   893 W ProcessStats: Tracking association SourceState{23ccd6a com.google.android.apps.mediashell/10045 BTopFgs #2814} whose proc state 2 is better than process ProcessState{7ce9c0a com.google.android.gms.persistent/10051 pkg=com.google.android.gms} proc state 3 (49 skipped)
05-03 02:15:11.487   646   893 W ProcessStats: Tracking association SourceState{23ccd6a com.google.android.apps.mediashell/10045 BTopFgs #2824} whose proc state 2 is better than process ProcessState{7ce9c0a com.google.android.gms.persistent/10051 pkg=com.google.android.gms} proc state 3 (49 skipped)
05-03 02:15:21.623   646  1273 W ProcessStats: Tracking association SourceState{23ccd6a com.google.android.apps.mediashell/10045 BTopFgs #2834} whose proc state 2 is better than process ProcessState{7ce9c0a com.google.android.gms.persistent/10051 pkg=com.google.android.gms} proc state 3 (49 skipped)
05-03 02:15:31.757   646  1273 W ProcessStats: Tracking association SourceState{23ccd6a com.google.android.apps.mediashell/10045 BTopFgs #2844} whose proc state 2 is better than process ProcessState{7ce9c0a com.google.android.gms.persistent/10051 pkg=com.google.android.gms} proc state 3 (49 skipped)
05-03 02:15:41.890   646   829 W ProcessStats: Tracking association SourceState{23ccd6a com.google.android.apps.mediashell/10045 BTopFgs #2854} whose proc state 2 is better than process ProcessState{7ce9c0a com.google.android.gms.persistent/10051 pkg=com.google.android.gms} proc state 3 (49 skipped)
05-03 02:15:52.020   646  1273 W ProcessStats: Tracking association SourceState{23ccd6a com.google.android.apps.mediashell/10045 BTopFgs #2864} whose proc state 2 is better than process ProcessState{7ce9c0a com.google.android.gms.persistent/10051 pkg=com.google.android.gms} proc state 3 (49 skipped)
