04-22 11:30:21.000 19124 22314 W ProcessStats: Tracking association SourceState{b58655d com.google.android.katniss:interactor/10044 BTopFgs #95343} whose proc state 2 is better than process ProcessState{d5b55e7 com.google.android.gms.persistent/10051 pkg=com.google.android.gms} proc state 3 (19 skipped)
04-22 11:30:21.140 19124 19481 D ActivityManager: sync unfroze 19870 com.google.process.gservices
04-22 11:30:21.162 19124 19481 D ActivityManager: pid 29972 com.google.android.gms.unstable  received sync transactions while frozen, killing
04-22 11:30:21.162 19124 19481 I ActivityManager: Killing 29972:com.google.android.gms.unstable/u0a51 (adj 0): Sync transaction while in frozen state
04-22 11:30:21.163 19124 19481 D ActivityManager: pid 29972 com.google.android.gms.unstable  received async transactions while frozen
04-22 11:30:21.230 19124 19636 W ActivityManager: Scheduling restart of crashed service com.google.android.gms/.droidguard.DroidGuardService in 1000ms for connection
04-22 11:30:22.234 19124 19148 D CompatibilityChangeReporter: Compat change id reported: 135634846; UID 10051; state: DISABLED
04-22 11:30:22.236 19124 19149 D CompatibilityChangeReporter: Compat change id reported: 143937733; UID 10051; state: ENABLED
04-22 11:30:22.249 19124 19149 I ActivityManager: Start proc 30834:com.google.android.gms.unstable/u0a51 for service {com.google.android.gms/com.google.android.gms.droidguard.DroidGuardService}
04-22 11:30:30.528 19124 19148 I DropBoxManagerService: add tag=system_server_wtf isTagEnabled=true flags=0x2
04-22 11:30:31.851 19124 19636 W ProcessStats: Tracking association SourceState{3f6ac31 system/1000 BTopFgs #95378} whose proc state 2 is better than process ProcessState{d5b55e7 com.google.android.gms.persistent/10051 pkg=com.google.android.gms} proc state 3 (185 skipped)
04-22 11:30:32.538 19124 19148 W BroadcastQueue: Background execution not allowed: receiving Intent { act=android.intent.action.DROPBOX_ENTRY_ADDED flg=0x10 (has extras) } to com.google.android.gms/.stats.service.DropBoxEntryAddedReceiver
04-22 11:30:32.539 19124 19148 W BroadcastQueue: Background execution not allowed: receiving Intent { act=android.intent.action.DROPBOX_ENTRY_ADDED flg=0x10 (has extras) } to com.google.android.gms/.chimera.GmsIntentOperationService$PersistentTrustedReceiver
04-22 11:30:46.915 19124 22429 W ProcessStats: Tracking association SourceState{3f6ac31 system/1000 BTopFgs #95406} whose proc state 2 is better than process ProcessState{d5b55e7 com.google.android.gms.persistent/10051 pkg=com.google.android.gms} proc state 3 (124 skipped)
04-22 11:31:22.626 19124 19210 W ProcessStats: Tracking association SourceState{3f6ac31 system/1000 BTopFgs #95414} whose proc state 2 is better than process ProcessState{d5b55e7 com.google.android.gms.persistent/10051 pkg=com.google.android.gms} proc state 3 (24 skipped)
04-22 11:31:37.730 19124 19210 W ProcessStats: Tracking association SourceState{3f6ac31 system/1000 BTopFgs #95419} whose proc state 2 is better than process ProcessState{d5b55e7 com.google.android.gms.persistent/10051 pkg=com.google.android.gms} proc state 3 (20 skipped)
04-22 11:33:22.901 19124 19636 W ProcessStats: Tracking association SourceState{3f6ac31 system/1000 BTopFgs #95420} whose proc state 2 is better than process ProcessState{d5b55e7 com.google.android.gms.persistent/10051 pkg=com.google.android.gms} proc state 3 (4 skipped)
04-22 11:33:38.007 19124 19636 W ProcessStats: Tracking association SourceState{3f6ac31 system/1000 BTopFgs #95421} whose proc state 2 is better than process ProcessState{d5b55e7 com.google.android.gms.persistent/10051 pkg=com.google.android.gms} proc state 3 (4 skipped)
04-22 11:40:30.556 19124 19148 I DropBoxManagerService: add tag=system_server_wtf isTagEnabled=true flags=0x2
04-22 11:40:30.560 19124 19148 W ProcessStats: Tracking association SourceState{3f6ac31 system/1000 BTopFgs #95422} whose proc state 2 is better than process ProcessState{d5b55e7 com.google.android.gms.persistent/10051 pkg=com.google.android.gms} proc state 3 (4 skipped)
04-22 11:40:32.562 19124 19148 W BroadcastQueue: Background execution not allowed: receiving Intent { act=android.intent.action.DROPBOX_ENTRY_ADDED flg=0x10 (has extras) } to com.google.android.gms/.stats.service.DropBoxEntryAddedReceiver
04-22 11:40:32.563 19124 19148 W BroadcastQueue: Background execution not allowed: receiving Intent { act=android.intent.action.DROPBOX_ENTRY_ADDED flg=0x10 (has extras) } to com.google.android.gms/.chimera.GmsIntentOperationService$PersistentTrustedReceiver
04-22 11:40:47.686 19124 22314 W ProcessStats: Tracking association SourceState{3f6ac31 system/1000 BTopFgs #95446} whose proc state 2 is better than process ProcessState{d5b55e7 com.google.android.gms.persistent/10051 pkg=com.google.android.gms} proc state 3 (59 skipped)
04-22 11:41:26.190 19124 19194 D ActivityManager: froze 30834 com.google.android.gms.unstable
04-22 11:44:27.317 19124 19148 W ProcessStats: Tracking association SourceState{3f6ac31 system/1000 BTopFgs #95452} whose proc state 2 is better than process ProcessState{d5b55e7 com.google.android.gms.persistent/10051 pkg=com.google.android.gms} proc state 3 (19 skipped)
04-22 11:44:37.481 19124 19187 W ProcessStats: Tracking association SourceState{3f6ac31 system/1000 BTopFgs #95460} whose proc state 2 is better than process ProcessState{d5b55e7 com.google.android.gms.persistent/10051 pkg=com.google.android.gms} proc state 3 (29 skipped)
04-22 11:48:32.301 19124 19141 I EntropyMixer: Writing entropy...
04-22 11:48:37.167 19124 19155 W BatteryExternalStatsWorker: error reading modem stats:ERROR_PHONE_NOT_AVAILABLE
04-22 11:49:02.697 19124 19636 W ProcessStats: Tracking association SourceState{3f6ac31 system/1000 BTopFgs #95464} whose proc state 2 is better than process ProcessState{d5b55e7 com.google.android.gms.persistent/10051 pkg=com.google.android.gms} proc state 3 (14 skipped)
04-22 11:49:49.046 19124 19147 I UsageStatsService: User[0] Flushing usage stats to disk
04-22 11:50:30.572 19124 19148 I DropBoxManagerService: add tag=system_server_wtf isTagEnabled=true flags=0x2
04-22 11:50:30.579 19124 19148 W ProcessStats: Tracking association SourceState{3f6ac31 system/1000 BTopFgs #95466} whose proc state 2 is better than process ProcessState{d5b55e7 com.google.android.gms.persistent/10051 pkg=com.google.android.gms} proc state 3 (9 skipped)
04-22 11:50:32.579 19124 19148 W BroadcastQueue: Background execution not allowed: receiving Intent { act=android.intent.action.DROPBOX_ENTRY_ADDED flg=0x10 (has extras) } to com.google.android.gms/.stats.service.DropBoxEntryAddedReceiver
04-22 11:50:32.580 19124 19148 W BroadcastQueue: Background execution not allowed: receiving Intent { act=android.intent.action.DROPBOX_ENTRY_ADDED flg=0x10 (has extras) } to com.google.android.gms/.chimera.GmsIntentOperationService$PersistentTrustedReceiver
04-22 11:50:47.712 19124 22314 W ProcessStats: Tracking association SourceState{3f6ac31 system/1000 BTopFgs #95490} whose proc state 2 is better than process ProcessState{d5b55e7 com.google.android.gms.persistent/10051 pkg=com.google.android.gms} proc state 3 (59 skipped)
04-22 11:54:27.430 19124 19194 D ActivityManager: froze 19870 com.google.process.gservices
04-22 12:00:23.496 19124 19210 W ProcessStats: Tracking association SourceState{b58655d com.google.android.katniss:interactor/10044 BTopFgs #95497} whose proc state 2 is better than process ProcessState{d5b55e7 com.google.android.gms.persistent/10051 pkg=com.google.android.gms} proc state 3 (19 skipped)
04-22 12:00:30.595 19124 19148 I DropBoxManagerService: add tag=system_server_wtf isTagEnabled=true flags=0x2
04-22 12:00:32.605 19124 19148 W BroadcastQueue: Background execution not allowed: receiving Intent { act=android.intent.action.DROPBOX_ENTRY_ADDED flg=0x10 (has extras) } to com.google.android.gms/.stats.service.DropBoxEntryAddedReceiver
04-22 12:00:32.606 19124 19148 W BroadcastQueue: Background execution not allowed: receiving Intent { act=android.intent.action.DROPBOX_ENTRY_ADDED flg=0x10 (has extras) } to com.google.android.gms/.chimera.GmsIntentOperationService$PersistentTrustedReceiver
04-22 12:00:38.530 19124 22314 W ProcessStats: Tracking association SourceState{3f6ac31 system/1000 BTopFgs #95532} whose proc state 2 is better than process ProcessState{d5b55e7 com.google.android.gms.persistent/10051 pkg=com.google.android.gms} proc state 3 (95 skipped)
04-22 12:09:49.195 19124 19147 I UsageStatsService: User[0] Flushing usage stats to disk
04-22 12:10:30.627 19124 19148 I DropBoxManagerService: add tag=system_server_wtf isTagEnabled=true flags=0x2
04-22 12:10:30.637 19124 19148 W ProcessStats: Tracking association SourceState{3f6ac31 system/1000 BTopFgs #95546} whose proc state 2 is better than process ProcessState{d5b55e7 com.google.android.gms.persistent/10051 pkg=com.google.android.gms} proc state 3 (44 skipped)
04-22 12:10:32.636 19124 19148 W BroadcastQueue: Background execution not allowed: receiving Intent { act=android.intent.action.DROPBOX_ENTRY_ADDED flg=0x10 (has extras) } to com.google.android.gms/.stats.service.DropBoxEntryAddedReceiver
04-22 12:10:32.636 19124 19148 W BroadcastQueue: Background execution not allowed: receiving Intent { act=android.intent.action.DROPBOX_ENTRY_ADDED flg=0x10 (has extras) } to com.google.android.gms/.chimera.GmsIntentOperationService$PersistentTrustedReceiver
04-22 12:10:47.762 19124 23810 W ProcessStats: Tracking association SourceState{3f6ac31 system/1000 BTopFgs #95570} whose proc state 2 is better than process ProcessState{d5b55e7 com.google.android.gms.persistent/10051 pkg=com.google.android.gms} proc state 3 (59 skipped)
04-22 12:13:17.500 19124 19148 W ProcessStats: Tracking association SourceState{3f6ac31 system/1000 BTopFgs #95576} whose proc state 2 is better than process ProcessState{d5b55e7 com.google.android.gms.persistent/10051 pkg=com.google.android.gms} proc state 3 (19 skipped)
04-22 12:13:27.626 19124 19187 W ProcessStats: Tracking association SourceState{3f6ac31 system/1000 BTopFgs #95584} whose proc state 2 is better than process ProcessState{d5b55e7 com.google.android.gms.persistent/10051 pkg=com.google.android.gms} proc state 3 (29 skipped)
04-22 12:18:37.195 19124 19155 W BatteryExternalStatsWorker: error reading modem stats:ERROR_PHONE_NOT_AVAILABLE
04-22 12:20:30.653 19124 19148 I DropBoxManagerService: add tag=system_server_wtf isTagEnabled=true flags=0x2
04-22 12:20:30.658 19124 19148 W ProcessStats: Tracking association SourceState{3f6ac31 system/1000 BTopFgs #95588} whose proc state 2 is better than process ProcessState{d5b55e7 com.google.android.gms.persistent/10051 pkg=com.google.android.gms} proc state 3 (14 skipped)
04-22 12:20:31.074 19124 19147 I ProcessStatsService: Pruning old procstats: /data/system/procstats/state-2023-04-21-09-15-34.bin
04-22 12:20:32.662 19124 19148 W BroadcastQueue: Background execution not allowed: receiving Intent { act=android.intent.action.DROPBOX_ENTRY_ADDED flg=0x10 (has extras) } to com.google.android.gms/.stats.service.DropBoxEntryAddedReceiver
04-22 12:20:32.662 19124 19148 W BroadcastQueue: Background execution not allowed: receiving Intent { act=android.intent.action.DROPBOX_ENTRY_ADDED flg=0x10 (has extras) } to com.google.android.gms/.chimera.GmsIntentOperationService$PersistentTrustedReceiver
04-22 12:20:47.794 19124 19636 W ProcessStats: Tracking association SourceState{3f6ac31 system/1000 BTopFgs #95612} whose proc state 2 is better than process ProcessState{d5b55e7 com.google.android.gms.persistent/10051 pkg=com.google.android.gms} proc state 3 (59 skipped)
04-22 12:29:49.364 19124 19147 I UsageStatsService: User[0] Flushing usage stats to disk
04-22 12:30:23.955 19124 22429 W ProcessStats: Tracking association SourceState{db2111f com.google.android.katniss:interactor/10044 BTopFgs #95619} whose proc state 2 is better than process ProcessState{d5b55e7 com.google.android.gms.persistent/10051 pkg=com.google.android.gms} proc state 3 (19 skipped)
04-22 12:30:30.674 19124 19148 I DropBoxManagerService: add tag=system_server_wtf isTagEnabled=true flags=0x2
04-22 12:30:32.684 19124 19148 W BroadcastQueue: Background execution not allowed: receiving Intent { act=android.intent.action.DROPBOX_ENTRY_ADDED flg=0x10 (has extras) } to com.google.android.gms/.stats.service.DropBoxEntryAddedReceiver
04-22 12:30:32.685 19124 19148 W BroadcastQueue: Background execution not allowed: receiving Intent { act=android.intent.action.DROPBOX_ENTRY_ADDED flg=0x10 (has extras) } to com.google.android.gms/.chimera.GmsIntentOperationService$PersistentTrustedReceiver
04-22 12:30:38.987 19124 23810 W ProcessStats: Tracking association SourceState{3f6ac31 system/1000 BTopFgs #95654} whose proc state 2 is better than process ProcessState{d5b55e7 com.google.android.gms.persistent/10051 pkg=com.google.android.gms} proc state 3 (95 skipped)
04-22 12:35:33.485 19124 22429 W ProcessStats: Tracking association SourceState{3f6ac31 system/1000 BTopFgs #95669} whose proc state 2 is better than process ProcessState{d5b55e7 com.google.android.gms.persistent/10051 pkg=com.google.android.gms} proc state 3 (44 skipped)
04-22 12:35:48.557 19124 23810 W ProcessStats: Tracking association SourceState{3f6ac31 system/1000 BTopFgs #95678} whose proc state 2 is better than process ProcessState{d5b55e7 com.google.android.gms.persistent/10051 pkg=com.google.android.gms} proc state 3 (24 skipped)
04-22 12:40:30.698 19124 19148 I DropBoxManagerService: add tag=system_server_wtf isTagEnabled=true flags=0x2
04-22 12:40:30.713 19124 19148 W ProcessStats: Tracking association SourceState{3f6ac31 system/1000 BTopFgs #95682} whose proc state 2 is better than process ProcessState{d5b55e7 com.google.android.gms.persistent/10051 pkg=com.google.android.gms} proc state 3 (14 skipped)
04-22 12:40:32.705 19124 19148 W BroadcastQueue: Background execution not allowed: receiving Intent { act=android.intent.action.DROPBOX_ENTRY_ADDED flg=0x10 (has extras) } to com.google.android.gms/.stats.service.DropBoxEntryAddedReceiver
04-22 12:40:32.706 19124 19148 W BroadcastQueue: Background execution not allowed: receiving Intent { act=android.intent.action.DROPBOX_ENTRY_ADDED flg=0x10 (has extras) } to com.google.android.gms/.chimera.GmsIntentOperationService$PersistentTrustedReceiver
04-22 12:40:47.828 19124 19210 W ProcessStats: Tracking association SourceState{3f6ac31 system/1000 BTopFgs #95706} whose proc state 2 is better than process ProcessState{d5b55e7 com.google.android.gms.persistent/10051 pkg=com.google.android.gms} proc state 3 (59 skipped)
04-22 12:42:07.640 19124 19148 W ProcessStats: Tracking association SourceState{3f6ac31 system/1000 BTopFgs #95712} whose proc state 2 is better than process ProcessState{d5b55e7 com.google.android.gms.persistent/10051 pkg=com.google.android.gms} proc state 3 (19 skipped)
04-22 12:42:17.734 19124 19187 W ProcessStats: Tracking association SourceState{3f6ac31 system/1000 BTopFgs #95720} whose proc state 2 is better than process ProcessState{d5b55e7 com.google.android.gms.persistent/10051 pkg=com.google.android.gms} proc state 3 (29 skipped)
04-22 12:48:37.225 19124 19155 W BatteryExternalStatsWorker: error reading modem stats:ERROR_PHONE_NOT_AVAILABLE
04-22 12:49:02.814 19124 22429 W ProcessStats: Tracking association SourceState{3f6ac31 system/1000 BTopFgs #95724} whose proc state 2 is better than process ProcessState{d5b55e7 com.google.android.gms.persistent/10051 pkg=com.google.android.gms} proc state 3 (14 skipped)
04-22 12:49:49.504 19124 19147 I UsageStatsService: User[0] Flushing usage stats to disk
04-22 12:50:30.725 19124 19148 I DropBoxManagerService: add tag=system_server_wtf isTagEnabled=true flags=0x2
04-22 12:50:30.729 19124 19148 W ProcessStats: Tracking association SourceState{3f6ac31 system/1000 BTopFgs #95726} whose proc state 2 is better than process ProcessState{d5b55e7 com.google.android.gms.persistent/10051 pkg=com.google.android.gms} proc state 3 (9 skipped)
04-22 12:50:32.733 19124 19148 W BroadcastQueue: Background execution not allowed: receiving Intent { act=android.intent.action.DROPBOX_ENTRY_ADDED flg=0x10 (has extras) } to com.google.android.gms/.stats.service.DropBoxEntryAddedReceiver
04-22 12:50:32.733 19124 19148 W BroadcastQueue: Background execution not allowed: receiving Intent { act=android.intent.action.DROPBOX_ENTRY_ADDED flg=0x10 (has extras) } to com.google.android.gms/.chimera.GmsIntentOperationService$PersistentTrustedReceiver
04-22 12:50:47.856 19124 22429 W ProcessStats: Tracking association SourceState{3f6ac31 system/1000 BTopFgs #95750} whose proc state 2 is better than process ProcessState{d5b55e7 com.google.android.gms.persistent/10051 pkg=com.google.android.gms} proc state 3 (59 skipped)
04-22 13:00:24.443 19124 23810 W ProcessStats: Tracking association SourceState{db2111f com.google.android.katniss:interactor/10044 BTopFgs #95757} whose proc state 2 is better than process ProcessState{d5b55e7 com.google.android.gms.persistent/10051 pkg=com.google.android.gms} proc state 3 (19 skipped)
04-22 13:00:30.744 19124 19148 I DropBoxManagerService: add tag=system_server_wtf isTagEnabled=true flags=0x2
04-22 13:00:32.753 19124 19148 W BroadcastQueue: Background execution not allowed: receiving Intent { act=android.intent.action.DROPBOX_ENTRY_ADDED flg=0x10 (has extras) } to com.google.android.gms/.stats.service.DropBoxEntryAddedReceiver
04-22 13:00:32.753 19124 19148 W BroadcastQueue: Background execution not allowed: receiving Intent { act=android.intent.action.DROPBOX_ENTRY_ADDED flg=0x10 (has extras) } to com.google.android.gms/.chimera.GmsIntentOperationService$PersistentTrustedReceiver
04-22 13:00:39.483 19124 19890 W ProcessStats: Tracking association SourceState{3f6ac31 system/1000 BTopFgs #95792} whose proc state 2 is better than process ProcessState{d5b55e7 com.google.android.gms.persistent/10051 pkg=com.google.android.gms} proc state 3 (95 skipped)
04-22 13:09:49.660 19124 19147 I UsageStatsService: User[0] Flushing usage stats to disk
04-22 13:10:30.768 19124 19148 I DropBoxManagerService: add tag=system_server_wtf isTagEnabled=true flags=0x2
04-22 13:10:30.772 19124 19148 W ProcessStats: Tracking association SourceState{3f6ac31 system/1000 BTopFgs #95806} whose proc state 2 is better than process ProcessState{d5b55e7 com.google.android.gms.persistent/10051 pkg=com.google.android.gms} proc state 3 (44 skipped)
04-22 13:10:32.773 19124 19148 W BroadcastQueue: Background execution not allowed: receiving Intent { act=android.intent.action.DROPBOX_ENTRY_ADDED flg=0x10 (has extras) } to com.google.android.gms/.stats.service.DropBoxEntryAddedReceiver
04-22 13:10:32.774 19124 19148 W BroadcastQueue: Background execution not allowed: receiving Intent { act=android.intent.action.DROPBOX_ENTRY_ADDED flg=0x10 (has extras) } to com.google.android.gms/.chimera.GmsIntentOperationService$PersistentTrustedReceiver
04-22 13:10:47.893 19124 19210 W ProcessStats: Tracking association SourceState{3f6ac31 system/1000 BTopFgs #95830} whose proc state 2 is better than process ProcessState{d5b55e7 com.google.android.gms.persistent/10051 pkg=com.google.android.gms} proc state 3 (59 skipped)
04-22 13:11:07.870 19124 19187 W ProcessStats: Tracking association SourceState{3f6ac31 system/1000 BTopFgs #95843} whose proc state 2 is better than process ProcessState{d5b55e7 com.google.android.gms.persistent/10051 pkg=com.google.android.gms} proc state 3 (44 skipped)
04-22 13:18:37.253 19124 19155 W BatteryExternalStatsWorker: error reading modem stats:ERROR_PHONE_NOT_AVAILABLE
04-22 13:19:52.866 19124 19148 W ProcessStats: Tracking association SourceState{3f6ac31 system/1000 BTopFgs #95847} whose proc state 2 is better than process ProcessState{d5b55e7 com.google.android.gms.persistent/10051 pkg=com.google.android.gms} proc state 3 (14 skipped)
04-22 13:20:07.992 19124 19210 W ProcessStats: Tracking association SourceState{3f6ac31 system/1000 BTopFgs #95850} whose proc state 2 is better than process ProcessState{d5b55e7 com.google.android.gms.persistent/10051 pkg=com.google.android.gms} proc state 3 (14 skipped)
04-22 13:20:30.782 19124 19148 I DropBoxManagerService: add tag=system_server_wtf isTagEnabled=true flags=0x2
04-22 13:20:30.786 19124 19148 W ProcessStats: Tracking association SourceState{3f6ac31 system/1000 BTopFgs #95851} whose proc state 2 is better than process ProcessState{d5b55e7 com.google.android.gms.persistent/10051 pkg=com.google.android.gms} proc state 3 (4 skipped)
04-22 13:20:32.788 19124 19148 W BroadcastQueue: Background execution not allowed: receiving Intent { act=android.intent.action.DROPBOX_ENTRY_ADDED flg=0x10 (has extras) } to com.google.android.gms/.stats.service.DropBoxEntryAddedReceiver
04-22 13:20:32.789 19124 19148 W BroadcastQueue: Background execution not allowed: receiving Intent { act=android.intent.action.DROPBOX_ENTRY_ADDED flg=0x10 (has extras) } to com.google.android.gms/.chimera.GmsIntentOperationService$PersistentTrustedReceiver
04-22 13:20:47.917 19124 19890 W ProcessStats: Tracking association SourceState{3f6ac31 system/1000 BTopFgs #95875} whose proc state 2 is better than process ProcessState{d5b55e7 com.google.android.gms.persistent/10051 pkg=com.google.android.gms} proc state 3 (59 skipped)
04-22 13:29:49.819 19124 19147 I UsageStatsService: User[0] Flushing usage stats to disk
04-22 13:30:24.940 19124 19636 W ProcessStats: Tracking association SourceState{db2111f com.google.android.katniss:interactor/10044 BTopFgs #95882} whose proc state 2 is better than process ProcessState{d5b55e7 com.google.android.gms.persistent/10051 pkg=com.google.android.gms} proc state 3 (19 skipped)
04-22 13:30:30.802 19124 19148 I DropBoxManagerService: add tag=system_server_wtf isTagEnabled=true flags=0x2
04-22 13:30:32.808 19124 19148 W BroadcastQueue: Background execution not allowed: receiving Intent { act=android.intent.action.DROPBOX_ENTRY_ADDED flg=0x10 (has extras) } to com.google.android.gms/.stats.service.DropBoxEntryAddedReceiver
04-22 13:30:32.808 19124 19148 W BroadcastQueue: Background execution not allowed: receiving Intent { act=android.intent.action.DROPBOX_ENTRY_ADDED flg=0x10 (has extras) } to com.google.android.gms/.chimera.GmsIntentOperationService$PersistentTrustedReceiver
04-22 13:30:39.875 19124 19636 W ProcessStats: Tracking association SourceState{3f6ac31 system/1000 BTopFgs #95917} whose proc state 2 is better than process ProcessState{d5b55e7 com.google.android.gms.persistent/10051 pkg=com.google.android.gms} proc state 3 (97 skipped)
04-22 13:39:47.878 19124 19148 W ProcessStats: Tracking association SourceState{3f6ac31 system/1000 BTopFgs #95931} whose proc state 2 is better than process ProcessState{d5b55e7 com.google.android.gms.persistent/10051 pkg=com.google.android.gms} proc state 3 (44 skipped)
04-22 13:39:57.938 19124 19187 W ProcessStats: Tracking association SourceState{3f6ac31 system/1000 BTopFgs #95938} whose proc state 2 is better than process ProcessState{d5b55e7 com.google.android.gms.persistent/10051 pkg=com.google.android.gms} proc state 3 (24 skipped)
04-22 13:40:30.832 19124 19148 I DropBoxManagerService: add tag=system_server_wtf isTagEnabled=true flags=0x2
04-22 13:40:30.841 19124 19148 W ProcessStats: Tracking association SourceState{3f6ac31 system/1000 BTopFgs #95942} whose proc state 2 is better than process ProcessState{d5b55e7 com.google.android.gms.persistent/10051 pkg=com.google.android.gms} proc state 3 (14 skipped)
04-22 13:40:32.841 19124 19148 W BroadcastQueue: Background execution not allowed: receiving Intent { act=android.intent.action.DROPBOX_ENTRY_ADDED flg=0x10 (has extras) } to com.google.android.gms/.stats.service.DropBoxEntryAddedReceiver
04-22 13:40:32.842 19124 19148 W BroadcastQueue: Background execution not allowed: receiving Intent { act=android.intent.action.DROPBOX_ENTRY_ADDED flg=0x10 (has extras) } to com.google.android.gms/.chimera.GmsIntentOperationService$PersistentTrustedReceiver
04-22 13:40:47.946 19124 23810 W ProcessStats: Tracking association SourceState{3f6ac31 system/1000 BTopFgs #95973} whose proc state 2 is better than process ProcessState{d5b55e7 com.google.android.gms.persistent/10051 pkg=com.google.android.gms} proc state 3 (74 skipped)
04-22 13:48:37.281 19124 19155 W BatteryExternalStatsWorker: error reading modem stats:ERROR_PHONE_NOT_AVAILABLE
04-22 13:49:02.927 19124 19636 W ProcessStats: Tracking association SourceState{3f6ac31 system/1000 BTopFgs #95981} whose proc state 2 is better than process ProcessState{d5b55e7 com.google.android.gms.persistent/10051 pkg=com.google.android.gms} proc state 3 (24 skipped)
04-22 13:49:49.963 19124 19147 I UsageStatsService: User[0] Flushing usage stats to disk
04-22 13:49:52.907 19124 19148 W ProcessStats: Tracking association SourceState{3f6ac31 system/1000 BTopFgs #95983} whose proc state 2 is better than process ProcessState{d5b55e7 com.google.android.gms.persistent/10051 pkg=com.google.android.gms} proc state 3 (9 skipped)
04-22 13:50:29.588 19124 19148 W ProcessStats: Tracking association SourceState{3f6ac31 system/1000 BTopFgs #95985} whose proc state 2 is better than process ProcessState{d5b55e7 com.google.android.gms.persistent/10051 pkg=com.google.android.gms} proc state 3 (9 skipped)
04-22 13:50:29.720 19124 19477 I ActivityManager: Process com.alticelabs.meo.androidtv (pid 29370) has died: fg  RCVR
04-22 13:50:29.721 19124 19636 I WindowManager: WIN DEATH: Window{655a38 u0 com.alticelabs.meo.androidtv/com.alticelabs.meo.androidtv.features.news.ui.NewsActivity}
04-22 13:50:29.733 19124 19142 W ActivityManager: setHasOverlayUi called on unknown pid: 29370
04-22 13:50:29.734 19124 19147 W UsageStatsService: Unexpected activity event reported! (com.alticelabs.meo.androidtv/com.alticelabs.meo.androidtv.features.news.ui.NewsActivity event : 23 instanceId : 156213145)
04-22 13:50:30.850 19124 19148 I DropBoxManagerService: add tag=system_server_wtf isTagEnabled=true flags=0x2
04-22 13:50:32.861 19124 19148 W BroadcastQueue: Background execution not allowed: receiving Intent { act=android.intent.action.DROPBOX_ENTRY_ADDED flg=0x10 (has extras) } to com.google.android.gms/.stats.service.DropBoxEntryAddedReceiver
04-22 13:50:32.862 19124 19148 W BroadcastQueue: Background execution not allowed: receiving Intent { act=android.intent.action.DROPBOX_ENTRY_ADDED flg=0x10 (has extras) } to com.google.android.gms/.chimera.GmsIntentOperationService$PersistentTrustedReceiver
04-22 13:50:39.928 19124 19477 W ProcessStats: Tracking association SourceState{3f6ac31 system/1000 BTopFgs #96010} whose proc state 2 is better than process ProcessState{d5b55e7 com.google.android.gms.persistent/10051 pkg=com.google.android.gms} proc state 3 (64 skipped)
04-22 14:00:25.426 19124 20051 W ProcessStats: Tracking association SourceState{db2111f com.google.android.katniss:interactor/10044 BTopFgs #96021} whose proc state 2 is better than process ProcessState{d5b55e7 com.google.android.gms.persistent/10051 pkg=com.google.android.gms} proc state 3 (34 skipped)
04-22 14:00:30.879 19124 19148 I DropBoxManagerService: add tag=system_server_wtf isTagEnabled=true flags=0x2
04-22 14:00:32.888 19124 19148 W BroadcastQueue: Background execution not allowed: receiving Intent { act=android.intent.action.DROPBOX_ENTRY_ADDED flg=0x10 (has extras) } to com.google.android.gms/.stats.service.DropBoxEntryAddedReceiver
04-22 14:00:32.889 19124 19148 W BroadcastQueue: Background execution not allowed: receiving Intent { act=android.intent.action.DROPBOX_ENTRY_ADDED flg=0x10 (has extras) } to com.google.android.gms/.chimera.GmsIntentOperationService$PersistentTrustedReceiver
04-22 14:00:39.951 19124 20051 W ProcessStats: Tracking association SourceState{3f6ac31 system/1000 BTopFgs #96056} whose proc state 2 is better than process ProcessState{d5b55e7 com.google.android.gms.persistent/10051 pkg=com.google.android.gms} proc state 3 (97 skipped)
04-22 14:08:37.956 19124 19148 W ProcessStats: Tracking association SourceState{3f6ac31 system/1000 BTopFgs #96070} whose proc state 2 is better than process ProcessState{d5b55e7 com.google.android.gms.persistent/10051 pkg=com.google.android.gms} proc state 3 (44 skipped)
04-22 14:08:48.014 19124 19187 W ProcessStats: Tracking association SourceState{3f6ac31 system/1000 BTopFgs #96077} whose proc state 2 is better than process ProcessState{d5b55e7 com.google.android.gms.persistent/10051 pkg=com.google.android.gms} proc state 3 (24 skipped)
04-22 14:09:50.128 19124 19147 I UsageStatsService: User[0] Flushing usage stats to disk
04-22 14:10:30.907 19124 19148 I DropBoxManagerService: add tag=system_server_wtf isTagEnabled=true flags=0x2
04-22 14:10:30.917 19124 19148 W ProcessStats: Tracking association SourceState{3f6ac31 system/1000 BTopFgs #96081} whose proc state 2 is better than process ProcessState{d5b55e7 com.google.android.gms.persistent/10051 pkg=com.google.android.gms} proc state 3 (14 skipped)
04-22 14:10:32.917 19124 19148 W BroadcastQueue: Background execution not allowed: receiving Intent { act=android.intent.action.DROPBOX_ENTRY_ADDED flg=0x10 (has extras) } to com.google.android.gms/.stats.service.DropBoxEntryAddedReceiver
04-22 14:10:32.918 19124 19148 W BroadcastQueue: Background execution not allowed: receiving Intent { act=android.intent.action.DROPBOX_ENTRY_ADDED flg=0x10 (has extras) } to com.google.android.gms/.chimera.GmsIntentOperationService$PersistentTrustedReceiver
04-22 14:10:48.021 19124 19636 W ProcessStats: Tracking association SourceState{3f6ac31 system/1000 BTopFgs #96105} whose proc state 2 is better than process ProcessState{d5b55e7 com.google.android.gms.persistent/10051 pkg=com.google.android.gms} proc state 3 (59 skipped)
04-22 14:18:37.309 19124 19155 W BatteryExternalStatsWorker: error reading modem stats:ERROR_PHONE_NOT_AVAILABLE
04-22 14:20:30.927 19124 19148 I DropBoxManagerService: add tag=system_server_wtf isTagEnabled=true flags=0x2
04-22 14:20:30.931 19124 19148 W ProcessStats: Tracking association SourceState{3f6ac31 system/1000 BTopFgs #96111} whose proc state 2 is better than process ProcessState{d5b55e7 com.google.android.gms.persistent/10051 pkg=com.google.android.gms} proc state 3 (19 skipped)
04-22 14:20:32.933 19124 19148 W BroadcastQueue: Background execution not allowed: receiving Intent { act=android.intent.action.DROPBOX_ENTRY_ADDED flg=0x10 (has extras) } to com.google.android.gms/.stats.service.DropBoxEntryAddedReceiver
04-22 14:20:32.934 19124 19148 W BroadcastQueue: Background execution not allowed: receiving Intent { act=android.intent.action.DROPBOX_ENTRY_ADDED flg=0x10 (has extras) } to com.google.android.gms/.chimera.GmsIntentOperationService$PersistentTrustedReceiver
04-22 14:20:48.067 19124 20051 W ProcessStats: Tracking association SourceState{3f6ac31 system/1000 BTopFgs #96135} whose proc state 2 is better than process ProcessState{d5b55e7 com.google.android.gms.persistent/10051 pkg=com.google.android.gms} proc state 3 (59 skipped)
04-22 14:29:50.300 19124 19147 I UsageStatsService: User[0] Flushing usage stats to disk
04-22 14:30:25.911 19124 26713 W ProcessStats: Tracking association SourceState{db2111f com.google.android.katniss:interactor/10044 BTopFgs #96142} whose proc state 2 is better than process ProcessState{d5b55e7 com.google.android.gms.persistent/10051 pkg=com.google.android.gms} proc state 3 (19 skipped)
04-22 14:30:30.944 19124 19148 I DropBoxManagerService: add tag=system_server_wtf isTagEnabled=true flags=0x2
04-22 14:30:32.950 19124 19148 W BroadcastQueue: Background execution not allowed: receiving Intent { act=android.intent.action.DROPBOX_ENTRY_ADDED flg=0x10 (has extras) } to com.google.android.gms/.stats.service.DropBoxEntryAddedReceiver
04-22 14:30:32.950 19124 19148 W BroadcastQueue: Background execution not allowed: receiving Intent { act=android.intent.action.DROPBOX_ENTRY_ADDED flg=0x10 (has extras) } to com.google.android.gms/.chimera.GmsIntentOperationService$PersistentTrustedReceiver
04-22 14:30:40.024 19124 26713 W ProcessStats: Tracking association SourceState{3f6ac31 system/1000 BTopFgs #96177} whose proc state 2 is better than process ProcessState{d5b55e7 com.google.android.gms.persistent/10051 pkg=com.google.android.gms} proc state 3 (97 skipped)
04-22 14:37:28.040 19124 19148 W ProcessStats: Tracking association SourceState{3f6ac31 system/1000 BTopFgs #96191} whose proc state 2 is better than process ProcessState{d5b55e7 com.google.android.gms.persistent/10051 pkg=com.google.android.gms} proc state 3 (44 skipped)
04-22 14:37:38.095 19124 19187 W ProcessStats: Tracking association SourceState{3f6ac31 system/1000 BTopFgs #96198} whose proc state 2 is better than process ProcessState{d5b55e7 com.google.android.gms.persistent/10051 pkg=com.google.android.gms} proc state 3 (24 skipped)
04-22 14:40:30.963 19124 19148 I DropBoxManagerService: add tag=system_server_wtf isTagEnabled=true flags=0x2
04-22 14:40:30.970 19124 19148 W ProcessStats: Tracking association SourceState{3f6ac31 system/1000 BTopFgs #96202} whose proc state 2 is better than process ProcessState{d5b55e7 com.google.android.gms.persistent/10051 pkg=com.google.android.gms} proc state 3 (14 skipped)
04-22 14:40:32.970 19124 19148 W BroadcastQueue: Background execution not allowed: receiving Intent { act=android.intent.action.DROPBOX_ENTRY_ADDED flg=0x10 (has extras) } to com.google.android.gms/.stats.service.DropBoxEntryAddedReceiver
04-22 14:40:32.970 19124 19148 W BroadcastQueue: Background execution not allowed: receiving Intent { act=android.intent.action.DROPBOX_ENTRY_ADDED flg=0x10 (has extras) } to com.google.android.gms/.chimera.GmsIntentOperationService$PersistentTrustedReceiver
04-22 14:40:48.101 19124 19636 W ProcessStats: Tracking association SourceState{3f6ac31 system/1000 BTopFgs #96226} whose proc state 2 is better than process ProcessState{d5b55e7 com.google.android.gms.persistent/10051 pkg=com.google.android.gms} proc state 3 (59 skipped)
04-22 14:45:36.739 19124 26713 W ProcessStats: Tracking association SourceState{3f6ac31 system/1000 BTopFgs #96233} whose proc state 2 is better than process ProcessState{d5b55e7 com.google.android.gms.persistent/10051 pkg=com.google.android.gms} proc state 3 (19 skipped)
04-22 14:45:51.809 19124 26713 W ProcessStats: Tracking association SourceState{3f6ac31 system/1000 BTopFgs #96242} whose proc state 2 is better than process ProcessState{d5b55e7 com.google.android.gms.persistent/10051 pkg=com.google.android.gms} proc state 3 (24 skipped)
04-22 14:48:32.312 19124 19141 I EntropyMixer: Writing entropy...
04-22 14:48:37.339 19124 19155 W BatteryExternalStatsWorker: error reading modem stats:ERROR_PHONE_NOT_AVAILABLE
04-22 14:49:03.031 19124 19907 W ProcessStats: Tracking association SourceState{3f6ac31 system/1000 BTopFgs #96246} whose proc state 2 is better than process ProcessState{d5b55e7 com.google.android.gms.persistent/10051 pkg=com.google.android.gms} proc state 3 (14 skipped)
04-22 14:49:50.431 19124 19147 I UsageStatsService: User[0] Flushing usage stats to disk
04-22 14:49:55.470 19124 19148 W ProcessStats: Tracking association SourceState{3f6ac31 system/1000 BTopFgs #96248} whose proc state 2 is better than process ProcessState{d5b55e7 com.google.android.gms.persistent/10051 pkg=com.google.android.gms} proc state 3 (9 skipped)
04-22 14:50:30.987 19124 19148 I DropBoxManagerService: add tag=system_server_wtf isTagEnabled=true flags=0x2
04-22 14:50:30.993 19124 19148 W ProcessStats: Tracking association SourceState{3f6ac31 system/1000 BTopFgs #96250} whose proc state 2 is better than process ProcessState{d5b55e7 com.google.android.gms.persistent/10051 pkg=com.google.android.gms} proc state 3 (9 skipped)
04-22 14:50:32.993 19124 19148 W BroadcastQueue: Background execution not allowed: receiving Intent { act=android.intent.action.DROPBOX_ENTRY_ADDED flg=0x10 (has extras) } to com.google.android.gms/.stats.service.DropBoxEntryAddedReceiver
04-22 14:50:32.994 19124 19148 W BroadcastQueue: Background execution not allowed: receiving Intent { act=android.intent.action.DROPBOX_ENTRY_ADDED flg=0x10 (has extras) } to com.google.android.gms/.chimera.GmsIntentOperationService$PersistentTrustedReceiver
04-22 14:50:48.119 19124 20050 W ProcessStats: Tracking association SourceState{3f6ac31 system/1000 BTopFgs #96274} whose proc state 2 is better than process ProcessState{d5b55e7 com.google.android.gms.persistent/10051 pkg=com.google.android.gms} proc state 3 (59 skipped)
04-22 14:51:26.579 19124 19196 W ActivityManager: Background start not allowed: service Intent { cmp=com.google.android.play.games/com.google.android.gms.games.pano.recommendation.GamesRecommendationsService } to com.google.android.play.games/com.google.android.gms.games.pano.recommendation.GamesRecommendationsService from pid=-1 uid=10063 pkg=com.google.android.play.games startFg?=false
04-22 14:51:26.584 19124 19148 D ActivityManager: sync unfroze 29188 com.android.providers.calendar
04-22 14:51:26.585 19124 19148 W ProcessStats: Tracking association SourceState{3f6ac31 system/1000 BTopFgs #96280} whose proc state 2 is better than process ProcessState{d5b55e7 com.google.android.gms.persistent/10051 pkg=com.google.android.gms} proc state 3 (19 skipped)
04-22 14:51:26.586 19124 19148 D CompatibilityChangeReporter: Compat change id reported: 168419799; UID 10022; state: DISABLED
04-22 14:51:26.736 19124 19907 D CompatibilityChangeReporter: Compat change id reported: 135634846; UID 10012; state: DISABLED
04-22 14:51:26.736 19124 19907 D CompatibilityChangeReporter: Compat change id reported: 177438394; UID 10012; state: DISABLED
04-22 14:51:26.736 19124 19907 D CompatibilityChangeReporter: Compat change id reported: 135772972; UID 10012; state: DISABLED
04-22 14:51:26.736 19124 19907 D CompatibilityChangeReporter: Compat change id reported: 135754954; UID 10012; state: ENABLED
04-22 14:51:26.737 19124 19149 D CompatibilityChangeReporter: Compat change id reported: 143937733; UID 10012; state: ENABLED
04-22 14:51:26.748 19124 19124 D ActivityManager: pid 27874 com.google.android.katniss:search  received sync transactions while frozen, killing
04-22 14:51:26.748 19124 19124 I ActivityManager: Killing 27874:com.google.android.katniss:search/u0a44 (adj 0): Sync transaction while in frozen state
04-22 14:51:26.748 19124 19124 D ActivityManager: pid 27874 com.google.android.katniss:search  received async transactions while frozen
04-22 14:51:26.752 19124 19124 D CompatibilityChangeReporter: Compat change id reported: 168419799; UID 10044; state: DISABLED
04-22 14:51:26.763 19124 19149 I ActivityManager: Start proc 31753:android.process.media/u0a12 for content provider {com.android.providers.downloads/com.android.providers.downloads.DownloadProvider}
04-22 14:51:26.790 19124 19907 D CompatibilityChangeReporter: Compat change id reported: 135634846; UID 10024; state: DISABLED
04-22 14:51:26.791 19124 19149 D CompatibilityChangeReporter: Compat change id reported: 143937733; UID 10024; state: ENABLED
04-22 14:51:26.812 19124 19149 I ActivityManager: Start proc 31763:com.alticelabs.meo.androidtv/u0a24 for service {com.alticelabs.meo.androidtv/com.alticelabs.meo.androidtv.features.assistant.services.OperatorAuthService}
04-22 14:51:26.818 19124 19124 I ActivityManager: com.android.vending is exempt from freezer
04-22 14:51:26.818 19124 19124 D CompatibilityChangeReporter: Compat change id reported: 135634846; UID 10050; state: DISABLED
04-22 14:51:26.819 19124 19149 D CompatibilityChangeReporter: Compat change id reported: 143937733; UID 10050; state: ENABLED
04-22 14:51:26.847 19124 19149 I ActivityManager: Start proc 31774:com.android.vending:instant_app_installer/u0a50 for service {com.android.vending/com.google.android.finsky.instantapps.InstantAppHygieneService}
04-22 14:51:26.879 19124 19907 D CompatibilityChangeReporter: Compat change id reported: 174042980; UID 10024; state: DISABLED
04-22 14:51:26.881 19124 19907 D CompatibilityChangeReporter: Compat change id reported: 184838306; UID 10024; state: DISABLED
04-22 14:51:26.882 19124 19907 D CompatibilityChangeReporter: Compat change id reported: 185004937; UID 10024; state: DISABLED
04-22 14:51:26.883 19124 19907 D CompatibilityChangeReporter: Compat change id reported: 181136395; UID 10024; state: DISABLED
04-22 14:51:26.885 19124 19907 D CompatibilityChangeReporter: Compat change id reported: 174042936; UID 10024; state: DISABLED
04-22 14:51:26.915 19124 20050 D CompatibilityChangeReporter: Compat change id reported: 168419799; UID 10012; state: DISABLED
04-22 14:51:26.931 19124 26713 W SoundTriggerService: Client died, cleaning up session.
04-22 14:51:26.934 19124 22429 W ActivityManager: Scheduling restart of crashed service com.google.android.katniss/com.google.android.apps.gsa.tasks.BackgroundTasksJobService in 1000ms for connection
04-22 14:51:27.242 19124 20050 D ActivityManager: sync unfroze 19870 com.google.process.gservices
04-22 14:51:27.406 19124 19142 W ActivityTaskManager: Activity top resumed state loss timeout for ActivityRecord{2ddc25e u0 com.alticelabs.meo.androidtv/.features.news.ui.NewsActivity t400}
04-22 14:51:27.406 19124 19142 W ActivityTaskManager: Activity pause timeout for ActivityRecord{2ddc25e u0 com.alticelabs.meo.androidtv/.features.news.ui.NewsActivity t400}
04-22 14:51:27.936 19124 19148 D CompatibilityChangeReporter: Compat change id reported: 135634846; UID 10044; state: DISABLED
04-22 14:51:27.937 19124 19149 D CompatibilityChangeReporter: Compat change id reported: 143937733; UID 10044; state: ENABLED
04-22 14:51:27.963 19124 19149 I ActivityManager: Start proc 31869:com.google.android.katniss:search/u0a44 for service {com.google.android.katniss/com.google.android.apps.gsa.tasks.BackgroundTasksJobService}
04-22 14:51:28.814 19124 19138 D CompatibilityChangeReporter: Compat change id reported: 171306433; UID 10024; state: ENABLED
04-22 14:51:29.614 19124 20776 I ActivityManager: Background started FGS: Allowed [callingPackage: com.google.android.gms; callingUid: 10051; uidState: FGS ; intent: Intent { act=com.google.android.gms.games.GET_SYNC_NOTIFICATION_SERVICE pkg=com.google.android.gms cmp=com.google.android.gms/.games.chimera.GamesSyncServiceNotificationProxy }; code:BACKGROUND_ACTIVITY_PERMISSION; tempAllowListReason:<,reasonCode:SYSTEM_ALLOW_LISTED,duration:9223372036854775807,callingUid:-1>; targetSdkVersion:33; callerTargetSdkVersion:33; startForegroundCount:0; bindFromPackage:null]
04-22 14:51:29.740 19124 19124 D CompatibilityChangeReporter: Compat change id reported: 135634846; UID 10041; state: DISABLED
04-22 14:51:29.741 19124 19124 D CompatibilityChangeReporter: Compat change id reported: 177438394; UID 10041; state: DISABLED
04-22 14:51:29.741 19124 19124 D CompatibilityChangeReporter: Compat change id reported: 135772972; UID 10041; state: DISABLED
04-22 14:51:29.741 19124 19124 D CompatibilityChangeReporter: Compat change id reported: 135754954; UID 10041; state: ENABLED
04-22 14:51:29.742 19124 19149 D CompatibilityChangeReporter: Compat change id reported: 143937733; UID 10041; state: ENABLED
04-22 14:51:29.746 19124 19124 D CompatibilityChangeReporter: Compat change id reported: 135634846; UID 10059; state: DISABLED
04-22 14:51:29.747 19124 19124 D CompatibilityChangeReporter: Compat change id reported: 177438394; UID 10059; state: DISABLED
04-22 14:51:29.747 19124 19124 D CompatibilityChangeReporter: Compat change id reported: 135772972; UID 10059; state: DISABLED
04-22 14:51:29.747 19124 19124 D CompatibilityChangeReporter: Compat change id reported: 135754954; UID 10059; state: ENABLED
04-22 14:51:29.751 19124 19124 D CompatibilityChangeReporter: Compat change id reported: 135634846; UID 10055; state: DISABLED
04-22 14:51:29.756 19124 19124 D CompatibilityChangeReporter: Compat change id reported: 135634846; UID 10065; state: DISABLED
04-22 14:51:29.756 19124 19124 D CompatibilityChangeReporter: Compat change id reported: 177438394; UID 10065; state: DISABLED
04-22 14:51:29.757 19124 19124 D CompatibilityChangeReporter: Compat change id reported: 135772972; UID 10065; state: DISABLED
04-22 14:51:29.757 19124 19124 D CompatibilityChangeReporter: Compat change id reported: 135754954; UID 10065; state: ENABLED
04-22 14:51:29.761 19124 19124 D CompatibilityChangeReporter: Compat change id reported: 135634846; UID 10078; state: DISABLED
04-22 14:51:29.769 19124 19149 I ActivityManager: Start proc 31998:com.google.android.tvlauncher/u0a41 for service {com.google.android.tvlauncher/com.google.android.libraries.notifications.entrypoints.scheduled.ScheduledTaskService}
04-22 14:51:29.770 19124 19149 D CompatibilityChangeReporter: Compat change id reported: 143937733; UID 10059; state: ENABLED
04-22 14:51:29.775 19124 19124 D CompatibilityChangeReporter: Compat change id reported: 135634846; UID 10054; state: DISABLED
04-22 14:51:29.788 19124 19124 D CompatibilityChangeReporter: Compat change id reported: 135634846; UID 10057; state: DISABLED
04-22 14:51:29.805 19124 19149 W ActivityManager: Slow operation: 59ms so far, now at startProcess: returned from zygote!
04-22 14:51:29.805 19124 19149 W ActivityManager: Slow operation: 60ms so far, now at startProcess: done updating battery stats
04-22 14:51:29.805 19124 19149 W ActivityManager: Slow operation: 60ms so far, now at startProcess: building log message
04-22 14:51:29.806 19124 19149 I ActivityManager: Start proc 32007:com.google.android.syncadapters.calendar/u0a59 for service {com.google.android.syncadapters.calendar/com.google.android.libraries.notifications.entrypoints.scheduled.ScheduledTaskService}
04-22 14:51:29.806 19124 19149 W ActivityManager: Slow operation: 60ms so far, now at startProcess: starting to update pids map
04-22 14:51:29.809 19124 19149 W ActivityManager: Slow operation: 63ms so far, now at startProcess: done updating pids map
04-22 14:51:29.809 19124 19149 W ActivityManager: Slow operation: 58ms so far, now at startProcess: asking zygote to start proc
04-22 14:51:29.809 19124 19149 D CompatibilityChangeReporter: Compat change id reported: 143937733; UID 10055; state: ENABLED
04-22 14:51:29.842 19124 19149 W ActivityManager: Slow operation: 91ms so far, now at startProcess: returned from zygote!
04-22 14:51:29.853 19124 19184 D CompatibilityChangeReporter: Compat change id reported: 168419799; UID 10041; state: DISABLED
04-22 14:51:29.862 19124 19149 W ActivityManager: Slow operation: 112ms so far, now at startProcess: done updating battery stats
04-22 14:51:29.863 19124 19149 W ActivityManager: Slow operation: 112ms so far, now at startProcess: building log message
04-22 14:51:29.863 19124 19149 I ActivityManager: Start proc 32015:com.google.android.tts/u0a55 for service {com.google.android.tts/androidx.work.impl.background.systemjob.SystemJobService}
04-22 14:51:29.863 19124 19149 W ActivityManager: Slow operation: 112ms so far, now at startProcess: starting to update pids map
04-22 14:51:29.863 19124 19149 W ActivityManager: Slow operation: 112ms so far, now at startProcess: done updating pids map
04-22 14:51:29.863 19124 19149 W ActivityManager: Slow operation: 108ms so far, now at startProcess: asking zygote to start proc
04-22 14:51:29.863 19124 19149 D CompatibilityChangeReporter: Compat change id reported: 143937733; UID 10065; state: ENABLED
04-22 14:51:29.968 19124 19149 W ActivityManager: Slow operation: 213ms so far, now at startProcess: returned from zygote!
04-22 14:51:29.968 19124 19149 W ActivityManager: Slow operation: 213ms so far, now at startProcess: done updating battery stats
04-22 14:51:29.968 19124 19149 W ActivityManager: Slow operation: 213ms so far, now at startProcess: building log message
04-22 14:51:29.968 19124 19149 I ActivityManager: Start proc 32047:com.google.android.partnersetup/u0a65 for service {com.google.android.partnersetup/com.google.android.partnersetup.InstalledAppJobService}
04-22 14:51:29.968 19124 19149 W ActivityManager: Slow operation: 213ms so far, now at startProcess: starting to update pids map
04-22 14:51:29.969 19124 19149 W ActivityManager: Slow operation: 215ms so far, now at startProcess: done updating pids map
04-22 14:51:29.969 19124 19149 W ActivityManager: Slow operation: 210ms so far, now at startProcess: asking zygote to start proc
04-22 14:51:29.970 19124 19149 D CompatibilityChangeReporter: Compat change id reported: 143937733; UID 10078; state: ENABLED
04-22 14:51:29.980 19124 24350 D CompatibilityChangeReporter: Compat change id reported: 168419799; UID 10055; state: DISABLED
04-22 14:51:29.986 19124 19138 D CompatibilityChangeReporter: Compat change id reported: 168419799; UID 10059; state: DISABLED
04-22 14:51:30.106 19124 19138 D CompatibilityChangeReporter: Compat change id reported: 168419799; UID 10065; state: DISABLED
04-22 14:51:30.112 19124 19149 W ActivityManager: Slow operation: 352ms so far, now at startProcess: returned from zygote!
04-22 14:51:30.121 19124 19149 W ActivityManager: Slow operation: 361ms so far, now at startProcess: done updating battery stats
04-22 14:51:30.121 19124 19149 W ActivityManager: Slow operation: 361ms so far, now at startProcess: building log message
04-22 14:51:30.121 19124 19149 I ActivityManager: Start proc 32067:com.nousguide.android.rbtv/u0a78 for service {com.nousguide.android.rbtv/com.redbull.recommendation.ChannelService}
04-22 14:51:30.121 19124 19149 W ActivityManager: Slow operation: 361ms so far, now at startProcess: starting to update pids map
04-22 14:51:30.122 19124 19149 W ActivityManager: Slow operation: 362ms so far, now at startProcess: done updating pids map
04-22 14:51:30.122 19124 19149 W ActivityManager: Slow operation: 347ms so far, now at startProcess: asking zygote to start proc
04-22 14:51:30.122 19124 19149 D CompatibilityChangeReporter: Compat change id reported: 143937733; UID 10054; state: ENABLED
04-22 14:51:30.183 19124 19149 W ActivityManager: Slow operation: 408ms so far, now at startProcess: returned from zygote!
