04-24 03:01:56.320   637   637 W NotificationHistory: Attempted to add notif for locked/gone/disabled user 0
04-24 03:01:58.252   637   637 W NotificationHistory: Attempted to add notif for locked/gone/disabled user 0
04-24 03:01:58.279   637   637 W NotificationHistory: Attempted to add notif for locked/gone/disabled user 0
04-24 03:01:58.309   637   637 W NotificationHistory: Attempted to add notif for locked/gone/disabled user 0
04-24 03:01:58.332   637   637 W NotificationHistory: Attempted to add notif for locked/gone/disabled user 0
04-24 03:02:00.259   637   637 W NotificationHistory: Attempted to add notif for locked/gone/disabled user 0
04-24 03:02:00.284   637   637 W NotificationHistory: Attempted to add notif for locked/gone/disabled user 0
04-24 03:02:00.310   637   637 W NotificationHistory: Attempted to add notif for locked/gone/disabled user 0
04-24 03:02:00.329   637   637 W NotificationHistory: Attempted to add notif for locked/gone/disabled user 0
04-24 03:02:02.250   637   637 W NotificationHistory: Attempted to add notif for locked/gone/disabled user 0
04-24 03:02:02.285   637   637 W NotificationHistory: Attempted to add notif for locked/gone/disabled user 0
04-24 03:02:02.306   637   637 W NotificationHistory: Attempted to add notif for locked/gone/disabled user 0
04-24 03:02:02.328   637   637 W NotificationHistory: Attempted to add notif for locked/gone/disabled user 0
04-24 03:02:04.266   637   637 W NotificationHistory: Attempted to add notif for locked/gone/disabled user 0
04-24 03:02:04.290   637   637 W NotificationHistory: Attempted to add notif for locked/gone/disabled user 0
04-24 03:02:04.311   637   637 W NotificationHistory: Attempted to add notif for locked/gone/disabled user 0
04-24 03:02:04.331   637   637 W NotificationHistory: Attempted to add notif for locked/gone/disabled user 0
04-24 03:02:05.149   637  5504 W ProcessStats: Tracking association SourceState{d2c3c18 system/1000 BTopFgs #299033} whose proc state 2 is better than process ProcessState{c1d8351 com.google.android.gms.persistent/10051 pkg=com.google.android.gms} proc state 3 (2 skipped)
04-24 03:02:06.237   637   637 W NotificationHistory: Attempted to add notif for locked/gone/disabled user 0
04-24 03:02:06.266   637   637 W NotificationHistory: Attempted to add notif for locked/gone/disabled user 0
04-24 03:02:06.290   637   637 W NotificationHistory: Attempted to add notif for locked/gone/disabled user 0
04-24 03:02:06.307   637   637 W NotificationHistory: Attempted to add notif for locked/gone/disabled user 0
04-24 03:02:08.256   637   637 W NotificationHistory: Attempted to add notif for locked/gone/disabled user 0
04-24 03:02:08.287   637   637 W NotificationHistory: Attempted to add notif for locked/gone/disabled user 0
04-24 03:02:08.312   637   637 W NotificationHistory: Attempted to add notif for locked/gone/disabled user 0
04-24 03:02:08.332   637   637 W NotificationHistory: Attempted to add notif for locked/gone/disabled user 0
04-24 03:02:10.249   637   637 W NotificationHistory: Attempted to add notif for locked/gone/disabled user 0
04-24 03:02:10.272   637   637 W NotificationHistory: Attempted to add notif for locked/gone/disabled user 0
04-24 03:02:10.293   637   637 W NotificationHistory: Attempted to add notif for locked/gone/disabled user 0
04-24 03:02:10.332   637   637 W NotificationHistory: Attempted to add notif for locked/gone/disabled user 0
04-24 03:02:12.262   637   637 W NotificationHistory: Attempted to add notif for locked/gone/disabled user 0
04-24 03:02:12.290   637   637 W NotificationHistory: Attempted to add notif for locked/gone/disabled user 0
04-24 03:02:12.315   637   637 W NotificationHistory: Attempted to add notif for locked/gone/disabled user 0
04-24 03:02:12.344   637   637 W NotificationHistory: Attempted to add notif for locked/gone/disabled user 0
04-24 03:02:14.258   637   637 W NotificationHistory: Attempted to add notif for locked/gone/disabled user 0
04-24 03:02:14.287   637   637 W NotificationHistory: Attempted to add notif for locked/gone/disabled user 0
04-24 03:02:14.310   637   637 W NotificationHistory: Attempted to add notif for locked/gone/disabled user 0
04-24 03:02:14.332   637   637 W NotificationHistory: Attempted to add notif for locked/gone/disabled user 0
04-24 03:02:16.262   637   637 W NotificationHistory: Attempted to add notif for locked/gone/disabled user 0
04-24 03:02:16.289   637   637 W NotificationHistory: Attempted to add notif for locked/gone/disabled user 0
04-24 03:02:16.323   637   637 W NotificationHistory: Attempted to add notif for locked/gone/disabled user 0
04-24 03:02:16.348   637   637 W NotificationHistory: Attempted to add notif for locked/gone/disabled user 0
04-24 03:02:18.258   637   637 W NotificationHistory: Attempted to add notif for locked/gone/disabled user 0
04-24 03:02:18.290   637   637 W NotificationHistory: Attempted to add notif for locked/gone/disabled user 0
04-24 03:02:18.313   637   637 W NotificationHistory: Attempted to add notif for locked/gone/disabled user 0
04-24 03:02:18.335   637   637 W NotificationHistory: Attempted to add notif for locked/gone/disabled user 0
04-24 03:02:20.248   637   637 W NotificationHistory: Attempted to add notif for locked/gone/disabled user 0
04-24 03:02:20.275   637   637 W NotificationHistory: Attempted to add notif for locked/gone/disabled user 0
04-24 03:02:20.301   637   637 W NotificationHistory: Attempted to add notif for locked/gone/disabled user 0
04-24 03:02:20.320   637   637 W NotificationHistory: Attempted to add notif for locked/gone/disabled user 0
04-24 03:02:22.253   637   637 W NotificationHistory: Attempted to add notif for locked/gone/disabled user 0
04-24 03:02:22.288   637   637 W NotificationHistory: Attempted to add notif for locked/gone/disabled user 0
04-24 03:02:22.309   637   637 W NotificationHistory: Attempted to add notif for locked/gone/disabled user 0
04-24 03:02:22.328   637   637 W NotificationHistory: Attempted to add notif for locked/gone/disabled user 0
04-24 03:02:24.264   637   637 W NotificationHistory: Attempted to add notif for locked/gone/disabled user 0
04-24 03:02:24.288   637   637 W NotificationHistory: Attempted to add notif for locked/gone/disabled user 0
04-24 03:02:24.319   637   637 W NotificationHistory: Attempted to add notif for locked/gone/disabled user 0
04-24 03:02:24.336   637   637 W NotificationHistory: Attempted to add notif for locked/gone/disabled user 0
04-24 03:02:26.252   637   637 W NotificationHistory: Attempted to add notif for locked/gone/disabled user 0
04-24 03:02:26.281   637   637 W NotificationHistory: Attempted to add notif for locked/gone/disabled user 0
04-24 03:02:26.300   637   637 W NotificationHistory: Attempted to add notif for locked/gone/disabled user 0
04-24 03:02:26.322   637   637 W NotificationHistory: Attempted to add notif for locked/gone/disabled user 0
04-24 03:02:28.261   637   637 W NotificationHistory: Attempted to add notif for locked/gone/disabled user 0
04-24 03:02:28.288   637   637 W NotificationHistory: Attempted to add notif for locked/gone/disabled user 0
04-24 03:02:28.308   637   637 W NotificationHistory: Attempted to add notif for locked/gone/disabled user 0
04-24 03:02:28.329   637   637 W NotificationHistory: Attempted to add notif for locked/gone/disabled user 0
04-24 03:02:30.274   637   637 W NotificationHistory: Attempted to add notif for locked/gone/disabled user 0
04-24 03:02:30.295   637   637 W NotificationHistory: Attempted to add notif for locked/gone/disabled user 0
04-24 03:02:30.315   637   637 W NotificationHistory: Attempted to add notif for locked/gone/disabled user 0
04-24 03:02:30.338   637   637 W NotificationHistory: Attempted to add notif for locked/gone/disabled user 0
04-24 03:02:32.274   637   637 W NotificationHistory: Attempted to add notif for locked/gone/disabled user 0
04-24 03:02:32.289   637   637 W NotificationHistory: Attempted to add notif for locked/gone/disabled user 0
04-24 03:02:32.319   637   637 W NotificationHistory: Attempted to add notif for locked/gone/disabled user 0
04-24 03:02:32.337   637   637 W NotificationHistory: Attempted to add notif for locked/gone/disabled user 0
04-24 03:02:34.252   637   637 W NotificationHistory: Attempted to add notif for locked/gone/disabled user 0
04-24 03:02:34.274   637   637 W NotificationHistory: Attempted to add notif for locked/gone/disabled user 0
04-24 03:02:34.299   637   637 W NotificationHistory: Attempted to add notif for locked/gone/disabled user 0
04-24 03:02:34.324   637   637 W NotificationHistory: Attempted to add notif for locked/gone/disabled user 0
04-24 03:02:36.265   637   637 W NotificationHistory: Attempted to add notif for locked/gone/disabled user 0
04-24 03:02:36.291   637   637 W NotificationHistory: Attempted to add notif for locked/gone/disabled user 0
04-24 03:02:36.321   637   637 W NotificationHistory: Attempted to add notif for locked/gone/disabled user 0
04-24 03:02:36.346   637   637 W NotificationHistory: Attempted to add notif for locked/gone/disabled user 0
04-24 03:02:38.261   637   637 W NotificationHistory: Attempted to add notif for locked/gone/disabled user 0
04-24 03:02:38.282   637   637 W NotificationHistory: Attempted to add notif for locked/gone/disabled user 0
04-24 03:02:38.304   637   637 W NotificationHistory: Attempted to add notif for locked/gone/disabled user 0
04-24 03:02:38.326   637   637 W NotificationHistory: Attempted to add notif for locked/gone/disabled user 0
04-24 03:02:40.256   637   637 W NotificationHistory: Attempted to add notif for locked/gone/disabled user 0
04-24 03:02:40.285   637   637 W NotificationHistory: Attempted to add notif for locked/gone/disabled user 0
04-24 03:02:40.311   637   637 W NotificationHistory: Attempted to add notif for locked/gone/disabled user 0
04-24 03:02:40.338   637   637 W NotificationHistory: Attempted to add notif for locked/gone/disabled user 0
04-24 03:02:42.263   637   637 W NotificationHistory: Attempted to add notif for locked/gone/disabled user 0
04-24 03:02:42.290   637   637 W NotificationHistory: Attempted to add notif for locked/gone/disabled user 0
04-24 03:02:42.313   637   637 W NotificationHistory: Attempted to add notif for locked/gone/disabled user 0
04-24 03:02:42.334   637   637 W NotificationHistory: Attempted to add notif for locked/gone/disabled user 0
04-24 03:02:42.354   637   650 W ProcessStats: Tracking association SourceState{d2c3c18 system/1000 BTopFgs #299034} whose proc state 2 is better than process ProcessState{c1d8351 com.google.android.gms.persistent/10051 pkg=com.google.android.gms} proc state 3 (2 skipped)
04-24 03:02:44.251   637   637 W NotificationHistory: Attempted to add notif for locked/gone/disabled user 0
04-24 03:02:44.274   637   637 W NotificationHistory: Attempted to add notif for locked/gone/disabled user 0
04-24 03:02:44.302   637   637 W NotificationHistory: Attempted to add notif for locked/gone/disabled user 0
04-24 03:02:44.327   637   637 W NotificationHistory: Attempted to add notif for locked/gone/disabled user 0
04-24 03:02:46.259   637   637 W NotificationHistory: Attempted to add notif for locked/gone/disabled user 0
04-24 03:02:46.285   637   637 W NotificationHistory: Attempted to add notif for locked/gone/disabled user 0
04-24 03:02:46.308   637   637 W NotificationHistory: Attempted to add notif for locked/gone/disabled user 0
04-24 03:02:46.330   637   637 W NotificationHistory: Attempted to add notif for locked/gone/disabled user 0
04-24 03:02:48.264   637   637 W NotificationHistory: Attempted to add notif for locked/gone/disabled user 0
04-24 03:02:48.283   637   637 W NotificationHistory: Attempted to add notif for locked/gone/disabled user 0
04-24 03:02:48.307   637   637 W NotificationHistory: Attempted to add notif for locked/gone/disabled user 0
04-24 03:02:48.330   637   637 W NotificationHistory: Attempted to add notif for locked/gone/disabled user 0
04-24 03:02:50.265   637   637 W NotificationHistory: Attempted to add notif for locked/gone/disabled user 0
04-24 03:02:50.290   637   637 W NotificationHistory: Attempted to add notif for locked/gone/disabled user 0
04-24 03:02:50.313   637   637 W NotificationHistory: Attempted to add notif for locked/gone/disabled user 0
04-24 03:02:50.333   637   637 W NotificationHistory: Attempted to add notif for locked/gone/disabled user 0
04-24 03:02:52.265   637   637 W NotificationHistory: Attempted to add notif for locked/gone/disabled user 0
04-24 03:02:52.294   637   637 W NotificationHistory: Attempted to add notif for locked/gone/disabled user 0
04-24 03:02:52.315   637   637 W NotificationHistory: Attempted to add notif for locked/gone/disabled user 0
04-24 03:02:52.344   637   637 W NotificationHistory: Attempted to add notif for locked/gone/disabled user 0
04-24 03:02:54.254   637   637 W NotificationHistory: Attempted to add notif for locked/gone/disabled user 0
04-24 03:02:54.280   637   637 W NotificationHistory: Attempted to add notif for locked/gone/disabled user 0
04-24 03:02:54.304   637   637 W NotificationHistory: Attempted to add notif for locked/gone/disabled user 0
04-24 03:02:54.324   637   637 W NotificationHistory: Attempted to add notif for locked/gone/disabled user 0
04-24 03:02:56.260   637   637 W NotificationHistory: Attempted to add notif for locked/gone/disabled user 0
04-24 03:02:56.280   637   637 W NotificationHistory: Attempted to add notif for locked/gone/disabled user 0
04-24 03:02:56.305   637   637 W NotificationHistory: Attempted to add notif for locked/gone/disabled user 0
04-24 03:02:56.326   637   637 W NotificationHistory: Attempted to add notif for locked/gone/disabled user 0
04-24 03:02:57.411   637  7610 W ProcessStats: Tracking association SourceState{d2c3c18 system/1000 BTopFgs #299035} whose proc state 2 is better than process ProcessState{c1d8351 com.google.android.gms.persistent/10051 pkg=com.google.android.gms} proc state 3 (2 skipped)
04-24 03:02:58.267   637   637 W NotificationHistory: Attempted to add notif for locked/gone/disabled user 0
04-24 03:02:58.289   637   637 W NotificationHistory: Attempted to add notif for locked/gone/disabled user 0
04-24 03:02:58.320   637   637 W NotificationHistory: Attempted to add notif for locked/gone/disabled user 0
04-24 03:02:58.341   637   637 W NotificationHistory: Attempted to add notif for locked/gone/disabled user 0
04-24 03:03:00.253   637   637 W NotificationHistory: Attempted to add notif for locked/gone/disabled user 0
04-24 03:03:00.273   637   637 W NotificationHistory: Attempted to add notif for locked/gone/disabled user 0
04-24 03:03:00.295   637   637 W NotificationHistory: Attempted to add notif for locked/gone/disabled user 0
04-24 03:03:00.322   637   637 W NotificationHistory: Attempted to add notif for locked/gone/disabled user 0
04-24 03:03:02.263   637   637 W NotificationHistory: Attempted to add notif for locked/gone/disabled user 0
04-24 03:03:02.290   637   637 W NotificationHistory: Attempted to add notif for locked/gone/disabled user 0
04-24 03:03:02.310   637   637 W NotificationHistory: Attempted to add notif for locked/gone/disabled user 0
04-24 03:03:02.330   637   637 W NotificationHistory: Attempted to add notif for locked/gone/disabled user 0
04-24 03:03:04.260   637   637 W NotificationHistory: Attempted to add notif for locked/gone/disabled user 0
04-24 03:03:04.282   637   637 W NotificationHistory: Attempted to add notif for locked/gone/disabled user 0
04-24 03:03:04.309   637   637 W NotificationHistory: Attempted to add notif for locked/gone/disabled user 0
04-24 03:03:04.330   637   637 W NotificationHistory: Attempted to add notif for locked/gone/disabled user 0
04-24 03:03:04.813   637   662 I DropBoxManagerService: add tag=system_server_wtf isTagEnabled=true flags=0x2
04-24 03:03:06.263   637   637 W NotificationHistory: Attempted to add notif for locked/gone/disabled user 0
04-24 03:03:06.292   637   637 W NotificationHistory: Attempted to add notif for locked/gone/disabled user 0
04-24 03:03:06.314   637   637 W NotificationHistory: Attempted to add notif for locked/gone/disabled user 0
04-24 03:03:06.339   637   637 W NotificationHistory: Attempted to add notif for locked/gone/disabled user 0
04-24 03:03:06.826   637   662 W BroadcastQueue: Background execution not allowed: receiving Intent { act=android.intent.action.DROPBOX_ENTRY_ADDED flg=0x10 (has extras) } to com.google.android.gms/.stats.service.DropBoxEntryAddedReceiver
04-24 03:03:06.826   637   662 W BroadcastQueue: Background execution not allowed: receiving Intent { act=android.intent.action.DROPBOX_ENTRY_ADDED flg=0x10 (has extras) } to com.google.android.gms/.chimera.GmsIntentOperationService$PersistentTrustedReceiver
04-24 03:03:08.264   637   637 W NotificationHistory: Attempted to add notif for locked/gone/disabled user 0
04-24 03:03:08.289   637   637 W NotificationHistory: Attempted to add notif for locked/gone/disabled user 0
04-24 03:03:08.311   637   637 W NotificationHistory: Attempted to add notif for locked/gone/disabled user 0
04-24 03:03:08.331   637   637 W NotificationHistory: Attempted to add notif for locked/gone/disabled user 0
04-24 03:03:10.253   637   637 W NotificationHistory: Attempted to add notif for locked/gone/disabled user 0
04-24 03:03:10.272   637   637 W NotificationHistory: Attempted to add notif for locked/gone/disabled user 0
04-24 03:03:10.292   637   637 W NotificationHistory: Attempted to add notif for locked/gone/disabled user 0
04-24 03:03:10.309   637   637 W NotificationHistory: Attempted to add notif for locked/gone/disabled user 0
04-24 03:03:12.266   637   637 W NotificationHistory: Attempted to add notif for locked/gone/disabled user 0
04-24 03:03:12.290   637   637 W NotificationHistory: Attempted to add notif for locked/gone/disabled user 0
04-24 03:03:12.313   637   637 W NotificationHistory: Attempted to add notif for locked/gone/disabled user 0
04-24 03:03:12.343   637   637 W NotificationHistory: Attempted to add notif for locked/gone/disabled user 0
04-24 03:03:13.808   637   662 W ProcessStats: Tracking association SourceState{d2c3c18 system/1000 BTopFgs #299049} whose proc state 2 is better than process ProcessState{c1d8351 com.google.android.gms.persistent/10051 pkg=com.google.android.gms} proc state 3 (20 skipped)
04-24 03:03:14.256   568   568 I wificond: Unexpected empty scan result!
04-24 03:03:14.270   637   637 W NotificationHistory: Attempted to add notif for locked/gone/disabled user 0
04-24 03:03:14.294   637   637 W NotificationHistory: Attempted to add notif for locked/gone/disabled user 0
04-24 03:03:14.325   637   637 W NotificationHistory: Attempted to add notif for locked/gone/disabled user 0
04-24 03:03:14.344   637   637 W NotificationHistory: Attempted to add notif for locked/gone/disabled user 0
04-24 03:03:16.248   637   637 W NotificationHistory: Attempted to add notif for locked/gone/disabled user 0
04-24 03:03:16.270   637   637 W NotificationHistory: Attempted to add notif for locked/gone/disabled user 0
04-24 03:03:16.290   637   637 W NotificationHistory: Attempted to add notif for locked/gone/disabled user 0
04-24 03:03:16.313   637   637 W NotificationHistory: Attempted to add notif for locked/gone/disabled user 0
04-24 03:03:18.241   637   637 W NotificationHistory: Attempted to add notif for locked/gone/disabled user 0
04-24 03:03:18.285   637   637 W NotificationHistory: Attempted to add notif for locked/gone/disabled user 0
04-24 03:03:18.308   637   637 W NotificationHistory: Attempted to add notif for locked/gone/disabled user 0
04-24 03:03:18.327   637   637 W NotificationHistory: Attempted to add notif for locked/gone/disabled user 0
04-24 03:03:20.261   637   637 W NotificationHistory: Attempted to add notif for locked/gone/disabled user 0
04-24 03:03:20.288   637   637 W NotificationHistory: Attempted to add notif for locked/gone/disabled user 0
04-24 03:03:20.321   637   637 W NotificationHistory: Attempted to add notif for locked/gone/disabled user 0
04-24 03:03:20.366   637   637 W NotificationHistory: Attempted to add notif for locked/gone/disabled user 0
04-24 03:03:22.252   637   637 W NotificationHistory: Attempted to add notif for locked/gone/disabled user 0
04-24 03:03:22.282   637   637 W NotificationHistory: Attempted to add notif for locked/gone/disabled user 0
04-24 03:03:22.309   637   637 W NotificationHistory: Attempted to add notif for locked/gone/disabled user 0
04-24 03:03:22.332   637   637 W NotificationHistory: Attempted to add notif for locked/gone/disabled user 0
04-24 03:03:24.255   637   637 W NotificationHistory: Attempted to add notif for locked/gone/disabled user 0
04-24 03:03:24.284   637   637 W NotificationHistory: Attempted to add notif for locked/gone/disabled user 0
04-24 03:03:24.309   637   637 W NotificationHistory: Attempted to add notif for locked/gone/disabled user 0
04-24 03:03:24.334   637   637 W NotificationHistory: Attempted to add notif for locked/gone/disabled user 0
04-24 03:03:26.264   637   637 W NotificationHistory: Attempted to add notif for locked/gone/disabled user 0
04-24 03:03:26.289   637   637 W NotificationHistory: Attempted to add notif for locked/gone/disabled user 0
04-24 03:03:26.310   637   637 W NotificationHistory: Attempted to add notif for locked/gone/disabled user 0
04-24 03:03:26.334   637   637 W NotificationHistory: Attempted to add notif for locked/gone/disabled user 0
04-24 03:03:28.269   637   637 W NotificationHistory: Attempted to add notif for locked/gone/disabled user 0
04-24 03:03:28.294   637   637 W NotificationHistory: Attempted to add notif for locked/gone/disabled user 0
04-24 03:03:28.316   637   637 W NotificationHistory: Attempted to add notif for locked/gone/disabled user 0
04-24 03:03:28.344   637   637 W NotificationHistory: Attempted to add notif for locked/gone/disabled user 0
04-24 03:03:30.254   637   637 W NotificationHistory: Attempted to add notif for locked/gone/disabled user 0
04-24 03:03:30.274   637   637 W NotificationHistory: Attempted to add notif for locked/gone/disabled user 0
04-24 03:03:30.296   637   637 W NotificationHistory: Attempted to add notif for locked/gone/disabled user 0
04-24 03:03:30.315   637   637 W NotificationHistory: Attempted to add notif for locked/gone/disabled user 0
04-24 03:03:32.288   637   637 W NotificationHistory: Attempted to add notif for locked/gone/disabled user 0
04-24 03:03:32.321   637   637 W NotificationHistory: Attempted to add notif for locked/gone/disabled user 0
04-24 03:03:32.343   637   637 W NotificationHistory: Attempted to add notif for locked/gone/disabled user 0
04-24 03:03:32.363   637   637 W NotificationHistory: Attempted to add notif for locked/gone/disabled user 0
04-24 03:03:32.385   637 14562 W ProcessStats: Tracking association SourceState{d2c3c18 system/1000 BTopFgs #299067} whose proc state 2 is better than process ProcessState{c1d8351 com.google.android.gms.persistent/10051 pkg=com.google.android.gms} proc state 3 (32 skipped)
04-24 03:03:34.270   637   637 W NotificationHistory: Attempted to add notif for locked/gone/disabled user 0
04-24 03:03:34.301   637   637 W NotificationHistory: Attempted to add notif for locked/gone/disabled user 0
04-24 03:03:34.315   637   637 W NotificationHistory: Attempted to add notif for locked/gone/disabled user 0
04-24 03:03:34.340   637   637 W NotificationHistory: Attempted to add notif for locked/gone/disabled user 0
04-24 03:03:36.265   637   637 W NotificationHistory: Attempted to add notif for locked/gone/disabled user 0
04-24 03:03:36.290   637   637 W NotificationHistory: Attempted to add notif for locked/gone/disabled user 0
04-24 03:03:36.309   637   637 W NotificationHistory: Attempted to add notif for locked/gone/disabled user 0
04-24 03:03:36.332   637   637 W NotificationHistory: Attempted to add notif for locked/gone/disabled user 0
04-24 03:03:38.265   637   637 W NotificationHistory: Attempted to add notif for locked/gone/disabled user 0
04-24 03:03:38.285   637   637 W NotificationHistory: Attempted to add notif for locked/gone/disabled user 0
04-24 03:03:38.309   637   637 W NotificationHistory: Attempted to add notif for locked/gone/disabled user 0
04-24 03:03:38.327   637   637 W NotificationHistory: Attempted to add notif for locked/gone/disabled user 0
04-24 03:03:40.264   637   637 W NotificationHistory: Attempted to add notif for locked/gone/disabled user 0
04-24 03:03:40.286   637   637 W NotificationHistory: Attempted to add notif for locked/gone/disabled user 0
04-24 03:03:40.309   637   637 W NotificationHistory: Attempted to add notif for locked/gone/disabled user 0
04-24 03:03:40.329   637   637 W NotificationHistory: Attempted to add notif for locked/gone/disabled user 0
04-24 03:03:42.262   637   637 W NotificationHistory: Attempted to add notif for locked/gone/disabled user 0
04-24 03:03:42.286   637   637 W NotificationHistory: Attempted to add notif for locked/gone/disabled user 0
04-24 03:03:42.311   637   637 W NotificationHistory: Attempted to add notif for locked/gone/disabled user 0
04-24 03:03:42.336   637   637 W NotificationHistory: Attempted to add notif for locked/gone/disabled user 0
04-24 03:03:44.283   637   637 W NotificationHistory: Attempted to add notif for locked/gone/disabled user 0
04-24 03:03:44.311   637   637 W NotificationHistory: Attempted to add notif for locked/gone/disabled user 0
04-24 03:03:44.335   637   637 W NotificationHistory: Attempted to add notif for locked/gone/disabled user 0
04-24 03:03:44.353   637   637 W NotificationHistory: Attempted to add notif for locked/gone/disabled user 0
04-24 03:03:46.254   637   637 W NotificationHistory: Attempted to add notif for locked/gone/disabled user 0
04-24 03:03:46.279   637   637 W NotificationHistory: Attempted to add notif for locked/gone/disabled user 0
04-24 03:03:46.305   637   637 W NotificationHistory: Attempted to add notif for locked/gone/disabled user 0
04-24 03:03:46.325   637   637 W NotificationHistory: Attempted to add notif for locked/gone/disabled user 0
04-24 03:03:47.446   637 14562 W ProcessStats: Tracking association SourceState{d2c3c18 system/1000 BTopFgs #299068} whose proc state 2 is better than process ProcessState{c1d8351 com.google.android.gms.persistent/10051 pkg=com.google.android.gms} proc state 3 (2 skipped)
04-24 03:03:48.257   637   637 W NotificationHistory: Attempted to add notif for locked/gone/disabled user 0
04-24 03:03:48.290   637   637 W NotificationHistory: Attempted to add notif for locked/gone/disabled user 0
04-24 03:03:48.318   637   637 W NotificationHistory: Attempted to add notif for locked/gone/disabled user 0
04-24 03:03:48.343   637   637 W NotificationHistory: Attempted to add notif for locked/gone/disabled user 0
04-24 03:03:50.256   637   637 W NotificationHistory: Attempted to add notif for locked/gone/disabled user 0
04-24 03:03:50.284   637   637 W NotificationHistory: Attempted to add notif for locked/gone/disabled user 0
04-24 03:03:50.309   637   637 W NotificationHistory: Attempted to add notif for locked/gone/disabled user 0
04-24 03:03:50.331   637   637 W NotificationHistory: Attempted to add notif for locked/gone/disabled user 0
04-24 03:03:52.275   637   637 W NotificationHistory: Attempted to add notif for locked/gone/disabled user 0
04-24 03:03:52.309   637   637 W NotificationHistory: Attempted to add notif for locked/gone/disabled user 0
04-24 03:03:52.337   637   637 W NotificationHistory: Attempted to add notif for locked/gone/disabled user 0
04-24 03:03:52.367   637   637 W NotificationHistory: Attempted to add notif for locked/gone/disabled user 0
04-24 03:03:54.268   637   637 W NotificationHistory: Attempted to add notif for locked/gone/disabled user 0
04-24 03:03:54.294   637   637 W NotificationHistory: Attempted to add notif for locked/gone/disabled user 0
04-24 03:03:54.322   637   637 W NotificationHistory: Attempted to add notif for locked/gone/disabled user 0
04-24 03:03:54.342   637   637 W NotificationHistory: Attempted to add notif for locked/gone/disabled user 0
04-24 03:03:56.265   637   637 W NotificationHistory: Attempted to add notif for locked/gone/disabled user 0
04-24 03:03:56.288   637   637 W NotificationHistory: Attempted to add notif for locked/gone/disabled user 0
04-24 03:03:56.307   637   637 W NotificationHistory: Attempted to add notif for locked/gone/disabled user 0
04-24 03:03:56.327   637   637 W NotificationHistory: Attempted to add notif for locked/gone/disabled user 0
04-24 03:03:58.252   637   637 W NotificationHistory: Attempted to add notif for locked/gone/disabled user 0
04-24 03:03:58.270   637   637 W NotificationHistory: Attempted to add notif for locked/gone/disabled user 0
04-24 03:03:58.292   637   637 W NotificationHistory: Attempted to add notif for locked/gone/disabled user 0
04-24 03:03:58.311   637   637 W NotificationHistory: Attempted to add notif for locked/gone/disabled user 0
04-24 03:04:00.263   637   637 W NotificationHistory: Attempted to add notif for locked/gone/disabled user 0
04-24 03:04:00.279   637   637 W NotificationHistory: Attempted to add notif for locked/gone/disabled user 0
04-24 03:04:00.303   637   637 W NotificationHistory: Attempted to add notif for locked/gone/disabled user 0
04-24 03:04:00.324   637   637 W NotificationHistory: Attempted to add notif for locked/gone/disabled user 0
04-24 03:04:02.258   637   637 W NotificationHistory: Attempted to add notif for locked/gone/disabled user 0
04-24 03:04:02.283   637   637 W NotificationHistory: Attempted to add notif for locked/gone/disabled user 0
04-24 03:04:02.323   637   637 W NotificationHistory: Attempted to add notif for locked/gone/disabled user 0
04-24 03:04:02.343   637   637 W NotificationHistory: Attempted to add notif for locked/gone/disabled user 0
04-24 03:04:04.267   637   637 W NotificationHistory: Attempted to add notif for locked/gone/disabled user 0
04-24 03:04:04.292   637   637 W NotificationHistory: Attempted to add notif for locked/gone/disabled user 0
04-24 03:04:04.312   637   637 W NotificationHistory: Attempted to add notif for locked/gone/disabled user 0
04-24 03:04:04.333   637   637 W NotificationHistory: Attempted to add notif for locked/gone/disabled user 0
04-24 03:04:06.267   637   637 W NotificationHistory: Attempted to add notif for locked/gone/disabled user 0
04-24 03:04:06.293   637   637 W NotificationHistory: Attempted to add notif for locked/gone/disabled user 0
04-24 03:04:06.314   637   637 W NotificationHistory: Attempted to add notif for locked/gone/disabled user 0
04-24 03:04:06.335   637   637 W NotificationHistory: Attempted to add notif for locked/gone/disabled user 0
04-24 03:04:08.256   637   637 W NotificationHistory: Attempted to add notif for locked/gone/disabled user 0
04-24 03:04:08.303   637   637 W NotificationHistory: Attempted to add notif for locked/gone/disabled user 0
04-24 03:04:08.320   637   637 W NotificationHistory: Attempted to add notif for locked/gone/disabled user 0
04-24 03:04:08.345   637   637 W NotificationHistory: Attempted to add notif for locked/gone/disabled user 0
04-24 03:04:10.254   637   637 W NotificationHistory: Attempted to add notif for locked/gone/disabled user 0
04-24 03:04:10.283   637   637 W NotificationHistory: Attempted to add notif for locked/gone/disabled user 0
04-24 03:04:10.310   637   637 W NotificationHistory: Attempted to add notif for locked/gone/disabled user 0
04-24 03:04:10.329   637   637 W NotificationHistory: Attempted to add notif for locked/gone/disabled user 0
04-24 03:04:12.280   637   637 W NotificationHistory: Attempted to add notif for locked/gone/disabled user 0
04-24 03:04:12.304   637   637 W NotificationHistory: Attempted to add notif for locked/gone/disabled user 0
04-24 03:04:12.325   637   637 W NotificationHistory: Attempted to add notif for locked/gone/disabled user 0
04-24 03:04:12.347   637   637 W NotificationHistory: Attempted to add notif for locked/gone/disabled user 0
04-24 03:04:14.263   637   637 W NotificationHistory: Attempted to add notif for locked/gone/disabled user 0
04-24 03:04:14.283   637   637 W NotificationHistory: Attempted to add notif for locked/gone/disabled user 0
04-24 03:04:14.308   637   637 W NotificationHistory: Attempted to add notif for locked/gone/disabled user 0
04-24 03:04:14.332   637   637 W NotificationHistory: Attempted to add notif for locked/gone/disabled user 0
04-24 03:04:16.253   637   637 W NotificationHistory: Attempted to add notif for locked/gone/disabled user 0
04-24 03:04:16.279   637   637 W NotificationHistory: Attempted to add notif for locked/gone/disabled user 0
04-24 03:04:16.305   637   637 W NotificationHistory: Attempted to add notif for locked/gone/disabled user 0
04-24 03:04:16.328   637   637 W NotificationHistory: Attempted to add notif for locked/gone/disabled user 0
04-24 03:04:18.261   637   637 W NotificationHistory: Attempted to add notif for locked/gone/disabled user 0
04-24 03:04:18.288   637   637 W NotificationHistory: Attempted to add notif for locked/gone/disabled user 0
04-24 03:04:18.308   637   637 W NotificationHistory: Attempted to add notif for locked/gone/disabled user 0
04-24 03:04:18.329   637   637 W NotificationHistory: Attempted to add notif for locked/gone/disabled user 0
04-24 03:04:20.262   637   637 W NotificationHistory: Attempted to add notif for locked/gone/disabled user 0
04-24 03:04:20.282   637   637 W NotificationHistory: Attempted to add notif for locked/gone/disabled user 0
04-24 03:04:20.309   637   637 W NotificationHistory: Attempted to add notif for locked/gone/disabled user 0
04-24 03:04:20.328   637   637 W NotificationHistory: Attempted to add notif for locked/gone/disabled user 0
04-24 03:04:22.275   637   637 W NotificationHistory: Attempted to add notif for locked/gone/disabled user 0
04-24 03:04:22.300   637   637 W NotificationHistory: Attempted to add notif for locked/gone/disabled user 0
04-24 03:04:22.326   637   637 W NotificationHistory: Attempted to add notif for locked/gone/disabled user 0
04-24 03:04:22.354   637   637 W NotificationHistory: Attempted to add notif for locked/gone/disabled user 0
04-24 03:04:24.265   637   637 W NotificationHistory: Attempted to add notif for locked/gone/disabled user 0
04-24 03:04:24.294   637   637 W NotificationHistory: Attempted to add notif for locked/gone/disabled user 0
04-24 03:04:24.312   637   637 W NotificationHistory: Attempted to add notif for locked/gone/disabled user 0
04-24 03:04:24.334   637   637 W NotificationHistory: Attempted to add notif for locked/gone/disabled user 0
04-24 03:04:26.182   637   651 W ProcessStats: Tracking association SourceState{d2c3c18 system/1000 BTopFgs #299071} whose proc state 2 is better than process ProcessState{c1d8351 com.google.android.gms.persistent/10051 pkg=com.google.android.gms} proc state 3 (2 skipped)
04-24 03:04:26.271   637   637 W NotificationHistory: Attempted to add notif for locked/gone/disabled user 0
04-24 03:04:26.304   637   637 W NotificationHistory: Attempted to add notif for locked/gone/disabled user 0
04-24 03:04:26.329   637   637 W NotificationHistory: Attempted to add notif for locked/gone/disabled user 0
04-24 03:04:26.368   637   637 W NotificationHistory: Attempted to add notif for locked/gone/disabled user 0
04-24 03:04:28.270   637   637 W NotificationHistory: Attempted to add notif for locked/gone/disabled user 0
04-24 03:04:28.294   637   637 W NotificationHistory: Attempted to add notif for locked/gone/disabled user 0
04-24 03:04:28.318   637   637 W NotificationHistory: Attempted to add notif for locked/gone/disabled user 0
04-24 03:04:28.347   637   637 W NotificationHistory: Attempted to add notif for locked/gone/disabled user 0
04-24 03:04:30.274   637   637 W NotificationHistory: Attempted to add notif for locked/gone/disabled user 0
04-24 03:04:30.295   637   637 W NotificationHistory: Attempted to add notif for locked/gone/disabled user 0
04-24 03:04:30.326   637   637 W NotificationHistory: Attempted to add notif for locked/gone/disabled user 0
04-24 03:04:30.347   637   637 W NotificationHistory: Attempted to add notif for locked/gone/disabled user 0
04-24 03:04:32.272   637   637 W NotificationHistory: Attempted to add notif for locked/gone/disabled user 0
04-24 03:04:32.308   637   637 W NotificationHistory: Attempted to add notif for locked/gone/disabled user 0
04-24 03:04:32.331   637   637 W NotificationHistory: Attempted to add notif for locked/gone/disabled user 0
04-24 03:04:32.351   637   637 W NotificationHistory: Attempted to add notif for locked/gone/disabled user 0
04-24 03:04:34.269   637   637 W NotificationHistory: Attempted to add notif for locked/gone/disabled user 0
04-24 03:04:34.289   637   637 W NotificationHistory: Attempted to add notif for locked/gone/disabled user 0
04-24 03:04:34.311   637   637 W NotificationHistory: Attempted to add notif for locked/gone/disabled user 0
04-24 03:04:34.337   637   637 W NotificationHistory: Attempted to add notif for locked/gone/disabled user 0
04-24 03:04:36.269   637   637 W NotificationHistory: Attempted to add notif for locked/gone/disabled user 0
04-24 03:04:36.290   637   637 W NotificationHistory: Attempted to add notif for locked/gone/disabled user 0
04-24 03:04:36.312   637   637 W NotificationHistory: Attempted to add notif for locked/gone/disabled user 0
04-24 03:04:36.332   637   637 W NotificationHistory: Attempted to add notif for locked/gone/disabled user 0
04-24 03:04:38.263   637   637 W NotificationHistory: Attempted to add notif for locked/gone/disabled user 0
04-24 03:04:38.287   637   637 W NotificationHistory: Attempted to add notif for locked/gone/disabled user 0
04-24 03:04:38.311   637   637 W NotificationHistory: Attempted to add notif for locked/gone/disabled user 0
04-24 03:04:38.337   637   637 W NotificationHistory: Attempted to add notif for locked/gone/disabled user 0
04-24 03:04:40.271   637   637 W NotificationHistory: Attempted to add notif for locked/gone/disabled user 0
04-24 03:04:40.294   637   637 W NotificationHistory: Attempted to add notif for locked/gone/disabled user 0
04-24 03:04:40.316   637   637 W NotificationHistory: Attempted to add notif for locked/gone/disabled user 0
04-24 03:04:40.344   637   637 W NotificationHistory: Attempted to add notif for locked/gone/disabled user 0
04-24 03:04:41.245   637   799 W ProcessStats: Tracking association SourceState{d2c3c18 system/1000 BTopFgs #299072} whose proc state 2 is better than process ProcessState{c1d8351 com.google.android.gms.persistent/10051 pkg=com.google.android.gms} proc state 3 (2 skipped)
04-24 03:04:42.270   637   637 W NotificationHistory: Attempted to add notif for locked/gone/disabled user 0
04-24 03:04:42.292   637   637 W NotificationHistory: Attempted to add notif for locked/gone/disabled user 0
04-24 03:04:42.324   637   637 W NotificationHistory: Attempted to add notif for locked/gone/disabled user 0
04-24 03:04:42.345   637   637 W NotificationHistory: Attempted to add notif for locked/gone/disabled user 0
04-24 03:04:44.287   637   637 W NotificationHistory: Attempted to add notif for locked/gone/disabled user 0
04-24 03:04:44.310   637   637 W NotificationHistory: Attempted to add notif for locked/gone/disabled user 0
04-24 03:04:44.329   637   637 W NotificationHistory: Attempted to add notif for locked/gone/disabled user 0
04-24 03:04:44.348   637   637 W NotificationHistory: Attempted to add notif for locked/gone/disabled user 0
04-24 03:04:46.271   637   637 W NotificationHistory: Attempted to add notif for locked/gone/disabled user 0
04-24 03:04:46.292   637   637 W NotificationHistory: Attempted to add notif for locked/gone/disabled user 0
04-24 03:04:46.315   637   637 W NotificationHistory: Attempted to add notif for locked/gone/disabled user 0
04-24 03:04:46.342   637   637 W NotificationHistory: Attempted to add notif for locked/gone/disabled user 0
04-24 03:04:48.273   637   637 W NotificationHistory: Attempted to add notif for locked/gone/disabled user 0
04-24 03:04:48.294   637   637 W NotificationHistory: Attempted to add notif for locked/gone/disabled user 0
04-24 03:04:48.321   637   637 W NotificationHistory: Attempted to add notif for locked/gone/disabled user 0
04-24 03:04:48.334   637   637 W NotificationHistory: Attempted to add notif for locked/gone/disabled user 0
04-24 03:04:50.272   637   637 W NotificationHistory: Attempted to add notif for locked/gone/disabled user 0
04-24 03:04:50.296   637   637 W NotificationHistory: Attempted to add notif for locked/gone/disabled user 0
04-24 03:04:50.326   637   637 W NotificationHistory: Attempted to add notif for locked/gone/disabled user 0
04-24 03:04:50.349   637   637 W NotificationHistory: Attempted to add notif for locked/gone/disabled user 0
04-24 03:04:52.280   637   637 W NotificationHistory: Attempted to add notif for locked/gone/disabled user 0
04-24 03:04:52.303   637   637 W NotificationHistory: Attempted to add notif for locked/gone/disabled user 0
04-24 03:04:52.326   637   637 W NotificationHistory: Attempted to add notif for locked/gone/disabled user 0
04-24 03:04:52.344   637   637 W NotificationHistory: Attempted to add notif for locked/gone/disabled user 0
04-24 03:04:52.744   637   662 W ProcessStats: Tracking association SourceState{d2c3c18 system/1000 BTopFgs #299073} whose proc state 2 is better than process ProcessState{c1d8351 com.google.android.gms.persistent/10051 pkg=com.google.android.gms} proc state 3 (2 skipped)
04-24 03:04:52.885   637   650 D ActivityManager: pid 1946 com.google.android.gms.unstable  received sync transactions while frozen, killing
04-24 03:04:52.885   637   650 I ActivityManager: Killing 1946:com.google.android.gms.unstable/u0a51 (adj 0): Sync transaction while in frozen state
04-24 03:04:52.891   637   650 D ActivityManager: pid 1946 com.google.android.gms.unstable  received async transactions while frozen
04-24 03:04:52.894   637   650 W ActivityManager: Application dead when creating service ServiceRecord{8178625 u0 com.google.android.gms/.droidguard.DroidGuardService}
04-24 03:04:52.895   637   650 W ActivityManager: Scheduling restart of crashed service com.google.android.gms/.droidguard.DroidGuardService in 1000ms for connection
04-24 03:04:52.902   637   650 W ActivityManager: Scheduling restart of crashed service com.google.android.gms/.droidguard.DroidGuardService in 4000ms for always
04-24 03:04:52.910   637   650 W ActivityManager: Exception when starting service com.google.android.gms/.droidguard.DroidGuardService
04-24 03:04:52.910   637   650 W ActivityManager: android.os.DeadObjectException
04-24 03:04:52.910   637   650 W ActivityManager: 	at android.os.BinderProxy.transactNative(Native Method)
04-24 03:04:52.910   637   650 W ActivityManager: 	at android.os.BinderProxy.transact(BinderProxy.java:571)
04-24 03:04:52.910   637   650 W ActivityManager: 	at android.app.IApplicationThread$Stub$Proxy.scheduleCreateService(IApplicationThread.java:1520)
04-24 03:04:52.910   637   650 W ActivityManager: 	at com.android.server.am.ActiveServices.realStartServiceLocked(ActiveServices.java:3945)
04-24 03:04:52.910   637   650 W ActivityManager: 	at com.android.server.am.ActiveServices.bringUpServiceLocked(ActiveServices.java:3809)
04-24 03:04:52.910   637   650 W ActivityManager: 	at com.android.server.am.ActiveServices.bindServiceLocked(ActiveServices.java:2819)
04-24 03:04:52.910   637   650 W ActivityManager: 	at com.android.server.am.ActivityManagerService.bindIsolatedService(ActivityManagerService.java:11994)
04-24 03:04:52.910   637   650 W ActivityManager: 	at android.app.IActivityManager$Stub.onTransact(IActivityManager.java:2608)
04-24 03:04:52.910   637   650 W ActivityManager: 	at com.android.server.am.ActivityManagerService.onTransact(ActivityManagerService.java:2498)
04-24 03:04:52.910   637   650 W ActivityManager: 	at android.os.Binder.execTransactInternal(Binder.java:1179)
04-24 03:04:52.910   637   650 W ActivityManager: 	at android.os.Binder.execTransact(Binder.java:1143)
04-24 03:04:52.946   637   799 V ActivityManager: Got obituary of 1946:com.google.android.gms.unstable
04-24 03:04:54.262   637   637 W NotificationHistory: Attempted to add notif for locked/gone/disabled user 0
04-24 03:04:54.290   637   637 W NotificationHistory: Attempted to add notif for locked/gone/disabled user 0
04-24 03:04:54.316   637   637 W NotificationHistory: Attempted to add notif for locked/gone/disabled user 0
04-24 03:04:54.341   637   637 W NotificationHistory: Attempted to add notif for locked/gone/disabled user 0
04-24 03:04:56.279   637   637 W NotificationHistory: Attempted to add notif for locked/gone/disabled user 0
04-24 03:04:56.305   637   637 W NotificationHistory: Attempted to add notif for locked/gone/disabled user 0
04-24 03:04:56.325   637   637 W NotificationHistory: Attempted to add notif for locked/gone/disabled user 0
04-24 03:04:56.346   637   637 W NotificationHistory: Attempted to add notif for locked/gone/disabled user 0
04-24 03:04:56.906   637   662 D CompatibilityChangeReporter: Compat change id reported: 135634846; UID 10051; state: DISABLED
04-24 03:04:56.907   637   663 D CompatibilityChangeReporter: Compat change id reported: 143937733; UID 10051; state: ENABLED
04-24 03:04:56.934   637   663 I ActivityManager: Start proc 2846:com.google.android.gms.unstable/u0a51 for service {com.google.android.gms/com.google.android.gms.droidguard.DroidGuardService}
04-24 03:04:58.333   637   637 W NotificationHistory: Attempted to add notif for locked/gone/disabled user 0
04-24 03:04:58.371   637   637 W NotificationHistory: Attempted to add notif for locked/gone/disabled user 0
04-24 03:04:58.408   637   637 W NotificationHistory: Attempted to add notif for locked/gone/disabled user 0
04-24 03:04:58.432   637   637 W NotificationHistory: Attempted to add notif for locked/gone/disabled user 0
04-24 03:05:00.275   637   637 W NotificationHistory: Attempted to add notif for locked/gone/disabled user 0
04-24 03:05:00.299   637   637 W NotificationHistory: Attempted to add notif for locked/gone/disabled user 0
04-24 03:05:00.327   637   637 W NotificationHistory: Attempted to add notif for locked/gone/disabled user 0
04-24 03:05:00.347   637   637 W NotificationHistory: Attempted to add notif for locked/gone/disabled user 0
04-24 03:05:02.276   637   637 W NotificationHistory: Attempted to add notif for locked/gone/disabled user 0
04-24 03:05:02.304   637   637 W NotificationHistory: Attempted to add notif for locked/gone/disabled user 0
04-24 03:05:02.339   637   637 W NotificationHistory: Attempted to add notif for locked/gone/disabled user 0
04-24 03:05:02.354   637   637 W NotificationHistory: Attempted to add notif for locked/gone/disabled user 0
04-24 03:05:02.809   637   706 W ProcessStats: Tracking association SourceState{d2c3c18 system/1000 BTopFgs #299102} whose proc state 2 is better than process ProcessState{c1d8351 com.google.android.gms.persistent/10051 pkg=com.google.android.gms} proc state 3 (77 skipped)
04-24 03:05:04.266   637   637 W NotificationHistory: Attempted to add notif for locked/gone/disabled user 0
04-24 03:05:04.289   637   637 W NotificationHistory: Attempted to add notif for locked/gone/disabled user 0
04-24 03:05:04.312   637   637 W NotificationHistory: Attempted to add notif for locked/gone/disabled user 0
04-24 03:05:04.344   637   637 W NotificationHistory: Attempted to add notif for locked/gone/disabled user 0
04-24 03:05:06.281   637   637 W NotificationHistory: Attempted to add notif for locked/gone/disabled user 0
04-24 03:05:06.307   637   637 W NotificationHistory: Attempted to add notif for locked/gone/disabled user 0
04-24 03:05:06.327   637   637 W NotificationHistory: Attempted to add notif for locked/gone/disabled user 0
04-24 03:05:06.348   637   637 W NotificationHistory: Attempted to add notif for locked/gone/disabled user 0
04-24 03:05:08.278   637   637 W NotificationHistory: Attempted to add notif for locked/gone/disabled user 0
04-24 03:05:08.314   637   637 W NotificationHistory: Attempted to add notif for locked/gone/disabled user 0
04-24 03:05:08.340   637   637 W NotificationHistory: Attempted to add notif for locked/gone/disabled user 0
04-24 03:05:08.364   637   637 W NotificationHistory: Attempted to add notif for locked/gone/disabled user 0
04-24 03:05:10.289   637   637 W NotificationHistory: Attempted to add notif for locked/gone/disabled user 0
04-24 03:05:10.323   637   637 W NotificationHistory: Attempted to add notif for locked/gone/disabled user 0
04-24 03:05:10.349   637   637 W NotificationHistory: Attempted to add notif for locked/gone/disabled user 0
04-24 03:05:10.366   637   637 W NotificationHistory: Attempted to add notif for locked/gone/disabled user 0
04-24 03:05:12.283   637   637 W NotificationHistory: Attempted to add notif for locked/gone/disabled user 0
04-24 03:05:12.305   637   637 W NotificationHistory: Attempted to add notif for locked/gone/disabled user 0
04-24 03:05:12.328   637   637 W NotificationHistory: Attempted to add notif for locked/gone/disabled user 0
04-24 03:05:12.350   637   637 W NotificationHistory: Attempted to add notif for locked/gone/disabled user 0
04-24 03:05:13.374   637  4626 W ProcessStats: Tracking association SourceState{d2c3c18 system/1000 BTopFgs #299112} whose proc state 2 is better than process ProcessState{c1d8351 com.google.android.gms.persistent/10051 pkg=com.google.android.gms} proc state 3 (20 skipped)
04-24 03:05:14.284   637   637 W NotificationHistory: Attempted to add notif for locked/gone/disabled user 0
04-24 03:05:14.295   637   637 W NotificationHistory: Attempted to add notif for locked/gone/disabled user 0
04-24 03:05:14.322   637   637 W NotificationHistory: Attempted to add notif for locked/gone/disabled user 0
