04-22 00:48:31.497 19124 22314 W ProcessStats: Tracking association SourceState{27e6cbd com.google.android.katniss:interactor/10044 BTopFgs #89831} whose proc state 2 is better than process ProcessState{abae3b1 com.google.android.tv.remote.service/10049 pkg=com.google.android.tv.remote.service} proc state 3 (64 skipped)
04-22 00:48:36.694 19124 19155 W BatteryExternalStatsWorker: error reading modem stats:ERROR_PHONE_NOT_AVAILABLE
04-22 00:49:01.490 19124 22314 W ProcessStats: Tracking association SourceState{27e6cbd com.google.android.katniss:interactor/10044 BTopFgs #89837} whose proc state 2 is better than process ProcessState{abae3b1 com.google.android.tv.remote.service/10049 pkg=com.google.android.tv.remote.service} proc state 3 (19 skipped)
04-22 00:49:44.247 19124 19147 I UsageStatsService: User[0] Flushing usage stats to disk
04-22 00:58:14.440 19124 19148 I DropBoxManagerService: add tag=system_server_wtf isTagEnabled=true flags=0x2
04-22 00:58:14.450 19124 19148 W ProcessStats: Tracking association SourceState{27e6cbd com.google.android.katniss:interactor/10044 BTopFgs #89839} whose proc state 2 is better than process ProcessState{abae3b1 com.google.android.tv.remote.service/10049 pkg=com.google.android.tv.remote.service} proc state 3 (9 skipped)
04-22 00:58:16.449 19124 19148 W BroadcastQueue: Background execution not allowed: receiving Intent { act=android.intent.action.DROPBOX_ENTRY_ADDED flg=0x10 (has extras) } to com.google.android.gms/.stats.service.DropBoxEntryAddedReceiver
04-22 00:58:16.449 19124 19148 W BroadcastQueue: Background execution not allowed: receiving Intent { act=android.intent.action.DROPBOX_ENTRY_ADDED flg=0x10 (has extras) } to com.google.android.gms/.chimera.GmsIntentOperationService$PersistentTrustedReceiver
04-22 00:58:31.581 19124 22551 W ProcessStats: Tracking association SourceState{27e6cbd com.google.android.katniss:interactor/10044 BTopFgs #89863} whose proc state 2 is better than process ProcessState{abae3b1 com.google.android.tv.remote.service/10049 pkg=com.google.android.tv.remote.service} proc state 3 (59 skipped)
04-22 00:58:46.008 19124 22314 W ProcessStats: Tracking association SourceState{a7eff1a com.google.android.katniss:interactor/10044 BTopFgs #89883} whose proc state 2 is better than process ProcessState{d5b55e7 com.google.android.gms.persistent/10051 pkg=com.google.android.gms} proc state 3 (68 skipped)
04-22 00:58:56.061 19124 22551 W ProcessStats: Tracking association SourceState{27e6cbd com.google.android.katniss:interactor/10044 BTopFgs #89888} whose proc state 2 is better than process ProcessState{abae3b1 com.google.android.tv.remote.service/10049 pkg=com.google.android.tv.remote.service} proc state 3 (11 skipped)
04-22 01:08:14.465 19124 19148 I DropBoxManagerService: add tag=system_server_wtf isTagEnabled=true flags=0x2
04-22 01:08:14.469 19124 19148 W ProcessStats: Tracking association SourceState{27e6cbd com.google.android.katniss:interactor/10044 BTopFgs #89894} whose proc state 2 is better than process ProcessState{abae3b1 com.google.android.tv.remote.service/10049 pkg=com.google.android.tv.remote.service} proc state 3 (19 skipped)
04-22 01:08:16.470 19124 19148 W BroadcastQueue: Background execution not allowed: receiving Intent { act=android.intent.action.DROPBOX_ENTRY_ADDED flg=0x10 (has extras) } to com.google.android.gms/.stats.service.DropBoxEntryAddedReceiver
04-22 01:08:16.470 19124 19148 W BroadcastQueue: Background execution not allowed: receiving Intent { act=android.intent.action.DROPBOX_ENTRY_ADDED flg=0x10 (has extras) } to com.google.android.gms/.chimera.GmsIntentOperationService$PersistentTrustedReceiver
04-22 01:08:31.608 19124 26713 W ProcessStats: Tracking association SourceState{27e6cbd com.google.android.katniss:interactor/10044 BTopFgs #89918} whose proc state 2 is better than process ProcessState{abae3b1 com.google.android.tv.remote.service/10049 pkg=com.google.android.tv.remote.service} proc state 3 (59 skipped)
04-22 01:09:24.622 19124 19148 W ProcessStats: Tracking association SourceState{27e6cbd com.google.android.katniss:interactor/10044 BTopFgs #89924} whose proc state 2 is better than process ProcessState{abae3b1 com.google.android.tv.remote.service/10049 pkg=com.google.android.tv.remote.service} proc state 3 (19 skipped)
04-22 01:09:34.687 19124 19187 W ProcessStats: Tracking association SourceState{27e6cbd com.google.android.katniss:interactor/10044 BTopFgs #89931} whose proc state 2 is better than process ProcessState{abae3b1 com.google.android.tv.remote.service/10049 pkg=com.google.android.tv.remote.service} proc state 3 (24 skipped)
04-22 01:09:44.339 19124 19147 I UsageStatsService: User[0] Flushing usage stats to disk
04-22 01:18:14.478 19124 19148 W ProcessStats: Tracking association SourceState{27e6cbd com.google.android.katniss:interactor/10044 BTopFgs #89935} whose proc state 2 is better than process ProcessState{abae3b1 com.google.android.tv.remote.service/10049 pkg=com.google.android.tv.remote.service} proc state 3 (14 skipped)
04-22 01:18:14.484 19124 19148 I DropBoxManagerService: add tag=system_server_wtf isTagEnabled=true flags=0x2
04-22 01:18:16.490 19124 19148 W BroadcastQueue: Background execution not allowed: receiving Intent { act=android.intent.action.DROPBOX_ENTRY_ADDED flg=0x10 (has extras) } to com.google.android.gms/.stats.service.DropBoxEntryAddedReceiver
04-22 01:18:16.491 19124 19148 W BroadcastQueue: Background execution not allowed: receiving Intent { act=android.intent.action.DROPBOX_ENTRY_ADDED flg=0x10 (has extras) } to com.google.android.gms/.chimera.GmsIntentOperationService$PersistentTrustedReceiver
04-22 01:18:31.609 19124 22314 W ProcessStats: Tracking association SourceState{27e6cbd com.google.android.katniss:interactor/10044 BTopFgs #89960} whose proc state 2 is better than process ProcessState{abae3b1 com.google.android.tv.remote.service/10049 pkg=com.google.android.tv.remote.service} proc state 3 (64 skipped)
04-22 01:18:36.722 19124 19155 W BatteryExternalStatsWorker: error reading modem stats:ERROR_PHONE_NOT_AVAILABLE
04-22 01:28:14.553 19124 19148 I DropBoxManagerService: add tag=system_server_wtf isTagEnabled=true flags=0x2
04-22 01:28:14.558 19124 19148 W ProcessStats: Tracking association SourceState{27e6cbd com.google.android.katniss:interactor/10044 BTopFgs #89966} whose proc state 2 is better than process ProcessState{abae3b1 com.google.android.tv.remote.service/10049 pkg=com.google.android.tv.remote.service} proc state 3 (19 skipped)
04-22 01:28:16.559 19124 19148 W BroadcastQueue: Background execution not allowed: receiving Intent { act=android.intent.action.DROPBOX_ENTRY_ADDED flg=0x10 (has extras) } to com.google.android.gms/.stats.service.DropBoxEntryAddedReceiver
04-22 01:28:16.560 19124 19148 W BroadcastQueue: Background execution not allowed: receiving Intent { act=android.intent.action.DROPBOX_ENTRY_ADDED flg=0x10 (has extras) } to com.google.android.gms/.chimera.GmsIntentOperationService$PersistentTrustedReceiver
04-22 01:28:31.689 19124 26713 W ProcessStats: Tracking association SourceState{27e6cbd com.google.android.katniss:interactor/10044 BTopFgs #89990} whose proc state 2 is better than process ProcessState{abae3b1 com.google.android.tv.remote.service/10049 pkg=com.google.android.tv.remote.service} proc state 3 (59 skipped)
04-22 01:28:46.388 19124 22551 W ProcessStats: Tracking association SourceState{a7eff1a com.google.android.katniss:interactor/10044 BTopFgs #90010} whose proc state 2 is better than process ProcessState{d5b55e7 com.google.android.gms.persistent/10051 pkg=com.google.android.gms} proc state 3 (68 skipped)
04-22 01:28:56.427 19124 22314 W ProcessStats: Tracking association SourceState{27e6cbd com.google.android.katniss:interactor/10044 BTopFgs #90015} whose proc state 2 is better than process ProcessState{abae3b1 com.google.android.tv.remote.service/10049 pkg=com.google.android.tv.remote.service} proc state 3 (11 skipped)
04-22 01:29:44.491 19124 19147 I UsageStatsService: User[0] Flushing usage stats to disk
04-22 01:38:14.572 19124 19148 I DropBoxManagerService: add tag=system_server_wtf isTagEnabled=true flags=0x2
04-22 01:38:14.576 19124 19148 W ProcessStats: Tracking association SourceState{27e6cbd com.google.android.katniss:interactor/10044 BTopFgs #90021} whose proc state 2 is better than process ProcessState{abae3b1 com.google.android.tv.remote.service/10049 pkg=com.google.android.tv.remote.service} proc state 3 (19 skipped)
04-22 01:38:16.577 19124 19148 W BroadcastQueue: Background execution not allowed: receiving Intent { act=android.intent.action.DROPBOX_ENTRY_ADDED flg=0x10 (has extras) } to com.google.android.gms/.stats.service.DropBoxEntryAddedReceiver
04-22 01:38:16.579 19124 19148 W BroadcastQueue: Background execution not allowed: receiving Intent { act=android.intent.action.DROPBOX_ENTRY_ADDED flg=0x10 (has extras) } to com.google.android.gms/.chimera.GmsIntentOperationService$PersistentTrustedReceiver
04-22 01:38:24.753 19124 19187 W ProcessStats: Tracking association SourceState{27e6cbd com.google.android.katniss:interactor/10044 BTopFgs #90050} whose proc state 2 is better than process ProcessState{abae3b1 com.google.android.tv.remote.service/10049 pkg=com.google.android.tv.remote.service} proc state 3 (79 skipped)
04-22 01:48:09.745 19124 19148 W ProcessStats: Tracking association SourceState{27e6cbd com.google.android.katniss:interactor/10044 BTopFgs #90059} whose proc state 2 is better than process ProcessState{abae3b1 com.google.android.tv.remote.service/10049 pkg=com.google.android.tv.remote.service} proc state 3 (29 skipped)
04-22 01:48:09.771 19928 19928 W ContextImpl: Calling a method in the system process without a qualified user: android.app.ContextImpl.startService:1817 android.content.ContextWrapper.startService:776 com.sagemcom.ota.apk.ApkUpgradeService.r:23 com.sagemcom.ota.apk.ApkUpgradeService.k:102 com.sagemcom.ota.apk.ApkUpgradeService.onStartCommand:56 
04-22 01:48:09.863 19124 22314 I ActivityManager: Process com.alticelabs.meo.androidtv (pid 24001) has died: fg  RCVR
04-22 01:48:09.866 19124 22429 I WindowManager: WIN DEATH: Window{dbb8f4b u0 com.alticelabs.meo.androidtv/com.alticelabs.meo.androidtv.features.news.ui.NewsActivity}
04-22 01:48:09.875 19124 19142 W ActivityManager: setHasOverlayUi called on unknown pid: 24001
04-22 01:48:09.877 19124 19147 W UsageStatsService: Unexpected activity event reported! (com.alticelabs.meo.androidtv/com.alticelabs.meo.androidtv.features.news.ui.NewsActivity event : 23 instanceId : 156213145)
04-22 01:48:10.760 19928 19928 W ContextImpl: Calling a method in the system process without a qualified user: android.app.ContextImpl.startService:1817 android.content.ContextWrapper.startService:776 com.sagemcom.ota.request.RequestsManager.b:65 com.sagemcom.ota.request.RequestsManager.a:0 com.sagemcom.ota.request.e.b:297 
04-22 01:48:14.588 19124 19148 I DropBoxManagerService: add tag=system_server_wtf isTagEnabled=true flags=0x2
04-22 01:48:16.598 19124 19148 W BroadcastQueue: Background execution not allowed: receiving Intent { act=android.intent.action.DROPBOX_ENTRY_ADDED flg=0x10 (has extras) } to com.google.android.gms/.stats.service.DropBoxEntryAddedReceiver
04-22 01:48:16.599 19124 19148 W BroadcastQueue: Background execution not allowed: receiving Intent { act=android.intent.action.DROPBOX_ENTRY_ADDED flg=0x10 (has extras) } to com.google.android.gms/.chimera.GmsIntentOperationService$PersistentTrustedReceiver
04-22 01:48:23.671 19124 22551 W ProcessStats: Tracking association SourceState{3f6ac31 system/1000 BTopFgs #90090} whose proc state 2 is better than process ProcessState{d5b55e7 com.google.android.gms.persistent/10051 pkg=com.google.android.gms} proc state 3 (79 skipped)
04-22 01:48:36.753 19124 19155 W BatteryExternalStatsWorker: error reading modem stats:ERROR_PHONE_NOT_AVAILABLE
04-22 01:49:01.601 19124 19907 W ProcessStats: Tracking association SourceState{3f6ac31 system/1000 BTopFgs #90100} whose proc state 2 is better than process ProcessState{d5b55e7 com.google.android.gms.persistent/10051 pkg=com.google.android.gms} proc state 3 (34 skipped)
04-22 01:49:44.646 19124 19147 I UsageStatsService: User[0] Flushing usage stats to disk
04-22 01:58:14.613 19124 19148 I DropBoxManagerService: add tag=system_server_wtf isTagEnabled=true flags=0x2
04-22 01:58:14.619 19124 19148 W ProcessStats: Tracking association SourceState{3f6ac31 system/1000 BTopFgs #90102} whose proc state 2 is better than process ProcessState{d5b55e7 com.google.android.gms.persistent/10051 pkg=com.google.android.gms} proc state 3 (9 skipped)
04-22 01:58:16.620 19124 19148 W BroadcastQueue: Background execution not allowed: receiving Intent { act=android.intent.action.DROPBOX_ENTRY_ADDED flg=0x10 (has extras) } to com.google.android.gms/.stats.service.DropBoxEntryAddedReceiver
04-22 01:58:16.621 19124 19148 W BroadcastQueue: Background execution not allowed: receiving Intent { act=android.intent.action.DROPBOX_ENTRY_ADDED flg=0x10 (has extras) } to com.google.android.gms/.chimera.GmsIntentOperationService$PersistentTrustedReceiver
04-22 01:58:31.736 19124 19907 W ProcessStats: Tracking association SourceState{3f6ac31 system/1000 BTopFgs #90126} whose proc state 2 is better than process ProcessState{d5b55e7 com.google.android.gms.persistent/10051 pkg=com.google.android.gms} proc state 3 (59 skipped)
04-22 01:58:41.753 19124 25860 W ProcessStats: Tracking association SourceState{2a2ffc8 com.google.android.katniss:interactor/10044 BTopFgs #90133} whose proc state 2 is better than process ProcessState{d5b55e7 com.google.android.gms.persistent/10051 pkg=com.google.android.gms} proc state 3 (19 skipped)
04-22 01:58:56.819 19124 19184 W ProcessStats: Tracking association SourceState{3f6ac31 system/1000 BTopFgs #90151} whose proc state 2 is better than process ProcessState{d5b55e7 com.google.android.gms.persistent/10051 pkg=com.google.android.gms} proc state 3 (60 skipped)
04-22 02:07:04.782 19124 19148 W ProcessStats: Tracking association SourceState{3f6ac31 system/1000 BTopFgs #90157} whose proc state 2 is better than process ProcessState{d5b55e7 com.google.android.gms.persistent/10051 pkg=com.google.android.gms} proc state 3 (19 skipped)
04-22 02:07:14.841 19124 19187 W ProcessStats: Tracking association SourceState{3f6ac31 system/1000 BTopFgs #90164} whose proc state 2 is better than process ProcessState{d5b55e7 com.google.android.gms.persistent/10051 pkg=com.google.android.gms} proc state 3 (24 skipped)
04-22 02:08:14.637 19124 19148 I DropBoxManagerService: add tag=system_server_wtf isTagEnabled=true flags=0x2
04-22 02:08:14.654 19124 19148 W ProcessStats: Tracking association SourceState{3f6ac31 system/1000 BTopFgs #90168} whose proc state 2 is better than process ProcessState{d5b55e7 com.google.android.gms.persistent/10051 pkg=com.google.android.gms} proc state 3 (14 skipped)
04-22 02:08:16.648 19124 19148 W BroadcastQueue: Background execution not allowed: receiving Intent { act=android.intent.action.DROPBOX_ENTRY_ADDED flg=0x10 (has extras) } to com.google.android.gms/.stats.service.DropBoxEntryAddedReceiver
04-22 02:08:16.648 19124 19148 W BroadcastQueue: Background execution not allowed: receiving Intent { act=android.intent.action.DROPBOX_ENTRY_ADDED flg=0x10 (has extras) } to com.google.android.gms/.chimera.GmsIntentOperationService$PersistentTrustedReceiver
04-22 02:08:31.775 19124 22551 W ProcessStats: Tracking association SourceState{3f6ac31 system/1000 BTopFgs #90192} whose proc state 2 is better than process ProcessState{d5b55e7 com.google.android.gms.persistent/10051 pkg=com.google.android.gms} proc state 3 (59 skipped)
04-22 02:09:44.806 19124 19147 I UsageStatsService: User[0] Flushing usage stats to disk
04-22 02:18:14.665 19124 19148 W ProcessStats: Tracking association SourceState{3f6ac31 system/1000 BTopFgs #90198} whose proc state 2 is better than process ProcessState{d5b55e7 com.google.android.gms.persistent/10051 pkg=com.google.android.gms} proc state 3 (19 skipped)
04-22 02:18:14.671 19124 19148 I DropBoxManagerService: add tag=system_server_wtf isTagEnabled=true flags=0x2
04-22 02:18:16.677 19124 19148 W BroadcastQueue: Background execution not allowed: receiving Intent { act=android.intent.action.DROPBOX_ENTRY_ADDED flg=0x10 (has extras) } to com.google.android.gms/.stats.service.DropBoxEntryAddedReceiver
04-22 02:18:16.678 19124 19148 W BroadcastQueue: Background execution not allowed: receiving Intent { act=android.intent.action.DROPBOX_ENTRY_ADDED flg=0x10 (has extras) } to com.google.android.gms/.chimera.GmsIntentOperationService$PersistentTrustedReceiver
04-22 02:18:31.810 19124 19184 W ProcessStats: Tracking association SourceState{3f6ac31 system/1000 BTopFgs #90223} whose proc state 2 is better than process ProcessState{d5b55e7 com.google.android.gms.persistent/10051 pkg=com.google.android.gms} proc state 3 (64 skipped)
04-22 02:18:36.781 19124 19155 W BatteryExternalStatsWorker: error reading modem stats:ERROR_PHONE_NOT_AVAILABLE
04-22 02:28:14.768 19124 19148 I DropBoxManagerService: add tag=system_server_wtf isTagEnabled=true flags=0x2
04-22 02:28:14.774 19124 19148 W ProcessStats: Tracking association SourceState{3f6ac31 system/1000 BTopFgs #90229} whose proc state 2 is better than process ProcessState{d5b55e7 com.google.android.gms.persistent/10051 pkg=com.google.android.gms} proc state 3 (19 skipped)
04-22 02:28:16.776 19124 19148 W BroadcastQueue: Background execution not allowed: receiving Intent { act=android.intent.action.DROPBOX_ENTRY_ADDED flg=0x10 (has extras) } to com.google.android.gms/.stats.service.DropBoxEntryAddedReceiver
04-22 02:28:16.777 19124 19148 W BroadcastQueue: Background execution not allowed: receiving Intent { act=android.intent.action.DROPBOX_ENTRY_ADDED flg=0x10 (has extras) } to com.google.android.gms/.chimera.GmsIntentOperationService$PersistentTrustedReceiver
04-22 02:28:31.887 19124 19184 W ProcessStats: Tracking association SourceState{3f6ac31 system/1000 BTopFgs #90253} whose proc state 2 is better than process ProcessState{d5b55e7 com.google.android.gms.persistent/10051 pkg=com.google.android.gms} proc state 3 (59 skipped)
04-22 02:28:42.121 19124 19184 W ProcessStats: Tracking association SourceState{2a2ffc8 com.google.android.katniss:interactor/10044 BTopFgs #90260} whose proc state 2 is better than process ProcessState{d5b55e7 com.google.android.gms.persistent/10051 pkg=com.google.android.gms} proc state 3 (19 skipped)
04-22 02:28:57.195 19124 26713 W ProcessStats: Tracking association SourceState{3f6ac31 system/1000 BTopFgs #90278} whose proc state 2 is better than process ProcessState{d5b55e7 com.google.android.gms.persistent/10051 pkg=com.google.android.gms} proc state 3 (60 skipped)
04-22 02:29:44.971 19124 19147 I UsageStatsService: User[0] Flushing usage stats to disk
04-22 02:35:54.864 19124 19148 W ProcessStats: Tracking association SourceState{3f6ac31 system/1000 BTopFgs #90284} whose proc state 2 is better than process ProcessState{d5b55e7 com.google.android.gms.persistent/10051 pkg=com.google.android.gms} proc state 3 (19 skipped)
04-22 02:36:04.923 19124 19187 W ProcessStats: Tracking association SourceState{3f6ac31 system/1000 BTopFgs #90291} whose proc state 2 is better than process ProcessState{d5b55e7 com.google.android.gms.persistent/10051 pkg=com.google.android.gms} proc state 3 (24 skipped)
04-22 02:38:14.789 19124 19148 I DropBoxManagerService: add tag=system_server_wtf isTagEnabled=true flags=0x2
04-22 02:38:14.796 19124 19148 W ProcessStats: Tracking association SourceState{3f6ac31 system/1000 BTopFgs #90295} whose proc state 2 is better than process ProcessState{d5b55e7 com.google.android.gms.persistent/10051 pkg=com.google.android.gms} proc state 3 (14 skipped)
04-22 02:38:16.796 19124 19148 W BroadcastQueue: Background execution not allowed: receiving Intent { act=android.intent.action.DROPBOX_ENTRY_ADDED flg=0x10 (has extras) } to com.google.android.gms/.stats.service.DropBoxEntryAddedReceiver
04-22 02:38:16.797 19124 19148 W BroadcastQueue: Background execution not allowed: receiving Intent { act=android.intent.action.DROPBOX_ENTRY_ADDED flg=0x10 (has extras) } to com.google.android.gms/.chimera.GmsIntentOperationService$PersistentTrustedReceiver
04-22 02:38:31.926 19124 19907 W ProcessStats: Tracking association SourceState{3f6ac31 system/1000 BTopFgs #90319} whose proc state 2 is better than process ProcessState{d5b55e7 com.google.android.gms.persistent/10051 pkg=com.google.android.gms} proc state 3 (59 skipped)
04-22 02:48:14.805 19124 19148 W ProcessStats: Tracking association SourceState{3f6ac31 system/1000 BTopFgs #90325} whose proc state 2 is better than process ProcessState{d5b55e7 com.google.android.gms.persistent/10051 pkg=com.google.android.gms} proc state 3 (19 skipped)
04-22 02:48:14.811 19124 19148 I DropBoxManagerService: add tag=system_server_wtf isTagEnabled=true flags=0x2
04-22 02:48:16.819 19124 19148 W BroadcastQueue: Background execution not allowed: receiving Intent { act=android.intent.action.DROPBOX_ENTRY_ADDED flg=0x10 (has extras) } to com.google.android.gms/.stats.service.DropBoxEntryAddedReceiver
04-22 02:48:16.819 19124 19148 W BroadcastQueue: Background execution not allowed: receiving Intent { act=android.intent.action.DROPBOX_ENTRY_ADDED flg=0x10 (has extras) } to com.google.android.gms/.chimera.GmsIntentOperationService$PersistentTrustedReceiver
04-22 02:48:31.941 19124 19184 W ProcessStats: Tracking association SourceState{3f6ac31 system/1000 BTopFgs #90350} whose proc state 2 is better than process ProcessState{d5b55e7 com.google.android.gms.persistent/10051 pkg=com.google.android.gms} proc state 3 (64 skipped)
04-22 02:48:32.247 19124 19141 I EntropyMixer: Writing entropy...
04-22 02:48:36.811 19124 19155 W BatteryExternalStatsWorker: error reading modem stats:ERROR_PHONE_NOT_AVAILABLE
04-22 02:49:01.725 19124 19184 W ProcessStats: Tracking association SourceState{3f6ac31 system/1000 BTopFgs #90356} whose proc state 2 is better than process ProcessState{d5b55e7 com.google.android.gms.persistent/10051 pkg=com.google.android.gms} proc state 3 (19 skipped)
04-22 02:49:45.134 19124 19147 I UsageStatsService: User[0] Flushing usage stats to disk
04-22 02:49:53.425 19124 19148 W ProcessStats: Tracking association SourceState{3f6ac31 system/1000 BTopFgs #90358} whose proc state 2 is better than process ProcessState{d5b55e7 com.google.android.gms.persistent/10051 pkg=com.google.android.gms} proc state 3 (9 skipped)
04-22 02:49:53.497 19124 20778 W BroadcastQueue: Background execution not allowed: receiving Intent { act=android.intent.action.DATE_CHANGED flg=0x20200010 } to com.google.android.gms/.chimera.GmsIntentOperationService$PersistentTrustedReceiver
04-22 02:49:53.500 19124 19148 D CompatibilityChangeReporter: Compat change id reported: 135634846; UID 10022; state: DISABLED
04-22 02:49:53.500 19124 19148 D CompatibilityChangeReporter: Compat change id reported: 177438394; UID 10022; state: DISABLED
04-22 02:49:53.500 19124 19148 D CompatibilityChangeReporter: Compat change id reported: 135772972; UID 10022; state: DISABLED
04-22 02:49:53.500 19124 19148 D CompatibilityChangeReporter: Compat change id reported: 135754954; UID 10022; state: ENABLED
04-22 02:49:53.501 19124 19149 D CompatibilityChangeReporter: Compat change id reported: 143937733; UID 10022; state: ENABLED
04-22 02:49:53.541 19124 19149 I ActivityManager: Start proc 26516:com.android.providers.calendar/u0a22 for broadcast {com.android.providers.calendar/com.android.providers.calendar.CalendarProviderBroadcastReceiver}
04-22 02:49:53.568 19124 20778 D ActivityManager: sync unfroze 24944 android.process.media
04-22 02:49:53.597 19124 19124 D ActivityManager: sync unfroze 25373 com.google.android.katniss:search
04-22 02:49:53.633 19124 20778 D CompatibilityChangeReporter: Compat change id reported: 168419799; UID 10022; state: DISABLED
04-22 02:49:53.657 19124 19124 W Looper  : Slow dispatch took 100ms main h=com.android.server.job.JobSchedulerService$JobHandler c=null m=1
04-22 02:49:53.668 19124 22314 D CompatibilityChangeReporter: Compat change id reported: 135634846; UID 10024; state: DISABLED
04-22 02:49:53.669 19124 19149 D CompatibilityChangeReporter: Compat change id reported: 143937733; UID 10024; state: ENABLED
04-22 02:49:53.707 19124 19149 I ActivityManager: Start proc 26531:com.alticelabs.meo.androidtv/u0a24 for service {com.alticelabs.meo.androidtv/com.alticelabs.meo.androidtv.features.assistant.services.OperatorAuthService}
04-22 02:49:53.733 19124 19907 I ActivityManager: com.android.vending is exempt from freezer
04-22 02:49:53.733 19124 19907 D CompatibilityChangeReporter: Compat change id reported: 135634846; UID 10050; state: DISABLED
04-22 02:49:53.734 19124 19149 D CompatibilityChangeReporter: Compat change id reported: 143937733; UID 10050; state: ENABLED
04-22 02:49:53.781 19124 19149 I ActivityManager: Start proc 26542:com.android.vending/u0a50 for content provider {com.android.vending/com.google.android.finsky.tvaccountcontentprovider.TvAccountContentProvider}
04-22 02:49:53.785 19124 19149 W ActivityManager: Slow operation: 54ms so far, now at startProcess: done updating pids map
04-22 02:49:53.828 19124 26713 D CompatibilityChangeReporter: Compat change id reported: 174042980; UID 10024; state: DISABLED
04-22 02:49:53.829 19124 26713 D CompatibilityChangeReporter: Compat change id reported: 184838306; UID 10024; state: DISABLED
04-22 02:49:53.832 19124 26713 D CompatibilityChangeReporter: Compat change id reported: 185004937; UID 10024; state: DISABLED
04-22 02:49:53.833 19124 26713 D CompatibilityChangeReporter: Compat change id reported: 181136395; UID 10024; state: DISABLED
04-22 02:49:53.834 19124 26713 D CompatibilityChangeReporter: Compat change id reported: 174042936; UID 10024; state: DISABLED
04-22 02:49:53.905 19124 19124 I ActivityManager: com.android.vending is exempt from freezer
04-22 02:49:53.905 19124 19124 D CompatibilityChangeReporter: Compat change id reported: 135634846; UID 10050; state: DISABLED
04-22 02:49:53.907 19124 19149 D CompatibilityChangeReporter: Compat change id reported: 143937733; UID 10050; state: ENABLED
04-22 02:49:53.960 19124 19149 W ActivityManager: Slow operation: 55ms so far, now at startProcess: returned from zygote!
04-22 02:49:53.960 19124 19149 W ActivityManager: Slow operation: 55ms so far, now at startProcess: done updating battery stats
04-22 02:49:53.960 19124 19149 W ActivityManager: Slow operation: 55ms so far, now at startProcess: building log message
04-22 02:49:53.960 19124 19149 I ActivityManager: Start proc 26576:com.android.vending:instant_app_installer/u0a50 for service {com.android.vending/com.google.android.finsky.instantapps.metrics.LogFlushJob}
04-22 02:49:53.960 19124 19149 W ActivityManager: Slow operation: 56ms so far, now at startProcess: starting to update pids map
04-22 02:49:53.961 19124 19149 W ActivityManager: Slow operation: 56ms so far, now at startProcess: done updating pids map
04-22 02:49:54.118 19124 22314 D CompatibilityChangeReporter: Compat change id reported: 143231523; UID 10022; state: DISABLED
04-22 02:49:54.308 19124 22429 D ActivityManager: sync unfroze 19870 com.google.process.gservices
04-22 02:49:54.363 19124 19142 W ActivityTaskManager: Activity top resumed state loss timeout for ActivityRecord{2ddc25e u0 com.alticelabs.meo.androidtv/.features.news.ui.NewsActivity t400}
04-22 02:49:54.363 19124 19142 W ActivityTaskManager: Activity pause timeout for ActivityRecord{2ddc25e u0 com.alticelabs.meo.androidtv/.features.news.ui.NewsActivity t400}
04-22 02:49:54.662 19124 25860 D ActivityManager: sync unfroze 18452 com.google.process.gapps
04-22 02:49:55.152 19124 20776 I ActivityManager: Process com.google.android.gms.persistent (pid 7405) has died: fg  FGS 
04-22 02:49:55.158 19124 20776 I ActivityManager: Killing 26542:com.android.vending/u0a50 (adj 250): depends on provider com.google.android.gms/.chimera.container.GmsModuleProvider in dying proc com.google.android.gms.persistent (adj -10000)
04-22 02:49:55.166 20039 20039 I ActivityThread: Removing dead content provider:android.content.ContentProviderProxy@76db62e
04-22 02:49:55.166 25373 25373 I ActivityThread: Removing dead content provider:android.content.ContentProviderProxy@10474e
04-22 02:49:55.168 19124 20776 W ActivityManager: Scheduling restart of crashed service com.google.android.gms/.tron.CollectionService in 1000ms for start-requested
04-22 02:49:55.168 19124 20776 W ActivityManager: Scheduling restart of crashed service com.google.android.gms/.gcm.GcmService in 11000ms for start-requested
04-22 02:49:55.168 19124 20776 W ActivityManager: Scheduling restart of crashed service com.google.android.gms/.clearcut.debug.ClearcutDebugDumpService in 20999ms for start-requested
04-22 02:49:55.169 19124 20776 W ActivityManager: Scheduling restart of crashed service com.google.android.gms/.auth.setup.devicesignals.LockScreenService in 30999ms for start-requested
04-22 02:49:55.169 19124 20776 W ActivityManager: Scheduling restart of crashed service com.google.android.gms/com.google.android.location.internal.GoogleLocationManagerService in 40999ms for start-requested
04-22 02:49:55.170 19124 20776 W ActivityManager: Scheduling restart of crashed service com.google.android.gms/com.google.android.location.internal.server.HardwareArProviderService in 50998ms for connection
04-22 02:49:55.170 19124 20776 W ActivityManager: Scheduling restart of crashed service com.google.android.gms/.auth.GetToken in 60997ms for connection
04-22 02:49:55.171 19124 20776 W ActivityManager: Scheduling restart of crashed service com.google.android.gms/.common.stats.GmsCoreStatsService in 70997ms for start-requested
04-22 02:49:55.171 19124 20776 W ActivityManager: Scheduling restart of crashed service com.google.android.gms/com.google.android.contextmanager.service.ContextManagerService in 80997ms for start-requested
04-22 02:49:55.171 19124 20776 W ActivityManager: Scheduling restart of crashed service com.google.android.gms/.chimera.PersistentDirectBootAwareApiService in 90997ms for connection
04-22 02:49:55.171 19124 20776 W ActivityManager: Scheduling restart of crashed service com.google.android.gms/com.google.android.location.fused.FusedLocationService in 100997ms for connection
04-22 02:49:55.171 19124 20776 W ActivityManager: Scheduling restart of crashed service com.google.android.gms/.gcm.nts.SchedulerService in 110997ms for start-requested
04-22 02:49:55.171 19124 20776 W ActivityManager: Scheduling restart of crashed service com.google.android.gms/com.google.android.location.network.NetworkLocationService in 120997ms for connection
04-22 02:49:55.172 19124 20776 W ActivityManager: Scheduling restart of crashed service com.google.android.gms/.chimera.PersistentIntentOperationService in 130997ms for start-requested
04-22 02:49:55.172 19124 20776 W ActivityManager: Scheduling restart of crashed service com.google.android.gms/.location.persistent.LocationPersistentService in 140997ms for start-requested
04-22 02:49:55.172 19124 20776 W ActivityManager: Scheduling restart of crashed service com.google.android.gms/.chimera.PersistentApiService in 150997ms for connection
04-22 02:49:55.172 19124 20776 W ActivityManager: Scheduling restart of crashed service com.google.android.gms/.location.geocode.GeocodeService in 160997ms for connection
04-22 02:49:55.172 19124 20776 W ActivityManager: Scheduling restart of crashed service com.google.android.gms/.chimera.PersistentBoundBrokerService in 170997ms for connection
04-22 02:49:55.172 19124 20776 W ActivityManager: Scheduling restart of crashed service com.google.android.gms/com.google.android.location.internal.server.GoogleLocationService in 180996ms for start-requested
04-22 02:49:55.172 19124 20776 W ActivityManager: Scheduling restart of crashed service com.google.android.gms/.deviceconnection.service.DeviceConnectionWatcherService in 190996ms for start-requested
04-22 02:49:55.175 26531 26668 I ActivityThread: Removing dead content provider:android.content.ContentProviderProxy@fe345e
04-22 02:49:55.191 19124 19147 D CompatibilityChangeReporter: Compat change id reported: 135634846; UID 10051; state: DISABLED
04-22 02:49:55.191 19124 19149 D CompatibilityChangeReporter: Compat change id reported: 143937733; UID 10051; state: ENABLED
04-22 02:49:55.212 19124 19149 I ActivityManager: Start proc 26742:com.google.android.gms.persistent/u0a51 for service {com.google.android.gms/com.google.android.gms.chimera.PersistentBoundBrokerService}
04-22 02:49:55.245 19996 19996 I ActivityThread: Removing dead content provider:android.content.ContentProviderProxy@d064229
04-22 02:49:55.246 19124 24586 W ActivityManager: Scheduling restart of crashed service com.android.vending/com.google.android.finsky.scheduler.process.mainimpl.PhoneskyJobServiceMain in 200923ms for connection
04-22 02:49:55.257 19124 23810 I ActivityManager: com.android.vending is exempt from freezer
04-22 02:49:55.257 19124 23810 D CompatibilityChangeReporter: Compat change id reported: 135634846; UID 10050; state: DISABLED
04-22 02:49:55.258 19124 19149 D CompatibilityChangeReporter: Compat change id reported: 143937733; UID 10050; state: ENABLED
04-22 02:49:55.304 19124 19149 I ActivityManager: Start proc 26758:com.android.vending/u0a50 for content provider {com.android.vending/com.google.android.finsky.tvaccountcontentprovider.TvAccountContentProvider}
04-22 02:49:55.556 19124 19147 E PackageManager: Optimistic bind failed.
04-22 02:49:55.556 19124 19147 E PackageManager: java.util.concurrent.TimeoutException: [Optimistic Bind] Didn't bind to resolver in time!
04-22 02:49:55.556 19124 19147 E PackageManager: 	at com.android.server.pm.InstantAppResolverConnection.waitForBindLocked(InstantAppResolverConnection.java:160)
04-22 02:49:55.556 19124 19147 E PackageManager: 	at com.android.server.pm.InstantAppResolverConnection.bind(InstantAppResolverConnection.java:225)
04-22 02:49:55.556 19124 19147 E PackageManager: 	at com.android.server.pm.InstantAppResolverConnection.lambda$optimisticBind$0$InstantAppResolverConnection(InstantAppResolverConnection.java:255)
04-22 02:49:55.556 19124 19147 E PackageManager: 	at com.android.server.pm.InstantAppResolverConnection$$ExternalSyntheticLambda0.run(Unknown Source:2)
04-22 02:49:55.556 19124 19147 E PackageManager: 	at android.os.Handler.handleCallback(Handler.java:938)
04-22 02:49:55.556 19124 19147 E PackageManager: 	at android.os.Handler.dispatchMessage(Handler.java:99)
04-22 02:49:55.556 19124 19147 E PackageManager: 	at android.os.Looper.loopOnce(Looper.java:201)
04-22 02:49:55.556 19124 19147 E PackageManager: 	at android.os.Looper.loop(Looper.java:288)
04-22 02:49:55.556 19124 19147 E PackageManager: 	at android.os.HandlerThread.run(HandlerThread.java:67)
04-22 02:49:55.604 26531 26531 I ActivityThread: Removing dead content provider:android.content.ContentProviderProxy@9709d5
04-22 02:49:55.604 26531 26531 I ActivityThread: Removing dead content provider:android.content.ContentProviderProxy@9709d5
04-22 02:49:56.124 19124 24586 I ActivityManager: com.android.vending is exempt from freezer
04-22 02:49:56.125 19124 24586 D CompatibilityChangeReporter: Compat change id reported: 135634846; UID 10050; state: DISABLED
04-22 02:49:56.127 19124 19149 D CompatibilityChangeReporter: Compat change id reported: 143937733; UID 10050; state: ENABLED
04-22 02:49:56.145 19124 19149 I ActivityManager: Start proc 26888:com.android.vending:background/u0a50 for service {com.android.vending/com.google.android.finsky.ipcservers.background.BackgroundGrpcServerAndroidService}
04-22 02:49:56.244 19124 25860 D CompatibilityChangeReporter: Compat change id reported: 171306433; UID 10024; state: ENABLED
04-22 02:49:56.577 19124 19124 D ActivityManager: pid 24328 com.google.android.partnersetup  received sync transactions while frozen, killing
04-22 02:49:56.577 19124 19124 I ActivityManager: Killing 24328:com.google.android.partnersetup/u0a65 (adj 0): Sync transaction while in frozen state
04-22 02:49:56.577 19124 19124 D ActivityManager: pid 24328 com.google.android.partnersetup  received async transactions while frozen
04-22 02:49:56.581 19124 19124 D CompatibilityChangeReporter: Compat change id reported: 168419799; UID 10065; state: DISABLED
04-22 02:49:56.588 19124 19124 D CompatibilityChangeReporter: Compat change id reported: 135634846; UID 10057; state: DISABLED
04-22 02:49:56.591 19124 19124 D CompatibilityChangeReporter: Compat change id reported: 135634846; UID 10078; state: DISABLED
04-22 02:49:56.592 19124 19149 D CompatibilityChangeReporter: Compat change id reported: 143937733; UID 10057; state: ENABLED
04-22 02:49:56.596 19124 19124 D CompatibilityChangeReporter: Compat change id reported: 135634846; UID 10055; state: DISABLED
04-22 02:49:56.598 19124 19124 D CompatibilityChangeReporter: Compat change id reported: 135634846; UID 10054; state: DISABLED
04-22 02:49:56.640 19124 19124 V BackupManagerService: [UserID:0] Scheduling immediate backup pass
04-22 02:49:56.640 19124 19124 W BackupManagerService: [UserID:0] Backup pass but enabled=false setupComplete=true
04-22 02:49:56.673 19124 19149 W ActivityManager: Slow operation: 86ms so far, now at startProcess: returned from zygote!
04-22 02:49:56.673 19124 19149 W ActivityManager: Slow operation: 86ms so far, now at startProcess: done updating battery stats
04-22 02:49:56.673 19124 19149 W ActivityManager: Slow operation: 86ms so far, now at startProcess: building log message
04-22 02:49:56.673 19124 19149 I ActivityManager: Start proc 26955:com.google.android.videos/u0a57 for service {com.google.android.videos/androidx.work.impl.background.systemjob.SystemJobService}
04-22 02:49:56.673 19124 19149 W ActivityManager: Slow operation: 87ms so far, now at startProcess: starting to update pids map
04-22 02:49:56.674 19124 19149 W ActivityManager: Slow operation: 87ms so far, now at startProcess: done updating pids map
04-22 02:49:56.674 19124 19149 W ActivityManager: Slow operation: 83ms so far, now at startProcess: asking zygote to start proc
04-22 02:49:56.674 19124 19149 D CompatibilityChangeReporter: Compat change id reported: 143937733; UID 10078; state: ENABLED
04-22 02:49:56.756 19124 22314 D CompatibilityChangeReporter: Compat change id reported: 168419799; UID 10057; state: DISABLED
04-22 02:49:56.777 19124 19149 W ActivityManager: Slow operation: 187ms so far, now at startProcess: returned from zygote!
04-22 02:49:56.778 19124 19149 W ActivityManager: Slow operation: 187ms so far, now at startProcess: done updating battery stats
04-22 02:49:56.778 19124 19149 W ActivityManager: Slow operation: 187ms so far, now at startProcess: building log message
04-22 02:49:56.778 19124 19149 I ActivityManager: Start proc 26971:com.nousguide.android.rbtv/u0a78 for service {com.nousguide.android.rbtv/com.redbull.recommendation.ChannelService}
04-22 02:49:56.778 19124 19149 W ActivityManager: Slow operation: 187ms so far, now at startProcess: starting to update pids map
04-22 02:49:56.779 19124 19149 W ActivityManager: Slow operation: 189ms so far, now at startProcess: done updating pids map
04-22 02:49:56.779 19124 19149 W ActivityManager: Slow operation: 185ms so far, now at startProcess: asking zygote to start proc
04-22 02:49:56.780 19124 19149 D CompatibilityChangeReporter: Compat change id reported: 143937733; UID 10055; state: ENABLED
04-22 02:49:56.807 19124 19149 W ActivityManager: Slow operation: 212ms so far, now at startProcess: returned from zygote!
04-22 02:49:56.807 19124 19149 W ActivityManager: Slow operation: 213ms so far, now at startProcess: done updating battery stats
04-22 02:49:56.808 19124 19149 W ActivityManager: Slow operation: 213ms so far, now at startProcess: building log message
04-22 02:49:56.808 19124 19149 I ActivityManager: Start proc 26977:com.google.android.tts/u0a55 for service {com.google.android.tts/androidx.work.impl.background.systemjob.SystemJobService}
04-22 02:49:56.808 19124 19149 W ActivityManager: Slow operation: 213ms so far, now at startProcess: starting to update pids map
04-22 02:49:56.808 19124 19149 W ActivityManager: Slow operation: 214ms so far, now at startProcess: done updating pids map
04-22 02:49:56.808 19124 19149 W ActivityManager: Slow operation: 211ms so far, now at startProcess: asking zygote to start proc
04-22 02:49:56.809 19124 19149 D CompatibilityChangeReporter: Compat change id reported: 143937733; UID 10054; state: ENABLED
04-22 02:49:56.846 19124 22314 W ActivityManager: Scheduling restart of crashed service com.google.android.partnersetup/.InstalledAppJobService in 1000ms for connection
04-22 02:49:56.879 19124 20375 D CompatibilityChangeReporter: Compat change id reported: 168419799; UID 10078; state: DISABLED
04-22 02:49:56.882 19124 19149 W ActivityManager: Slow operation: 285ms so far, now at startProcess: returned from zygote!
04-22 02:49:56.887 19124 19149 W ActivityManager: Slow operation: 289ms so far, now at startProcess: done updating battery stats
04-22 02:49:56.887 19124 19149 W ActivityManager: Slow operation: 289ms so far, now at startProcess: building log message
04-22 02:49:56.887 19124 19149 I ActivityManager: Start proc 27002:com.google.android.youtube.tv.recommendations/u0a54 for service {com.google.android.youtube.tv/com.google.android.libraries.youtube.tv.recommendations.RecommendationService}
04-22 02:49:56.887 19124 19149 W ActivityManager: Slow operation: 289ms so far, now at startProcess: starting to update pids map
04-22 02:49:56.888 19124 19149 W ActivityManager: Slow operation: 290ms so far, now at startProcess: done updating pids map
04-22 02:49:56.978 19124 19889 D CompatibilityChangeReporter: Compat change id reported: 168419799; UID 10055; state: DISABLED
04-22 02:49:57.013 19124 19889 D CompatibilityChangeReporter: Compat change id reported: 168419799; UID 10054; state: DISABLED
04-22 02:49:57.183 19124 19860 V BackupManagerConstants: getKeyValueBackupIntervalMilliseconds(...) returns 14400000
04-22 02:49:57.184 19124 19860 V BackupManagerConstants: getKeyValueBackupFuzzMilliseconds(...) returns 600000
04-22 02:49:57.184 19124 19860 V BackupManagerConstants: getKeyValueBackupRequiredNetworkType(...) returns 1
04-22 02:49:57.184 19124 19860 V BackupManagerConstants: getKeyValueBackupRequireCharging(...) returns true
04-22 02:49:57.184 19124 19860 V KeyValueBackupJob: Scheduling k/v pass in 249 minutes
04-22 02:49:57.847 19124 19148 D CompatibilityChangeReporter: Compat change id reported: 135634846; UID 10065; state: DISABLED
04-22 02:49:57.847 19124 19148 D CompatibilityChangeReporter: Compat change id reported: 177438394; UID 10065; state: DISABLED
04-22 02:49:57.847 19124 19148 D CompatibilityChangeReporter: Compat change id reported: 135772972; UID 10065; state: DISABLED
04-22 02:49:57.847 19124 19148 D CompatibilityChangeReporter: Compat change id reported: 135754954; UID 10065; state: ENABLED
04-22 02:49:57.848 19124 19149 D CompatibilityChangeReporter: Compat change id reported: 143937733; UID 10065; state: ENABLED
04-22 02:49:57.866 19124 19149 I ActivityManager: Start proc 27105:com.google.android.partnersetup/u0a65 for service {com.google.android.partnersetup/com.google.android.partnersetup.InstalledAppJobService}
04-22 02:50:01.317 19124 20375 I ActivityManager: Killing 22140:android.process.acore/u0a14 (adj 975): empty for 21685s
04-22 02:50:01.367 19124 19210 D CountryDetector: No listener is left
04-22 02:50:02.368 19124 22429 D CompatibilityChangeReporter: Compat change id reported: 135634846; UID 10041; state: DISABLED
04-22 02:50:02.368 19124 22429 D CompatibilityChangeReporter: Compat change id reported: 177438394; UID 10041; state: DISABLED
04-22 02:50:02.368 19124 22429 D CompatibilityChangeReporter: Compat change id reported: 135772972; UID 10041; state: DISABLED
04-22 02:50:02.368 19124 22429 D CompatibilityChangeReporter: Compat change id reported: 135754954; UID 10041; state: ENABLED
04-22 02:50:02.369 19124 19149 D CompatibilityChangeReporter: Compat change id reported: 143937733; UID 10041; state: ENABLED
04-22 02:50:02.398 19124 19149 I ActivityManager: Start proc 27279:com.google.android.tvlauncher/u0a41 for broadcast {com.google.android.tvlauncher/com.google.android.libraries.phenotype.client.stable.PhenotypeUpdateBackgroundBroadcastReceiver}
04-22 02:50:03.211 19124 19636 D CompatibilityChangeReporter: Compat change id reported: 135634846; UID 10060; state: DISABLED
04-22 02:50:03.212 19124 19149 D CompatibilityChangeReporter: Compat change id reported: 143937733; UID 10060; state: ENABLED
04-22 02:50:03.221 19124 19636 I ActivityManager: Killing 25912:com.google.android.gms.unstable/u0a51 (adj 985): empty for 13062s
04-22 02:50:03.238 19124 19149 I ActivityManager: Start proc 27322:com.google.android.marvin.talkback/u0a60 for broadcast {com.google.android.marvin.talkback/com.google.android.libraries.phenotype.client.stable.PhenotypeUpdateBackgroundBroadcastReceiver}
04-22 02:50:03.297 19124 19210 D CompatibilityChangeReporter: Compat change id reported: 168419799; UID 10060; state: DISABLED
04-22 02:50:03.429 19124 22551 W ProcessStats: Tracking association SourceState{4e3d8fb com.alticelabs.meo.androidtv/10024 Top #90935} whose proc state 1 is better than process ProcessState{e420d18 com.android.providers.tv/10015 pkg=com.android.providers.tv} proc state 2 (5572 skipped)
04-22 02:50:03.466 19124 22551 D CompatibilityChangeReporter: Compat change id reported: 135634846; UID 10063; state: DISABLED
04-22 02:50:03.466 19124 22551 D CompatibilityChangeReporter: Compat change id reported: 177438394; UID 10063; state: DISABLED
04-22 02:50:03.466 19124 22551 D CompatibilityChangeReporter: Compat change id reported: 135772972; UID 10063; state: DISABLED
04-22 02:50:03.466 19124 22551 D CompatibilityChangeReporter: Compat change id reported: 135754954; UID 10063; state: ENABLED
04-22 02:50:03.466 19124 19149 D CompatibilityChangeReporter: Compat change id reported: 143937733; UID 10063; state: ENABLED
04-22 02:50:03.504 19124 19149 I ActivityManager: Start proc 27337:com.google.android.play.games/u0a63 for broadcast {com.google.android.play.games/com.google.android.apps.play.games.features.experiments.PhenotypeBroadcastReceiver}
04-22 02:50:03.568 19124 20050 D CompatibilityChangeReporter: Compat change id reported: 168419799; UID 10063; state: DISABLED
04-22 02:50:03.868 19124 19255 D CompatibilityChangeReporter: Compat change id reported: 135634846; UID 10014; state: DISABLED
04-22 02:50:03.868 19124 19255 D CompatibilityChangeReporter: Compat change id reported: 177438394; UID 10014; state: DISABLED
04-22 02:50:03.869 19124 19255 D CompatibilityChangeReporter: Compat change id reported: 135772972; UID 10014; state: DISABLED
04-22 02:50:03.869 19124 19255 D CompatibilityChangeReporter: Compat change id reported: 135754954; UID 10014; state: ENABLED
04-22 02:50:03.869 19124 19149 D CompatibilityChangeReporter: Compat change id reported: 143937733; UID 10014; state: ENABLED
04-22 02:50:03.943 19124 19149 W ActivityManager: Slow operation: 75ms so far, now at startProcess: returned from zygote!
04-22 02:50:03.944 19124 19149 W ActivityManager: Slow operation: 76ms so far, now at startProcess: done updating battery stats
04-22 02:50:03.944 19124 19149 W ActivityManager: Slow operation: 76ms so far, now at startProcess: building log message
04-22 02:50:03.944 19124 19149 I ActivityManager: Start proc 27364:android.process.acore/u0a14 for content provider {com.android.providers.contacts/com.android.providers.contacts.ContactsProvider2}
04-22 02:50:03.944 19124 19149 W ActivityManager: Slow operation: 76ms so far, now at startProcess: starting to update pids map
04-22 02:50:03.944 19124 19149 W ActivityManager: Slow operation: 76ms so far, now at startProcess: done updating pids map
04-22 02:50:04.049 19124 24586 D CompatibilityChangeReporter: Compat change id reported: 168419799; UID 10014; state: DISABLED
04-22 02:50:04.215 19124 24586 D CompatibilityChangeReporter: Compat change id reported: 168419799; UID 10044; state: DISABLED
04-22 02:50:04.224 27364 27387 D ActivityThread: Loading provider call_log_shadow: com.android.providers.contacts.ShadowCallLogProvider
04-22 02:50:04.285 19124 19210 D CountryDetector: The first listener is added
04-22 02:50:04.604 19124 24586 D CompatibilityChangeReporter: Compat change id reported: 135634846; UID 10059; state: DISABLED
04-22 02:50:04.605 19124 24586 D CompatibilityChangeReporter: Compat change id reported: 177438394; UID 10059; state: DISABLED
04-22 02:50:04.605 19124 24586 D CompatibilityChangeReporter: Compat change id reported: 135772972; UID 10059; state: DISABLED
04-22 02:50:04.605 19124 24586 D CompatibilityChangeReporter: Compat change id reported: 135754954; UID 10059; state: ENABLED
04-22 02:50:04.605 19124 19149 D CompatibilityChangeReporter: Compat change id reported: 143937733; UID 10059; state: ENABLED
04-22 02:50:04.652 19124 19149 W ActivityManager: Slow operation: 51ms so far, now at startProcess: done updating battery stats
04-22 02:50:04.652 19124 19149 W ActivityManager: Slow operation: 51ms so far, now at startProcess: building log message
04-22 02:50:04.652 19124 19149 I ActivityManager: Start proc 27398:com.google.android.syncadapters.calendar/u0a59 for broadcast {com.google.android.syncadapters.calendar/com.google.android.libraries.internal.growth.growthkit.internal.experiments.impl.PhenotypeBroadcastReceiver}
04-22 02:50:04.653 19124 19149 W ActivityManager: Slow operation: 51ms so far, now at startProcess: starting to update pids map
04-22 02:50:04.653 19124 19149 W ActivityManager: Slow operation: 51ms so far, now at startProcess: done updating pids map
04-22 02:50:05.160 19124 19210 W BackupManagerService: [UserID:0] dataChanged but no participant pkg='com.google.android.syncadapters.calendar' uid=10059
