--------- beginning of crash
04-10 10:03:58.979  6228  6245 F libc    : Fatal signal 5 (SIGTRAP), code 1 (TRAP_BRKPT), fault addr 0xc9d1d452 in tid 6245 (RenderThread), pid 6228 (ndroid.backdrop)
04-10 10:04:00.591  7487  7487 F DEBUG   : *** *** *** *** *** *** *** *** *** *** *** *** *** *** *** ***
04-10 10:04:00.591  7487  7487 F DEBUG   : Build fingerprint: 'MEO/Box_SGC_4K_v2/DIW377-MEO:12/STT5.221204.001/5.4.2:user/release-keys'
04-10 10:04:00.591  7487  7487 F DEBUG   : Revision: '0'
04-10 10:04:00.591  7487  7487 F DEBUG   : ABI: 'arm'
04-10 10:04:00.591  7487  7487 F DEBUG   : Timestamp: 2023-04-10 10:03:59.275706915+0100
04-10 10:04:00.591  7487  7487 F DEBUG   : Process uptime: 0s
04-10 10:04:00.591  7487  7487 F DEBUG   : Cmdline: com.google.android.backdrop
04-10 10:04:00.591  7487  7487 F DEBUG   : pid: 6228, tid: 6245, name: RenderThread  >>> com.google.android.backdrop <<<
04-10 10:04:00.591  7487  7487 F DEBUG   : uid: 10048
04-10 10:04:00.591  7487  7487 F DEBUG   : signal 5 (SIGTRAP), code 1 (TRAP_BRKPT), fault addr 0xc9d1d452
04-10 10:04:00.591  7487  7487 F DEBUG   : Abort message: '[FATAL:output_surface_provider_webview.cc(81)] Non owned context lost!
04-10 10:04:00.591  7487  7487 F DEBUG   : '
04-10 10:04:00.591  7487  7487 F DEBUG   :     r0  00000000  r1  00000000  r2  00000000  r3  c7a99595
04-10 10:04:00.592  7487  7487 F DEBUG   :     r4  cbaa9ef0  r5  c2ab5ac8  r6  c2ab5664  r7  00000000
04-10 10:04:00.592  7487  7487 F DEBUG   :     r8  c2ab56a0  r9  c2ab5ad0  r10 00000046  r11 00000000
04-10 10:04:00.592  7487  7487 F DEBUG   :     ip  cba3d940  sp  c2ab5558  lr  c903ffa1  pc  c9d1d452
04-10 10:04:00.592  7487  7487 F DEBUG   : backtrace:
04-10 10:04:00.592  7487  7487 F DEBUG   :       #00 pc 0270c452  /data/app/~~B-FoILN9LAYqC5gpQsLKaQ==/com.google.android.trichromelibrary_556305830-AN_zJtZ5PqZub1wm7auG6A==/base.apk!libmonochrome.so (BuildId: e51e426f6313e83490bbc551ac74da054d6833e7)
04-10 10:04:00.592  7487  7487 F DEBUG   :       #01 pc 00db2b51  /data/app/~~B-FoILN9LAYqC5gpQsLKaQ==/com.google.android.trichromelibrary_556305830-AN_zJtZ5PqZub1wm7auG6A==/base.apk!libmonochrome.so (BuildId: e51e426f6313e83490bbc551ac74da054d6833e7)
04-10 10:04:00.592  7487  7487 F DEBUG   :       #02 pc 0347d2c5  /data/app/~~B-FoILN9LAYqC5gpQsLKaQ==/com.google.android.trichromelibrary_556305830-AN_zJtZ5PqZub1wm7auG6A==/base.apk!libmonochrome.so (BuildId: e51e426f6313e83490bbc551ac74da054d6833e7)
04-10 10:04:00.592  7487  7487 F DEBUG   :       #03 pc 02f4e991  /data/app/~~B-FoILN9LAYqC5gpQsLKaQ==/com.google.android.trichromelibrary_556305830-AN_zJtZ5PqZub1wm7auG6A==/base.apk!libmonochrome.so (BuildId: e51e426f6313e83490bbc551ac74da054d6833e7)
04-10 10:04:00.592  7487  7487 F DEBUG   :       #04 pc 02ea9cc9  /data/app/~~B-FoILN9LAYqC5gpQsLKaQ==/com.google.android.trichromelibrary_556305830-AN_zJtZ5PqZub1wm7auG6A==/base.apk!libmonochrome.so (BuildId: e51e426f6313e83490bbc551ac74da054d6833e7)
04-10 10:04:00.592  7487  7487 F DEBUG   :       #05 pc 02ea843d  /data/app/~~B-FoILN9LAYqC5gpQsLKaQ==/com.google.android.trichromelibrary_556305830-AN_zJtZ5PqZub1wm7auG6A==/base.apk!libmonochrome.so (BuildId: e51e426f6313e83490bbc551ac74da054d6833e7)
04-10 10:04:00.592  7487  7487 F DEBUG   :       #06 pc 02e8468d  /data/app/~~B-FoILN9LAYqC5gpQsLKaQ==/com.google.android.trichromelibrary_556305830-AN_zJtZ5PqZub1wm7auG6A==/base.apk!libmonochrome.so (BuildId: e51e426f6313e83490bbc551ac74da054d6833e7)
04-10 10:04:00.592  7487  7487 F DEBUG   :       #07 pc 01e32337  /data/app/~~B-FoILN9LAYqC5gpQsLKaQ==/com.google.android.trichromelibrary_556305830-AN_zJtZ5PqZub1wm7auG6A==/base.apk!libmonochrome.so (BuildId: e51e426f6313e83490bbc551ac74da054d6833e7)
04-10 10:04:00.592  7487  7487 F DEBUG   :       #08 pc 00dba0d5  /data/app/~~B-FoILN9LAYqC5gpQsLKaQ==/com.google.android.trichromelibrary_556305830-AN_zJtZ5PqZub1wm7auG6A==/base.apk!libmonochrome.so (BuildId: e51e426f6313e83490bbc551ac74da054d6833e7)
04-10 10:04:00.592  7487  7487 F DEBUG   :       #09 pc 00dba247  /data/app/~~B-FoILN9LAYqC5gpQsLKaQ==/com.google.android.trichromelibrary_556305830-AN_zJtZ5PqZub1wm7auG6A==/base.apk!libmonochrome.so (BuildId: e51e426f6313e83490bbc551ac74da054d6833e7)
04-10 10:04:00.592  7487  7487 F DEBUG   :       #10 pc 01e32337  /data/app/~~B-FoILN9LAYqC5gpQsLKaQ==/com.google.android.trichromelibrary_556305830-AN_zJtZ5PqZub1wm7auG6A==/base.apk!libmonochrome.so (BuildId: e51e426f6313e83490bbc551ac74da054d6833e7)
04-10 10:04:00.592  7487  7487 F DEBUG   :       #11 pc 00dba4ff  /data/app/~~B-FoILN9LAYqC5gpQsLKaQ==/com.google.android.trichromelibrary_556305830-AN_zJtZ5PqZub1wm7auG6A==/base.apk!libmonochrome.so (BuildId: e51e426f6313e83490bbc551ac74da054d6833e7)
04-10 10:04:00.592  7487  7487 F DEBUG   :       #12 pc 00dba947  /data/app/~~B-FoILN9LAYqC5gpQsLKaQ==/com.google.android.trichromelibrary_556305830-AN_zJtZ5PqZub1wm7auG6A==/base.apk!libmonochrome.so (BuildId: e51e426f6313e83490bbc551ac74da054d6833e7)
04-10 10:04:00.592  7487  7487 F DEBUG   :       #13 pc 00db1dd1  /data/app/~~B-FoILN9LAYqC5gpQsLKaQ==/com.google.android.trichromelibrary_556305830-AN_zJtZ5PqZub1wm7auG6A==/base.apk!libmonochrome.so (BuildId: e51e426f6313e83490bbc551ac74da054d6833e7)
04-10 10:04:00.592  7487  7487 F DEBUG   :       #14 pc 00db0f79  /data/app/~~B-FoILN9LAYqC5gpQsLKaQ==/com.google.android.trichromelibrary_556305830-AN_zJtZ5PqZub1wm7auG6A==/base.apk!libmonochrome.so (BuildId: e51e426f6313e83490bbc551ac74da054d6833e7)
04-10 10:04:00.592  7487  7487 F DEBUG   :       #15 pc 00db6d63  /data/app/~~B-FoILN9LAYqC5gpQsLKaQ==/com.google.android.trichromelibrary_556305830-AN_zJtZ5PqZub1wm7auG6A==/base.apk!libmonochrome.so (BuildId: e51e426f6313e83490bbc551ac74da054d6833e7)
04-10 10:04:00.592  7487  7487 F DEBUG   :       #16 pc 00dabddd  /data/app/~~B-FoILN9LAYqC5gpQsLKaQ==/com.google.android.trichromelibrary_556305830-AN_zJtZ5PqZub1wm7auG6A==/base.apk!libmonochrome.so (BuildId: e51e426f6313e83490bbc551ac74da054d6833e7)
04-10 10:04:00.592  7487  7487 F DEBUG   :       #17 pc 00002675  /system/lib/libwebviewchromium_plat_support.so (android::(anonymous namespace)::draw_gl(int, void*, android::uirenderer::DrawGlInfo const&, android::uirenderer::WebViewOverlayData const&)+340) (BuildId: 5749fe70f5b6354ce4e6c76f30d4c3e4)
04-10 10:04:00.592  7487  7487 F DEBUG   :       #18 pc 003075ed  /system/lib/libhwui.so (android::uirenderer::WebViewFunctor::drawGl(android::uirenderer::DrawGlInfo const&)+104) (BuildId: 577c99243b8a0db3cbc9ddaebd7b7395)
04-10 10:04:00.592  7487  7487 F DEBUG   :       #19 pc 003070cf  /system/lib/libhwui.so (android::uirenderer::skiapipeline::GLFunctorDrawable::onDraw(SkCanvas*)+1214) (BuildId: 577c99243b8a0db3cbc9ddaebd7b7395)
04-10 10:04:00.592  7487  7487 F DEBUG   :       #20 pc 002e4ad3  /system/lib/libhwui.so (SkDrawable::draw(SkCanvas*, SkMatrix const*)+44) (BuildId: 577c99243b8a0db3cbc9ddaebd7b7395)
04-10 10:04:00.592  7487  7487 F DEBUG   :       #21 pc 000e25b5  /system/lib/libhwui.so (SkGpuDevice::drawDrawable(SkDrawable*, SkMatrix const*, SkCanvas*)+260) (BuildId: 577c99243b8a0db3cbc9ddaebd7b7395)
04-10 10:04:00.592  7487  7487 F DEBUG   :       #22 pc 002ee17b  /system/lib/libhwui.so (android::uirenderer::$_36::__invoke(void const*, SkCanvas*, SkMatrix const&) (.llvm.15676187822973708598)+90) (BuildId: 577c99243b8a0db3cbc9ddaebd7b7395)
04-10 10:04:00.593  7487  7487 F DEBUG   :       #23 pc 0019087d  /system/lib/libhwui.so (android::uirenderer::skiapipeline::RenderNodeDrawable::drawContent(SkCanvas*) const+3484) (BuildId: 577c99243b8a0db3cbc9ddaebd7b7395)
04-10 10:04:00.593  7487  7487 F DEBUG   :       #24 pc 0018f9cd  /system/lib/libhwui.so (android::uirenderer::skiapipeline::RenderNodeDrawable::onDraw(SkCanvas*)+188) (BuildId: 577c99243b8a0db3cbc9ddaebd7b7395)
04-10 10:04:00.593  7487  7487 F DEBUG   :       #25 pc 001276a3  /system/lib/libhwui.so (android::uirenderer::$_23::__invoke(void const*, SkCanvas*, SkMatrix const&) (.llvm.15676187822973708598)+44) (BuildId: 577c99243b8a0db3cbc9ddaebd7b7395)
04-10 10:04:00.593  7487  7487 F DEBUG   :       #26 pc 0019087d  /system/lib/libhwui.so (android::uirenderer::skiapipeline::RenderNodeDrawable::drawContent(SkCanvas*) const+3484) (BuildId: 577c99243b8a0db3cbc9ddaebd7b7395)
04-10 10:04:00.593  7487  7487 F DEBUG   :       #27 pc 0018f9cd  /system/lib/libhwui.so (android::uirenderer::skiapipeline::RenderNodeDrawable::onDraw(SkCanvas*)+188) (BuildId: 577c99243b8a0db3cbc9ddaebd7b7395)
04-10 10:04:00.593  7487  7487 F DEBUG   :       #28 pc 001276a3  /system/lib/libhwui.so (android::uirenderer::$_23::__invoke(void const*, SkCanvas*, SkMatrix const&) (.llvm.15676187822973708598)+44) (BuildId: 577c99243b8a0db3cbc9ddaebd7b7395)
04-10 10:04:00.593  7487  7487 F DEBUG   :       #29 pc 0019087d  /system/lib/libhwui.so (android::uirenderer::skiapipeline::RenderNodeDrawable::drawContent(SkCanvas*) const+3484) (BuildId: 577c99243b8a0db3cbc9ddaebd7b7395)
04-10 10:04:00.593  7487  7487 F DEBUG   :       #30 pc 0018f9cd  /system/lib/libhwui.so (android::uirenderer::skiapipeline::RenderNodeDrawable::onDraw(SkCanvas*)+188) (BuildId: 577c99243b8a0db3cbc9ddaebd7b7395)
04-10 10:04:00.593  7487  7487 F DEBUG   :       #31 pc 001276a3  /system/lib/libhwui.so (android::uirenderer::$_23::__invoke(void const*, SkCanvas*, SkMatrix const&) (.llvm.15676187822973708598)+44) (BuildId: 577c99243b8a0db3cbc9ddaebd7b7395)
04-10 10:04:00.593  7487  7487 F DEBUG   :       #32 pc 0019087d  /system/lib/libhwui.so (android::uirenderer::skiapipeline::RenderNodeDrawable::drawContent(SkCanvas*) const+3484) (BuildId: 577c99243b8a0db3cbc9ddaebd7b7395)
04-10 10:04:00.593  7487  7487 F DEBUG   :       #33 pc 0018f9cd  /system/lib/libhwui.so (android::uirenderer::skiapipeline::RenderNodeDrawable::onDraw(SkCanvas*)+188) (BuildId: 577c99243b8a0db3cbc9ddaebd7b7395)
04-10 10:04:00.593  7487  7487 F DEBUG   :       #34 pc 001276a3  /system/lib/libhwui.so (android::uirenderer::$_23::__invoke(void const*, SkCanvas*, SkMatrix const&) (.llvm.15676187822973708598)+44) (BuildId: 577c99243b8a0db3cbc9ddaebd7b7395)
04-10 10:04:00.593  7487  7487 F DEBUG   :       #35 pc 0019087d  /system/lib/libhwui.so (android::uirenderer::skiapipeline::RenderNodeDrawable::drawContent(SkCanvas*) const+3484) (BuildId: 577c99243b8a0db3cbc9ddaebd7b7395)
04-10 10:04:00.593  7487  7487 F DEBUG   :       #36 pc 0018f9cd  /system/lib/libhwui.so (android::uirenderer::skiapipeline::RenderNodeDrawable::onDraw(SkCanvas*)+188) (BuildId: 577c99243b8a0db3cbc9ddaebd7b7395)
04-10 10:04:00.593  7487  7487 F DEBUG   :       #37 pc 001276a3  /system/lib/libhwui.so (android::uirenderer::$_23::__invoke(void const*, SkCanvas*, SkMatrix const&) (.llvm.15676187822973708598)+44) (BuildId: 577c99243b8a0db3cbc9ddaebd7b7395)
04-10 10:04:00.593  7487  7487 F DEBUG   :       #38 pc 0019087d  /system/lib/libhwui.so (android::uirenderer::skiapipeline::RenderNodeDrawable::drawContent(SkCanvas*) const+3484) (BuildId: 577c99243b8a0db3cbc9ddaebd7b7395)
04-10 10:04:00.593  7487  7487 F DEBUG   :       #39 pc 0018f9cd  /system/lib/libhwui.so (android::uirenderer::skiapipeline::RenderNodeDrawable::onDraw(SkCanvas*)+188) (BuildId: 577c99243b8a0db3cbc9ddaebd7b7395)
04-10 10:04:00.593  7487  7487 F DEBUG   :       #40 pc 001fe2fb  /system/lib/libhwui.so (android::uirenderer::skiapipeline::SkiaPipeline::renderFrameImpl(SkRect const&, std::__1::vector<android::sp<android::uirenderer::RenderNode>, std::__1::allocator<android::sp<android::uirenderer::RenderNode> > > const&, bool, android::uirenderer::Rect const&, SkCanvas*, SkMatrix const&)+470) (BuildId: 577c99243b8a0db3cbc9ddaebd7b7395)
04-10 10:04:00.593  7487  7487 F DEBUG   :       #41 pc 001fc043  /system/lib/libhwui.so (android::uirenderer::skiapipeline::SkiaPipeline::renderFrame(android::uirenderer::LayerUpdateQueue const&, SkRect const&, std::__1::vector<android::sp<android::uirenderer::RenderNode>, std::__1::allocator<android::sp<android::uirenderer::RenderNode> > > const&, bool, android::uirenderer::Rect const&, sk_sp<SkSurface>, SkMatrix const&)+90) (BuildId: 577c99243b8a0db3cbc9ddaebd7b7395)
04-10 10:04:00.593  7487  7487 F DEBUG   :       #42 pc 001fbcaf  /system/lib/libhwui.so (android::uirenderer::skiapipeline::SkiaOpenGLPipeline::draw(android::uirenderer::renderthread::Frame const&, SkRect const&, SkRect const&, android::uirenderer::LightGeometry const&, android::uirenderer::LayerUpdateQueue*, android::uirenderer::Rect const&, bool, android::uirenderer::LightInfo const&, std::__1::vector<android::sp<android::uirenderer::RenderNode>, std::__1::allocator<android::sp<android::uirenderer::RenderNode> > > const&, android::uirenderer::FrameInfoVisualizer*)+282) (BuildId: 577c99243b8a0db3cbc9ddaebd7b7395)
04-10 10:04:00.593  7487  7487 F DEBUG   :       #43 pc 0022320b  /system/lib/libhwui.so (android::uirenderer::renderthread::CanvasContext::draw()+890) (BuildId: 577c99243b8a0db3cbc9ddaebd7b7395)
04-10 10:04:00.593  7487  7487 F DEBUG   :       #44 pc 0022234d  /system/lib/libhwui.so (_ZNSt3__110__function6__funcIZN7android10uirenderer12renderthread13DrawFrameTask11postAndWaitEvE3$_0NS_9allocatorIS6_EEFvvEEclEv$c1671e787f244890c877724752face20+624) (BuildId: 577c99243b8a0db3cbc9ddaebd7b7395)
04-10 10:04:00.593  7487  7487 F DEBUG   :       #45 pc 0022c695  /system/lib/libhwui.so (android::uirenderer::WorkQueue::process()+112) (BuildId: 577c99243b8a0db3cbc9ddaebd7b7395)
04-10 10:04:00.593  7487  7487 F DEBUG   :       #46 pc 0022c511  /system/lib/libhwui.so (android::uirenderer::renderthread::RenderThread::threadLoop()+52) (BuildId: 577c99243b8a0db3cbc9ddaebd7b7395)
04-10 10:04:00.593  7487  7487 F DEBUG   :       #47 pc 0000d327  /system/lib/libutils.so (android::Thread::_threadLoop(void*)+166) (BuildId: 32b80ccb1972fc1d4674ac2cb7671100)
04-10 10:04:00.594  7487  7487 F DEBUG   :       #48 pc 0000ce67  /system/lib/libutils.so (thread_data_t::trampoline(thread_data_t const*)+254) (BuildId: 32b80ccb1972fc1d4674ac2cb7671100)
04-10 10:04:00.594  7487  7487 F DEBUG   :       #49 pc 00080587  /apex/com.android.runtime/lib/bionic/libc.so (__pthread_start(void*)+40) (BuildId: 065f5a7b98a8052e1c4af4e537983a0f)
04-10 10:04:00.594  7487  7487 F DEBUG   :       #50 pc 00039805  /apex/com.android.runtime/lib/bionic/libc.so (__start_thread+30) (BuildId: 065f5a7b98a8052e1c4af4e537983a0f)
04-14 20:47:42.041   203   203 F libc    : crash_dump helper failed to exec, or was killed
04-14 20:47:43.402   188   188 F libc    : crash_dump helper failed to exec, or was killed
04-14 20:48:15.847   203   203 F libc    : crash_dump helper failed to exec, or was killed
04-14 20:48:17.141   188   188 F libc    : crash_dump helper failed to exec, or was killed
04-14 20:48:22.976 17573 17573 E AndroidRuntime: FATAL EXCEPTION: main
04-14 20:48:22.976 17573 17573 E AndroidRuntime: Process: com.alticelabs.meo.androidtv, PID: 17573
04-14 20:48:22.976 17573 17573 E AndroidRuntime: DeadSystemException: The system died; earlier logs will point to the root cause
04-14 20:48:22.983 17557 17557 E AndroidRuntime: FATAL EXCEPTION: main
04-14 20:48:22.983 17557 17557 E AndroidRuntime: Process: com.google.android.katniss:search, PID: 17557
04-14 20:48:22.983 17557 17557 E AndroidRuntime: DeadSystemException: The system died; earlier logs will point to the root cause
04-14 20:48:22.990 13638 13638 E AndroidRuntime: FATAL EXCEPTION: main
04-14 20:48:22.990 13638 13638 E AndroidRuntime: Process: com.google.android.katniss:interactor, PID: 13638
04-14 20:48:22.990 13638 13638 E AndroidRuntime: DeadSystemException: The system died; earlier logs will point to the root cause
04-14 20:48:23.029 13860 13860 E AndroidRuntime: FATAL EXCEPTION: main
04-14 20:48:23.029 13860 13860 E AndroidRuntime: Process: com.google.android.gms, PID: 13860
04-14 20:48:23.029 13860 13860 E AndroidRuntime: DeadSystemException: The system died; earlier logs will point to the root cause
04-14 20:48:23.029 11265 11265 E AndroidRuntime: FATAL EXCEPTION: main
04-14 20:48:23.029 11265 11265 E AndroidRuntime: Process: com.google.android.gms.persistent, PID: 11265
04-14 20:48:23.029 11265 11265 E AndroidRuntime: DeadSystemException: The system died; earlier logs will point to the root cause
04-14 20:48:23.035 11265 11329 E AndroidRuntime: FATAL EXCEPTION: netscheduler-queue-handler
04-14 20:48:23.035 11265 11329 E AndroidRuntime: Process: com.google.android.gms.persistent, PID: 11265
04-14 20:48:23.035 11265 11329 E AndroidRuntime: DeadSystemException: The system died; earlier logs will point to the root cause
04-14 20:48:23.049 11265 11301 E AndroidRuntime: FATAL EXCEPTION: highpool[1]
04-14 20:48:23.049 11265 11301 E AndroidRuntime: Process: com.google.android.gms.persistent, PID: 11265
04-14 20:48:23.049 11265 11301 E AndroidRuntime: DeadSystemException: The system died; earlier logs will point to the root cause
--------- beginning of system
04-21 20:48:32.939 19124 19147 I PackageWatchdog: Not pruning observers, elapsed time: 0ms
04-21 20:48:32.939 19124 19147 I PackageWatchdog: Saving observer state to file
04-21 20:48:32.945 19124 19124 I PackageWatchdog: Syncing health check requests for packages: {}
04-21 20:48:32.945 19124 19124 I ExplicitHealthCheckController: Service not ready to get health check supported packages. Binding...
04-21 20:48:32.952 19124 19124 I ExplicitHealthCheckController: Explicit health check service is bound
04-21 20:48:32.953 19124 19124 I ExplicitHealthCheckController: Explicit health check service is connected ComponentInfo{com.google.android.ext.services/android.ext.services.watchdog.ExplicitHealthCheckServiceImpl}
04-21 20:48:32.953 19124 19124 I ExplicitHealthCheckController: Service initialized, syncing requests
04-21 20:48:32.953 19124 19124 I PackageWatchdog: Syncing health check requests for packages: {}
04-21 20:48:32.953 19124 19124 D ExplicitHealthCheckController: Getting health check supported packages
04-21 20:48:32.956 19124 19890 I ExplicitHealthCheckController: Explicit health check supported packages []
04-21 20:48:32.956 19124 19890 D PackageWatchdog: Received supported packages []
04-21 20:48:32.956 19124 19890 D ExplicitHealthCheckController: Getting health check requested packages
04-21 20:48:32.957 19124 25860 I ExplicitHealthCheckController: Explicit health check requested packages []
04-21 20:48:32.957 19124 25860 I ExplicitHealthCheckController: No more health check requests, unbinding...
04-21 20:48:32.961 19124 25860 I ExplicitHealthCheckController: Explicit health check service is unbound
04-21 20:48:33.014 19124 25860 I RescueParty: Starting to observe: [android], updated namespace: window_manager
04-21 20:48:33.014 19124 19147 I PackageWatchdog: Syncing state, reason: observing new packages
04-21 20:48:33.014 19124 19147 D PackageWatchdog: rescue-party-observer added the following packages to monitor [android]
04-21 20:48:33.014 19124 19147 I PackageWatchdog: Syncing state, reason: updated observers
04-21 20:48:33.014 19124 19147 I PackageWatchdog: Saving observer state to file
04-21 20:48:33.018 19124 19124 I PackageWatchdog: Syncing health check requests for packages: {}
04-21 20:48:33.018 19124 19124 I ExplicitHealthCheckController: Service not ready to get health check supported packages. Binding...
04-21 20:48:33.024 19124 19124 I ExplicitHealthCheckController: Explicit health check service is bound
04-21 20:48:33.025 19124 19124 I ExplicitHealthCheckController: Explicit health check service is connected ComponentInfo{com.google.android.ext.services/android.ext.services.watchdog.ExplicitHealthCheckServiceImpl}
04-21 20:48:33.025 19124 19124 I ExplicitHealthCheckController: Service initialized, syncing requests
04-21 20:48:33.025 19124 19124 I PackageWatchdog: Syncing health check requests for packages: {}
04-21 20:48:33.025 19124 19124 D ExplicitHealthCheckController: Getting health check supported packages
04-21 20:48:33.029 19124 19477 I ExplicitHealthCheckController: Explicit health check supported packages []
04-21 20:48:33.029 19124 19477 D PackageWatchdog: Received supported packages []
04-21 20:48:33.029 19124 19477 D ExplicitHealthCheckController: Getting health check requested packages
04-21 20:48:33.032 19124 25860 I ExplicitHealthCheckController: Explicit health check requested packages []
04-21 20:48:33.032 19124 25860 I ExplicitHealthCheckController: No more health check requests, unbinding...
04-21 20:48:33.041 19124 25860 I ExplicitHealthCheckController: Explicit health check service is unbound
04-21 20:48:33.116 19124 25860 I ActivityManager: Process com.broadcom.nrdphelper (pid 10609) has died: cch+99 SVC 
04-21 20:48:33.117 19124 25860 W ActivityManager: Scheduling restart of crashed service com.broadcom.nrdphelper/.HdmiAudioPlugService in 1000ms for start-requested
04-21 20:48:33.117 19124 25860 W ActivityManager: Scheduling restart of crashed service com.broadcom.nrdphelper/.NetflixStatusService in 11000ms for start-requested
04-21 20:48:33.134 19124 19124 W Looper  : Slow dispatch took 100ms main h=android.os.Handler c=com.android.internal.os.BinderLatencyObserver$1@8c97728 m=0
04-21 20:48:33.729 19124 25860 I RescueParty: Starting to observe: [android, com.android.bluetooth], updated namespace: bluetooth
04-21 20:48:33.730 19124 19147 I PackageWatchdog: Syncing state, reason: observing new packages
04-21 20:48:33.730 19124 19147 D PackageWatchdog: rescue-party-observer added the following packages to monitor [android, com.android.bluetooth]
04-21 20:48:33.730 19124 19147 I PackageWatchdog: Syncing state, reason: updated observers
04-21 20:48:33.730 19124 19147 I PackageWatchdog: Not pruning observers, elapsed time: 0ms
04-21 20:48:33.730 19124 19147 I PackageWatchdog: Saving observer state to file
04-21 20:48:33.732 19124 19124 D BluetoothDeviceConfigListener: onPropertiesChanged: location_denylist_name='',location_denylist_advertising_data='⊆0016AAFE/00FFFFFF,⊆00FF4C0002/00FFFFFFFF',location_denylist_mac=''
04-21 20:48:33.737 19124 19124 I PackageWatchdog: Syncing health check requests for packages: {}
04-21 20:48:33.737 19124 19124 I ExplicitHealthCheckController: Service not ready to get health check supported packages. Binding...
04-21 20:48:33.742 19124 19124 I ExplicitHealthCheckController: Explicit health check service is bound
04-21 20:48:33.744 19124 19124 I ExplicitHealthCheckController: Explicit health check service is connected ComponentInfo{com.google.android.ext.services/android.ext.services.watchdog.ExplicitHealthCheckServiceImpl}
04-21 20:48:33.745 19124 19124 I ExplicitHealthCheckController: Service initialized, syncing requests
04-21 20:48:33.745 19124 19124 I PackageWatchdog: Syncing health check requests for packages: {}
04-21 20:48:33.745 19124 19124 D ExplicitHealthCheckController: Getting health check supported packages
04-21 20:48:33.748 19124 19477 I ExplicitHealthCheckController: Explicit health check supported packages []
04-21 20:48:33.748 19124 19477 D PackageWatchdog: Received supported packages []
04-21 20:48:33.749 19124 19477 D ExplicitHealthCheckController: Getting health check requested packages
04-21 20:48:33.750 19124 25860 I ExplicitHealthCheckController: Explicit health check requested packages []
04-21 20:48:33.750 19124 25860 I ExplicitHealthCheckController: No more health check requests, unbinding...
04-21 20:48:33.753 19124 25860 I ExplicitHealthCheckController: Explicit health check service is unbound
04-21 20:48:33.847 19124 25860 I RescueParty: Starting to observe: [android], updated namespace: latency_tracker
04-21 20:48:33.847 19124 19147 I PackageWatchdog: Syncing state, reason: observing new packages
04-21 20:48:33.847 19124 19147 D PackageWatchdog: rescue-party-observer added the following packages to monitor [android]
04-21 20:48:33.847 19124 19147 I PackageWatchdog: Syncing state, reason: updated observers
04-21 20:48:33.848 19124 19147 I PackageWatchdog: Not pruning observers, elapsed time: 0ms
04-21 20:48:33.848 19124 19147 I PackageWatchdog: Saving observer state to file
04-21 20:48:33.852 19124 19124 I PackageWatchdog: Syncing health check requests for packages: {}
04-21 20:48:33.852 19124 19124 I ExplicitHealthCheckController: Service not ready to get health check supported packages. Binding...
04-21 20:48:33.856 19124 19124 I ExplicitHealthCheckController: Explicit health check service is bound
04-21 20:48:33.859 19124 19124 I ExplicitHealthCheckController: Explicit health check service is connected ComponentInfo{com.google.android.ext.services/android.ext.services.watchdog.ExplicitHealthCheckServiceImpl}
04-21 20:48:33.860 19124 19124 I ExplicitHealthCheckController: Service initialized, syncing requests
04-21 20:48:33.860 19124 19124 I PackageWatchdog: Syncing health check requests for packages: {}
04-21 20:48:33.860 19124 19124 D ExplicitHealthCheckController: Getting health check supported packages
04-21 20:48:33.863 19124 19477 I ExplicitHealthCheckController: Explicit health check supported packages []
04-21 20:48:33.863 19124 19477 D PackageWatchdog: Received supported packages []
04-21 20:48:33.863 19124 19477 D ExplicitHealthCheckController: Getting health check requested packages
04-21 20:48:33.865 19124 25860 I ExplicitHealthCheckController: Explicit health check requested packages []
04-21 20:48:33.865 19124 25860 I ExplicitHealthCheckController: No more health check requests, unbinding...
04-21 20:48:33.868 19124 25860 I ExplicitHealthCheckController: Explicit health check service is unbound
04-21 20:48:33.917 19124 26713 I RescueParty: Starting to observe: [android], updated namespace: battery_saver
04-21 20:48:33.917 19124 19147 I PackageWatchdog: Syncing state, reason: observing new packages
04-21 20:48:33.917 19124 19147 D PackageWatchdog: rescue-party-observer added the following packages to monitor [android]
04-21 20:48:33.917 19124 19147 I PackageWatchdog: Syncing state, reason: updated observers
04-21 20:48:33.917 19124 19147 I PackageWatchdog: Not pruning observers, elapsed time: 0ms
04-21 20:48:33.917 19124 19147 I PackageWatchdog: Saving observer state to file
04-21 20:48:33.923 19124 19124 I PackageWatchdog: Syncing health check requests for packages: {}
04-21 20:48:33.923 19124 19124 I ExplicitHealthCheckController: Service not ready to get health check supported packages. Binding...
04-21 20:48:33.929 19124 19124 I ExplicitHealthCheckController: Explicit health check service is bound
04-21 20:48:33.932 19124 19124 I ExplicitHealthCheckController: Explicit health check service is connected ComponentInfo{com.google.android.ext.services/android.ext.services.watchdog.ExplicitHealthCheckServiceImpl}
04-21 20:48:33.932 19124 19124 I ExplicitHealthCheckController: Service initialized, syncing requests
04-21 20:48:33.932 19124 19124 I PackageWatchdog: Syncing health check requests for packages: {}
04-21 20:48:33.932 19124 19124 D ExplicitHealthCheckController: Getting health check supported packages
04-21 20:48:33.935 19124 19477 I ExplicitHealthCheckController: Explicit health check supported packages []
04-21 20:48:33.935 19124 19477 D PackageWatchdog: Received supported packages []
04-21 20:48:33.935 19124 19477 D ExplicitHealthCheckController: Getting health check requested packages
04-21 20:48:33.935 19124 25860 I ExplicitHealthCheckController: Explicit health check requested packages []
04-21 20:48:33.935 19124 25860 I ExplicitHealthCheckController: No more health check requests, unbinding...
04-21 20:48:33.937 19124 25860 I ExplicitHealthCheckController: Explicit health check service is unbound
04-21 20:48:33.980 19124 19477 I RescueParty: Starting to observe: [android], updated namespace: constrain_display_apis
04-21 20:48:33.980 19124 19147 I PackageWatchdog: Syncing state, reason: observing new packages
04-21 20:48:33.980 19124 19147 D PackageWatchdog: rescue-party-observer added the following packages to monitor [android]
04-21 20:48:33.981 19124 19147 I PackageWatchdog: Syncing state, reason: updated observers
04-21 20:48:33.981 19124 19147 I PackageWatchdog: Not pruning observers, elapsed time: 0ms
04-21 20:48:33.981 19124 19147 I PackageWatchdog: Saving observer state to file
04-21 20:48:33.986 19124 19124 I PackageWatchdog: Syncing health check requests for packages: {}
04-21 20:48:33.986 19124 19124 I ExplicitHealthCheckController: Service not ready to get health check supported packages. Binding...
04-21 20:48:33.990 19124 19124 I ExplicitHealthCheckController: Explicit health check service is bound
04-21 20:48:33.990 19124 19124 I ExplicitHealthCheckController: Explicit health check service is connected ComponentInfo{com.google.android.ext.services/android.ext.services.watchdog.ExplicitHealthCheckServiceImpl}
04-21 20:48:33.991 19124 19124 I ExplicitHealthCheckController: Service initialized, syncing requests
04-21 20:48:33.991 19124 19124 I PackageWatchdog: Syncing health check requests for packages: {}
04-21 20:48:33.991 19124 19124 D ExplicitHealthCheckController: Getting health check supported packages
04-21 20:48:33.993 19124 25860 I ExplicitHealthCheckController: Explicit health check supported packages []
04-21 20:48:33.993 19124 25860 D PackageWatchdog: Received supported packages []
04-21 20:48:33.993 19124 25860 D ExplicitHealthCheckController: Getting health check requested packages
04-21 20:48:33.993 19124 25860 I ExplicitHealthCheckController: Explicit health check requested packages []
04-21 20:48:33.993 19124 25860 I ExplicitHealthCheckController: No more health check requests, unbinding...
04-21 20:48:33.995 19124 25860 I ExplicitHealthCheckController: Explicit health check service is unbound
04-21 20:48:34.118 19124 19148 D CompatibilityChangeReporter: Compat change id reported: 135634846; UID 10012; state: DISABLED
04-21 20:48:34.118 19124 19148 D CompatibilityChangeReporter: Compat change id reported: 177438394; UID 10012; state: DISABLED
04-21 20:48:34.118 19124 19148 D CompatibilityChangeReporter: Compat change id reported: 135772972; UID 10012; state: DISABLED
04-21 20:48:34.118 19124 19148 D CompatibilityChangeReporter: Compat change id reported: 135754954; UID 10012; state: ENABLED
04-21 20:48:34.120 19124 19149 D CompatibilityChangeReporter: Compat change id reported: 143937733; UID 10012; state: ENABLED
04-21 20:48:34.139 19124 19149 I ActivityManager: Start proc 24878:com.broadcom.nrdphelper/u0a12 for service {com.broadcom.nrdphelper/com.broadcom.nrdphelper.HdmiAudioPlugService}
04-21 20:48:34.204 19124 26713 D CompatibilityChangeReporter: Compat change id reported: 168419799; UID 10012; state: DISABLED
04-21 20:48:34.224 19124 19477 I RescueParty: Starting to observe: [android], updated namespace: activity_manager
04-21 20:48:34.224 19124 19147 I PackageWatchdog: Syncing state, reason: observing new packages
04-21 20:48:34.224 19124 19147 D PackageWatchdog: rescue-party-observer added the following packages to monitor [android]
04-21 20:48:34.224 19124 19147 I PackageWatchdog: Syncing state, reason: updated observers
04-21 20:48:34.224 19124 19147 I PackageWatchdog: Saving observer state to file
04-21 20:48:34.230 19124 19124 I PackageWatchdog: Syncing health check requests for packages: {}
04-21 20:48:34.230 19124 19124 I ExplicitHealthCheckController: Service not ready to get health check supported packages. Binding...
04-21 20:48:34.239 19124 19124 I ExplicitHealthCheckController: Explicit health check service is bound
04-21 20:48:34.240 19124 19124 I ExplicitHealthCheckController: Explicit health check service is connected ComponentInfo{com.google.android.ext.services/android.ext.services.watchdog.ExplicitHealthCheckServiceImpl}
04-21 20:48:34.240 19124 19124 I ExplicitHealthCheckController: Service initialized, syncing requests
04-21 20:48:34.241 19124 19124 I PackageWatchdog: Syncing health check requests for packages: {}
04-21 20:48:34.241 19124 19124 D ExplicitHealthCheckController: Getting health check supported packages
04-21 20:48:34.243 19124 25860 I ExplicitHealthCheckController: Explicit health check supported packages []
04-21 20:48:34.243 19124 25860 D PackageWatchdog: Received supported packages []
04-21 20:48:34.243 19124 25860 D ExplicitHealthCheckController: Getting health check requested packages
04-21 20:48:34.244 19124 25860 I ExplicitHealthCheckController: Explicit health check requested packages []
04-21 20:48:34.244 19124 25860 I ExplicitHealthCheckController: No more health check requests, unbinding...
04-21 20:48:34.246 19124 25860 I ExplicitHealthCheckController: Explicit health check service is unbound
04-21 20:48:34.345 19124 19477 I RescueParty: Starting to observe: [android], updated namespace: location
04-21 20:48:34.345 19124 19147 I PackageWatchdog: Syncing state, reason: observing new packages
04-21 20:48:34.345 19124 19147 D PackageWatchdog: rescue-party-observer added the following packages to monitor [android]
04-21 20:48:34.345 19124 19147 I PackageWatchdog: Syncing state, reason: updated observers
04-21 20:48:34.345 19124 19147 I PackageWatchdog: Saving observer state to file
04-21 20:48:34.349 19124 19124 I PackageWatchdog: Syncing health check requests for packages: {}
04-21 20:48:34.350 19124 19124 I ExplicitHealthCheckController: Service not ready to get health check supported packages. Binding...
04-21 20:48:34.355 19124 19124 I ExplicitHealthCheckController: Explicit health check service is bound
04-21 20:48:34.355 19124 19124 I ExplicitHealthCheckController: Explicit health check service is connected ComponentInfo{com.google.android.ext.services/android.ext.services.watchdog.ExplicitHealthCheckServiceImpl}
04-21 20:48:34.355 19124 19124 I ExplicitHealthCheckController: Service initialized, syncing requests
04-21 20:48:34.355 19124 19124 I PackageWatchdog: Syncing health check requests for packages: {}
04-21 20:48:34.355 19124 19124 D ExplicitHealthCheckController: Getting health check supported packages
04-21 20:48:34.357 19124 25860 I ExplicitHealthCheckController: Explicit health check supported packages []
04-21 20:48:34.357 19124 25860 D PackageWatchdog: Received supported packages []
04-21 20:48:34.357 19124 25860 D ExplicitHealthCheckController: Getting health check requested packages
04-21 20:48:34.358 19124 25860 I ExplicitHealthCheckController: Explicit health check requested packages []
04-21 20:48:34.359 19124 25860 I ExplicitHealthCheckController: No more health check requests, unbinding...
04-21 20:48:34.360 19124 25860 I ExplicitHealthCheckController: Explicit health check service is unbound
04-21 20:48:34.432 19124 25860 I RescueParty: Starting to observe: [android], updated namespace: autofill
04-21 20:48:34.433 19124 19147 I PackageWatchdog: Syncing state, reason: observing new packages
04-21 20:48:34.433 19124 19147 D PackageWatchdog: rescue-party-observer added the following packages to monitor [android]
04-21 20:48:34.433 19124 19147 I PackageWatchdog: Syncing state, reason: updated observers
04-21 20:48:34.433 19124 19147 I PackageWatchdog: Not pruning observers, elapsed time: 0ms
04-21 20:48:34.433 19124 19147 I PackageWatchdog: Saving observer state to file
04-21 20:48:34.443 19124 19124 I PackageWatchdog: Syncing health check requests for packages: {}
04-21 20:48:34.443 19124 19124 I ExplicitHealthCheckController: Service not ready to get health check supported packages. Binding...
04-21 20:48:34.447 19124 19124 I ExplicitHealthCheckController: Explicit health check service is bound
04-21 20:48:34.447 19124 19124 I AutofillManagerService: Ignoring change on augmented_autofill_mode
04-21 20:48:34.447 19124 19124 I ExplicitHealthCheckController: Explicit health check service is connected ComponentInfo{com.google.android.ext.services/android.ext.services.watchdog.ExplicitHealthCheckServiceImpl}
04-21 20:48:34.448 19124 19124 I ExplicitHealthCheckController: Service initialized, syncing requests
04-21 20:48:34.448 19124 19124 I PackageWatchdog: Syncing health check requests for packages: {}
04-21 20:48:34.448 19124 19124 D ExplicitHealthCheckController: Getting health check supported packages
04-21 20:48:34.450 19124 19477 I ExplicitHealthCheckController: Explicit health check supported packages []
04-21 20:48:34.450 19124 19477 D PackageWatchdog: Received supported packages []
04-21 20:48:34.450 19124 19477 D ExplicitHealthCheckController: Getting health check requested packages
04-21 20:48:34.451 19124 19477 I ExplicitHealthCheckController: Explicit health check requested packages []
04-21 20:48:34.451 19124 19477 I ExplicitHealthCheckController: No more health check requests, unbinding...
04-21 20:48:34.453 19124 19477 I ExplicitHealthCheckController: Explicit health check service is unbound
04-21 20:48:36.494 19124 19155 W BatteryExternalStatsWorker: error reading modem stats:ERROR_PHONE_NOT_AVAILABLE
04-21 20:48:39.237 19124 20050 W ActivityManager: Unable to start service Intent { cmp=com.google.android.gms/.fido.fido2.pollux.CableAuthenticatorService } U=0: not found
04-21 20:48:41.991 19124 19477 W ProcessStats: Tracking association SourceState{2523f43 com.google.android.tvrecommendations/10042 BTopFgs #88160} whose proc state 2 is better than process ProcessState{d5b55e7 com.google.android.gms.persistent/10051 pkg=com.google.android.gms} proc state 3 (1740 skipped)
04-21 20:48:54.156 19124 25184 W ProcessStats: Tracking association SourceState{2523f43 com.google.android.tvrecommendations/10042 BTopFgs #88185} whose proc state 2 is better than process ProcessState{d5b55e7 com.google.android.gms.persistent/10051 pkg=com.google.android.gms} proc state 3 (143 skipped)
04-21 20:48:59.253 19124 19477 D BiometricService: canAuthenticate: User=0, Caller=0, Authenticators=255
04-21 20:48:59.254 19124 19477 D BiometricService/PreAuthInfo: getCanAuthenticateInternal Modality: 0 AuthenticatorStatus: 2
04-21 20:48:59.254 19124 19477 D AuthService: canAuthenticate, userId: 0, callingUserId: 0, authenticators: 255, result: 12
04-21 20:49:04.302 19124 20778 W ProcessStats: Tracking association SourceState{589f133 com.google.android.gms/10051 BTopFgs #88287} whose proc state 2 is better than process ProcessState{d5b55e7 com.google.android.gms.persistent/10051 pkg=com.google.android.gms} proc state 3 (625 skipped)
04-21 20:49:07.110 19124 19147 I UsageStatsService: User[0] Rolling over usage stats
04-21 20:49:07.111 19124 19147 I UsageStatsService: User[0] Flushing usage stats to disk
04-21 20:49:07.184 19124 19147 I UsageStatsService: User[0] Rollover scheduled @ 2023-04-22 20:49:07(1682192947109)
04-21 20:49:07.187 19124 19147 I UsageStatsService: User[0] Flushing usage stats to disk
04-21 20:49:07.209 19124 19147 I UsageStatsService: User[0] Rolling over usage stats complete. Took 99 milliseconds
04-21 20:49:07.267 19124 19124 D CompatibilityChangeReporter: Compat change id reported: 135634846; UID 10012; state: DISABLED
04-21 20:49:07.267 19124 19124 D CompatibilityChangeReporter: Compat change id reported: 177438394; UID 10012; state: DISABLED
04-21 20:49:07.267 19124 19124 D CompatibilityChangeReporter: Compat change id reported: 135772972; UID 10012; state: DISABLED
04-21 20:49:07.267 19124 19124 D CompatibilityChangeReporter: Compat change id reported: 135754954; UID 10012; state: ENABLED
04-21 20:49:07.268 19124 19149 D CompatibilityChangeReporter: Compat change id reported: 143937733; UID 10012; state: ENABLED
04-21 20:49:07.293 19124 19149 I ActivityManager: Start proc 24944:android.process.media/u0a12 for service {com.android.providers.downloads/com.android.providers.downloads.DownloadIdleService}
04-21 20:49:07.392 19124 19203 I WatchlistLoggingHandler: No need to aggregate record yet.
04-21 20:49:07.392 19124 19203 I WatchlistLoggingHandler: Milliseconds spent on tryAggregateRecords(): 0
04-21 20:49:07.392 19124 20050 D CompatibilityChangeReporter: Compat change id reported: 168419799; UID 10012; state: DISABLED
04-21 20:49:07.392 19124 24962 I BackgroundDexOptService: Performing idle optimizations
04-21 20:49:07.461 19124 24960 D DynamicCodeLogger: Got no hash for /data/user/0/com.google.android.gms/cache/1678981529375.jar
04-21 20:49:07.606 24944 25000 D DownloadManager: Removed 0 stale downloads
04-21 20:49:07.619 24944 25000 D DownloadManager: Found 0 files in database
04-21 20:49:07.619 24944 25000 D DownloadManager: Found 0 files on disk
04-21 20:49:07.904 19124 24863 D BlobStore: Completed idle maintenance; deleted []
04-21 20:49:14.435 19124 25184 I ActivityManager: Killing 23982:com.android.providers.calendar/u0a22 (adj 965): empty #17
04-21 20:49:14.436 19124 25184 W ProcessStats: Tracking association SourceState{2523f43 com.google.android.tvrecommendations/10042 BTopFgs #88375} whose proc state 2 is better than process ProcessState{d5b55e7 com.google.android.gms.persistent/10051 pkg=com.google.android.gms} proc state 3 (300 skipped)
04-21 20:49:14.512 19124 25184 I ActivityManager: Killing 24245:com.android.statementservice/u0a16 (adj 985): empty #17
04-21 20:49:24.593 19124 23810 W ProcessStats: Tracking association SourceState{7126e3 com.google.android.katniss:interactor/10044 BTopFgs #88411} whose proc state 2 is better than process ProcessState{d5b55e7 com.google.android.gms.persistent/10051 pkg=com.google.android.gms} proc state 3 (179 skipped)
04-21 20:49:34.574 19124 23810 I ActivityManager: Killing 22038:com.google.android.permissioncontroller/u0a71 (adj 985): empty #17
04-21 20:49:34.616 19124 20050 I ActivityManager: Killing 24342:com.nousguide.android.rbtv/u0a78 (adj 985): empty #17
04-21 20:49:34.617 19124 20050 W ProcessStats: Tracking association SourceState{7126e3 com.google.android.katniss:interactor/10044 BTopFgs #88426} whose proc state 2 is better than process ProcessState{d5b55e7 com.google.android.gms.persistent/10051 pkg=com.google.android.gms} proc state 3 (115 skipped)
04-21 20:49:34.726 19124 20050 I ActivityManager: Killing 24505:com.google.android.youtube.tv.recommendations/u0a54 (adj 985): empty #17
04-21 20:49:42.366 19124 19147 I UsageStatsService: User[0] Flushing usage stats to disk
04-21 20:49:44.682 19124 19255 W ProcessStats: Tracking association SourceState{f936f9a com.google.android.gms.unstable/10051 BTopFgs #88453} whose proc state 2 is better than process ProcessState{d5b55e7 com.google.android.gms.persistent/10051 pkg=com.google.android.gms} proc state 3 (175 skipped)
04-21 20:49:53.398 19124 24962 I BackgroundDexOptService: Pinning optimized code {com.google.android.ext.services, com.android.vending, com.sagemcom.rcuinterface, com.sagemcom.ota, com.google.android.play.games}
04-21 20:49:53.398 19124 24962 I BackgroundDexOptService: Idle optimizations completed.
04-21 20:49:53.537 19124 19255 D CompatibilityChangeReporter: Compat change id reported: 171306433; UID 10051; state: ENABLED
04-21 20:49:54.939 19124 23810 W ProcessStats: Tracking association SourceState{edb5c87 com.google.android.tvrecommendations/10042 BTopFgs #88505} whose proc state 2 is better than process ProcessState{d5b55e7 com.google.android.gms.persistent/10051 pkg=com.google.android.gms} proc state 3 (314 skipped)
04-21 20:50:05.050 19124 19255 W ProcessStats: Tracking association SourceState{2523f43 com.google.android.tvrecommendations/10042 BTopFgs #88521} whose proc state 2 is better than process ProcessState{d5b55e7 com.google.android.gms.persistent/10051 pkg=com.google.android.gms} proc state 3 (100 skipped)
04-21 20:50:15.152 19124 19255 W ProcessStats: Tracking association SourceState{2523f43 com.google.android.tvrecommendations/10042 BTopFgs #88536} whose proc state 2 is better than process ProcessState{d5b55e7 com.google.android.gms.persistent/10051 pkg=com.google.android.gms} proc state 3 (89 skipped)
04-21 20:50:25.237 19124 23810 W ProcessStats: Tracking association SourceState{2523f43 com.google.android.tvrecommendations/10042 BTopFgs #88543} whose proc state 2 is better than process ProcessState{d5b55e7 com.google.android.gms.persistent/10051 pkg=com.google.android.gms} proc state 3 (41 skipped)
04-21 20:50:35.373 19124 23810 W ProcessStats: Tracking association SourceState{2523f43 com.google.android.tvrecommendations/10042 BTopFgs #88553} whose proc state 2 is better than process ProcessState{d5b55e7 com.google.android.gms.persistent/10051 pkg=com.google.android.gms} proc state 3 (59 skipped)
04-21 20:50:58.328 19124 23810 W ProcessStats: Tracking association SourceState{2523f43 com.google.android.tvrecommendations/10042 BTopFgs #88561} whose proc state 2 is better than process ProcessState{d5b55e7 com.google.android.gms.persistent/10051 pkg=com.google.android.gms} proc state 3 (47 skipped)
04-21 20:52:03.341 19124 24586 W ProcessStats: Tracking association SourceState{2523f43 com.google.android.tvrecommendations/10042 BTopFgs #88562} whose proc state 2 is better than process ProcessState{d5b55e7 com.google.android.gms.persistent/10051 pkg=com.google.android.gms} proc state 3 (5 skipped)
04-21 20:52:18.445 19124 23810 W ProcessStats: Tracking association SourceState{2523f43 com.google.android.tvrecommendations/10042 BTopFgs #88563} whose proc state 2 is better than process ProcessState{d5b55e7 com.google.android.gms.persistent/10051 pkg=com.google.android.gms} proc state 3 (5 skipped)
04-21 20:53:30.615 19124 24586 W ProcessStats: Tracking association SourceState{3f6ac31 system/1000 BTopFgs #88564} whose proc state 2 is better than process ProcessState{d5b55e7 com.google.android.gms.persistent/10051 pkg=com.google.android.gms} proc state 3 (5 skipped)
04-21 20:57:44.641 19124 19148 I DropBoxManagerService: add tag=system_server_wtf isTagEnabled=true flags=0x2
04-21 20:57:44.654 19124 19148 W ProcessStats: Tracking association SourceState{3f6ac31 system/1000 BTopFgs #88566} whose proc state 2 is better than process ProcessState{d5b55e7 com.google.android.gms.persistent/10051 pkg=com.google.android.gms} proc state 3 (4 skipped)
04-21 20:57:46.654 19124 19148 W BroadcastQueue: Background execution not allowed: receiving Intent { act=android.intent.action.DROPBOX_ENTRY_ADDED flg=0x10 (has extras) } to com.google.android.gms/.stats.service.DropBoxEntryAddedReceiver
04-21 20:57:46.655 19124 19148 W BroadcastQueue: Background execution not allowed: receiving Intent { act=android.intent.action.DROPBOX_ENTRY_ADDED flg=0x10 (has extras) } to com.google.android.gms/.chimera.GmsIntentOperationService$PersistentTrustedReceiver
04-21 20:57:57.479 19124 19889 W ProcessStats: Tracking association SourceState{72c4e31 com.google.android.katniss:interactor/10044 BTopFgs #88592} whose proc state 2 is better than process ProcessState{d5b55e7 com.google.android.gms.persistent/10051 pkg=com.google.android.gms} proc state 3 (59 skipped)
04-21 20:58:12.542 19124 24249 W ProcessStats: Tracking association SourceState{3f6ac31 system/1000 BTopFgs #88612} whose proc state 2 is better than process ProcessState{d5b55e7 com.google.android.gms.persistent/10051 pkg=com.google.android.gms} proc state 3 (69 skipped)
04-21 20:58:13.103 19124 24249 I ActivityManager: Process com.google.android.videos (pid 24271) has died: cch+65 CEM 
04-21 20:58:13.845 19124 19148 I DropBoxManagerService: add tag=system_server_wtf isTagEnabled=true flags=0x2
04-21 20:58:15.858 19124 19148 W BroadcastQueue: Background execution not allowed: receiving Intent { act=android.intent.action.DROPBOX_ENTRY_ADDED flg=0x10 (has extras) } to com.google.android.gms/.stats.service.DropBoxEntryAddedReceiver
04-21 20:58:15.858 19124 19148 W BroadcastQueue: Background execution not allowed: receiving Intent { act=android.intent.action.DROPBOX_ENTRY_ADDED flg=0x10 (has extras) } to com.google.android.gms/.chimera.GmsIntentOperationService$PersistentTrustedReceiver
04-21 20:58:22.929 19124 19889 W ProcessStats: Tracking association SourceState{3f6ac31 system/1000 BTopFgs #88632} whose proc state 2 is better than process ProcessState{d5b55e7 com.google.android.gms.persistent/10051 pkg=com.google.android.gms} proc state 3 (54 skipped)
04-21 20:58:23.491 19124 19889 I ActivityManager: Process com.google.android.gms.unstable (pid 24756) has died: cch+25 CEM 
04-21 20:58:24.415 19124 19138 I ActivityManager: Process com.google.android.youtube.tv (pid 24308) has died: cch+65 CEM 
04-21 20:58:24.524 19124 19907 I ActivityManager: Process com.google.android.tts (pid 24250) has died: cch+65 CEM 
04-21 20:58:24.665 19124 20375 W SoundTriggerService: Client died, cleaning up session.
04-21 20:58:24.666 19124 24350 I ActivityManager: Process com.google.android.katniss:search (pid 22661) has died: cch+5 CEM 
04-21 20:58:24.678 19124 23810 I ActivityManager: Process com.google.android.katniss:interactor (pid 22537) has died: vis BFGS
04-21 20:58:24.681 19124 23810 W ActivityManager: Scheduling restart of crashed service com.google.android.katniss/com.google.android.apps.tvsearch.voice.KatnissVoiceInteractionSessionService in 1000ms for connection
04-21 20:58:24.681 19124 23810 W ActivityManager: Scheduling restart of crashed service com.google.android.katniss/com.google.android.apps.gsa.binaries.tv.assistant.appintegration.AppAssistantIntegrationService in 11000ms for connection
04-21 20:58:24.681 19124 23810 W ActivityManager: Scheduling restart of crashed service com.google.android.katniss/.search.serviceapi.KatnissVoiceInteractionService in 21000ms for connection
04-21 20:58:24.691 19124 19124 W VoiceInteractionServiceManager: Voice interation session already dead
04-21 20:58:24.868 19124 19907 I ActivityManager: Process com.android.vending (pid 24022) has died: cch+15 CEM 
04-21 20:58:35.694 19124 19148 D CompatibilityChangeReporter: Compat change id reported: 135634846; UID 10044; state: DISABLED
04-21 20:58:35.695 19124 19149 D CompatibilityChangeReporter: Compat change id reported: 143937733; UID 10044; state: ENABLED
04-21 20:58:35.734 19124 19149 I ActivityManager: Start proc 25253:com.google.android.katniss:interactor/u0a44 for service {com.google.android.katniss/com.google.android.apps.gsa.binaries.tv.assistant.appintegration.AppAssistantIntegrationService}
