05-03 02:16:02.139   646  1273 W ProcessStats: Tracking association SourceState{23ccd6a com.google.android.apps.mediashell/10045 BTopFgs #2874} whose proc state 2 is better than process ProcessState{7ce9c0a com.google.android.gms.persistent/10051 pkg=com.google.android.gms} proc state 3 (49 skipped)
05-03 02:17:00.023   646   671 W ProcessStats: Tracking association SourceState{23ccd6a com.google.android.apps.mediashell/10045 BTopFgs #2876} whose proc state 2 is better than process ProcessState{7ce9c0a com.google.android.gms.persistent/10051 pkg=com.google.android.gms} proc state 3 (9 skipped)
05-03 02:17:00.281   646   893 I RescueParty: Starting to observe: [android, com.android.providers.media.module], updated namespace: storage_native_boot
05-03 02:17:00.281   646   670 I PackageWatchdog: Syncing state, reason: observing new packages
05-03 02:17:00.283   646   670 D PackageWatchdog: rescue-party-observer added the following packages to monitor [android, com.android.providers.media.module]
05-03 02:17:00.283   646   670 I PackageWatchdog: Syncing state, reason: updated observers
05-03 02:17:00.283   646   670 I PackageWatchdog: Not pruning observers, elapsed time: 0ms
05-03 02:17:00.283   646   670 I PackageWatchdog: Saving observer state to file
05-03 02:17:00.283   646   646 I PackageWatchdog: Syncing health check requests for packages: {}
05-03 02:17:00.283   646   646 I ExplicitHealthCheckController: Service not ready to get health check supported packages. Binding...
05-03 02:17:00.291   646   646 I ExplicitHealthCheckController: Explicit health check service is bound
05-03 02:17:00.295   646   646 I ExplicitHealthCheckController: Explicit health check service is connected ComponentInfo{com.google.android.ext.services/android.ext.services.watchdog.ExplicitHealthCheckServiceImpl}
05-03 02:17:00.295   646   646 I ExplicitHealthCheckController: Service initialized, syncing requests
05-03 02:17:00.295   646   646 I PackageWatchdog: Syncing health check requests for packages: {}
05-03 02:17:00.295   646   646 D ExplicitHealthCheckController: Getting health check supported packages
05-03 02:17:00.301   646  1273 I ExplicitHealthCheckController: Explicit health check supported packages []
05-03 02:17:00.301   646  1273 D PackageWatchdog: Received supported packages []
05-03 02:17:00.301   646  1273 D ExplicitHealthCheckController: Getting health check requested packages
05-03 02:17:00.303   646   893 I ExplicitHealthCheckController: Explicit health check requested packages []
05-03 02:17:00.303   646   893 I ExplicitHealthCheckController: No more health check requests, unbinding...
05-03 02:17:00.306   646   893 I ExplicitHealthCheckController: Explicit health check service is unbound
05-03 02:17:00.340   646   913 E SettingsToPropertiesMapper: com.yelp.android,0,com.yy.biu,0,com.groupme.android,0,air.tv.douyu.android,0,com.baidu.mbaby,0,com.vlocker.locker,0,com.znxh.hyhuo,0,com.yixia.xiaokaxiu,0 exceeds system property max length.
05-03 02:17:00.554   646   893 I RescueParty: Starting to observe: [android], updated namespace: connectivity
05-03 02:17:00.554   646   670 I PackageWatchdog: Syncing state, reason: observing new packages
05-03 02:17:00.554   646   670 D PackageWatchdog: rescue-party-observer added the following packages to monitor [android]
05-03 02:17:00.554   646   670 I PackageWatchdog: Syncing state, reason: updated observers
05-03 02:17:00.554   646   670 I PackageWatchdog: Not pruning observers, elapsed time: 0ms
05-03 02:17:00.554   646   670 I PackageWatchdog: Saving observer state to file
05-03 02:17:00.561   646   646 I PackageWatchdog: Syncing health check requests for packages: {}
05-03 02:17:00.561   646   646 I ExplicitHealthCheckController: Service not ready to get health check supported packages. Binding...
05-03 02:17:00.567   646   646 I ExplicitHealthCheckController: Explicit health check service is bound
05-03 02:17:00.569   646   646 I ExplicitHealthCheckController: Explicit health check service is connected ComponentInfo{com.google.android.ext.services/android.ext.services.watchdog.ExplicitHealthCheckServiceImpl}
05-03 02:17:00.569   646   646 I ExplicitHealthCheckController: Service initialized, syncing requests
05-03 02:17:00.569   646   646 I PackageWatchdog: Syncing health check requests for packages: {}
05-03 02:17:00.569   646   646 D ExplicitHealthCheckController: Getting health check supported packages
05-03 02:17:00.572   646  1273 I ExplicitHealthCheckController: Explicit health check supported packages []
05-03 02:17:00.572   646  1273 D PackageWatchdog: Received supported packages []
05-03 02:17:00.572   646  1273 D ExplicitHealthCheckController: Getting health check requested packages
05-03 02:17:00.573   646  1273 I ExplicitHealthCheckController: Explicit health check requested packages []
05-03 02:17:00.573   646  1273 I ExplicitHealthCheckController: No more health check requests, unbinding...
05-03 02:17:00.579   646  1273 I ExplicitHealthCheckController: Explicit health check service is unbound
05-03 02:17:00.588   646  1273 I RescueParty: Starting to observe: [com.google.android.permissioncontroller], updated namespace: permissions
05-03 02:17:00.588   646   670 I PackageWatchdog: Syncing state, reason: observing new packages
05-03 02:17:00.588   646   670 D PackageWatchdog: rescue-party-observer added the following packages to monitor [com.google.android.permissioncontroller]
05-03 02:17:00.588   646   670 I PackageWatchdog: Syncing state, reason: updated observers
05-03 02:17:00.589   646   670 I PackageWatchdog: Not pruning observers, elapsed time: 0ms
05-03 02:17:00.589   646   670 I PackageWatchdog: Saving observer state to file
05-03 02:17:00.596   646   646 I PackageWatchdog: Syncing health check requests for packages: {}
05-03 02:17:00.596   646   646 I ExplicitHealthCheckController: Service not ready to get health check supported packages. Binding...
05-03 02:17:00.600   646   646 I ExplicitHealthCheckController: Explicit health check service is bound
05-03 02:17:00.605   646   646 I ExplicitHealthCheckController: Explicit health check service is connected ComponentInfo{com.google.android.ext.services/android.ext.services.watchdog.ExplicitHealthCheckServiceImpl}
05-03 02:17:00.605   646   646 I ExplicitHealthCheckController: Service initialized, syncing requests
05-03 02:17:00.606   646   646 I PackageWatchdog: Syncing health check requests for packages: {}
05-03 02:17:00.606   646   646 D ExplicitHealthCheckController: Getting health check supported packages
05-03 02:17:00.608   646   829 I ExplicitHealthCheckController: Explicit health check supported packages []
05-03 02:17:00.608   646   829 D PackageWatchdog: Received supported packages []
05-03 02:17:00.608   646   829 D ExplicitHealthCheckController: Getting health check requested packages
05-03 02:17:00.609   646  1273 I ExplicitHealthCheckController: Explicit health check requested packages []
05-03 02:17:00.609   646  1273 I ExplicitHealthCheckController: No more health check requests, unbinding...
05-03 02:17:00.612   646  1273 I ExplicitHealthCheckController: Explicit health check service is unbound
05-03 02:17:00.673   646  1273 I RescueParty: Starting to observe: [android], updated namespace: content_capture
05-03 02:17:00.674   646   670 I PackageWatchdog: Syncing state, reason: observing new packages
05-03 02:17:00.674   646   670 D PackageWatchdog: rescue-party-observer added the following packages to monitor [android]
05-03 02:17:00.674   646   670 I PackageWatchdog: Syncing state, reason: updated observers
05-03 02:17:00.674   646   670 I PackageWatchdog: Not pruning observers, elapsed time: 0ms
05-03 02:17:00.674   646   670 I PackageWatchdog: Saving observer state to file
05-03 02:17:00.682   646   646 I PackageWatchdog: Syncing health check requests for packages: {}
05-03 02:17:00.682   646   646 I ExplicitHealthCheckController: Service not ready to get health check supported packages. Binding...
05-03 02:17:00.686   646   646 I ExplicitHealthCheckController: Explicit health check service is bound
05-03 02:17:00.686   646   646 I PackageWatchdog: Syncing health check requests for packages: {}
05-03 02:17:00.686   646   646 I ExplicitHealthCheckController: Service not ready to get health check supported packages. Binding...
05-03 02:17:00.687   646   646 I ExplicitHealthCheckController: Not binding to service, service already connecting
05-03 02:17:00.690   646   646 I ExplicitHealthCheckController: Explicit health check service is connected ComponentInfo{com.google.android.ext.services/android.ext.services.watchdog.ExplicitHealthCheckServiceImpl}
05-03 02:17:00.690   646   646 I ExplicitHealthCheckController: Service initialized, syncing requests
05-03 02:17:00.690   646   646 I PackageWatchdog: Syncing health check requests for packages: {}
05-03 02:17:00.690   646   646 D ExplicitHealthCheckController: Getting health check supported packages
05-03 02:17:00.692   646  1273 I ExplicitHealthCheckController: Explicit health check supported packages []
05-03 02:17:00.693   646  1273 D PackageWatchdog: Received supported packages []
05-03 02:17:00.693   646  1273 D ExplicitHealthCheckController: Getting health check requested packages
05-03 02:17:00.693   646  1273 I ExplicitHealthCheckController: Explicit health check requested packages []
05-03 02:17:00.693   646  1273 I ExplicitHealthCheckController: No more health check requests, unbinding...
05-03 02:17:00.696   646  1273 I ExplicitHealthCheckController: Explicit health check service is unbound
05-03 02:17:00.729   646   893 I RescueParty: Starting to observe: [android], updated namespace: wifi
05-03 02:17:00.729   646   670 I PackageWatchdog: Syncing state, reason: observing new packages
05-03 02:17:00.729   646   670 D PackageWatchdog: rescue-party-observer added the following packages to monitor [android]
05-03 02:17:00.729   646   670 I PackageWatchdog: Syncing state, reason: updated observers
05-03 02:17:00.729   646   670 I PackageWatchdog: Not pruning observers, elapsed time: 0ms
05-03 02:17:00.729   646   670 I PackageWatchdog: Saving observer state to file
05-03 02:17:00.729   646   646 I PackageWatchdog: Syncing health check requests for packages: {}
05-03 02:17:00.729   646   646 I ExplicitHealthCheckController: Service not ready to get health check supported packages. Binding...
05-03 02:17:00.733   646   646 I ExplicitHealthCheckController: Explicit health check service is bound
05-03 02:17:00.735   646   646 I PackageWatchdog: Syncing health check requests for packages: {}
05-03 02:17:00.735   646   646 I ExplicitHealthCheckController: Service not ready to get health check supported packages. Binding...
05-03 02:17:00.735   646   646 I ExplicitHealthCheckController: Not binding to service, service already connecting
05-03 02:17:00.740   646   646 I ExplicitHealthCheckController: Explicit health check service is connected ComponentInfo{com.google.android.ext.services/android.ext.services.watchdog.ExplicitHealthCheckServiceImpl}
05-03 02:17:00.740   646   646 I ExplicitHealthCheckController: Service initialized, syncing requests
05-03 02:17:00.741   646   646 I PackageWatchdog: Syncing health check requests for packages: {}
05-03 02:17:00.741   646   646 D ExplicitHealthCheckController: Getting health check supported packages
05-03 02:17:00.743   646   893 I ExplicitHealthCheckController: Explicit health check supported packages []
05-03 02:17:00.743   646   893 D PackageWatchdog: Received supported packages []
05-03 02:17:00.743   646   893 D ExplicitHealthCheckController: Getting health check requested packages
05-03 02:17:00.745   646   893 I ExplicitHealthCheckController: Explicit health check requested packages []
05-03 02:17:00.745   646   893 I ExplicitHealthCheckController: No more health check requests, unbinding...
05-03 02:17:00.747   646   893 I ExplicitHealthCheckController: Explicit health check service is unbound
05-03 02:17:00.858   646   893 I RescueParty: Starting to observe: [android], updated namespace: telephony
05-03 02:17:00.858   646   670 I PackageWatchdog: Syncing state, reason: observing new packages
05-03 02:17:00.858   646   670 D PackageWatchdog: rescue-party-observer added the following packages to monitor [android]
05-03 02:17:00.858   646   670 I PackageWatchdog: Syncing state, reason: updated observers
05-03 02:17:00.858   646   670 I PackageWatchdog: Not pruning observers, elapsed time: 0ms
05-03 02:17:00.859   646   670 I PackageWatchdog: Saving observer state to file
05-03 02:17:00.859   646   646 I PackageWatchdog: Syncing health check requests for packages: {}
05-03 02:17:00.859   646   646 I ExplicitHealthCheckController: Service not ready to get health check supported packages. Binding...
05-03 02:17:00.864   646   646 I ExplicitHealthCheckController: Explicit health check service is bound
05-03 02:17:00.868   646   646 I PackageWatchdog: Syncing health check requests for packages: {}
05-03 02:17:00.868   646   646 I ExplicitHealthCheckController: Service not ready to get health check supported packages. Binding...
05-03 02:17:00.868   646   646 I ExplicitHealthCheckController: Not binding to service, service already connecting
05-03 02:17:00.868   646   646 I ExplicitHealthCheckController: Explicit health check service is connected ComponentInfo{com.google.android.ext.services/android.ext.services.watchdog.ExplicitHealthCheckServiceImpl}
05-03 02:17:00.868   646   646 I ExplicitHealthCheckController: Service initialized, syncing requests
05-03 02:17:00.868   646   646 I PackageWatchdog: Syncing health check requests for packages: {}
05-03 02:17:00.868   646   646 D ExplicitHealthCheckController: Getting health check supported packages
05-03 02:17:00.871   646   893 I ExplicitHealthCheckController: Explicit health check supported packages []
05-03 02:17:00.871   646   893 D PackageWatchdog: Received supported packages []
05-03 02:17:00.871   646   893 D ExplicitHealthCheckController: Getting health check requested packages
05-03 02:17:00.874   646   893 I ExplicitHealthCheckController: Explicit health check requested packages []
05-03 02:17:00.874   646   893 I ExplicitHealthCheckController: No more health check requests, unbinding...
05-03 02:17:00.877   646   893 I ExplicitHealthCheckController: Explicit health check service is unbound
05-03 02:17:01.061   646  4022 E SettingsToPropertiesMapper: adservices/disable_sdk_sandbox,adservices/enforce_broadcast_receiver_restrictions,adservices/fledge_ad_selection_enforce_foreground_status_custom_audience,adservices/fledge_custom_audience_max_count,adservices/fledge_custom_audience_max_num_ads,adservices/fledge_custom_audience_max_owner_count,adservices/fledge_custom_audience_per_app_max_count,adservices/fledge_js_isolate_enforce_max_heap_size,adservices/fledge_js_isolate_max_heap_size_bytes,adservices/sdk_request_permits_per_second,adservices/sdksandbox_customized_sdk_context_enabled,configuration/namespace_to_package_mapping,constrain_display_apis/always_constrain_display_apis,constrain_display_apis/never_constrain_display_apis,constrain_display_apis/never_constrain_display_apis_all_packages,device_policy_manager/disable_resources_updatability,flipendo/default_savings_mode_launch,flipendo/essential_apps,flipendo/flipendo_enabled_launch,flipendo/grayscale_enabled_launch,flipendo/lever_ble_scanning_enabled_launch,flipendo/lever_hotspot_enabled_launch,flipendo/lever_work_profile_enabled_launch,flipendo/resuspend_delay_minutes,namespace/key,namespace1/key1,namespace1/key2,namespace2/key1,namespace2/key2,package_manager_service/incfs_default_timeouts,package_manager_service/known_digesters_list,privacy/location_access_check_periodic_interval_millis,rollback/enable_rollback_timeout,rollback/watchdog_explicit_health_check_enabled,rollback/watchdog_request_timeout_millis,rollback/watchdog_trigger_failure_count,rollback/watchdog_trigger_failure_duration_millis,rollback_boot/rollback_lifetime_in_millis,systemui/nas_generate_actions,systemui/nas_generate_replies,systemui/nas_max_messages_to_extract,systemui/nas_max_suggestions,testspace/another,testspace/flagname,textclassifier/config_updater_model_enabled,textclassifier/key,textclassifier/key2,textclassifier/manifest_url_annotator_en,textclassifier/manifest_url_annotator_ru,textclassifier/model_download_backoff_delay_in_millis,textclassifier/model_download_manager_enabled,textclassifier/multi_language_support_enabled,textclassifier/testing_locale_list_override,textclassifier/textclassifier_service_package_override,window_manager/enable_default_rescind_bal_privileges_from_pending_intent_sender,wrong/nas_generate_replies, exceeds system property max length.
05-03 02:17:01.133   646   893 I RescueParty: Starting to observe: [android, com.google.android.permissioncontroller, com.android.systemui, com.android.providers.contacts], updated namespace: privacy
05-03 02:17:01.134   646   670 I PackageWatchdog: Syncing state, reason: observing new packages
05-03 02:17:01.134   646   670 D PackageWatchdog: rescue-party-observer added the following packages to monitor [android, com.google.android.permissioncontroller, com.android.systemui, com.android.providers.contacts]
05-03 02:17:01.134   646   670 I PackageWatchdog: Syncing state, reason: updated observers
05-03 02:17:01.134   646   670 I PackageWatchdog: Not pruning observers, elapsed time: 0ms
05-03 02:17:01.134   646   670 I PackageWatchdog: Saving observer state to file
05-03 02:17:01.149   646   646 I PackageWatchdog: Syncing health check requests for packages: {}
05-03 02:17:01.149   646   646 I ExplicitHealthCheckController: Service not ready to get health check supported packages. Binding...
05-03 02:17:01.152   646   646 I ExplicitHealthCheckController: Explicit health check service is bound
05-03 02:17:01.157   646   646 I ExplicitHealthCheckController: Explicit health check service is connected ComponentInfo{com.google.android.ext.services/android.ext.services.watchdog.ExplicitHealthCheckServiceImpl}
05-03 02:17:01.157   646   646 I ExplicitHealthCheckController: Service initialized, syncing requests
05-03 02:17:01.157   646   646 I PackageWatchdog: Syncing health check requests for packages: {}
05-03 02:17:01.157   646   646 D ExplicitHealthCheckController: Getting health check supported packages
05-03 02:17:01.160   646  1273 I ExplicitHealthCheckController: Explicit health check supported packages []
05-03 02:17:01.160   646  1273 D PackageWatchdog: Received supported packages []
05-03 02:17:01.160   646  1273 D ExplicitHealthCheckController: Getting health check requested packages
05-03 02:17:01.161   646  1273 I ExplicitHealthCheckController: Explicit health check requested packages []
05-03 02:17:01.161   646  1273 I ExplicitHealthCheckController: No more health check requests, unbinding...
05-03 02:17:01.163   646  1273 I ExplicitHealthCheckController: Explicit health check service is unbound
05-03 02:17:01.191   646  2895 I RescueParty: Starting to observe: [com.google.android.ext.services, android, com.android.systemui], updated namespace: systemui
05-03 02:17:01.193   646   670 I PackageWatchdog: Syncing state, reason: observing new packages
05-03 02:17:01.193   646   670 D PackageWatchdog: rescue-party-observer added the following packages to monitor [com.google.android.ext.services, android, com.android.systemui]
05-03 02:17:01.193   646   670 I PackageWatchdog: Syncing state, reason: updated observers
05-03 02:17:01.193   646   670 I PackageWatchdog: Not pruning observers, elapsed time: 0ms
05-03 02:17:01.193   646   670 I PackageWatchdog: Saving observer state to file
05-03 02:17:01.200   646   646 I PackageWatchdog: Syncing health check requests for packages: {}
05-03 02:17:01.200   646   646 I ExplicitHealthCheckController: Service not ready to get health check supported packages. Binding...
05-03 02:17:01.209   646   646 I ExplicitHealthCheckController: Explicit health check service is bound
05-03 02:17:01.210   646   646 I ExplicitHealthCheckController: Explicit health check service is connected ComponentInfo{com.google.android.ext.services/android.ext.services.watchdog.ExplicitHealthCheckServiceImpl}
05-03 02:17:01.210   646   646 I ExplicitHealthCheckController: Service initialized, syncing requests
05-03 02:17:01.210   646   646 I PackageWatchdog: Syncing health check requests for packages: {}
05-03 02:17:01.210   646   646 D ExplicitHealthCheckController: Getting health check supported packages
05-03 02:17:01.213   646  1273 I ExplicitHealthCheckController: Explicit health check supported packages []
05-03 02:17:01.213   646  1273 D PackageWatchdog: Received supported packages []
05-03 02:17:01.213   646  1273 D ExplicitHealthCheckController: Getting health check requested packages
05-03 02:17:01.215   646  1273 I ExplicitHealthCheckController: Explicit health check requested packages []
05-03 02:17:01.215   646  1273 I ExplicitHealthCheckController: No more health check requests, unbinding...
05-03 02:17:01.216   646  2895 I RescueParty: Starting to observe: [android], updated namespace: media
05-03 02:17:01.217   646   670 I PackageWatchdog: Syncing state, reason: observing new packages
05-03 02:17:01.217   646   670 D PackageWatchdog: rescue-party-observer added the following packages to monitor [android]
05-03 02:17:01.218   646   670 I PackageWatchdog: Syncing state, reason: updated observers
05-03 02:17:01.218   646   670 I PackageWatchdog: Not pruning observers, elapsed time: 0ms
05-03 02:17:01.218   646   670 I PackageWatchdog: Saving observer state to file
05-03 02:17:01.219   646  1273 I ExplicitHealthCheckController: Explicit health check service is unbound
05-03 02:17:01.223   646   646 I PackageWatchdog: Syncing health check requests for packages: {}
05-03 02:17:01.223   646   646 I ExplicitHealthCheckController: Service not ready to get health check supported packages. Binding...
05-03 02:17:01.230   646   646 I ExplicitHealthCheckController: Explicit health check service is bound
05-03 02:17:01.235   646   646 I ExplicitHealthCheckController: Explicit health check service is connected ComponentInfo{com.google.android.ext.services/android.ext.services.watchdog.ExplicitHealthCheckServiceImpl}
05-03 02:17:01.235   646   646 I ExplicitHealthCheckController: Service initialized, syncing requests
05-03 02:17:01.235   646   646 I PackageWatchdog: Syncing health check requests for packages: {}
05-03 02:17:01.235   646   646 D ExplicitHealthCheckController: Getting health check supported packages
05-03 02:17:01.238   646   829 I ExplicitHealthCheckController: Explicit health check supported packages []
05-03 02:17:01.238   646   829 D PackageWatchdog: Received supported packages []
05-03 02:17:01.238   646   829 D ExplicitHealthCheckController: Getting health check requested packages
05-03 02:17:01.238   646   829 I ExplicitHealthCheckController: Explicit health check requested packages []
05-03 02:17:01.238   646   829 I ExplicitHealthCheckController: No more health check requests, unbinding...
05-03 02:17:01.240   646   829 I ExplicitHealthCheckController: Explicit health check service is unbound
05-03 02:17:01.339   646   829 I RescueParty: Starting to observe: [android], updated namespace: app_hibernation
05-03 02:17:01.340   646   670 I PackageWatchdog: Syncing state, reason: observing new packages
05-03 02:17:01.340   646   670 D PackageWatchdog: rescue-party-observer added the following packages to monitor [android]
05-03 02:17:01.340   646   670 I PackageWatchdog: Syncing state, reason: updated observers
05-03 02:17:01.340   646   670 I PackageWatchdog: Not pruning observers, elapsed time: 0ms
05-03 02:17:01.340   646   670 I PackageWatchdog: Saving observer state to file
05-03 02:17:01.344   646   646 I PackageWatchdog: Syncing health check requests for packages: {}
05-03 02:17:01.344   646   646 I ExplicitHealthCheckController: Service not ready to get health check supported packages. Binding...
05-03 02:17:01.349   646   646 I ExplicitHealthCheckController: Explicit health check service is bound
05-03 02:17:01.349   646   646 D AppHibernationService: App hibernation changed to enabled=true
05-03 02:17:01.350   646   646 I ExplicitHealthCheckController: Explicit health check service is connected ComponentInfo{com.google.android.ext.services/android.ext.services.watchdog.ExplicitHealthCheckServiceImpl}
05-03 02:17:01.350   646   646 I ExplicitHealthCheckController: Service initialized, syncing requests
05-03 02:17:01.350   646   646 I PackageWatchdog: Syncing health check requests for packages: {}
05-03 02:17:01.351   646   646 D ExplicitHealthCheckController: Getting health check supported packages
05-03 02:17:01.353   646   829 I ExplicitHealthCheckController: Explicit health check supported packages []
05-03 02:17:01.353   646   829 D PackageWatchdog: Received supported packages []
05-03 02:17:01.353   646   829 D ExplicitHealthCheckController: Getting health check requested packages
05-03 02:17:01.354   646   829 I ExplicitHealthCheckController: Explicit health check requested packages []
05-03 02:17:01.354   646   829 I ExplicitHealthCheckController: No more health check requests, unbinding...
05-03 02:17:01.359   646   829 I ExplicitHealthCheckController: Explicit health check service is unbound
05-03 02:17:01.426   646   829 I RescueParty: Starting to observe: [android], updated namespace: window_manager
05-03 02:17:01.427   646   670 I PackageWatchdog: Syncing state, reason: observing new packages
05-03 02:17:01.427   646   670 D PackageWatchdog: rescue-party-observer added the following packages to monitor [android]
05-03 02:17:01.427   646   670 I PackageWatchdog: Syncing state, reason: updated observers
05-03 02:17:01.427   646   670 I PackageWatchdog: Not pruning observers, elapsed time: 0ms
05-03 02:17:01.427   646   670 I PackageWatchdog: Saving observer state to file
05-03 02:17:01.432   646   646 I PackageWatchdog: Syncing health check requests for packages: {}
05-03 02:17:01.432   646   646 I ExplicitHealthCheckController: Service not ready to get health check supported packages. Binding...
05-03 02:17:01.438   646   646 I ExplicitHealthCheckController: Explicit health check service is bound
05-03 02:17:01.438   646   646 I ExplicitHealthCheckController: Explicit health check service is connected ComponentInfo{com.google.android.ext.services/android.ext.services.watchdog.ExplicitHealthCheckServiceImpl}
05-03 02:17:01.439   646   646 I ExplicitHealthCheckController: Service initialized, syncing requests
05-03 02:17:01.439   646   646 I PackageWatchdog: Syncing health check requests for packages: {}
05-03 02:17:01.439   646   646 D ExplicitHealthCheckController: Getting health check supported packages
05-03 02:17:01.441   646   829 I ExplicitHealthCheckController: Explicit health check supported packages []
05-03 02:17:01.441   646   829 D PackageWatchdog: Received supported packages []
05-03 02:17:01.441   646   829 D ExplicitHealthCheckController: Getting health check requested packages
05-03 02:17:01.442   646   829 I ExplicitHealthCheckController: Explicit health check requested packages []
05-03 02:17:01.443   646   829 I ExplicitHealthCheckController: No more health check requests, unbinding...
05-03 02:17:01.446   646   829 I ExplicitHealthCheckController: Explicit health check service is unbound
05-03 02:17:01.570   646  2895 I ActivityManager: Process android.process.media (pid 1677) has died: cch+75 CEM 
05-03 02:17:01.576   646  2895 I ActivityManager: Killing 3677:com.nousguide.android.rbtv/u0a78 (adj 985): empty #17
05-03 02:17:01.583   646  2895 I ActivityManager: Killing 3521:com.google.android.youtube.tv/u0a54 (adj 995): empty #18
05-03 02:17:01.643   646  2895 I RescueParty: Starting to observe: [com.android.bluetooth], updated namespace: bluetooth
05-03 02:17:01.645   646   646 D BluetoothDeviceConfigListener: onPropertiesChanged: location_denylist_name='',location_denylist_advertising_data='0016AAFE/00FFFFFF,00FF4C0002/00FFFFFFFF',location_denylist_mac=''
05-03 02:17:01.688   646  2895 I RescueParty: Starting to observe: [android], updated namespace: latency_tracker
05-03 02:17:01.704   646  2895 I RescueParty: Starting to observe: [android], updated namespace: battery_saver
05-03 02:17:01.720   646  2895 I RescueParty: Starting to observe: [android], updated namespace: constrain_display_apis
05-03 02:17:01.789   646   670 I PackageWatchdog: Syncing state, reason: observing new packages
05-03 02:17:01.789   646   670 D PackageWatchdog: rescue-party-observer added the following packages to monitor [com.android.bluetooth]
05-03 02:17:01.789   646   670 I PackageWatchdog: Syncing state, reason: updated observers
05-03 02:17:01.789   646   670 I PackageWatchdog: Not pruning observers, elapsed time: 0ms
05-03 02:17:01.789   646   646 I PackageWatchdog: Syncing health check requests for packages: {}
05-03 02:17:01.789   646   670 I PackageWatchdog: Syncing state, reason: observing new packages
05-03 02:17:01.789   646   646 I ExplicitHealthCheckController: Service not ready to get health check supported packages. Binding...
05-03 02:17:01.789   646   670 I PackageWatchdog: Not pruning observers, elapsed time: 0ms
05-03 02:17:01.789   646   670 D PackageWatchdog: rescue-party-observer added the following packages to monitor [android]
05-03 02:17:01.789   646   670 I PackageWatchdog: Syncing state, reason: updated observers
05-03 02:17:01.789   646   670 I PackageWatchdog: Syncing state, reason: observing new packages
05-03 02:17:01.789   646   670 I PackageWatchdog: Not pruning observers, elapsed time: 0ms
05-03 02:17:01.789   646   670 D PackageWatchdog: rescue-party-observer added the following packages to monitor [android]
05-03 02:17:01.789   646   670 I PackageWatchdog: Syncing state, reason: updated observers
05-03 02:17:01.789   646   670 I PackageWatchdog: Not pruning observers, elapsed time: 0ms
05-03 02:17:01.789   646   670 I PackageWatchdog: Syncing state, reason: observing new packages
05-03 02:17:01.790   646   670 I PackageWatchdog: Not pruning observers, elapsed time: 0ms
05-03 02:17:01.790   646   670 D PackageWatchdog: rescue-party-observer added the following packages to monitor [android]
05-03 02:17:01.790   646   670 I PackageWatchdog: Syncing state, reason: updated observers
05-03 02:17:01.790   646   670 I PackageWatchdog: Not pruning observers, elapsed time: 0ms
05-03 02:17:01.790   646   670 I PackageWatchdog: Saving observer state to file
05-03 02:17:01.790   646  2895 I RescueParty: Starting to observe: [android], updated namespace: location
05-03 02:17:01.795   646   646 I ExplicitHealthCheckController: Explicit health check service is bound
05-03 02:17:01.795   646   670 I PackageWatchdog: Syncing state, reason: observing new packages
05-03 02:17:01.795   646   670 D PackageWatchdog: rescue-party-observer added the following packages to monitor [android]
05-03 02:17:01.795   646   670 I PackageWatchdog: Syncing state, reason: updated observers
05-03 02:17:01.795   646   670 I PackageWatchdog: Not pruning observers, elapsed time: 0ms
05-03 02:17:01.795   646   670 I PackageWatchdog: Saving observer state to file
05-03 02:17:01.798   646   646 I PackageWatchdog: Syncing health check requests for packages: {}
05-03 02:17:01.798   646   646 I ExplicitHealthCheckController: Service not ready to get health check supported packages. Binding...
05-03 02:17:01.798   646   646 I ExplicitHealthCheckController: Not binding to service, service already connecting
05-03 02:17:01.800   646   646 I ExplicitHealthCheckController: Explicit health check service is connected ComponentInfo{com.google.android.ext.services/android.ext.services.watchdog.ExplicitHealthCheckServiceImpl}
05-03 02:17:01.800   646   646 I ExplicitHealthCheckController: Service initialized, syncing requests
05-03 02:17:01.800   646   646 I PackageWatchdog: Syncing health check requests for packages: {}
05-03 02:17:01.800   646   646 D ExplicitHealthCheckController: Getting health check supported packages
05-03 02:17:01.802   646  2895 I ExplicitHealthCheckController: Explicit health check supported packages []
05-03 02:17:01.802   646  2895 D PackageWatchdog: Received supported packages []
05-03 02:17:01.802   646  2895 D ExplicitHealthCheckController: Getting health check requested packages
05-03 02:17:01.804   646  2663 I ExplicitHealthCheckController: Explicit health check requested packages []
05-03 02:17:01.804   646  2663 I ExplicitHealthCheckController: No more health check requests, unbinding...
05-03 02:17:01.806   646  2663 I ExplicitHealthCheckController: Explicit health check service is unbound
05-03 02:17:01.822   646  2895 I RescueParty: Starting to observe: [android], updated namespace: autofill
05-03 02:17:01.823   646   670 I PackageWatchdog: Syncing state, reason: observing new packages
05-03 02:17:01.823   646   670 D PackageWatchdog: rescue-party-observer added the following packages to monitor [android]
05-03 02:17:01.823   646   670 I PackageWatchdog: Syncing state, reason: updated observers
05-03 02:17:01.823   646   670 I PackageWatchdog: Not pruning observers, elapsed time: 0ms
05-03 02:17:01.823   646   670 I PackageWatchdog: Saving observer state to file
05-03 02:17:01.831   646   646 I PackageWatchdog: Syncing health check requests for packages: {}
05-03 02:17:01.832   646   646 I ExplicitHealthCheckController: Service not ready to get health check supported packages. Binding...
05-03 02:17:01.837   646   646 I ExplicitHealthCheckController: Explicit health check service is bound
05-03 02:17:01.844   646   646 I AutofillManagerService: Ignoring change on augmented_autofill_mode
05-03 02:17:01.844   646   646 I ExplicitHealthCheckController: Explicit health check service is connected ComponentInfo{com.google.android.ext.services/android.ext.services.watchdog.ExplicitHealthCheckServiceImpl}
05-03 02:17:01.845   646   646 I ExplicitHealthCheckController: Service initialized, syncing requests
05-03 02:17:01.845   646   646 I PackageWatchdog: Syncing health check requests for packages: {}
05-03 02:17:01.845   646   646 D ExplicitHealthCheckController: Getting health check supported packages
05-03 02:17:01.847   646  2895 I ExplicitHealthCheckController: Explicit health check supported packages []
05-03 02:17:01.847   646  2895 D PackageWatchdog: Received supported packages []
05-03 02:17:01.847   646  2895 D ExplicitHealthCheckController: Getting health check requested packages
05-03 02:17:01.848   646  2895 I ExplicitHealthCheckController: Explicit health check requested packages []
05-03 02:17:01.848   646  2895 I ExplicitHealthCheckController: No more health check requests, unbinding...
05-03 02:17:01.849   646  2895 I ExplicitHealthCheckController: Explicit health check service is unbound
05-03 02:17:15.195   646  2895 W ProcessStats: Tracking association SourceState{23ccd6a com.google.android.apps.mediashell/10045 BTopFgs #2957} whose proc state 2 is better than process ProcessState{7ce9c0a com.google.android.gms.persistent/10051 pkg=com.google.android.gms} proc state 3 (184 skipped)
05-03 02:17:34.955   646  2895 W ProcessStats: Tracking association SourceState{23ccd6a com.google.android.apps.mediashell/10045 BTopFgs #2961} whose proc state 2 is better than process ProcessState{7ce9c0a com.google.android.gms.persistent/10051 pkg=com.google.android.gms} proc state 3 (14 skipped)
05-03 02:17:50.068   646  2895 W ProcessStats: Tracking association SourceState{23ccd6a com.google.android.apps.mediashell/10045 BTopFgs #2962} whose proc state 2 is better than process ProcessState{7ce9c0a com.google.android.gms.persistent/10051 pkg=com.google.android.gms} proc state 3 (4 skipped)
05-03 02:19:57.731   646   671 W ProcessStats: Tracking association SourceState{23ccd6a com.google.android.apps.mediashell/10045 BTopFgs #2963} whose proc state 2 is better than process ProcessState{7ce9c0a com.google.android.gms.persistent/10051 pkg=com.google.android.gms} proc state 3 (4 skipped)
05-03 02:19:57.736  3656  3656 W ContextImpl: Calling a method in the system process without a qualified user: android.app.ContextImpl.startForegroundService:1823 android.content.ContextWrapper.startForegroundService:781 android.content.ContextWrapper.startForegroundService:781 com.sagemcom.rcuinterface.BootReceiver.startUpgradeService:54 com.sagemcom.rcuinterface.BootReceiver.onReceive:47 
05-03 02:19:57.759   646  1082 W ActivityManager: Receiver with filter android.content.IntentFilter@d029a89 already registered for pid 3656, callerPackage is com.sagemcom.rcuinterface
05-03 02:19:57.760   646  1082 W ActivityManager: Receiver with filter android.content.IntentFilter@427ba8e already registered for pid 3656, callerPackage is com.sagemcom.rcuinterface
05-03 02:19:57.761   646  1082 W ActivityManager: Receiver with filter android.content.IntentFilter@795e2af already registered for pid 3656, callerPackage is com.sagemcom.rcuinterface
05-03 02:20:00.818   646   646 D CompatibilityChangeReporter: Compat change id reported: 168419799; UID 10050; state: DISABLED
05-03 02:20:00.888   646   671 W BroadcastQueue: Permission Denial: receiving Intent { act=android.bluetooth.adapter.action.DISCOVERY_STARTED flg=0x10 } to ProcessRecord{d02be91 1021:com.sagemcom.stb.led/u0a32} (pid=1021, uid=10032) requires android.permission.BLUETOOTH_SCAN due to sender com.android.bluetooth (uid 1002)
05-03 02:20:01.092   646  3014 I ActivityManager: Killing 851:com.google.android.permissioncontroller/u0a71 (adj 985): empty #17
05-03 02:20:13.585   646   670 W ProcessStats: Tracking association SourceState{23ccd6a com.google.android.apps.mediashell/10045 BTopFgs #2998} whose proc state 2 is better than process ProcessState{7ce9c0a com.google.android.gms.persistent/10051 pkg=com.google.android.gms} proc state 3 (124 skipped)
05-03 02:20:21.198   646   671 W BroadcastQueue: Permission Denial: receiving Intent { act=android.bluetooth.adapter.action.DISCOVERY_FINISHED flg=0x10 } to ProcessRecord{d02be91 1021:com.sagemcom.stb.led/u0a32} (pid=1021, uid=10032) requires android.permission.BLUETOOTH_SCAN due to sender com.android.bluetooth (uid 1002)
05-03 02:20:24.413   646   714 W ProcessStats: Tracking association SourceState{23ccd6a com.google.android.apps.mediashell/10045 BTopFgs #3000} whose proc state 2 is better than process ProcessState{7ce9c0a com.google.android.gms.persistent/10051 pkg=com.google.android.gms} proc state 3 (4 skipped)
05-03 02:20:41.254   646   714 W ProcessStats: Tracking association SourceState{23ccd6a com.google.android.apps.mediashell/10045 BTopFgs #3001} whose proc state 2 is better than process ProcessState{7ce9c0a com.google.android.gms.persistent/10051 pkg=com.google.android.gms} proc state 3 (4 skipped)
05-03 02:23:32.828   646   714 W DeviceIdleController: motion timeout went off and device isn't stationary
05-03 02:23:32.833   646   671 W ProcessStats: Tracking association SourceState{23ccd6a com.google.android.apps.mediashell/10045 BTopFgs #3002} whose proc state 2 is better than process ProcessState{7ce9c0a com.google.android.gms.persistent/10051 pkg=com.google.android.gms} proc state 3 (4 skipped)
05-03 02:23:42.405   646   722 D ActivityManager: froze 3779 com.android.providers.calendar
05-03 02:23:43.358   646   722 D ActivityManager: froze 3016 com.google.android.partnersetup
05-03 02:23:45.769   646   671 I DropBoxManagerService: add tag=system_server_wtf isTagEnabled=true flags=0x2
05-03 02:23:45.780   646   671 W ProcessStats: Tracking association SourceState{23ccd6a com.google.android.apps.mediashell/10045 BTopFgs #3004} whose proc state 2 is better than process ProcessState{7ce9c0a com.google.android.gms.persistent/10051 pkg=com.google.android.gms} proc state 3 (9 skipped)
05-03 02:23:47.780   646   671 W BroadcastQueue: Background execution not allowed: receiving Intent { act=android.intent.action.DROPBOX_ENTRY_ADDED flg=0x10 (has extras) } to com.google.android.gms/.stats.service.DropBoxEntryAddedReceiver
05-03 02:23:47.781   646   671 W BroadcastQueue: Background execution not allowed: receiving Intent { act=android.intent.action.DROPBOX_ENTRY_ADDED flg=0x10 (has extras) } to com.google.android.gms/.chimera.GmsIntentOperationService$PersistentTrustedReceiver
05-03 02:23:48.275   646   671 I DropBoxManagerService: add tag=system_server_wtf isTagEnabled=true flags=0x2
05-03 02:23:50.284   646   671 W BroadcastQueue: Background execution not allowed: receiving Intent { act=android.intent.action.DROPBOX_ENTRY_ADDED flg=0x10 (has extras) } to com.google.android.gms/.stats.service.DropBoxEntryAddedReceiver
05-03 02:23:50.285   646   671 W BroadcastQueue: Background execution not allowed: receiving Intent { act=android.intent.action.DROPBOX_ENTRY_ADDED flg=0x10 (has extras) } to com.google.android.gms/.chimera.GmsIntentOperationService$PersistentTrustedReceiver
05-03 02:23:51.388   646   722 D ActivityManager: froze 1385 com.sagemcom.stb.partnerinterface
05-03 02:23:54.577   646   722 D ActivityManager: froze 2013 com.google.android.gms.unstable
05-03 02:23:57.366   646  4088 W ProcessStats: Tracking association SourceState{23ccd6a com.google.android.apps.mediashell/10045 BTopFgs #3036} whose proc state 2 is better than process ProcessState{7ce9c0a com.google.android.gms.persistent/10051 pkg=com.google.android.gms} proc state 3 (74 skipped)
05-03 02:23:59.904   646   722 D ActivityManager: froze 2037 com.google.android.katniss:search
05-03 02:27:01.688   646   722 D ActivityManager: froze 2502 android.process.acore
05-03 02:27:01.701   646   722 D ActivityManager: froze 1639 com.google.process.gapps
05-03 02:28:42.792   646   671 W ProcessStats: Tracking association SourceState{23ccd6a com.google.android.apps.mediashell/10045 BTopFgs #3046} whose proc state 2 is better than process ProcessState{7ce9c0a com.google.android.gms.persistent/10051 pkg=com.google.android.gms} proc state 3 (34 skipped)
05-03 02:28:42.795  3656  3656 W ContextImpl: Calling a method in the system process without a qualified user: android.app.ContextImpl.startForegroundService:1823 android.content.ContextWrapper.startForegroundService:781 android.content.ContextWrapper.startForegroundService:781 com.sagemcom.rcuinterface.BootReceiver.startUpgradeService:54 com.sagemcom.rcuinterface.BootReceiver.onReceive:47 
05-03 02:30:01.002   646   722 D ActivityManager: froze 1337 com.google.process.gservices
05-03 02:32:07.736   646   671 W ProcessStats: Tracking association SourceState{23ccd6a com.google.android.apps.mediashell/10045 BTopFgs #3050} whose proc state 2 is better than process ProcessState{7ce9c0a com.google.android.gms.persistent/10051 pkg=com.google.android.gms} proc state 3 (14 skipped)
05-03 02:32:16.334   646  4161 I BackgroundDexOptService: Pinning optimized code {com.sagemcom.stb.tr69service, com.google.android.videos, com.android.providers.media.module}
05-03 02:32:23.678   646   670 I UsageStatsService: User[0] Flushing usage stats to disk
05-03 02:33:48.301   646   671 I DropBoxManagerService: add tag=system_server_wtf isTagEnabled=true flags=0x2
05-03 02:33:48.305   646   671 W ProcessStats: Tracking association SourceState{23ccd6a com.google.android.apps.mediashell/10045 BTopFgs #3080} whose proc state 2 is better than process ProcessState{7ce9c0a com.google.android.gms.persistent/10051 pkg=com.google.android.gms} proc state 3 (99 skipped)
05-03 02:33:50.308   646   671 W BroadcastQueue: Background execution not allowed: receiving Intent { act=android.intent.action.DROPBOX_ENTRY_ADDED flg=0x10 (has extras) } to com.google.android.gms/.stats.service.DropBoxEntryAddedReceiver
05-03 02:33:50.308   646   671 W BroadcastQueue: Background execution not allowed: receiving Intent { act=android.intent.action.DROPBOX_ENTRY_ADDED flg=0x10 (has extras) } to com.google.android.gms/.chimera.GmsIntentOperationService$PersistentTrustedReceiver
05-03 02:34:05.464   646  1082 W ProcessStats: Tracking association SourceState{23ccd6a com.google.android.apps.mediashell/10045 BTopFgs #3104} whose proc state 2 is better than process ProcessState{7ce9c0a com.google.android.gms.persistent/10051 pkg=com.google.android.gms} proc state 3 (59 skipped)
05-03 02:37:27.837   646   671 W ProcessStats: Tracking association SourceState{23ccd6a com.google.android.apps.mediashell/10045 BTopFgs #3110} whose proc state 2 is better than process ProcessState{7ce9c0a com.google.android.gms.persistent/10051 pkg=com.google.android.gms} proc state 3 (19 skipped)
05-03 02:37:27.842  3656  3656 W ContextImpl: Calling a method in the system process without a qualified user: android.app.ContextImpl.startForegroundService:1823 android.content.ContextWrapper.startForegroundService:781 android.content.ContextWrapper.startForegroundService:781 com.sagemcom.rcuinterface.BootReceiver.startUpgradeService:54 com.sagemcom.rcuinterface.BootReceiver.onReceive:47 
05-03 02:40:25.797   646  3948 D ActivityManager: sync unfroze 1337 com.google.process.gservices
05-03 02:40:25.802   646  3948 W ProcessStats: Tracking association SourceState{23ccd6a com.google.android.apps.mediashell/10045 BTopFgs #3115} whose proc state 2 is better than process ProcessState{7ce9c0a com.google.android.gms.persistent/10051 pkg=com.google.android.gms} proc state 3 (19 skipped)
05-03 02:40:40.964   646  4088 W ProcessStats: Tracking association SourceState{23ccd6a com.google.android.apps.mediashell/10045 BTopFgs #3121} whose proc state 2 is better than process ProcessState{7ce9c0a com.google.android.gms.persistent/10051 pkg=com.google.android.gms} proc state 3 (19 skipped)
05-03 02:41:43.526   646   678 W BatteryExternalStatsWorker: error reading modem stats:ERROR_PHONE_NOT_AVAILABLE
05-03 02:41:43.605   646   678 D KernelCpuUidUserSysTimeReader: Removing uids 1037-1037
05-03 02:42:11.717   646   671 I DropBoxManagerService: add tag=system_server_wtf isTagEnabled=true flags=0x2
05-03 02:42:11.719   646   671 W ProcessStats: Tracking association SourceState{23ccd6a com.google.android.apps.mediashell/10045 BTopFgs #3124} whose proc state 2 is better than process ProcessState{7ce9c0a com.google.android.gms.persistent/10051 pkg=com.google.android.gms} proc state 3 (9 skipped)
05-03 02:42:13.724   646   671 W BroadcastQueue: Background execution not allowed: receiving Intent { act=android.intent.action.DROPBOX_ENTRY_ADDED flg=0x10 (has extras) } to com.google.android.gms/.stats.service.DropBoxEntryAddedReceiver
05-03 02:42:13.725   646   671 W BroadcastQueue: Background execution not allowed: receiving Intent { act=android.intent.action.DROPBOX_ENTRY_ADDED flg=0x10 (has extras) } to com.google.android.gms/.chimera.GmsIntentOperationService$PersistentTrustedReceiver
05-03 02:42:20.876   646   670 I ProcessStatsService: Pruning old procstats: /data/system/procstats/state-2023-05-02-02-02-19.bin
05-03 02:42:28.875   646  1579 W ProcessStats: Tracking association SourceState{23ccd6a com.google.android.apps.mediashell/10045 BTopFgs #3141} whose proc state 2 is better than process ProcessState{7ce9c0a com.google.android.gms.persistent/10051 pkg=com.google.android.gms} proc state 3 (44 skipped)
05-03 02:42:48.937   646   761 D ActivityManager: sync unfroze 2037 com.google.android.katniss:search
05-03 02:42:48.942   646   761 W ProcessStats: Tracking association SourceState{c5d4fb9 com.google.android.katniss:search/10044 BTopFgs #3142} whose proc state 2 is better than process ProcessState{7ce9c0a com.google.android.gms.persistent/10051 pkg=com.google.android.gms} proc state 3 (4 skipped)
05-03 02:43:05.904   646  3948 W ProcessStats: Tracking association SourceState{2149929 com.google.android.katniss:interactor/10044 BTopFgs #3153} whose proc state 2 is better than process ProcessState{7ce9c0a com.google.android.gms.persistent/10051 pkg=com.google.android.gms} proc state 3 (31 skipped)
05-03 02:43:20.976   646  3948 W ProcessStats: Tracking association SourceState{23ccd6a com.google.android.apps.mediashell/10045 BTopFgs #3174} whose proc state 2 is better than process ProcessState{7ce9c0a com.google.android.gms.persistent/10051 pkg=com.google.android.gms} proc state 3 (82 skipped)
05-03 02:43:35.577   646   671 W ProcessStats: Tracking association SourceState{23ccd6a com.google.android.apps.mediashell/10045 BTopFgs #3180} whose proc state 2 is better than process ProcessState{7ce9c0a com.google.android.gms.persistent/10051 pkg=com.google.android.gms} proc state 3 (19 skipped)
05-03 02:43:35.678  3656  3656 W ContextImpl: Calling a method in the system process without a qualified user: android.app.ContextImpl.startForegroundService:1823 android.content.ContextWrapper.startForegroundService:781 android.content.ContextWrapper.startForegroundService:781 com.sagemcom.rcuinterface.BootReceiver.startUpgradeService:54 com.sagemcom.rcuinterface.BootReceiver.onReceive:47 
05-03 02:43:42.906   646  1579 I ActivityManager: Killing 3779:com.android.providers.calendar/u0a22 (adj 985): empty for 1800s
05-03 02:43:42.953   646  3948 I ActivityManager: Killing 3016:com.google.android.partnersetup/u0a65 (adj 975): empty for 1800s
05-03 02:43:43.087   646  3948 I ActivityManager: Process com.android.vending (pid 2086) has died: cch+25 CEM 
05-03 02:43:50.764   646  3948 I ActivityManager: Killing 3555:com.android.vending:instant_app_installer/u0a50 (adj 915): empty for 1800s
05-03 02:43:50.766   646  3948 I ActivityManager: Killing 3416:com.google.android.videos/u0a57 (adj 965): empty for 1803s
05-03 02:43:50.771   646  3948 W ProcessStats: Tracking association SourceState{23ccd6a com.google.android.apps.mediashell/10045 BTopFgs #3210} whose proc state 2 is better than process ProcessState{7ce9c0a com.google.android.gms.persistent/10051 pkg=com.google.android.gms} proc state 3 (89 skipped)
05-03 02:51:16.347   646   671 I ActivityManager: Killing 3247:com.google.android.tts/u0a55 (adj 955): empty for 2242s
05-03 02:51:16.349   646   671 I ActivityManager: Killing 2737:com.android.vending:background/u0a50 (adj 955): empty for 2244s
