--------- beginning of crash
04-21 14:11:19.574   202   202 F libc    : crash_dump helper failed to exec, or was killed
04-21 14:11:20.600   187   187 F libc    : crash_dump helper failed to exec, or was killed
04-21 14:11:53.564   202   202 F libc    : crash_dump helper failed to exec, or was killed
04-21 14:11:54.467   187   187 F libc    : crash_dump helper failed to exec, or was killed
04-21 14:12:00.186  1331  1331 E AndroidRuntime: FATAL EXCEPTION: main
04-21 14:12:00.186  1331  1331 E AndroidRuntime: Process: com.google.android.inputmethod.latin, PID: 1331
04-21 14:12:00.186  1331  1331 E AndroidRuntime: DeadSystemException: The system died; earlier logs will point to the root cause
04-21 14:12:00.188 23422 23422 E AndroidRuntime: FATAL EXCEPTION: main
04-21 14:12:00.188 23422 23422 E AndroidRuntime: Process: com.google.android.gms, PID: 23422
04-21 14:12:00.188 23422 23422 E AndroidRuntime: DeadSystemException: The system died; earlier logs will point to the root cause
04-21 14:12:00.216 23484 23484 E AndroidRuntime: FATAL EXCEPTION: main
04-21 14:12:00.216 23484 23484 E AndroidRuntime: Process: com.google.android.gms.persistent, PID: 23484
04-21 14:12:00.216 23484 23484 E AndroidRuntime: DeadSystemException: The system died; earlier logs will point to the root cause
04-21 14:12:00.245 32111 32142 E AndroidRuntime: FATAL EXCEPTION: GoogleApiHandler
04-21 14:12:00.245 32111 32142 E AndroidRuntime: Process: com.google.android.katniss:search, PID: 32111
04-21 14:12:00.245 32111 32142 E AndroidRuntime: DeadSystemException: The system died; earlier logs will point to the root cause
04-21 14:12:00.247 18341 18357 E AndroidRuntime: FATAL EXCEPTION: GoogleApiHandler
04-21 14:12:00.247 18341 18357 E AndroidRuntime: Process: com.google.android.katniss:interactor, PID: 18341
04-21 14:12:00.247 18341 18357 E AndroidRuntime: DeadSystemException: The system died; earlier logs will point to the root cause
04-21 14:12:00.256 18341 18378 E AndroidRuntime: FATAL EXCEPTION: Lite Thread #0
04-21 14:12:00.256 18341 18378 E AndroidRuntime: Process: com.google.android.katniss:interactor, PID: 18341
04-21 14:12:00.256 18341 18378 E AndroidRuntime: DeadSystemException: The system died; earlier logs will point to the root cause
--------- beginning of system
04-24 01:19:21.070 32711 32711 W NotificationHistory: Attempted to add notif for locked/gone/disabled user 0
04-24 01:19:21.114 32711 32711 W NotificationHistory: Attempted to add notif for locked/gone/disabled user 0
04-24 01:19:22.957 32711 32711 W NotificationHistory: Attempted to add notif for locked/gone/disabled user 0
04-24 01:19:22.976 32711 32711 W NotificationHistory: Attempted to add notif for locked/gone/disabled user 0
04-24 01:19:23.007 32711 32711 W NotificationHistory: Attempted to add notif for locked/gone/disabled user 0
04-24 01:19:23.028 32711 32711 W NotificationHistory: Attempted to add notif for locked/gone/disabled user 0
04-24 01:19:25.001 32711 32711 W NotificationHistory: Attempted to add notif for locked/gone/disabled user 0
04-24 01:19:25.065 32711 32711 W NotificationHistory: Attempted to add notif for locked/gone/disabled user 0
04-24 01:19:25.095 32711 32711 W NotificationHistory: Attempted to add notif for locked/gone/disabled user 0
04-24 01:19:25.129 32711 32711 W NotificationHistory: Attempted to add notif for locked/gone/disabled user 0
04-24 01:19:26.966 32711 32711 W NotificationHistory: Attempted to add notif for locked/gone/disabled user 0
04-24 01:19:26.993 32711 32711 W NotificationHistory: Attempted to add notif for locked/gone/disabled user 0
04-24 01:19:27.014 32711 32711 W NotificationHistory: Attempted to add notif for locked/gone/disabled user 0
04-24 01:19:27.038 32711 32711 W NotificationHistory: Attempted to add notif for locked/gone/disabled user 0
04-24 01:19:29.015 32711 32711 W NotificationHistory: Attempted to add notif for locked/gone/disabled user 0
04-24 01:19:29.051 32711 32711 W NotificationHistory: Attempted to add notif for locked/gone/disabled user 0
04-24 01:19:29.075 32711 32711 W NotificationHistory: Attempted to add notif for locked/gone/disabled user 0
04-24 01:19:29.102 32711 32711 W NotificationHistory: Attempted to add notif for locked/gone/disabled user 0
04-24 01:19:30.961 32711 32711 W NotificationHistory: Attempted to add notif for locked/gone/disabled user 0
04-24 01:19:30.984 32711 32711 W NotificationHistory: Attempted to add notif for locked/gone/disabled user 0
04-24 01:19:31.010 32711 32711 W NotificationHistory: Attempted to add notif for locked/gone/disabled user 0
04-24 01:19:31.033 32711 32711 W NotificationHistory: Attempted to add notif for locked/gone/disabled user 0
04-24 01:19:32.967 32711 32711 W NotificationHistory: Attempted to add notif for locked/gone/disabled user 0
04-24 01:19:32.989 32711 32711 W NotificationHistory: Attempted to add notif for locked/gone/disabled user 0
04-24 01:19:33.009 32711 32711 W NotificationHistory: Attempted to add notif for locked/gone/disabled user 0
04-24 01:19:33.027 32711 32711 W NotificationHistory: Attempted to add notif for locked/gone/disabled user 0
04-24 01:19:34.978 32711 32711 W NotificationHistory: Attempted to add notif for locked/gone/disabled user 0
04-24 01:19:35.023 32711 32711 W NotificationHistory: Attempted to add notif for locked/gone/disabled user 0
04-24 01:19:35.046 32711 32711 W NotificationHistory: Attempted to add notif for locked/gone/disabled user 0
04-24 01:19:35.073 32711 32711 W NotificationHistory: Attempted to add notif for locked/gone/disabled user 0
04-24 01:19:36.995 32711 32711 W NotificationHistory: Attempted to add notif for locked/gone/disabled user 0
04-24 01:19:37.040 32711 32711 W NotificationHistory: Attempted to add notif for locked/gone/disabled user 0
04-24 01:19:37.070 32711 32711 W NotificationHistory: Attempted to add notif for locked/gone/disabled user 0
04-24 01:19:37.093 32711 32711 W NotificationHistory: Attempted to add notif for locked/gone/disabled user 0
04-24 01:19:38.866 32711 32764 W ProcessStats: Tracking association SourceState{67c3ca com.google.android.apps.mediashell/10044 BTopFgs #55101} whose proc state 2 is better than process ProcessState{4763d96 com.google.android.gms.persistent/10051 pkg=com.google.android.gms} proc state 3 (11 skipped)
04-24 01:19:39.017 32711 32711 W NotificationHistory: Attempted to add notif for locked/gone/disabled user 0
04-24 01:19:39.063 32711 32711 W NotificationHistory: Attempted to add notif for locked/gone/disabled user 0
04-24 01:19:39.088 32711 32711 W NotificationHistory: Attempted to add notif for locked/gone/disabled user 0
04-24 01:19:39.110 32711 32711 W NotificationHistory: Attempted to add notif for locked/gone/disabled user 0
04-24 01:19:41.002 32711 32711 W NotificationHistory: Attempted to add notif for locked/gone/disabled user 0
04-24 01:19:41.040 32711 32711 W NotificationHistory: Attempted to add notif for locked/gone/disabled user 0
04-24 01:19:41.080 32711 32711 W NotificationHistory: Attempted to add notif for locked/gone/disabled user 0
04-24 01:19:41.110 32711 32711 W NotificationHistory: Attempted to add notif for locked/gone/disabled user 0
04-24 01:19:43.000 32711 32711 W NotificationHistory: Attempted to add notif for locked/gone/disabled user 0
04-24 01:19:43.035 32711 32711 W NotificationHistory: Attempted to add notif for locked/gone/disabled user 0
04-24 01:19:43.079 32711 32711 W NotificationHistory: Attempted to add notif for locked/gone/disabled user 0
04-24 01:19:43.104 32711 32711 W NotificationHistory: Attempted to add notif for locked/gone/disabled user 0
04-24 01:19:44.971 32711 32711 W NotificationHistory: Attempted to add notif for locked/gone/disabled user 0
04-24 01:19:44.999 32711 32711 W NotificationHistory: Attempted to add notif for locked/gone/disabled user 0
04-24 01:19:45.040 32711 32711 W NotificationHistory: Attempted to add notif for locked/gone/disabled user 0
04-24 01:19:45.076 32711 32711 W NotificationHistory: Attempted to add notif for locked/gone/disabled user 0
04-24 01:19:46.956 32711 32711 W NotificationHistory: Attempted to add notif for locked/gone/disabled user 0
04-24 01:19:46.976 32711 32711 W NotificationHistory: Attempted to add notif for locked/gone/disabled user 0
04-24 01:19:46.997 32711 32711 W NotificationHistory: Attempted to add notif for locked/gone/disabled user 0
04-24 01:19:47.030 32711 32711 W NotificationHistory: Attempted to add notif for locked/gone/disabled user 0
04-24 01:19:48.977 32711 32711 W NotificationHistory: Attempted to add notif for locked/gone/disabled user 0
04-24 01:19:49.011 32711 32711 W NotificationHistory: Attempted to add notif for locked/gone/disabled user 0
04-24 01:19:49.044 32711 32711 W NotificationHistory: Attempted to add notif for locked/gone/disabled user 0
04-24 01:19:49.073 32711 32711 W NotificationHistory: Attempted to add notif for locked/gone/disabled user 0
04-24 01:19:49.465 32711   316 W ProcessStats: Tracking association SourceState{67c3ca com.google.android.apps.mediashell/10044 BTopFgs #55103} whose proc state 2 is better than process ProcessState{4763d96 com.google.android.gms.persistent/10051 pkg=com.google.android.gms} proc state 3 (3 skipped)
04-24 01:19:50.972 32711 32711 W NotificationHistory: Attempted to add notif for locked/gone/disabled user 0
04-24 01:19:51.003 32711 32711 W NotificationHistory: Attempted to add notif for locked/gone/disabled user 0
04-24 01:19:51.024 32711 32711 W NotificationHistory: Attempted to add notif for locked/gone/disabled user 0
04-24 01:19:51.054 32711 32711 W NotificationHistory: Attempted to add notif for locked/gone/disabled user 0
04-24 01:19:52.988 32711 32711 W NotificationHistory: Attempted to add notif for locked/gone/disabled user 0
04-24 01:19:53.011 32711 32711 W NotificationHistory: Attempted to add notif for locked/gone/disabled user 0
04-24 01:19:53.050 32711 32711 W NotificationHistory: Attempted to add notif for locked/gone/disabled user 0
04-24 01:19:53.080 32711 32711 W NotificationHistory: Attempted to add notif for locked/gone/disabled user 0
04-24 01:19:54.984 32711 32711 W NotificationHistory: Attempted to add notif for locked/gone/disabled user 0
04-24 01:19:55.014 32711 32711 W NotificationHistory: Attempted to add notif for locked/gone/disabled user 0
04-24 01:19:55.041 32711 32711 W NotificationHistory: Attempted to add notif for locked/gone/disabled user 0
04-24 01:19:55.075 32711 32711 W NotificationHistory: Attempted to add notif for locked/gone/disabled user 0
04-24 01:19:56.987 32711 32711 W NotificationHistory: Attempted to add notif for locked/gone/disabled user 0
04-24 01:19:57.029 32711 32711 W NotificationHistory: Attempted to add notif for locked/gone/disabled user 0
04-24 01:19:57.048 32711 32711 W NotificationHistory: Attempted to add notif for locked/gone/disabled user 0
04-24 01:19:57.072 32711 32711 W NotificationHistory: Attempted to add notif for locked/gone/disabled user 0
04-24 01:19:58.990 32711 32711 W NotificationHistory: Attempted to add notif for locked/gone/disabled user 0
04-24 01:19:59.022 32711 32711 W NotificationHistory: Attempted to add notif for locked/gone/disabled user 0
04-24 01:19:59.054 32711 32711 W NotificationHistory: Attempted to add notif for locked/gone/disabled user 0
04-24 01:19:59.079 32711 32711 W NotificationHistory: Attempted to add notif for locked/gone/disabled user 0
04-24 01:20:00.993 32711 32711 W NotificationHistory: Attempted to add notif for locked/gone/disabled user 0
04-24 01:20:01.025 32711 32711 W NotificationHistory: Attempted to add notif for locked/gone/disabled user 0
04-24 01:20:01.057 32711 32711 W NotificationHistory: Attempted to add notif for locked/gone/disabled user 0
04-24 01:20:01.090 32711 32711 W NotificationHistory: Attempted to add notif for locked/gone/disabled user 0
04-24 01:20:02.969 32711 32711 W NotificationHistory: Attempted to add notif for locked/gone/disabled user 0
04-24 01:20:03.010 32711 32711 W NotificationHistory: Attempted to add notif for locked/gone/disabled user 0
04-24 01:20:03.030 32711 32711 W NotificationHistory: Attempted to add notif for locked/gone/disabled user 0
04-24 01:20:03.054 32711 32711 W NotificationHistory: Attempted to add notif for locked/gone/disabled user 0
04-24 01:20:04.591 32711   626 W ProcessStats: Tracking association SourceState{67c3ca com.google.android.apps.mediashell/10044 BTopFgs #55121} whose proc state 2 is better than process ProcessState{4763d96 com.google.android.gms.persistent/10051 pkg=com.google.android.gms} proc state 3 (31 skipped)
04-24 01:20:04.976 32711 32711 W NotificationHistory: Attempted to add notif for locked/gone/disabled user 0
04-24 01:20:05.005 32711 32711 W NotificationHistory: Attempted to add notif for locked/gone/disabled user 0
04-24 01:20:05.028 32711 32711 W NotificationHistory: Attempted to add notif for locked/gone/disabled user 0
04-24 01:20:05.050 32711 32711 W NotificationHistory: Attempted to add notif for locked/gone/disabled user 0
04-24 01:20:07.020 32711 32711 W NotificationHistory: Attempted to add notif for locked/gone/disabled user 0
04-24 01:20:07.059 32711 32711 W NotificationHistory: Attempted to add notif for locked/gone/disabled user 0
04-24 01:20:07.089 32711 32711 W NotificationHistory: Attempted to add notif for locked/gone/disabled user 0
04-24 01:20:07.117 32711 32711 W NotificationHistory: Attempted to add notif for locked/gone/disabled user 0
04-24 01:20:08.992 32711 32711 W NotificationHistory: Attempted to add notif for locked/gone/disabled user 0
04-24 01:20:09.041 32711 32711 W NotificationHistory: Attempted to add notif for locked/gone/disabled user 0
04-24 01:20:09.069 32711 32711 W NotificationHistory: Attempted to add notif for locked/gone/disabled user 0
04-24 01:20:09.088 32711 32711 W NotificationHistory: Attempted to add notif for locked/gone/disabled user 0
04-24 01:20:11.008 32711 32711 W NotificationHistory: Attempted to add notif for locked/gone/disabled user 0
04-24 01:20:11.041 32711 32711 W NotificationHistory: Attempted to add notif for locked/gone/disabled user 0
04-24 01:20:11.073 32711 32711 W NotificationHistory: Attempted to add notif for locked/gone/disabled user 0
04-24 01:20:11.094 32711 32711 W NotificationHistory: Attempted to add notif for locked/gone/disabled user 0
04-24 01:20:12.997 32711 32711 W NotificationHistory: Attempted to add notif for locked/gone/disabled user 0
04-24 01:20:13.030 32711 32711 W NotificationHistory: Attempted to add notif for locked/gone/disabled user 0
04-24 01:20:13.070 32711 32711 W NotificationHistory: Attempted to add notif for locked/gone/disabled user 0
04-24 01:20:13.095 32711 32711 W NotificationHistory: Attempted to add notif for locked/gone/disabled user 0
04-24 01:20:14.998 32711 32711 W NotificationHistory: Attempted to add notif for locked/gone/disabled user 0
04-24 01:20:15.028 32711 32711 W NotificationHistory: Attempted to add notif for locked/gone/disabled user 0
04-24 01:20:15.059 32711 32711 W NotificationHistory: Attempted to add notif for locked/gone/disabled user 0
04-24 01:20:15.084 32711 32711 W NotificationHistory: Attempted to add notif for locked/gone/disabled user 0
04-24 01:20:16.981 32711 32711 W NotificationHistory: Attempted to add notif for locked/gone/disabled user 0
04-24 01:20:17.024 32711 32711 W NotificationHistory: Attempted to add notif for locked/gone/disabled user 0
04-24 01:20:17.068 32711 32711 W NotificationHistory: Attempted to add notif for locked/gone/disabled user 0
04-24 01:20:17.094 32711 32711 W NotificationHistory: Attempted to add notif for locked/gone/disabled user 0
04-24 01:20:19.006 32711 32711 W NotificationHistory: Attempted to add notif for locked/gone/disabled user 0
04-24 01:20:19.037 32711 32711 W NotificationHistory: Attempted to add notif for locked/gone/disabled user 0
04-24 01:20:19.065 32711 32711 W NotificationHistory: Attempted to add notif for locked/gone/disabled user 0
04-24 01:20:19.092 32711 32711 W NotificationHistory: Attempted to add notif for locked/gone/disabled user 0
04-24 01:20:21.007 32711 32711 W NotificationHistory: Attempted to add notif for locked/gone/disabled user 0
04-24 01:20:21.033 32711 32711 W NotificationHistory: Attempted to add notif for locked/gone/disabled user 0
04-24 01:20:21.064 32711 32711 W NotificationHistory: Attempted to add notif for locked/gone/disabled user 0
04-24 01:20:21.093 32711 32711 W NotificationHistory: Attempted to add notif for locked/gone/disabled user 0
04-24 01:20:21.154 32711 32735 W ProcessStats: Tracking association SourceState{67c3ca com.google.android.apps.mediashell/10044 BTopFgs #55129} whose proc state 2 is better than process ProcessState{4763d96 com.google.android.gms.persistent/10051 pkg=com.google.android.gms} proc state 3 (19 skipped)
04-24 01:20:22.987 32711 32711 W NotificationHistory: Attempted to add notif for locked/gone/disabled user 0
04-24 01:20:23.012 32711 32711 W NotificationHistory: Attempted to add notif for locked/gone/disabled user 0
04-24 01:20:23.035 32711 32711 W NotificationHistory: Attempted to add notif for locked/gone/disabled user 0
04-24 01:20:23.054 32711 32711 W NotificationHistory: Attempted to add notif for locked/gone/disabled user 0
04-24 01:20:25.006 32711 32711 W NotificationHistory: Attempted to add notif for locked/gone/disabled user 0
04-24 01:20:25.043 32711 32711 W NotificationHistory: Attempted to add notif for locked/gone/disabled user 0
04-24 01:20:25.073 32711 32711 W NotificationHistory: Attempted to add notif for locked/gone/disabled user 0
04-24 01:20:25.100 32711 32711 W NotificationHistory: Attempted to add notif for locked/gone/disabled user 0
04-24 01:20:27.033 32711 32711 W NotificationHistory: Attempted to add notif for locked/gone/disabled user 0
04-24 01:20:27.073 32711 32711 W NotificationHistory: Attempted to add notif for locked/gone/disabled user 0
04-24 01:20:27.092 32711 32711 W NotificationHistory: Attempted to add notif for locked/gone/disabled user 0
04-24 01:20:27.111 32711 32711 W NotificationHistory: Attempted to add notif for locked/gone/disabled user 0
04-24 01:20:29.027 32711 32711 W NotificationHistory: Attempted to add notif for locked/gone/disabled user 0
04-24 01:20:29.052 32711 32711 W NotificationHistory: Attempted to add notif for locked/gone/disabled user 0
04-24 01:20:29.076 32711 32711 W NotificationHistory: Attempted to add notif for locked/gone/disabled user 0
04-24 01:20:29.097 32711 32711 W NotificationHistory: Attempted to add notif for locked/gone/disabled user 0
04-24 01:20:31.022 32711 32711 W NotificationHistory: Attempted to add notif for locked/gone/disabled user 0
04-24 01:20:31.052 32711 32711 W NotificationHistory: Attempted to add notif for locked/gone/disabled user 0
04-24 01:20:31.091 32711 32711 W NotificationHistory: Attempted to add notif for locked/gone/disabled user 0
04-24 01:20:31.122 32711 32711 W NotificationHistory: Attempted to add notif for locked/gone/disabled user 0
04-24 01:20:33.002 32711 32711 W NotificationHistory: Attempted to add notif for locked/gone/disabled user 0
04-24 01:20:33.030 32711 32711 W NotificationHistory: Attempted to add notif for locked/gone/disabled user 0
04-24 01:20:33.051 32711 32711 W NotificationHistory: Attempted to add notif for locked/gone/disabled user 0
04-24 01:20:33.079 32711 32711 W NotificationHistory: Attempted to add notif for locked/gone/disabled user 0
04-24 01:20:35.052 32711 32711 W NotificationHistory: Attempted to add notif for locked/gone/disabled user 0
04-24 01:20:35.076 32711 32711 W NotificationHistory: Attempted to add notif for locked/gone/disabled user 0
04-24 01:20:35.104 32711 32711 W NotificationHistory: Attempted to add notif for locked/gone/disabled user 0
04-24 01:20:35.134 32711 32711 W NotificationHistory: Attempted to add notif for locked/gone/disabled user 0
04-24 01:20:36.294 32711   815 W ProcessStats: Tracking association SourceState{67c3ca com.google.android.apps.mediashell/10044 BTopFgs #55143} whose proc state 2 is better than process ProcessState{4763d96 com.google.android.gms.persistent/10051 pkg=com.google.android.gms} proc state 3 (43 skipped)
04-24 01:20:37.009 32711 32711 W NotificationHistory: Attempted to add notif for locked/gone/disabled user 0
04-24 01:20:37.031 32711 32711 W NotificationHistory: Attempted to add notif for locked/gone/disabled user 0
04-24 01:20:37.080 32711 32711 W NotificationHistory: Attempted to add notif for locked/gone/disabled user 0
04-24 01:20:37.107 32711 32711 W NotificationHistory: Attempted to add notif for locked/gone/disabled user 0
04-24 01:20:38.980 32711 32711 W NotificationHistory: Attempted to add notif for locked/gone/disabled user 0
04-24 01:20:39.005 32711 32711 W NotificationHistory: Attempted to add notif for locked/gone/disabled user 0
04-24 01:20:39.023 32711 32711 W NotificationHistory: Attempted to add notif for locked/gone/disabled user 0
04-24 01:20:39.045 32711 32711 W NotificationHistory: Attempted to add notif for locked/gone/disabled user 0
04-24 01:20:41.013 32711 32711 W NotificationHistory: Attempted to add notif for locked/gone/disabled user 0
04-24 01:20:41.060 32711 32711 W NotificationHistory: Attempted to add notif for locked/gone/disabled user 0
04-24 01:20:41.080 32711 32711 W NotificationHistory: Attempted to add notif for locked/gone/disabled user 0
04-24 01:20:41.115 32711 32711 W NotificationHistory: Attempted to add notif for locked/gone/disabled user 0
04-24 01:20:43.006 32711 32711 W NotificationHistory: Attempted to add notif for locked/gone/disabled user 0
04-24 01:20:43.041 32711 32711 W NotificationHistory: Attempted to add notif for locked/gone/disabled user 0
04-24 01:20:43.075 32711 32711 W NotificationHistory: Attempted to add notif for locked/gone/disabled user 0
04-24 01:20:43.109 32711 32711 W NotificationHistory: Attempted to add notif for locked/gone/disabled user 0
04-24 01:20:45.016 32711 32711 W NotificationHistory: Attempted to add notif for locked/gone/disabled user 0
04-24 01:20:45.050 32711 32711 W NotificationHistory: Attempted to add notif for locked/gone/disabled user 0
04-24 01:20:45.082 32711 32711 W NotificationHistory: Attempted to add notif for locked/gone/disabled user 0
04-24 01:20:45.121 32711 32711 W NotificationHistory: Attempted to add notif for locked/gone/disabled user 0
04-24 01:20:47.013 32711 32711 W NotificationHistory: Attempted to add notif for locked/gone/disabled user 0
04-24 01:20:47.049 32711 32711 W NotificationHistory: Attempted to add notif for locked/gone/disabled user 0
04-24 01:20:47.103 32711 32711 W NotificationHistory: Attempted to add notif for locked/gone/disabled user 0
04-24 01:20:47.124 32711 32711 W NotificationHistory: Attempted to add notif for locked/gone/disabled user 0
04-24 01:20:48.999 32711 32711 W NotificationHistory: Attempted to add notif for locked/gone/disabled user 0
04-24 01:20:49.025 32711 32711 W NotificationHistory: Attempted to add notif for locked/gone/disabled user 0
04-24 01:20:49.059 32711 32711 W NotificationHistory: Attempted to add notif for locked/gone/disabled user 0
04-24 01:20:49.091 32711 32711 W NotificationHistory: Attempted to add notif for locked/gone/disabled user 0
04-24 01:20:51.055 32711 32711 W NotificationHistory: Attempted to add notif for locked/gone/disabled user 0
04-24 01:20:51.086 32711 32711 W NotificationHistory: Attempted to add notif for locked/gone/disabled user 0
04-24 01:20:51.121 32711 32711 W NotificationHistory: Attempted to add notif for locked/gone/disabled user 0
04-24 01:20:51.154 32711 32711 W NotificationHistory: Attempted to add notif for locked/gone/disabled user 0
04-24 01:20:52.997 32711 32711 W NotificationHistory: Attempted to add notif for locked/gone/disabled user 0
04-24 01:20:53.030 32711 32711 W NotificationHistory: Attempted to add notif for locked/gone/disabled user 0
04-24 01:20:53.060 32711 32711 W NotificationHistory: Attempted to add notif for locked/gone/disabled user 0
04-24 01:20:53.097 32711 32711 W NotificationHistory: Attempted to add notif for locked/gone/disabled user 0
04-24 01:20:55.025 32711 32711 W NotificationHistory: Attempted to add notif for locked/gone/disabled user 0
04-24 01:20:55.057 32711 32711 W NotificationHistory: Attempted to add notif for locked/gone/disabled user 0
04-24 01:20:55.091 32711 32711 W NotificationHistory: Attempted to add notif for locked/gone/disabled user 0
04-24 01:20:55.113 32711 32711 W NotificationHistory: Attempted to add notif for locked/gone/disabled user 0
04-24 01:20:57.057 32711 32711 W NotificationHistory: Attempted to add notif for locked/gone/disabled user 0
04-24 01:20:57.081 32711 32711 W NotificationHistory: Attempted to add notif for locked/gone/disabled user 0
04-24 01:20:57.112 32711 32711 W NotificationHistory: Attempted to add notif for locked/gone/disabled user 0
04-24 01:20:57.149 32711 32711 W NotificationHistory: Attempted to add notif for locked/gone/disabled user 0
04-24 01:20:59.028 32711 32711 W NotificationHistory: Attempted to add notif for locked/gone/disabled user 0
04-24 01:20:59.075 32711 32711 W NotificationHistory: Attempted to add notif for locked/gone/disabled user 0
04-24 01:20:59.100 32711 32711 W NotificationHistory: Attempted to add notif for locked/gone/disabled user 0
04-24 01:20:59.126 32711 32711 W NotificationHistory: Attempted to add notif for locked/gone/disabled user 0
04-24 01:21:01.060 32711 32711 W NotificationHistory: Attempted to add notif for locked/gone/disabled user 0
04-24 01:21:01.085 32711 32711 W NotificationHistory: Attempted to add notif for locked/gone/disabled user 0
04-24 01:21:01.115 32711 32711 W NotificationHistory: Attempted to add notif for locked/gone/disabled user 0
04-24 01:21:01.155 32711 32711 W NotificationHistory: Attempted to add notif for locked/gone/disabled user 0
04-24 01:21:03.000 32711 32711 W NotificationHistory: Attempted to add notif for locked/gone/disabled user 0
04-24 01:21:03.064 32711 32711 W NotificationHistory: Attempted to add notif for locked/gone/disabled user 0
04-24 01:21:03.100 32711 32711 W NotificationHistory: Attempted to add notif for locked/gone/disabled user 0
04-24 01:21:03.139 32711 32711 W NotificationHistory: Attempted to add notif for locked/gone/disabled user 0
04-24 01:21:05.041 32711 32711 W NotificationHistory: Attempted to add notif for locked/gone/disabled user 0
04-24 01:21:05.063 32711 32711 W NotificationHistory: Attempted to add notif for locked/gone/disabled user 0
04-24 01:21:05.093 32711 32711 W NotificationHistory: Attempted to add notif for locked/gone/disabled user 0
04-24 01:21:05.124 32711 32711 W NotificationHistory: Attempted to add notif for locked/gone/disabled user 0
04-24 01:21:07.023 32711 32711 W NotificationHistory: Attempted to add notif for locked/gone/disabled user 0
04-24 01:21:07.064 32711 32711 W NotificationHistory: Attempted to add notif for locked/gone/disabled user 0
04-24 01:21:07.105 32711 32711 W NotificationHistory: Attempted to add notif for locked/gone/disabled user 0
04-24 01:21:07.142 32711 32711 W NotificationHistory: Attempted to add notif for locked/gone/disabled user 0
04-24 01:21:09.037 32711 32711 W NotificationHistory: Attempted to add notif for locked/gone/disabled user 0
04-24 01:21:09.081 32711 32711 W NotificationHistory: Attempted to add notif for locked/gone/disabled user 0
04-24 01:21:09.103 32711 32711 W NotificationHistory: Attempted to add notif for locked/gone/disabled user 0
04-24 01:21:09.131 32711 32711 W NotificationHistory: Attempted to add notif for locked/gone/disabled user 0
04-24 01:21:11.050 32711 32711 W NotificationHistory: Attempted to add notif for locked/gone/disabled user 0
04-24 01:21:11.103 32711 32711 W NotificationHistory: Attempted to add notif for locked/gone/disabled user 0
04-24 01:21:11.125 32711 32711 W NotificationHistory: Attempted to add notif for locked/gone/disabled user 0
04-24 01:21:11.154 32711 32711 W NotificationHistory: Attempted to add notif for locked/gone/disabled user 0
04-24 01:21:13.025 32711 32711 W NotificationHistory: Attempted to add notif for locked/gone/disabled user 0
04-24 01:21:13.075 32711 32711 W NotificationHistory: Attempted to add notif for locked/gone/disabled user 0
04-24 01:21:13.094 32711 32711 W NotificationHistory: Attempted to add notif for locked/gone/disabled user 0
04-24 01:21:13.127 32711 32711 W NotificationHistory: Attempted to add notif for locked/gone/disabled user 0
04-24 01:21:15.031 32711 32711 W NotificationHistory: Attempted to add notif for locked/gone/disabled user 0
04-24 01:21:15.052 32711 32711 W NotificationHistory: Attempted to add notif for locked/gone/disabled user 0
04-24 01:21:15.087 32711 32711 W NotificationHistory: Attempted to add notif for locked/gone/disabled user 0
04-24 01:21:15.115 32711 32711 W NotificationHistory: Attempted to add notif for locked/gone/disabled user 0
04-24 01:21:17.049 32711 32711 W NotificationHistory: Attempted to add notif for locked/gone/disabled user 0
04-24 01:21:17.096 32711 32711 W NotificationHistory: Attempted to add notif for locked/gone/disabled user 0
04-24 01:21:17.122 32711 32711 W NotificationHistory: Attempted to add notif for locked/gone/disabled user 0
04-24 01:21:17.144 32711 32711 W NotificationHistory: Attempted to add notif for locked/gone/disabled user 0
04-24 01:21:19.018 32711 32711 W NotificationHistory: Attempted to add notif for locked/gone/disabled user 0
04-24 01:21:19.043 32711 32711 W NotificationHistory: Attempted to add notif for locked/gone/disabled user 0
04-24 01:21:19.081 32711 32711 W NotificationHistory: Attempted to add notif for locked/gone/disabled user 0
04-24 01:21:19.111 32711 32711 W NotificationHistory: Attempted to add notif for locked/gone/disabled user 0
04-24 01:21:21.032 32711 32711 W NotificationHistory: Attempted to add notif for locked/gone/disabled user 0
04-24 01:21:21.087 32711 32711 W NotificationHistory: Attempted to add notif for locked/gone/disabled user 0
04-24 01:21:21.113 32711 32711 W NotificationHistory: Attempted to add notif for locked/gone/disabled user 0
04-24 01:21:21.137 32711 32711 W NotificationHistory: Attempted to add notif for locked/gone/disabled user 0
04-24 01:21:23.042 32711 32711 W NotificationHistory: Attempted to add notif for locked/gone/disabled user 0
04-24 01:21:23.064 32711 32711 W NotificationHistory: Attempted to add notif for locked/gone/disabled user 0
04-24 01:21:23.102 32711 32711 W NotificationHistory: Attempted to add notif for locked/gone/disabled user 0
04-24 01:21:23.129 32711 32711 W NotificationHistory: Attempted to add notif for locked/gone/disabled user 0
04-24 01:21:24.953 32711  5508 W ProcessStats: Tracking association SourceState{67c3ca com.google.android.apps.mediashell/10044 BTopFgs #55150} whose proc state 2 is better than process ProcessState{4763d96 com.google.android.gms.persistent/10051 pkg=com.google.android.gms} proc state 3 (15 skipped)
04-24 01:21:25.044 32711 32711 W NotificationHistory: Attempted to add notif for locked/gone/disabled user 0
04-24 01:21:25.083 32711 32711 W NotificationHistory: Attempted to add notif for locked/gone/disabled user 0
04-24 01:21:25.116 32711 32711 W NotificationHistory: Attempted to add notif for locked/gone/disabled user 0
04-24 01:21:25.153 32711 32711 W NotificationHistory: Attempted to add notif for locked/gone/disabled user 0
04-24 01:21:27.037 32711 32711 W NotificationHistory: Attempted to add notif for locked/gone/disabled user 0
04-24 01:21:27.068 32711 32711 W NotificationHistory: Attempted to add notif for locked/gone/disabled user 0
04-24 01:21:27.095 32711 32711 W NotificationHistory: Attempted to add notif for locked/gone/disabled user 0
04-24 01:21:27.132 32711 32711 W NotificationHistory: Attempted to add notif for locked/gone/disabled user 0
04-24 01:21:29.036 32711 32711 W NotificationHistory: Attempted to add notif for locked/gone/disabled user 0
04-24 01:21:29.072 32711 32711 W NotificationHistory: Attempted to add notif for locked/gone/disabled user 0
04-24 01:21:29.109 32711 32711 W NotificationHistory: Attempted to add notif for locked/gone/disabled user 0
04-24 01:21:29.134 32711 32711 W NotificationHistory: Attempted to add notif for locked/gone/disabled user 0
04-24 01:21:31.051 32711 32711 W NotificationHistory: Attempted to add notif for locked/gone/disabled user 0
04-24 01:21:31.082 32711 32711 W NotificationHistory: Attempted to add notif for locked/gone/disabled user 0
04-24 01:21:31.110 32711 32711 W NotificationHistory: Attempted to add notif for locked/gone/disabled user 0
04-24 01:21:31.133 32711 32711 W NotificationHistory: Attempted to add notif for locked/gone/disabled user 0
04-24 01:21:33.040 32711 32711 W NotificationHistory: Attempted to add notif for locked/gone/disabled user 0
04-24 01:21:33.069 32711 32711 W NotificationHistory: Attempted to add notif for locked/gone/disabled user 0
04-24 01:21:33.104 32711 32711 W NotificationHistory: Attempted to add notif for locked/gone/disabled user 0
04-24 01:21:33.142 32711 32711 W NotificationHistory: Attempted to add notif for locked/gone/disabled user 0
04-24 01:21:35.090 32711 32711 W NotificationHistory: Attempted to add notif for locked/gone/disabled user 0
04-24 01:21:35.125 32711 32711 W NotificationHistory: Attempted to add notif for locked/gone/disabled user 0
04-24 01:21:35.157 32711 32711 W NotificationHistory: Attempted to add notif for locked/gone/disabled user 0
04-24 01:21:35.181 32711 32711 W NotificationHistory: Attempted to add notif for locked/gone/disabled user 0
04-24 01:21:37.055 32711 32711 W NotificationHistory: Attempted to add notif for locked/gone/disabled user 0
04-24 01:21:37.096 32711 32711 W NotificationHistory: Attempted to add notif for locked/gone/disabled user 0
04-24 01:21:37.133 32711 32711 W NotificationHistory: Attempted to add notif for locked/gone/disabled user 0
04-24 01:21:37.154 32711 32711 W NotificationHistory: Attempted to add notif for locked/gone/disabled user 0
04-24 01:21:38.775 32711 32711 W ProcessStats: Tracking association SourceState{67c3ca com.google.android.apps.mediashell/10044 BTopFgs #55152} whose proc state 2 is better than process ProcessState{4763d96 com.google.android.gms.persistent/10051 pkg=com.google.android.gms} proc state 3 (3 skipped)
04-24 01:21:39.072 32711 32711 W NotificationHistory: Attempted to add notif for locked/gone/disabled user 0
04-24 01:21:39.098 32711 32711 W NotificationHistory: Attempted to add notif for locked/gone/disabled user 0
04-24 01:21:39.127 32711 32711 W NotificationHistory: Attempted to add notif for locked/gone/disabled user 0
04-24 01:21:39.164 32711 32711 W NotificationHistory: Attempted to add notif for locked/gone/disabled user 0
04-24 01:21:41.049 32711 32711 W NotificationHistory: Attempted to add notif for locked/gone/disabled user 0
04-24 01:21:41.077 32711 32711 W NotificationHistory: Attempted to add notif for locked/gone/disabled user 0
04-24 01:21:41.099 32711 32711 W NotificationHistory: Attempted to add notif for locked/gone/disabled user 0
04-24 01:21:41.127 32711 32711 W NotificationHistory: Attempted to add notif for locked/gone/disabled user 0
04-24 01:21:43.071 32711 32711 W NotificationHistory: Attempted to add notif for locked/gone/disabled user 0
04-24 01:21:43.101 32711 32711 W NotificationHistory: Attempted to add notif for locked/gone/disabled user 0
04-24 01:21:43.133 32711 32711 W NotificationHistory: Attempted to add notif for locked/gone/disabled user 0
04-24 01:21:43.156 32711 32711 W NotificationHistory: Attempted to add notif for locked/gone/disabled user 0
04-24 01:21:45.082 32711 32711 W NotificationHistory: Attempted to add notif for locked/gone/disabled user 0
04-24 01:21:45.123 32711 32711 W NotificationHistory: Attempted to add notif for locked/gone/disabled user 0
04-24 01:21:45.148 32711 32711 W NotificationHistory: Attempted to add notif for locked/gone/disabled user 0
04-24 01:21:45.169 32711 32711 W NotificationHistory: Attempted to add notif for locked/gone/disabled user 0
04-24 01:21:47.049 32711 32711 W NotificationHistory: Attempted to add notif for locked/gone/disabled user 0
04-24 01:21:47.084 32711 32711 W NotificationHistory: Attempted to add notif for locked/gone/disabled user 0
04-24 01:21:47.112 32711 32711 W NotificationHistory: Attempted to add notif for locked/gone/disabled user 0
04-24 01:21:47.138 32711 32711 W NotificationHistory: Attempted to add notif for locked/gone/disabled user 0
04-24 01:21:49.068 32711 32711 W NotificationHistory: Attempted to add notif for locked/gone/disabled user 0
04-24 01:21:49.098 32711 32711 W NotificationHistory: Attempted to add notif for locked/gone/disabled user 0
04-24 01:21:49.126 32711 32711 W NotificationHistory: Attempted to add notif for locked/gone/disabled user 0
04-24 01:21:49.175 32711 32711 W NotificationHistory: Attempted to add notif for locked/gone/disabled user 0
04-24 01:21:51.077 32711 32711 W NotificationHistory: Attempted to add notif for locked/gone/disabled user 0
04-24 01:21:51.119 32711 32711 W NotificationHistory: Attempted to add notif for locked/gone/disabled user 0
04-24 01:21:51.142 32711 32711 W NotificationHistory: Attempted to add notif for locked/gone/disabled user 0
04-24 01:21:51.163 32711 32711 W NotificationHistory: Attempted to add notif for locked/gone/disabled user 0
04-24 01:21:53.061 32711 32711 W NotificationHistory: Attempted to add notif for locked/gone/disabled user 0
04-24 01:21:53.097 32711 32711 W NotificationHistory: Attempted to add notif for locked/gone/disabled user 0
04-24 01:21:53.134 32711 32711 W NotificationHistory: Attempted to add notif for locked/gone/disabled user 0
04-24 01:21:53.162 32711 32711 W NotificationHistory: Attempted to add notif for locked/gone/disabled user 0
04-24 01:21:55.060 32711 32711 W NotificationHistory: Attempted to add notif for locked/gone/disabled user 0
04-24 01:21:55.104 32711 32711 W NotificationHistory: Attempted to add notif for locked/gone/disabled user 0
04-24 01:21:55.140 32711 32711 W NotificationHistory: Attempted to add notif for locked/gone/disabled user 0
04-24 01:21:55.157 32711 32711 W NotificationHistory: Attempted to add notif for locked/gone/disabled user 0
04-24 01:21:57.092 32711 32711 W NotificationHistory: Attempted to add notif for locked/gone/disabled user 0
04-24 01:21:57.116 32711 32711 W NotificationHistory: Attempted to add notif for locked/gone/disabled user 0
04-24 01:21:57.152 32711 32711 W NotificationHistory: Attempted to add notif for locked/gone/disabled user 0
04-24 01:21:57.196 32711 32711 W NotificationHistory: Attempted to add notif for locked/gone/disabled user 0
04-24 01:21:59.105 32711 32711 W NotificationHistory: Attempted to add notif for locked/gone/disabled user 0
04-24 01:21:59.129 32711 32711 W NotificationHistory: Attempted to add notif for locked/gone/disabled user 0
04-24 01:21:59.158 32711 32711 W NotificationHistory: Attempted to add notif for locked/gone/disabled user 0
04-24 01:21:59.187 32711 32711 W NotificationHistory: Attempted to add notif for locked/gone/disabled user 0
04-24 01:22:01.095 32711 32711 W NotificationHistory: Attempted to add notif for locked/gone/disabled user 0
04-24 01:22:01.128 32711 32711 W NotificationHistory: Attempted to add notif for locked/gone/disabled user 0
04-24 01:22:01.161 32711 32711 W NotificationHistory: Attempted to add notif for locked/gone/disabled user 0
04-24 01:22:01.208 32711 32711 W NotificationHistory: Attempted to add notif for locked/gone/disabled user 0
04-24 01:22:03.098 32711 32711 W NotificationHistory: Attempted to add notif for locked/gone/disabled user 0
04-24 01:22:03.130 32711 32711 W NotificationHistory: Attempted to add notif for locked/gone/disabled user 0
04-24 01:22:03.158 32711 32711 W NotificationHistory: Attempted to add notif for locked/gone/disabled user 0
04-24 01:22:03.185 32711 32711 W NotificationHistory: Attempted to add notif for locked/gone/disabled user 0
04-24 01:22:05.087 32711 32711 W NotificationHistory: Attempted to add notif for locked/gone/disabled user 0
04-24 01:22:05.132 32711 32711 W NotificationHistory: Attempted to add notif for locked/gone/disabled user 0
04-24 01:22:05.151 32711 32711 W NotificationHistory: Attempted to add notif for locked/gone/disabled user 0
04-24 01:22:05.177 32711 32711 W NotificationHistory: Attempted to add notif for locked/gone/disabled user 0
04-24 01:22:07.129 32711 32711 W NotificationHistory: Attempted to add notif for locked/gone/disabled user 0
04-24 01:22:07.156 32711 32711 W NotificationHistory: Attempted to add notif for locked/gone/disabled user 0
04-24 01:22:07.187 32711 32711 W NotificationHistory: Attempted to add notif for locked/gone/disabled user 0
04-24 01:22:07.217 32711 32711 W NotificationHistory: Attempted to add notif for locked/gone/disabled user 0
04-24 01:22:09.093 32711 32711 W NotificationHistory: Attempted to add notif for locked/gone/disabled user 0
04-24 01:22:09.122 32711 32711 W NotificationHistory: Attempted to add notif for locked/gone/disabled user 0
04-24 01:22:09.151 32711 32711 W NotificationHistory: Attempted to add notif for locked/gone/disabled user 0
04-24 01:22:09.167 32711 32711 W NotificationHistory: Attempted to add notif for locked/gone/disabled user 0
04-24 01:22:11.111 32711 32711 W NotificationHistory: Attempted to add notif for locked/gone/disabled user 0
04-24 01:22:11.143 32711 32711 W NotificationHistory: Attempted to add notif for locked/gone/disabled user 0
04-24 01:22:11.176 32711 32711 W NotificationHistory: Attempted to add notif for locked/gone/disabled user 0
04-24 01:22:11.194 32711 32711 W NotificationHistory: Attempted to add notif for locked/gone/disabled user 0
04-24 01:22:13.107 32711 32711 W NotificationHistory: Attempted to add notif for locked/gone/disabled user 0
04-24 01:22:13.146 32711 32711 W NotificationHistory: Attempted to add notif for locked/gone/disabled user 0
04-24 01:22:13.189 32711 32711 W NotificationHistory: Attempted to add notif for locked/gone/disabled user 0
04-24 01:22:13.207 32711 32711 W NotificationHistory: Attempted to add notif for locked/gone/disabled user 0
04-24 01:22:15.122 32711 32711 W NotificationHistory: Attempted to add notif for locked/gone/disabled user 0
04-24 01:22:15.164 32711 32711 W NotificationHistory: Attempted to add notif for locked/gone/disabled user 0
04-24 01:22:15.192 32711 32711 W NotificationHistory: Attempted to add notif for locked/gone/disabled user 0
04-24 01:22:15.226 32711 32711 W NotificationHistory: Attempted to add notif for locked/gone/disabled user 0
04-24 01:22:17.102 32711 32711 W NotificationHistory: Attempted to add notif for locked/gone/disabled user 0
04-24 01:22:17.137 32711 32711 W NotificationHistory: Attempted to add notif for locked/gone/disabled user 0
04-24 01:22:17.154 32711  8105 W ProcessStats: Tracking association SourceState{67c3ca com.google.android.apps.mediashell/10044 BTopFgs #55157} whose proc state 2 is better than process ProcessState{4763d96 com.google.android.gms.persistent/10051 pkg=com.google.android.gms} proc state 3 (11 skipped)
04-24 01:22:17.162 32711 32711 W NotificationHistory: Attempted to add notif for locked/gone/disabled user 0
04-24 01:22:17.203 32711 32711 W NotificationHistory: Attempted to add notif for locked/gone/disabled user 0
04-24 01:22:19.147 32711 32711 W NotificationHistory: Attempted to add notif for locked/gone/disabled user 0
04-24 01:22:19.184 32711 32711 W NotificationHistory: Attempted to add notif for locked/gone/disabled user 0
04-24 01:22:19.221 32711 32711 W NotificationHistory: Attempted to add notif for locked/gone/disabled user 0
04-24 01:22:19.253 32711 32711 W NotificationHistory: Attempted to add notif for locked/gone/disabled user 0
04-24 01:22:21.093 32711 32711 W NotificationHistory: Attempted to add notif for locked/gone/disabled user 0
04-24 01:22:21.140 32711 32711 W NotificationHistory: Attempted to add notif for locked/gone/disabled user 0
04-24 01:22:21.170 32711 32711 W NotificationHistory: Attempted to add notif for locked/gone/disabled user 0
04-24 01:22:21.193 32711 32711 W NotificationHistory: Attempted to add notif for locked/gone/disabled user 0
04-24 01:22:23.103 32711 32711 W NotificationHistory: Attempted to add notif for locked/gone/disabled user 0
04-24 01:22:23.138 32711 32711 W NotificationHistory: Attempted to add notif for locked/gone/disabled user 0
04-24 01:22:23.172 32711 32711 W NotificationHistory: Attempted to add notif for locked/gone/disabled user 0
04-24 01:22:23.197 32711 32711 W NotificationHistory: Attempted to add notif for locked/gone/disabled user 0
04-24 01:22:25.135 32711 32711 W NotificationHistory: Attempted to add notif for locked/gone/disabled user 0
04-24 01:22:25.174 32711 32711 W NotificationHistory: Attempted to add notif for locked/gone/disabled user 0
04-24 01:22:25.197 32711 32711 W NotificationHistory: Attempted to add notif for locked/gone/disabled user 0
04-24 01:22:25.220 32711 32711 W NotificationHistory: Attempted to add notif for locked/gone/disabled user 0
04-24 01:22:27.100 32711 32711 W NotificationHistory: Attempted to add notif for locked/gone/disabled user 0
04-24 01:22:27.154 32711 32711 W NotificationHistory: Attempted to add notif for locked/gone/disabled user 0
04-24 01:22:27.175 32711 32711 W NotificationHistory: Attempted to add notif for locked/gone/disabled user 0
04-24 01:22:27.192 32711 32711 W NotificationHistory: Attempted to add notif for locked/gone/disabled user 0
04-24 01:22:29.121 32711 32711 W NotificationHistory: Attempted to add notif for locked/gone/disabled user 0
04-24 01:22:29.163 32711 32711 W NotificationHistory: Attempted to add notif for locked/gone/disabled user 0
04-24 01:22:29.186 32711 32711 W NotificationHistory: Attempted to add notif for locked/gone/disabled user 0
04-24 01:22:29.219 32711 32711 W NotificationHistory: Attempted to add notif for locked/gone/disabled user 0
04-24 01:22:31.106 32711 32711 W NotificationHistory: Attempted to add notif for locked/gone/disabled user 0
04-24 01:22:31.147 32711 32711 W NotificationHistory: Attempted to add notif for locked/gone/disabled user 0
04-24 01:22:31.175 32711 32711 W NotificationHistory: Attempted to add notif for locked/gone/disabled user 0
04-24 01:22:31.198 32711 32711 W NotificationHistory: Attempted to add notif for locked/gone/disabled user 0
04-24 01:22:32.214 32711  5508 W ProcessStats: Tracking association SourceState{67c3ca com.google.android.apps.mediashell/10044 BTopFgs #55158} whose proc state 2 is better than process ProcessState{4763d96 com.google.android.gms.persistent/10051 pkg=com.google.android.gms} proc state 3 (3 skipped)
04-24 01:22:33.096 32711 32711 W NotificationHistory: Attempted to add notif for locked/gone/disabled user 0
04-24 01:22:33.123 32711 32711 W NotificationHistory: Attempted to add notif for locked/gone/disabled user 0
04-24 01:22:33.152 32711 32711 W NotificationHistory: Attempted to add notif for locked/gone/disabled user 0
04-24 01:22:33.188 32711 32711 W NotificationHistory: Attempted to add notif for locked/gone/disabled user 0
04-24 01:22:35.083 32711 32711 W NotificationHistory: Attempted to add notif for locked/gone/disabled user 0
04-24 01:22:35.105 32711 32711 W NotificationHistory: Attempted to add notif for locked/gone/disabled user 0
04-24 01:22:35.130 32711 32711 W NotificationHistory: Attempted to add notif for locked/gone/disabled user 0
04-24 01:22:35.172 32711 32711 W NotificationHistory: Attempted to add notif for locked/gone/disabled user 0
04-24 01:22:37.092 32711 32711 W NotificationHistory: Attempted to add notif for locked/gone/disabled user 0
04-24 01:22:37.132 32711 32711 W NotificationHistory: Attempted to add notif for locked/gone/disabled user 0
04-24 01:22:37.172 32711 32711 W NotificationHistory: Attempted to add notif for locked/gone/disabled user 0
04-24 01:22:37.190 32711 32711 W NotificationHistory: Attempted to add notif for locked/gone/disabled user 0
04-24 01:22:39.095 32711 32711 W NotificationHistory: Attempted to add notif for locked/gone/disabled user 0
04-24 01:22:39.132 32711 32711 W NotificationHistory: Attempted to add notif for locked/gone/disabled user 0
04-24 01:22:39.151 32711 32711 W NotificationHistory: Attempted to add notif for locked/gone/disabled user 0
04-24 01:22:39.171 32711 32711 W NotificationHistory: Attempted to add notif for locked/gone/disabled user 0
04-24 01:22:41.125 32711 32711 W NotificationHistory: Attempted to add notif for locked/gone/disabled user 0
04-24 01:22:41.152 32711 32711 W NotificationHistory: Attempted to add notif for locked/gone/disabled user 0
04-24 01:22:41.182 32711 32711 W NotificationHistory: Attempted to add notif for locked/gone/disabled user 0
04-24 01:22:41.206 32711 32711 W NotificationHistory: Attempted to add notif for locked/gone/disabled user 0
04-24 01:22:43.108 32711 32711 W NotificationHistory: Attempted to add notif for locked/gone/disabled user 0
04-24 01:22:43.127 32711 32711 W NotificationHistory: Attempted to add notif for locked/gone/disabled user 0
04-24 01:22:43.155 32711 32711 W NotificationHistory: Attempted to add notif for locked/gone/disabled user 0
04-24 01:22:43.188 32711 32711 W NotificationHistory: Attempted to add notif for locked/gone/disabled user 0
04-24 01:22:45.079 32711 32711 W NotificationHistory: Attempted to add notif for locked/gone/disabled user 0
04-24 01:22:45.109 32711 32711 W NotificationHistory: Attempted to add notif for locked/gone/disabled user 0
04-24 01:22:45.141 32711 32711 W NotificationHistory: Attempted to add notif for locked/gone/disabled user 0
04-24 01:22:45.187 32711 32711 W NotificationHistory: Attempted to add notif for locked/gone/disabled user 0
04-24 01:22:47.104 32711 32711 W NotificationHistory: Attempted to add notif for locked/gone/disabled user 0
04-24 01:22:47.137 32711 32711 W NotificationHistory: Attempted to add notif for locked/gone/disabled user 0
