--------- beginning of system
05-03 02:12:19.732   646   646 V StorageManagerService: Package com.android.providers.userdictionary does not have legacy storage
05-03 02:12:19.732   646   646 V StorageManagerService: Package com.android.providers.media.module does not have legacy storage
05-03 02:12:19.732   646   646 V StorageManagerService: Package com.android.hotspot2.osulogin does not have legacy storage
05-03 02:12:19.732   646   646 V StorageManagerService: Package com.google.android.tv.remote.service does not have legacy storage
05-03 02:12:19.732   646   646 V StorageManagerService: Package com.android.location.fused does not have legacy storage
05-03 02:12:19.732   646   646 V StorageManagerService: Package com.android.systemui does not have legacy storage
05-03 02:12:19.732   646   646 V StorageManagerService: Package com.sagemcom.stb.led does not have legacy storage
05-03 02:12:19.733   646   646 V StorageManagerService: Package com.google.android.play.games does not have legacy storage
05-03 02:12:19.733   646   646 V StorageManagerService: Package com.netflix.ninja does not have legacy storage
05-03 02:12:19.733   646   646 V StorageManagerService: Package com.broadcom.dnyhelper does not have legacy storage
05-03 02:12:19.733   646   646 V StorageManagerService: Package com.android.bluetooth does not have legacy storage
05-03 02:12:19.733   646   646 V StorageManagerService: Package com.android.providers.contacts does not have legacy storage
05-03 02:12:19.733   646   646 V StorageManagerService: Package pt.rtp.play does not have legacy storage
05-03 02:12:19.733   646   646 V StorageManagerService: Package com.android.captiveportallogin does not have legacy storage
05-03 02:12:19.733   646   646 V StorageManagerService: Package com.disney.disneyplus does not have legacy storage
05-03 02:12:19.734   646   646 V StorageManagerService: Package com.nousguide.android.rbtv does not have legacy storage
05-03 02:12:19.734   646   646 V StorageManagerService: Package com.google.android.tv.remote.service.rro does not have legacy storage
05-03 02:12:19.734   646   646 V StorageManagerService: Package com.google.android.inputmethod.latin does not have legacy storage
05-03 02:12:19.735   646   646 I SystemServerTiming: ssm.onStartUser-0_com.android.server.usage.StorageStatsService$Lifecycle
05-03 02:12:19.735   646   646 I SystemServerTiming: ssm.onStartUser-0_com.android.server.UiModeManagerService
05-03 02:12:19.735   646   646 I SystemServerTiming: ssm.onStartUser-0_com.android.server.locksettings.LockSettingsService$Lifecycle
05-03 02:12:19.735   646   646 I SystemServerTiming: ssm.onStartUser-0_com.android.server.testharness.TestHarnessModeService
05-03 02:12:19.735   646   646 I SystemServerTiming: ssm.onStartUser-0_com.android.server.DeviceIdleController
05-03 02:12:19.735   646   646 I SystemServerTiming: ssm.onStartUser-0_com.android.server.devicepolicy.DevicePolicyManagerService$Lifecycle
05-03 02:12:19.735   646   646 I SystemServerTiming: ssm.onStartUser-0_com.android.server.texttospeech.TextToSpeechManagerService
05-03 02:12:19.736   646   646 I SystemServerTiming: ssm.onStartUser-0_com.android.server.speech.SpeechRecognitionManagerService
05-03 02:12:19.736   646   646 I SystemServerTiming: ssm.onStartUser-0_com.android.server.searchui.SearchUiManagerService
05-03 02:12:19.736   646   646 I SystemServerTiming: ssm.onStartUser-0_com.android.server.smartspace.SmartspaceManagerService
05-03 02:12:19.736   646   646 I SystemServerTiming: ssm.onStartUser-0_com.android.server.graphics.fonts.FontManagerService$Lifecycle
05-03 02:12:19.736   646   646 I SystemServerTiming: ssm.onStartUser-0_com.android.server.textservices.TextServicesManagerService$Lifecycle
05-03 02:12:19.736   646   646 I SystemServerTiming: ssm.onStartUser-0_com.android.server.textclassifier.TextClassificationManagerService$Lifecycle
05-03 02:12:19.737   646   646 I SystemServerTiming: ssm.onStartUser-0_com.android.server.NetworkScoreService$Lifecycle
05-03 02:12:19.737   646   646 I SystemServerTiming: ssm.onStartUser-0_com.android.server.wifi.WifiService
05-03 02:12:19.737   646   646 I SystemServerTiming: ssm.onStartUser-0_com.android.server.wifi.scanner.WifiScanningService
05-03 02:12:19.737   646   646 I SystemServerTiming: ssm.onStartUser-0_com.android.server.ethernet.EthernetService
05-03 02:12:19.737   646   646 I SystemServerTiming: ssm.onStartUser-0_com.android.server.ConnectivityServiceInitializer
05-03 02:12:19.737   646   646 I SystemServerTiming: ssm.onStartUser-0_com.android.server.notification.NotificationManagerService
05-03 02:12:19.737   646   646 I SystemServerTiming: ssm.onStartUser-0_com.android.server.storage.DeviceStorageMonitorService
05-03 02:12:19.737   646   646 I SystemServerTiming: ssm.onStartUser-0_com.android.server.location.LocationManagerService$Lifecycle
05-03 02:12:19.738   646   646 I SystemServerTiming: ssm.onStartUser-0_com.android.server.timedetector.TimeDetectorService$Lifecycle
05-03 02:12:19.738   646   646 I SystemServerTiming: ssm.onStartUser-0_com.android.server.timezonedetector.TimeZoneDetectorService$Lifecycle
05-03 02:12:19.738   646   646 I SystemServerTiming: ssm.onStartUser-0_com.android.server.timezonedetector.location.LocationTimeZoneManagerService$Lifecycle
05-03 02:12:19.739   646   646 I SystemServerTiming: ssm.onStartUser-0_com.android.server.search.SearchManagerService$Lifecycle
05-03 02:12:19.739   646   646 I SystemServerTiming: ssm.onStartUser-0_com.android.server.wallpaper.WallpaperManagerService$Lifecycle
05-03 02:12:19.739   646   646 I SystemServerTiming: ssm.onStartUser-0_com.android.server.audio.AudioService$Lifecycle
05-03 02:12:19.739   646   646 I SystemServerTiming: ssm.onStartUser-0_com.android.server.soundtrigger_middleware.SoundTriggerMiddlewareService$Lifecycle
05-03 02:12:19.739   646   646 I SystemServerTiming: ssm.onStartUser-0_com.android.server.adb.AdbService$Lifecycle
05-03 02:12:19.739   646   646 I SystemServerTiming: ssm.onStartUser-0_com.android.server.usb.UsbService$Lifecycle
05-03 02:12:19.739   646   646 I SystemServerTiming: ssm.onStartUser-0_com.android.server.twilight.TwilightService
05-03 02:12:19.739   646   646 I SystemServerTiming: ssm.onStartUser-0_com.android.server.display.color.ColorDisplayService
05-03 02:12:19.739   646   646 I SystemServerTiming: ssm.onStartUser-0_com.android.server.job.JobSchedulerService
05-03 02:12:19.739   646   646 I SystemServerTiming: ssm.onStartUser-0_com.android.server.soundtrigger.SoundTriggerService
05-03 02:12:19.739   646   646 I SystemServerTiming: ssm.onStartUser-0_com.android.server.trust.TrustManagerService
05-03 02:12:19.739   646   646 I SystemServerTiming: ssm.onStartUser-0_com.android.server.backup.BackupManagerService$Lifecycle
05-03 02:12:19.739   646   646 I SystemServerTiming: ssm.onStartUser-0_com.android.server.appwidget.AppWidgetService
05-03 02:12:19.739   646   646 I SystemServerTiming: ssm.onStartUser-0_com.android.server.voiceinteraction.VoiceInteractionManagerService
05-03 02:12:19.739   646   646 I SystemServerTiming: ssm.onStartUser-0_com.android.server.apphibernation.AppHibernationService
05-03 02:12:19.740   646   646 I SystemServerTiming: ssm.onStartUser-0_com.android.server.GestureLauncherService
05-03 02:12:19.740   646   646 I SystemServerTiming: ssm.onStartUser-0_com.android.server.SensorNotificationService
05-03 02:12:19.740   646   646 I SystemServerTiming: ssm.onStartUser-0_com.android.server.emergency.EmergencyAffordanceService
05-03 02:12:19.740   646   646 I SystemServerTiming: ssm.onStartUser-0_com.android.server.dreams.DreamManagerService
05-03 02:12:19.740   646   646 I SystemServerTiming: ssm.onStartUser-0_com.android.server.blob.BlobStoreManagerService
05-03 02:12:19.740   646   646 I SystemServerTiming: ssm.onStartUser-0_com.android.server.restrictions.RestrictionsManagerService
05-03 02:12:19.740   646   646 I SystemServerTiming: ssm.onStartUser-0_com.android.server.media.MediaSessionService
05-03 02:12:19.740   646   646 I SystemServerTiming: ssm.onStartUser-0_com.android.server.hdmi.HdmiControlService
05-03 02:12:19.740   646   646 I SystemServerTiming: ssm.onStartUser-0_com.android.server.tv.TvInputManagerService
05-03 02:12:19.740   646   646 I SystemServerTiming: ssm.onStartUser-0_com.android.server.media.MediaResourceMonitorService
05-03 02:12:19.740   646   646 I SystemServerTiming: ssm.onStartUser-0_com.android.server.tv.TvRemoteService
05-03 02:12:19.740   646   646 I SystemServerTiming: ssm.onStartUser-0_com.android.server.biometrics.BiometricService
05-03 02:12:19.740   646   646 I SystemServerTiming: ssm.onStartUser-0_com.android.server.biometrics.AuthService
05-03 02:12:19.740   646   646 I SystemServerTiming: ssm.onStartUser-0_com.android.server.pm.ShortcutService$Lifecycle
05-03 02:12:19.740   646   646 I SystemServerTiming: ssm.onStartUser-0_com.android.server.pm.LauncherAppsService
05-03 02:12:19.740   646   646 I SystemServerTiming: ssm.onStartUser-0_com.android.server.pm.CrossProfileAppsService
05-03 02:12:19.740   646   646 I SystemServerTiming: ssm.onStartUser-0_com.android.server.people.PeopleService
05-03 02:12:19.740   646   646 I SystemServerTiming: ssm.onStartUser-0_com.android.server.media.metrics.MediaMetricsManagerService
05-03 02:12:19.740   646   646 I SystemServerTiming: ssm.onStartUser-0_com.android.server.media.projection.MediaProjectionManagerService
05-03 02:12:19.740   646   646 I SystemServerTiming: ssm.onStartUser-0_com.android.server.slice.SliceManagerService$Lifecycle
05-03 02:12:19.740   646   646 I SystemServerTiming: ssm.onStartUser-0_com.android.server.stats.StatsCompanion$Lifecycle
05-03 02:12:19.740   646   646 I SystemServerTiming: ssm.onStartUser-0_com.android.server.scheduling.RebootReadinessManagerService$Lifecycle
05-03 02:12:19.740   646   646 I SystemServerTiming: ssm.onStartUser-0_com.android.server.stats.pull.StatsPullAtomService
05-03 02:12:19.740   646   646 I SystemServerTiming: ssm.onStartUser-0_com.android.server.incident.IncidentCompanionService
05-03 02:12:19.740   646   646 I SystemServerTiming: ssm.onStartUser-0_com.android.server.MmsServiceBroker
05-03 02:12:19.740   646   646 I SystemServerTiming: ssm.onStartUser-0_com.android.server.autofill.AutofillManagerService
05-03 02:12:19.740   646   646 I SystemServerTiming: ssm.onStartUser-0_com.android.server.clipboard.ClipboardService
05-03 02:12:19.740   646   646 I SystemServerTiming: ssm.onStartUser-0_com.android.server.appbinding.AppBindingService$Lifecycle
05-03 02:12:19.741   646   646 W AppBindingService: [Default SMS app] u0 Target package not found
05-03 02:12:19.741   646   646 I SystemServerTiming: ssm.onStartUser-0_com.android.server.tracing.TracingServiceProxy
05-03 02:12:19.741   646   646 I SystemServerTiming: ssm.onStartUser-0_com.android.server.policy.PermissionPolicyService
05-03 02:12:19.741   646   646 I SystemServerTiming: ssm.onStartUser-0_com.android.server.pm.StagingManager$Lifecycle
05-03 02:12:19.741   646   646 I SystemServerTiming: ssm.onStartUser-0_com.android.server.app.GameManagerService$Lifecycle
05-03 02:12:19.742   646   646 V GameManagerService: Settings file doesn't exists, skip reading
05-03 02:12:19.742   646   646 I SystemServerTiming: ssm.onStartUser-0_com.android.server.appsearch.AppSearchManagerService
05-03 02:12:19.743   646   646 I SystemServerTiming: ssm.onStartUser-0_com.android.server.media.MediaCommunicationService
05-03 02:12:19.743   646   646 I SystemServerTiming: startPersistentApps
05-03 02:12:19.747   646   646 D CompatibilityChangeReporter: Compat change id reported: 135634846; UID 1000; state: DISABLED
05-03 02:12:19.749   646   646 D CompatibilityChangeReporter: Compat change id reported: 135634846; UID 1068; state: DISABLED
05-03 02:12:19.756   646   646 D CompatibilityChangeReporter: Compat change id reported: 135634846; UID 10032; state: DISABLED
05-03 02:12:19.757   646   646 D CompatibilityChangeReporter: Compat change id reported: 177438394; UID 10032; state: DISABLED
05-03 02:12:19.757   646   646 D CompatibilityChangeReporter: Compat change id reported: 135772972; UID 10032; state: DISABLED
05-03 02:12:19.757   646   646 D CompatibilityChangeReporter: Compat change id reported: 135754954; UID 10032; state: ENABLED
05-03 02:12:19.758   646   646 I SystemServerTiming: startHomeOnAllDisplays
05-03 02:12:19.760   646   646 I ActivityTaskManager: START u0 {act=android.intent.action.MAIN cat=[android.intent.category.HOME] flg=0x10000100 cmp=com.android.tv.settings/.system.FallbackHome (has extras)} from uid 0
05-03 02:12:19.771   646   646 D CompatibilityChangeReporter: Compat change id reported: 174042980; UID 1000; state: DISABLED
05-03 02:12:19.794   646   646 I SystemServerTiming: showSystemReadyErrorDialogs
05-03 02:12:19.903   646   646 I SystemServerTiming: sendUserStartBroadcast
05-03 02:12:19.904   646   646 I SystemServerTiming: resumeTopActivities
05-03 02:12:19.908   646   646 I SystemServerTiming: sendUserSwitchBroadcasts
05-03 02:12:19.908   646   646 I SystemServerTiming: setBinderProxies
05-03 02:12:19.908   646   646 I SystemServerTiming: StartSystemUI
05-03 02:12:19.909   646   672 W ActivityManager: Slow operation: 166ms so far, now at startProcess: done updating battery stats
05-03 02:12:19.909   646   672 W ActivityManager: Slow operation: 166ms so far, now at startProcess: building log message
05-03 02:12:19.909   646   672 I ActivityManager: Start proc 964:com.sagemcom.stb.tr69service/1000 for added application com.sagemcom.stb.tr69service
05-03 02:12:19.909   646   672 W ActivityManager: Slow operation: 166ms so far, now at startProcess: starting to update pids map
05-03 02:12:19.909   646   672 W ActivityManager: Slow operation: 166ms so far, now at startProcess: done updating pids map
05-03 02:12:19.909   646   672 W ActivityManager: Slow operation: 162ms so far, now at startProcess: asking zygote to start proc
05-03 02:12:19.923   646   646 W ActivityManager: Unable to start service Intent { flg=0x100 cmp=com.android.systemui/.keyguard.KeyguardService } U=0: not found
05-03 02:12:19.927   646   646 W Looper  : Slow delivery took 14523ms main h=android.app.PropertyInvalidatedCache$AutoCorker$1 c=null m=0
05-03 02:12:19.936   646   646 D ConditionProviders.SCP: onConnected
05-03 02:12:19.938   646   646 D ConditionProviders: Subscribing to condition://android/event?userId=-10000&calendar=&reply=1 with ComponentInfo{android/com.android.server.notification.EventConditionProvider}
05-03 02:12:19.939   646   646 D ConditionProviders: Subscribing to condition://android/schedule?days=1.2.3.4.5.6.7&start=22.0&end=7.0&exitAtAlarm=true with ComponentInfo{android/com.android.server.notification.ScheduleConditionProvider}
05-03 02:12:19.941   646   672 W ActivityManager: Slow operation: 194ms so far, now at startProcess: returned from zygote!
05-03 02:12:19.941   646   672 W ActivityManager: Slow operation: 194ms so far, now at startProcess: done updating battery stats
05-03 02:12:19.942   646   672 W ActivityManager: Slow operation: 194ms so far, now at startProcess: building log message
05-03 02:12:19.942   646   672 I ActivityManager: Start proc 981:com.android.se/1068 for added application com.android.se
05-03 02:12:19.942   646   672 W ActivityManager: Slow operation: 194ms so far, now at startProcess: starting to update pids map
05-03 02:12:19.944   646   672 W ActivityManager: Slow operation: 197ms so far, now at startProcess: done updating pids map
05-03 02:12:19.945   646   672 W ActivityManager: Slow operation: 194ms so far, now at startProcess: asking zygote to start proc
05-03 02:12:19.949   646   646 D HdmiControlService: Local device is under address allocation. Queue display callback for later process.
05-03 02:12:19.969   646   646 D CompatibilityChangeReporter: Compat change id reported: 135634846; UID 10073; state: DISABLED
05-03 02:12:19.985   646   672 W ActivityManager: Slow operation: 234ms so far, now at startProcess: returned from zygote!
05-03 02:12:19.985   646   672 W ActivityManager: Slow operation: 235ms so far, now at startProcess: done updating battery stats
05-03 02:12:19.986   646   672 W ActivityManager: Slow operation: 235ms so far, now at startProcess: building log message
05-03 02:12:19.986   646   672 I ActivityManager: Start proc 995:com.sagemcom.sgcanalyticsagent/1000 for added application com.sagemcom.sgcanalyticsagent
05-03 02:12:19.986   646   672 W ActivityManager: Slow operation: 235ms so far, now at startProcess: starting to update pids map
05-03 02:12:19.986   646   672 W ActivityManager: Slow operation: 236ms so far, now at startProcess: done updating pids map
05-03 02:12:19.986   646   672 W ActivityManager: Slow operation: 234ms so far, now at startProcess: asking zygote to start proc
05-03 02:12:19.993   646   829 D CompatibilityChangeReporter: Compat change id reported: 168419799; UID 1068; state: DISABLED
05-03 02:12:20.033   646   672 W ActivityManager: Slow operation: 281ms so far, now at startProcess: returned from zygote!
05-03 02:12:20.034   646   672 W ActivityManager: Slow operation: 281ms so far, now at startProcess: done updating battery stats
05-03 02:12:20.034   646   672 W ActivityManager: Slow operation: 282ms so far, now at startProcess: building log message
05-03 02:12:20.034   646   672 I ActivityManager: Start proc 1009:com.sagemcom.datacollector/1000 for added application com.sagemcom.datacollector
05-03 02:12:20.034   646   672 W ActivityManager: Slow operation: 282ms so far, now at startProcess: starting to update pids map
05-03 02:12:20.034   646   672 W ActivityManager: Slow operation: 282ms so far, now at startProcess: done updating pids map
05-03 02:12:20.034   646   672 W ActivityManager: Slow operation: 279ms so far, now at startProcess: asking zygote to start proc
05-03 02:12:20.035   646   672 D CompatibilityChangeReporter: Compat change id reported: 143937733; UID 10032; state: ENABLED
05-03 02:12:20.063   646   892 D CompatibilityChangeReporter: Compat change id reported: 168419799; UID 1000; state: DISABLED
05-03 02:12:20.072   646   672 W ActivityManager: Slow operation: 317ms so far, now at startProcess: returned from zygote!
05-03 02:12:20.073   646   672 W ActivityManager: Slow operation: 318ms so far, now at startProcess: done updating battery stats
05-03 02:12:20.073   646   672 W ActivityManager: Slow operation: 318ms so far, now at startProcess: building log message
05-03 02:12:20.073   646   672 I ActivityManager: Start proc 1021:com.sagemcom.stb.led/u0a32 for added application com.sagemcom.stb.led
05-03 02:12:20.073   646   672 W ActivityManager: Slow operation: 318ms so far, now at startProcess: starting to update pids map
05-03 02:12:20.074   646   672 W ActivityManager: Slow operation: 319ms so far, now at startProcess: done updating pids map
05-03 02:12:20.074   646   672 W ActivityManager: Slow operation: 165ms so far, now at startProcess: asking zygote to start proc
05-03 02:12:20.090   646   646 W Looper  : Slow dispatch took 115ms main h=android.os.Handler c=com.android.server.hdmi.WorkSourceUidPreservingRunnable@33b46db m=0
05-03 02:12:20.110   646   893 D CompatibilityChangeReporter: Compat change id reported: 168419799; UID 1000; state: DISABLED
05-03 02:12:20.117   646   672 W ActivityManager: Slow operation: 208ms so far, now at startProcess: returned from zygote!
05-03 02:12:20.118   646   672 W ActivityManager: Slow operation: 208ms so far, now at startProcess: done updating battery stats
05-03 02:12:20.118   646   672 W ActivityManager: Slow operation: 209ms so far, now at startProcess: building log message
05-03 02:12:20.118   646   672 I ActivityManager: Start proc 1033:com.android.tv.settings/1000 for top-activity {com.android.tv.settings/com.android.tv.settings.system.FallbackHome}
05-03 02:12:20.118   646   672 W ActivityManager: Slow operation: 209ms so far, now at startProcess: starting to update pids map
05-03 02:12:20.118   646   672 W ActivityManager: Slow operation: 209ms so far, now at startProcess: done updating pids map
05-03 02:12:20.118   646   672 W ActivityManager: Slow operation: 151ms so far, now at startProcess: asking zygote to start proc
05-03 02:12:20.118   646   672 D CompatibilityChangeReporter: Compat change id reported: 143937733; UID 10073; state: ENABLED
05-03 02:12:20.160   646   672 W ActivityManager: Slow operation: 193ms so far, now at startProcess: returned from zygote!
05-03 02:12:20.160   646   672 W ActivityManager: Slow operation: 193ms so far, now at startProcess: done updating battery stats
05-03 02:12:20.161   646   672 W ActivityManager: Slow operation: 193ms so far, now at startProcess: building log message
05-03 02:12:20.161   646   672 I ActivityManager: Start proc 1048:com.google.android.ext.services/u0a73 for service {com.google.android.ext.services/android.ext.services.autofill.InlineSuggestionRenderServiceImpl}
05-03 02:12:20.161   646   672 W ActivityManager: Slow operation: 193ms so far, now at startProcess: starting to update pids map
05-03 02:12:20.162   646   672 W ActivityManager: Slow operation: 194ms so far, now at startProcess: done updating pids map
05-03 02:12:20.183   646   829 D CompatibilityChangeReporter: Compat change id reported: 168419799; UID 10032; state: DISABLED
05-03 02:12:20.201   646  1063 I DropBoxManagerService: add tag=system_app_wtf isTagEnabled=true flags=0x2
05-03 02:12:20.218   646   892 I ActivityTaskManager: Config changes=100 {1.0 ?mcc?mnc [pt_PT] ldltr sw540dp w960dp h540dp 320dpi lrg long land television night -touch -keyb/v/h dpad/v winConfig={ mBounds=Rect(0, 0 - 1920, 1080) mAppBounds=Rect(0, 0 - 1920, 1080) mMaxBounds=Rect(0, 0 - 1920, 1080) mWindowingMode=fullscreen mDisplayWindowingMode=fullscreen mActivityType=undefined mAlwaysOnTop=undefined mRotation=ROTATION_0} s.8 fontWeightAdjustment=0}
05-03 02:12:20.225   646   892 I WindowManager: Override config changes=100 {1.0 ?mcc?mnc [pt_PT] ldltr sw540dp w960dp h540dp 320dpi lrg long land television night -touch -keyb/v/h dpad/v winConfig={ mBounds=Rect(0, 0 - 1920, 1080) mAppBounds=Rect(0, 0 - 1920, 1080) mMaxBounds=Rect(0, 0 - 1920, 1080) mWindowingMode=fullscreen mDisplayWindowingMode=fullscreen mActivityType=undefined mAlwaysOnTop=undefined mRotation=ROTATION_0} s.8 fontWeightAdjustment=0} for displayId=0
05-03 02:12:20.232   646   646 W Looper  : Slow dispatch took 134ms main h=android.os.Handler c=com.android.server.hdmi.WorkSourceUidPreservingRunnable@2805f4a m=0
05-03 02:12:20.232   646   646 I HdmiCecLocalDeviceSource: queryDisplayStatus already in progress
05-03 02:12:20.234   646   646 D BluetoothManagerService: BluetoothServiceConnection: com.android.bluetooth.btservice.AdapterService
05-03 02:12:20.234   646   646 I PackageWatchdog: Syncing health check requests for packages: {}
05-03 02:12:20.235   646   646 I ExplicitHealthCheckController: Service not ready to get health check supported packages. Binding...
05-03 02:12:20.236   646   664 D BluetoothManagerService: MESSAGE_BLUETOOTH_SERVICE_CONNECTED: 1
05-03 02:12:20.251   646   664 D BluetoothManagerService: Broadcasting onBluetoothServiceUp() to 3 receivers.
05-03 02:12:20.260   646   664 D BluetoothManagerService: MESSAGE_BLUETOOTH_STATE_CHANGE: OFF > BLE_TURNING_ON
05-03 02:12:20.260   646   664 D BluetoothManagerService: Sending BLE State Change: OFF > BLE_TURNING_ON
05-03 02:12:20.264   646   892 W ActivityManager: Slow operation: 60ms so far, now at attachApplicationLocked: after mServices.attachApplicationLocked
05-03 02:12:20.275   646   893 D CompatibilityChangeReporter: Compat change id reported: 168419799; UID 10073; state: DISABLED
05-03 02:12:20.289   646   646 I ExplicitHealthCheckController: Explicit health check service is bound
05-03 02:12:20.352   646   646 D CompatibilityChangeReporter: Compat change id reported: 135634846; UID 10049; state: DISABLED
05-03 02:12:20.352   646   646 D CompatibilityChangeReporter: Compat change id reported: 177438394; UID 10049; state: DISABLED
05-03 02:12:20.353   646   646 D CompatibilityChangeReporter: Compat change id reported: 135772972; UID 10049; state: DISABLED
05-03 02:12:20.353   646   646 D CompatibilityChangeReporter: Compat change id reported: 135754954; UID 10049; state: ENABLED
05-03 02:12:20.354   646   672 D CompatibilityChangeReporter: Compat change id reported: 143937733; UID 10049; state: ENABLED
05-03 02:12:20.381   646   802 W HdmiCecController: Failed to send <Set Osd Name> B0:47 <Redacted len=14> with errorCode=1
05-03 02:12:20.398   646   672 I ActivityManager: Start proc 1088:com.google.android.tv.remote.service/u0a49 for service {com.google.android.tv.remote.service/com.google.android.tv.remote.service.AtvRemoteProviderService}
05-03 02:12:20.445   646   670 D CountryDetector: Using custom country detector class: com.android.server.location.ComprehensiveCountryDetector
05-03 02:12:20.446   646   670 E CountryDetector: Could not instantiate the custom country detector class
05-03 02:12:20.446   646   670 D CountryDetector: Using default country detector
05-03 02:12:20.450   646  1082 I StatusBarManagerService: registerStatusBar bar=com.android.internal.statusbar.IStatusBar$Stub$Proxy@d36e9ac
05-03 02:12:20.483   646  1082 D CompatibilityChangeReporter: Compat change id reported: 168419799; UID 10049; state: DISABLED
05-03 02:12:20.526   646   802 W HdmiCecController: Failed to send <Give System Audio Mode Status> B5:7D with errorCode=1
05-03 02:12:20.670   646   646 D CompatibilityChangeReporter: Compat change id reported: 182478738; UID 1000; state: DISABLED
05-03 02:12:20.671   646   802 W HdmiCecController: Failed to send <Give Device Power Status> B0:8F with errorCode=1
05-03 02:12:20.681   646   665 I ActivityManagerTiming: FinishBooting
05-03 02:12:20.686   646   646 W Looper  : Slow dispatch took 244ms main h=android.app.ActivityThread$H c=null m=114
05-03 02:12:20.700   646   678 W BatteryExternalStatsWorker: error reading modem stats:ERROR_PHONE_NOT_AVAILABLE
05-03 02:12:20.747   646   646 I SystemServerTiming: ManagedServices.unbindOtherUserServices_current0
05-03 02:12:20.748   646   646 I SystemServerTiming: ManagedServices.unbindOtherUserServices_current0
05-03 02:12:20.749   646   646 V NotificationListeners: enabling notification listener for 0: ComponentInfo{com.google.android.tvrecommendations/com.google.android.tvrecommendations.NotificationsService}
05-03 02:12:20.755   646   646 V NotificationListeners: binding: Intent { act=android.service.notification.NotificationListenerService cmp=com.google.android.tvrecommendations/.NotificationsService (has extras) }
05-03 02:12:20.757   646   666 D CompatibilityChangeReporter: Compat change id reported: 158002302; UID 10066; state: ENABLED
05-03 02:12:20.758   646   646 W ActivityManager: Unable to start service Intent { act=android.service.notification.NotificationListenerService cmp=com.google.android.tvrecommendations/.NotificationsService } U=0: not found
05-03 02:12:20.758   646   646 W NotificationListeners: Unable to bind notification listener service: Intent { act=android.service.notification.NotificationListenerService cmp=com.google.android.tvrecommendations/.NotificationsService (has extras) } in user 0
05-03 02:12:20.759   646   646 I SystemServerTiming: ManagedServices.unbindOtherUserServices_current0
05-03 02:12:20.759   646   646 V NotificationAssistants: enabling notification assistant for 0: ComponentInfo{com.google.android.ext.services/android.ext.services.notification.Assistant}
05-03 02:12:20.760   646   646 V NotificationAssistants: binding: Intent { act=android.service.notification.NotificationAssistantService cmp=com.google.android.ext.services/android.ext.services.notification.Assistant (has extras) }
05-03 02:12:20.767   646   665 I WindowManager: ******* TELLING SURFACE FLINGER WE ARE BOOTED!
05-03 02:12:20.788   646   665 I ActivityManagerTiming: FinishBooting
05-03 02:12:20.792   646   665 I ActivityManager: About to commit checkpoint
05-03 02:12:20.852   197   197 I Checkpoint: Marked slot as booted successfully.
05-03 02:12:20.956   646   893 D CompatibilityChangeReporter: Compat change id reported: 135634846; UID 10051; state: DISABLED
05-03 02:12:20.957   646   672 D CompatibilityChangeReporter: Compat change id reported: 143937733; UID 10051; state: ENABLED
05-03 02:12:21.001   646   672 I ActivityManager: Start proc 1139:com.google.android.gms.persistent/u0a51 for service {com.google.android.gms/com.google.android.gms.chimera.PersistentDirectBootAwareApiService}
05-03 02:12:21.107   646   893 D CompatibilityChangeReporter: Compat change id reported: 168419799; UID 10051; state: DISABLED
05-03 02:12:21.110   646   646 W Looper  : Slow dispatch took 323ms main h=android.app.ActivityThread$H c=android.app.LoadedApk$ReceiverDispatcher$Args$$ExternalSyntheticLambda0@d8d7631 m=0
05-03 02:12:21.122   646   646 D ConditionProviders.SCP: onSubscribe condition://android/schedule?days=1.2.3.4.5.6.7&start=22.0&end=7.0&exitAtAlarm=true
05-03 02:12:21.124   646   646 D ConditionProviders.SCP: setRegistered true
05-03 02:12:21.135   646   646 D ConditionProviders.SCP: evaluateSubscriptionLocked cal=ScheduleCalendar[mDays={1, 2, 3, 4, 5, 6, 7}, mSchedule=ScheduleInfo{days=[1, 2, 3, 4, 5, 6, 7], startHour=22, startMinute=0, endHour=7, endMinute=0, exitAtAlarm=true, nextAlarm=Thu Jan 01 01:00:00 GMT+00:00 1970 (0)}], now=Wed May 03 02:12:21 GMT+01:00 2023 (1683076341124), nextUserAlarmTime=Thu Jan 01 01:00:00 GMT+00:00 1970 (0)
05-03 02:12:21.136   646   646 D ConditionProviders.SCP: notifyCondition condition://android/schedule?days=1.2.3.4.5.6.7&start=22.0&end=7.0&exitAtAlarm=true STATE_TRUE reason=meetsSchedule
05-03 02:12:21.138   646   646 D ConditionProviders.SCP: Scheduling evaluate for Wed May 03 07:00:00 GMT+01:00 2023 (1683093600000), in +4h47m38s876ms, now=Wed May 03 02:12:21 GMT+01:00 2023 (1683076341124)
05-03 02:12:21.153   646   646 I ExplicitHealthCheckController: Explicit health check service is connected ComponentInfo{com.google.android.ext.services/android.ext.services.watchdog.ExplicitHealthCheckServiceImpl}
05-03 02:12:21.155   646   646 I ExplicitHealthCheckController: Service initialized, syncing requests
05-03 02:12:21.155   646   646 I ConnectivityModuleConnector: Networking module service connected
05-03 02:12:21.158   197   197 I Checkpoint: Checkpoint has been committed.
05-03 02:12:21.158   646   665 I SystemServiceManager: Starting phase 1000
05-03 02:12:21.158   646   665 I ActivityManagerTiming: OnBootPhase_1000
05-03 02:12:21.158   646   665 I ActivityManagerTiming: OnBootPhase_1000_com.android.server.security.FileIntegrityService
05-03 02:12:21.158   646   665 I ActivityManagerTiming: OnBootPhase_1000_com.android.server.pm.Installer
05-03 02:12:21.158   646   665 I ActivityManagerTiming: OnBootPhase_1000_com.android.server.os.DeviceIdentifiersPolicyService
05-03 02:12:21.158   646   665 I ActivityManagerTiming: OnBootPhase_1000_com.android.server.uri.UriGrantsManagerService$Lifecycle
05-03 02:12:21.158   646   665 I ActivityManagerTiming: OnBootPhase_1000_com.android.server.powerstats.PowerStatsService
05-03 02:12:21.159   646   665 E PowerStatsService: Failed to start PowerStatsService loggers
05-03 02:12:21.159   646   665 I ActivityManagerTiming: OnBootPhase_1000_com.android.server.wm.ActivityTaskManagerService$Lifecycle
05-03 02:12:21.159   646   665 I ActivityManagerTiming: OnBootPhase_1000_com.android.server.am.ActivityManagerService$Lifecycle
05-03 02:12:21.159   646   665 I ActivityManagerTiming: OnBootPhase_1000_com.android.server.pm.DataLoaderManagerService
05-03 02:12:21.159   646   665 I ActivityManagerTiming: OnBootPhase_1000_com.android.server.power.PowerManagerService
05-03 02:12:21.159   646   781 W ActivityThread: Failed to find provider info for com.android.calendar (user not unlocked)
05-03 02:12:21.159   197   283 I vold    : Committing upgraded keys
05-03 02:12:21.164   646   781 W ActivityThread: Failed to find provider info for com.android.calendar (user not unlocked)
05-03 02:12:21.167   646   665 I PowerManagerService: Powering off display group due to 10 (groupId= 0, uid= 1000)...
05-03 02:12:21.167   646   665 I PowerManagerService: Going to sleep due to 10 (uid 1000)...
05-03 02:12:21.170   646   665 I PowerManagerService: Sleeping display group (groupId=0, uid=1000)...
05-03 02:12:21.170   646   665 I PowerManagerService: Sleeping (uid 1000)...
05-03 02:12:21.173   646   665 I ActivityManagerTiming: OnBootPhase_1000_com.android.server.power.ThermalManagerService
05-03 02:12:21.174   646   665 I ActivityManagerTiming: OnBootPhase_1000_com.android.server.power.hint.HintManagerService
05-03 02:12:21.174   646   665 I ActivityManagerTiming: OnBootPhase_1000_com.android.server.recoverysystem.RecoverySystemService$Lifecycle
05-03 02:12:21.174   646   665 I ActivityManagerTiming: OnBootPhase_1000_com.android.server.lights.LightsService
05-03 02:12:21.174   646   665 I ActivityManagerTiming: OnBootPhase_1000_com.android.server.display.DisplayManagerService
05-03 02:12:21.177   646   665 I ActivityManagerTiming: OnBootPhase_1000_com.android.server.pm.verify.domain.DomainVerificationService
05-03 02:12:21.177   646   646 I ConnectivityModuleConnector: Networking module service connected
05-03 02:12:21.180   646   665 I ActivityManagerTiming: OnBootPhase_1000_com.android.server.pm.PackageInstallerService$Lifecycle
05-03 02:12:21.180   197   283 I vold    : Committing upgraded key /metadata/vold/metadata_encryption/key
05-03 02:12:21.182   646   665 I ActivityManagerTiming: OnBootPhase_1000_com.android.server.pm.UserManagerService$LifeCycle
05-03 02:12:21.182   646   665 I ActivityManagerTiming: OnBootPhase_1000_com.android.server.om.OverlayManagerService
05-03 02:12:21.182   646   665 I ActivityManagerTiming: OnBootPhase_1000_com.android.server.SensorPrivacyService
05-03 02:12:21.182   646   665 I ActivityManagerTiming: OnBootPhase_1000_com.android.server.sensors.SensorService
05-03 02:12:21.182   646   665 I ActivityManagerTiming: OnBootPhase_1000_com.android.server.SystemConfigService
05-03 02:12:21.182   646   665 I ActivityManagerTiming: OnBootPhase_1000_com.android.server.BatteryService
05-03 02:12:21.182   646   665 I ActivityManagerTiming: OnBootPhase_1000_com.android.server.usage.UsageStatsService
05-03 02:12:21.183   646   646 I AutofillManagerService: Updating for user 0: disabled=false
05-03 02:12:21.183   646   646 E AutofillManagerServiceImpl: Bad service name: com.google.android.gms/.autofill.service.AutofillService
05-03 02:12:21.185   646   665 I ActivityManagerTiming: OnBootPhase_1000_com.android.server.webkit.WebViewUpdateService
05-03 02:12:21.185   646   665 I ActivityManagerTiming: OnBootPhase_1000_com.android.server.CachedDeviceStateService
05-03 02:12:21.185   646   665 I ActivityManagerTiming: OnBootPhase_1000_com.android.server.BinderCallsStatsService$LifeCycle
05-03 02:12:21.185   646   665 I ActivityManagerTiming: OnBootPhase_1000_com.android.server.LooperStatsService$Lifecycle
05-03 02:12:21.185   646   665 I ActivityManagerTiming: OnBootPhase_1000_com.android.server.rollback.RollbackManagerService
05-03 02:12:21.186   646   665 I ActivityManagerTiming: OnBootPhase_1000_com.android.server.os.NativeTombstoneManagerService
05-03 02:12:21.186   646   665 I ActivityManagerTiming: OnBootPhase_1000_com.android.server.os.BugreportManagerService
05-03 02:12:21.186   646   665 I ActivityManagerTiming: OnBootPhase_1000_com.android.server.gpu.GpuService
05-03 02:12:21.186   646   665 I ActivityManagerTiming: OnBootPhase_1000_com.android.server.security.KeyChainSystemService
05-03 02:12:21.186   646   665 I ActivityManagerTiming: OnBootPhase_1000_com.android.server.telecom.TelecomLoaderService
05-03 02:12:21.186   646   665 I ActivityManagerTiming: OnBootPhase_1000_com.android.server.accounts.AccountManagerService$Lifecycle
05-03 02:12:21.186   646   665 I ActivityManagerTiming: OnBootPhase_1000_com.android.server.content.ContentService$Lifecycle
05-03 02:12:21.186   646   665 I ActivityManagerTiming: OnBootPhase_1000_com.android.server.DropBoxManagerService
05-03 02:12:21.186   646   665 I ActivityManagerTiming: OnBootPhase_1000_com.android.role.RoleService
05-03 02:12:21.186   646   665 I ActivityManagerTiming: OnBootPhase_1000_com.android.server.vibrator.VibratorManagerService$Lifecycle
05-03 02:12:21.186   646   665 I ActivityManagerTiming: OnBootPhase_1000_com.android.server.alarm.AlarmManagerService
05-03 02:12:21.186   646   665 I ActivityManagerTiming: OnBootPhase_1000_com.android.server.devicestate.DeviceStateManagerService
05-03 02:12:21.186   646   665 I ActivityManagerTiming: OnBootPhase_1000_com.android.server.camera.CameraServiceProxy
05-03 02:12:21.187   646   717 D RollbackManager: mRollbackLifetimeDurationInMillis=1209600000
05-03 02:12:21.191   646   665 I ActivityManagerTiming: OnBootPhase_1000_com.android.server.BluetoothService
05-03 02:12:21.192   646   665 I ActivityManagerTiming: OnBootPhase_1000_com.android.server.connectivity.IpConnectivityMetrics
05-03 02:12:21.192   646   665 I ActivityManagerTiming: OnBootPhase_1000_com.android.server.net.watchlist.NetworkWatchlistService$Lifecycle
05-03 02:12:21.192   646   665 I ActivityManagerTiming: OnBootPhase_1000_com.android.server.PinnerService
05-03 02:12:21.192   646   665 I ActivityManagerTiming: OnBootPhase_1000_com.google.android.startop.iorap.IorapForwardingService
05-03 02:12:21.192   646   665 I ActivityManagerTiming: OnBootPhase_1000_com.android.server.integrity.AppIntegrityManagerService
05-03 02:12:21.192   646   665 I ActivityManagerTiming: OnBootPhase_1000_com.android.server.inputmethod.InputMethodManagerService$Lifecycle
05-03 02:12:21.192   646   665 I ActivityManagerTiming: OnBootPhase_1000_com.android.server.accessibility.AccessibilityManagerService$Lifecycle
05-03 02:12:21.192   646   665 I ActivityManagerTiming: OnBootPhase_1000_com.android.server.StorageManagerService$Lifecycle
05-03 02:12:21.193   646   665 I ActivityManagerTiming: OnBootPhase_1000_com.android.server.usage.StorageStatsService$Lifecycle
05-03 02:12:21.193   646   665 I ActivityManagerTiming: OnBootPhase_1000_com.android.server.UiModeManagerService
05-03 02:12:21.193   646   665 I ActivityManagerTiming: OnBootPhase_1000_com.android.server.locksettings.LockSettingsService$Lifecycle
05-03 02:12:21.193   646   665 I ActivityManagerTiming: OnBootPhase_1000_com.android.server.testharness.TestHarnessModeService
05-03 02:12:21.193   646   734 D StorageManagerService: Thinking about init, mBootCompleted=true, mDaemonConnected=true
05-03 02:12:21.193   646   665 D TestHarnessModeService: Completing Test Harness Mode setup.
05-03 02:12:21.193   646   665 D TestHarnessModeService: Getting PersistentDataBlockManagerInternal from LocalServices
05-03 02:12:21.193   646   665 E TestHarnessModeService: Failed to start Test Harness Mode; no implementation of PersistentDataBlockManagerInternal was bound!
05-03 02:12:21.193   646   734 D StorageManagerService: Thinking about reset, mBootCompleted=true, mDaemonConnected=true
05-03 02:12:21.193   646   665 I ActivityManagerTiming: OnBootPhase_1000_com.android.server.DeviceIdleController
05-03 02:12:21.193   646   665 I ActivityManagerTiming: OnBootPhase_1000_com.android.server.devicepolicy.DevicePolicyManagerService$Lifecycle
05-03 02:12:21.194   646   665 I ActivityManagerTiming: OnBootPhase_1000_com.android.server.texttospeech.TextToSpeechManagerService
05-03 02:12:21.194   646   734 I StorageSessionController: Started resetting external storage service...
05-03 02:12:21.194   646   665 I ActivityManagerTiming: OnBootPhase_1000_com.android.server.speech.SpeechRecognitionManagerService
05-03 02:12:21.194   646   665 I ActivityManagerTiming: OnBootPhase_1000_com.android.server.searchui.SearchUiManagerService
05-03 02:12:21.194   646   665 I ActivityManagerTiming: OnBootPhase_1000_com.android.server.smartspace.SmartspaceManagerService
05-03 02:12:21.194   646   665 I ActivityManagerTiming: OnBootPhase_1000_com.android.server.graphics.fonts.FontManagerService$Lifecycle
05-03 02:12:21.194   646   665 I ActivityManagerTiming: OnBootPhase_1000_com.android.server.textservices.TextServicesManagerService$Lifecycle
05-03 02:12:21.194   646   665 I ActivityManagerTiming: OnBootPhase_1000_com.android.server.textclassifier.TextClassificationManagerService$Lifecycle
05-03 02:12:21.194   646   665 I ActivityManagerTiming: OnBootPhase_1000_com.android.server.NetworkScoreService$Lifecycle
05-03 02:12:21.194   646   734 I StorageSessionController: Finished resetting external storage service
05-03 02:12:21.194   646   665 I ActivityManagerTiming: OnBootPhase_1000_com.android.server.wifi.WifiService
05-03 02:12:21.194   646   734 I StorageManagerService: Resetting vold...
05-03 02:12:21.194   646   665 I ActivityManagerTiming: OnBootPhase_1000_com.android.server.wifi.scanner.WifiScanningService
05-03 02:12:21.194   646   665 I ActivityManagerTiming: OnBootPhase_1000_com.android.server.ethernet.EthernetService
05-03 02:12:21.194   646   665 I ActivityManagerTiming: OnBootPhase_1000_com.android.server.ConnectivityServiceInitializer
05-03 02:12:21.194   646   665 I ActivityManagerTiming: OnBootPhase_1000_com.android.server.notification.NotificationManagerService
05-03 02:12:21.194   646   665 I ActivityManagerTiming: OnBootPhase_1000_com.android.server.storage.DeviceStorageMonitorService
05-03 02:12:21.194   646   665 I ActivityManagerTiming: OnBootPhase_1000_com.android.server.location.LocationManagerService$Lifecycle
05-03 02:12:21.194   646   665 I ActivityManagerTiming: OnBootPhase_1000_com.android.server.timedetector.TimeDetectorService$Lifecycle
05-03 02:12:21.194   646   665 I ActivityManagerTiming: OnBootPhase_1000_com.android.server.timezonedetector.TimeZoneDetectorService$Lifecycle
05-03 02:12:21.194   646   665 I ActivityManagerTiming: OnBootPhase_1000_com.android.server.timezonedetector.location.LocationTimeZoneManagerService$Lifecycle
05-03 02:12:21.195   646   646 V NotificationAssistants: 0 notification assistant service connected: ComponentInfo{com.google.android.ext.services/android.ext.services.notification.Assistant}
05-03 02:12:21.201   646   665 I ActivityManagerTiming: OnBootPhase_1000_com.android.server.search.SearchManagerService$Lifecycle
05-03 02:12:21.201   646   665 I ActivityManagerTiming: OnBootPhase_1000_com.android.server.wallpaper.WallpaperManagerService$Lifecycle
05-03 02:12:21.202   646   665 I ActivityManagerTiming: OnBootPhase_1000_com.android.server.audio.AudioService$Lifecycle
05-03 02:12:21.202   646   665 I ActivityManagerTiming: OnBootPhase_1000_com.android.server.soundtrigger_middleware.SoundTriggerMiddlewareService$Lifecycle
05-03 02:12:21.202   646   665 I ActivityManagerTiming: OnBootPhase_1000_com.android.server.adb.AdbService$Lifecycle
05-03 02:12:21.203   646   665 I ActivityManagerTiming: OnBootPhase_1000_com.android.server.usb.UsbService$Lifecycle
05-03 02:12:21.204   646   665 I ActivityManagerTiming: OnBootPhase_1000_com.android.server.twilight.TwilightService
05-03 02:12:21.208   646   662 I UsbDeviceManager: Setting USB config to mtp
05-03 02:12:21.209   646   646 I PackageWatchdog: Syncing health check requests for packages: {}
05-03 02:12:21.209   646   646 D ExplicitHealthCheckController: Getting health check supported packages
05-03 02:12:21.217   646   734 I StorageManagerService: Reset vold
05-03 02:12:21.219   646   829 I ExplicitHealthCheckController: Explicit health check supported packages []
05-03 02:12:21.220   646   829 D PackageWatchdog: Received supported packages []
05-03 02:12:21.220   646   829 D ExplicitHealthCheckController: Getting health check requested packages
05-03 02:12:21.220   197   197 I vold    : onUserAdded: 0
05-03 02:12:21.229   646   829 I ExplicitHealthCheckController: Explicit health check requested packages []
05-03 02:12:21.229   646   829 I ExplicitHealthCheckController: No more health check requests, unbinding...
05-03 02:12:21.230   646   665 I ActivityManagerTiming: OnBootPhase_1000_com.android.server.display.color.ColorDisplayService
05-03 02:12:21.230   646   665 I ActivityManagerTiming: OnBootPhase_1000_com.android.server.job.JobSchedulerService
05-03 02:12:21.230   646   665 I ActivityManagerTiming: OnBootPhase_1000_com.android.server.soundtrigger.SoundTriggerService
05-03 02:12:21.230   646   665 D SoundTriggerService: onBootPhase: 1000 : false
05-03 02:12:21.230   646   665 I ActivityManagerTiming: OnBootPhase_1000_com.android.server.trust.TrustManagerService
05-03 02:12:21.230   646   665 I ActivityManagerTiming: OnBootPhase_1000_com.android.server.backup.BackupManagerService$Lifecycle
05-03 02:12:21.230   646   665 I ActivityManagerTiming: OnBootPhase_1000_com.android.server.appwidget.AppWidgetService
05-03 02:12:21.230   646   665 I ActivityManagerTiming: OnBootPhase_1000_com.android.server.voiceinteraction.VoiceInteractionManagerService
05-03 02:12:21.230   646   665 I ActivityManagerTiming: OnBootPhase_1000_com.android.server.apphibernation.AppHibernationService
05-03 02:12:21.231   646   646 W Looper  : Drained
05-03 02:12:21.231   646   665 I ActivityManagerTiming: OnBootPhase_1000_com.android.server.GestureLauncherService
05-03 02:12:21.231   646   665 I ActivityManagerTiming: OnBootPhase_1000_com.android.server.SensorNotificationService
05-03 02:12:21.234   646   665 D CompatibilityChangeReporter: Compat change id reported: 168936375; UID 1000; state: ENABLED
05-03 02:12:21.235   646   665 D CompatibilityChangeReporter: Compat change id reported: 168936375; UID 1000; state: DISABLED
05-03 02:12:21.251   646   665 I ActivityManagerTiming: OnBootPhase_1000_com.android.server.emergency.EmergencyAffordanceService
05-03 02:12:21.251   646   665 I ActivityManagerTiming: OnBootPhase_1000_com.android.server.dreams.DreamManagerService
05-03 02:12:21.251   646   665 I ActivityManagerTiming: OnBootPhase_1000_com.android.server.blob.BlobStoreManagerService
05-03 02:12:21.252   197   283 I vold    : Committing upgraded key /data/unencrypted/key
05-03 02:12:21.256   646   665 I ActivityManagerTiming: OnBootPhase_1000_com.android.server.restrictions.RestrictionsManagerService
05-03 02:12:21.256   646   665 I ActivityManagerTiming: OnBootPhase_1000_com.android.server.media.MediaSessionService
05-03 02:12:21.260   646   665 I ActivityManagerTiming: OnBootPhase_1000_com.android.server.hdmi.HdmiControlService
05-03 02:12:21.261   646   665 I ActivityManagerTiming: OnBootPhase_1000_com.android.server.tv.TvInputManagerService
05-03 02:12:21.261   646   665 I ActivityManagerTiming: OnBootPhase_1000_com.android.server.media.MediaResourceMonitorService
05-03 02:12:21.261   646   665 I ActivityManagerTiming: OnBootPhase_1000_com.android.server.tv.TvRemoteService
05-03 02:12:21.261   646   665 I ActivityManagerTiming: OnBootPhase_1000_com.android.server.biometrics.BiometricService
05-03 02:12:21.261   646   665 I ActivityManagerTiming: OnBootPhase_1000_com.android.server.biometrics.AuthService
05-03 02:12:21.261   646   665 I ActivityManagerTiming: OnBootPhase_1000_com.android.server.pm.ShortcutService$Lifecycle
05-03 02:12:21.261   646   665 I ActivityManagerTiming: OnBootPhase_1000_com.android.server.pm.LauncherAppsService
05-03 02:12:21.261   646   665 I ActivityManagerTiming: OnBootPhase_1000_com.android.server.pm.CrossProfileAppsService
05-03 02:12:21.261   646   665 I ActivityManagerTiming: OnBootPhase_1000_com.android.server.people.PeopleService
05-03 02:12:21.261   646   665 I ActivityManagerTiming: OnBootPhase_1000_com.android.server.media.metrics.MediaMetricsManagerService
05-03 02:12:21.261   646   665 I ActivityManagerTiming: OnBootPhase_1000_com.android.server.media.projection.MediaProjectionManagerService
05-03 02:12:21.261   646   665 I ActivityManagerTiming: OnBootPhase_1000_com.android.server.slice.SliceManagerService$Lifecycle
05-03 02:12:21.261   646   665 I ActivityManagerTiming: OnBootPhase_1000_com.android.server.stats.StatsCompanion$Lifecycle
05-03 02:12:21.262   646   665 I ActivityManagerTiming: OnBootPhase_1000_com.android.server.scheduling.RebootReadinessManagerService$Lifecycle
05-03 02:12:21.262   646   665 I ActivityManagerTiming: OnBootPhase_1000_com.android.server.stats.pull.StatsPullAtomService
05-03 02:12:21.262   646   665 I ActivityManagerTiming: OnBootPhase_1000_com.android.server.incident.IncidentCompanionService
05-03 02:12:21.262   646   665 I ActivityManagerTiming: OnBootPhase_1000_com.android.server.MmsServiceBroker
05-03 02:12:21.262   646   665 I ActivityManagerTiming: OnBootPhase_1000_com.android.server.autofill.AutofillManagerService
05-03 02:12:21.262   646   665 I ActivityManagerTiming: OnBootPhase_1000_com.android.server.clipboard.ClipboardService
05-03 02:12:21.262   646   665 I ActivityManagerTiming: OnBootPhase_1000_com.android.server.appbinding.AppBindingService$Lifecycle
05-03 02:12:21.262   646   665 I ActivityManagerTiming: OnBootPhase_1000_com.android.server.tracing.TracingServiceProxy
05-03 02:12:21.262   646   665 I ActivityManagerTiming: OnBootPhase_1000_com.android.server.policy.PermissionPolicyService
05-03 02:12:21.262   646   665 I ActivityManagerTiming: OnBootPhase_1000_com.android.server.pm.StagingManager$Lifecycle
05-03 02:12:21.262   646   665 I ActivityManagerTiming: OnBootPhase_1000_com.android.server.app.GameManagerService$Lifecycle
05-03 02:12:21.262   646   665 D GameManagerService: onBootCompleted
05-03 02:12:21.262   646   665 I ActivityManagerTiming: OnBootPhase_1000_com.android.server.appsearch.AppSearchManagerService
05-03 02:12:21.270   646   829 I ExplicitHealthCheckController: Explicit health check service is unbound
05-03 02:12:21.282   646   665 I ActivityManagerTiming: OnBootPhase_1000_com.android.server.media.MediaCommunicationService
05-03 02:12:21.282   646   665 D ActivityManagerTiming: TotalBootTime took to complete: 17455ms
05-03 02:12:21.282   646   665 D SystemServerInitThreadPool: Shutdown requested
