05-03 02:12:21.282   646   665 I SystemServerTiming: WaitInitThreadPoolShutdown
05-03 02:12:21.283   646   665 D SystemServerInitThreadPool: Shutdown successful
05-03 02:12:21.287   646   665 I ActivityManager: User 0 state changed from BOOTING to RUNNING_LOCKED
05-03 02:12:21.288   646   665 W ActivityManager: UserLifecycleEvent 4 received without an active userJourneySession.
05-03 02:12:21.294   646   665 D StorageManagerService: unlockUserKey: 0 isFileEncryptedNativeOrEmulated: true hasToken: false hasSecret: false
05-03 02:12:21.295   197   197 D vold    : fscrypt_unlock_user_key 0 serial=0
05-03 02:12:21.298   197   197 D vold    : Trying user CE key /data/misc/vold/user_keys/ce/0/current
05-03 02:12:21.313   646   714 D AppStandbyController: Loading headless system app cache. appIdleEnabled=true
05-03 02:12:21.319   197   283 I vold    : Committing upgraded key /data/misc/vold/user_keys/de/0
05-03 02:12:21.478   197   197 I vold    : Upgrading key: /data/misc/vold/user_keys/ce/0/current/keymaster_key_blob
05-03 02:12:21.572   646  1175 I DropBoxManagerService: add tag=system_app_wtf isTagEnabled=true flags=0x2
05-03 02:12:21.584   197   197 I vold    : Key upgraded: /data/misc/vold/user_keys/ce/0/current/keymaster_key_blob
05-03 02:12:21.621   197   197 D vold    : Successfully retrieved key
05-03 02:12:21.628   197   197 D vold    : Installed fscrypt key with ref b51226d50b8589f813b113e1ba349ae7 to /data
05-03 02:12:21.629   197   197 D vold    : Added fscrypt-provisioning key for b51226d50b8589f813b113e1ba349ae7 to session keyring
05-03 02:12:21.630   197   197 D vold    : Installed ce key for user 0
05-03 02:12:21.631   646   665 W ActivityManager: UserLifecycleEvent 5 received without an active userJourneySession.
05-03 02:12:21.631   646   665 D ActivityManager: Started unlocking user 0
05-03 02:12:21.632   646   665 D ActivityManager: Unlocking user 0 progress 0
05-03 02:12:21.632   646   665 D ActivityManager: Unlocking user 0 progress 5
05-03 02:12:21.633   197   319 D vold    : fscrypt_prepare_user_storage for volume null, user 0, serial 0, flags 2
05-03 02:12:21.633   197   319 D vold    : Preparing: /data/system_ce/0
05-03 02:12:21.633   197   319 D vold    : Preparing: /data/misc_ce/0
05-03 02:12:21.633   197   319 D vold    : Preparing: /data/vendor_ce/0
05-03 02:12:21.640   197   319 D vold    : Preparing: /data/media/0
05-03 02:12:21.642   197   319 D vold    : Preparing: /data/data
05-03 02:12:21.642   197   319 I vold    : Verified that /data/system_ce/0 has the encryption policy b51226d50b8589f813b113e1ba349ae7 v2 modes 1/4 flags 0x2
05-03 02:12:21.642   197   319 I vold    : Verified that /data/misc_ce/0 has the encryption policy b51226d50b8589f813b113e1ba349ae7 v2 modes 1/4 flags 0x2
05-03 02:12:21.642   197   319 I vold    : Verified that /data/vendor_ce/0 has the encryption policy b51226d50b8589f813b113e1ba349ae7 v2 modes 1/4 flags 0x2
05-03 02:12:21.642   197   319 I vold    : Verified that /data/media/0 has the encryption policy b51226d50b8589f813b113e1ba349ae7 v2 modes 1/4 flags 0x2
05-03 02:12:21.642   197   319 I vold    : Verified that /data/data has the encryption policy b51226d50b8589f813b113e1ba349ae7 v2 modes 1/4 flags 0x2
05-03 02:12:21.642   197   319 D vold    : Starting restorecon of /data/system_ce/0
05-03 02:12:21.643   646   665 D ColorDisplayService: setUp: currentUser=0
05-03 02:12:21.656   197   319 D vold    : Finished restorecon of /data/system_ce/0
05-03 02:12:21.656   197   319 D vold    : Starting restorecon of /data/vendor_ce/0
05-03 02:12:21.660   646   646 D BluetoothManagerService: Bluetooth Adapter address changed to F0:4D:D4:E1:DE:0E
05-03 02:12:21.661   646   646 D BluetoothManagerService: Stored Bluetoothaddress: F0:4D:D4:E1:DE:0E
05-03 02:12:21.664   646   646 D BluetoothManagerService: Bluetooth Adapter name changed to Android Bluedroid by android
05-03 02:12:21.664   646   646 D BluetoothManagerService: Stored Bluetooth name: Android Bluedroid
05-03 02:12:21.667   197   319 D vold    : Finished restorecon of /data/vendor_ce/0
05-03 02:12:21.667   197   319 D vold    : Starting restorecon of /data/misc_ce/0
05-03 02:12:21.670   646   893 D CompatibilityChangeReporter: Compat change id reported: 135634846; UID 10060; state: DISABLED
05-03 02:12:21.670   646   672 D CompatibilityChangeReporter: Compat change id reported: 143937733; UID 10060; state: ENABLED
05-03 02:12:21.678   197   319 D vold    : Finished restorecon of /data/misc_ce/0
05-03 02:12:21.678   197   319 D vold    : /system/bin/vold_prepare_subdirs
05-03 02:12:21.678   197   319 D vold    :     prepare
05-03 02:12:21.678   197   319 D vold    :     
05-03 02:12:21.678   197   319 D vold    :     0
05-03 02:12:21.678   197   319 D vold    :     2
05-03 02:12:21.729   646   672 W ActivityManager: Slow operation: 60ms so far, now at startProcess: returned from zygote!
05-03 02:12:21.729   646   672 W ActivityManager: Slow operation: 61ms so far, now at startProcess: done updating battery stats
05-03 02:12:21.729   646   672 W ActivityManager: Slow operation: 61ms so far, now at startProcess: building log message
05-03 02:12:21.729   646   672 I ActivityManager: Start proc 1186:com.google.android.marvin.talkback/u0a60 for broadcast {com.google.android.marvin.talkback/com.google.android.accessibility.talkback.BootReceiver}
05-03 02:12:21.729   646   672 W ActivityManager: Slow operation: 61ms so far, now at startProcess: starting to update pids map
05-03 02:12:21.730   646   672 W ActivityManager: Slow operation: 62ms so far, now at startProcess: done updating pids map
05-03 02:12:21.732   646   664 D BluetoothManagerService: MESSAGE_BLUETOOTH_STATE_CHANGE: BLE_TURNING_ON > BLE_ON
05-03 02:12:21.732   646   664 D BluetoothManagerService: Bluetooth is in LE only mode
05-03 02:12:21.732   646   664 D BluetoothManagerService: Binding Bluetooth GATT service
05-03 02:12:21.735   646   664 D BluetoothManagerService: Sending BLE State Change: BLE_TURNING_ON > BLE_ON
05-03 02:12:21.735   646   646 D BluetoothManagerService: BluetoothServiceConnection: com.android.bluetooth.gatt.GattService
05-03 02:12:21.736   646   664 D BluetoothManagerService: MESSAGE_BLUETOOTH_SERVICE_CONNECTED: 2
05-03 02:12:21.736   646   664 D BluetoothManagerService: continueFromBleOnState()
05-03 02:12:21.743   646   664 D BluetoothManagerService: Persisting Bluetooth Setting: 1
05-03 02:12:21.748   646   664 D BluetoothManagerService: MESSAGE_BLUETOOTH_STATE_CHANGE: BLE_ON > TURNING_ON
05-03 02:12:21.749   646   664 D BluetoothManagerService: Sending BLE State Change: BLE_ON > TURNING_ON
05-03 02:12:21.752   646   664 D BluetoothManagerService: Sending State Change: OFF > TURNING_ON
05-03 02:12:21.864   646   893 D CompatibilityChangeReporter: Compat change id reported: 168419799; UID 10060; state: DISABLED
05-03 02:12:21.917   646   664 D BluetoothManagerService: MESSAGE_BLUETOOTH_STATE_CHANGE: TURNING_ON > ON
05-03 02:12:21.917   646   664 D BluetoothManagerService: Broadcasting onBluetoothStateChange(true) to 4 receivers.
05-03 02:12:21.917   646   664 D BluetoothManagerService: Creating new ProfileServiceConnections object for profile: 1
05-03 02:12:21.920  1139  1139 W ActivityThread: Failed to find provider info for com.google.android.gsf.gservices (user not unlocked)
05-03 02:12:21.920   646   664 E BluetoothManagerService: Fail to bind to: Intent { act=android.bluetooth.IBluetoothHeadset }
05-03 02:12:21.921   646   664 W BluetoothManagerService: Unable to bind with intent: Intent { act=android.bluetooth.IBluetoothHeadset }
05-03 02:12:21.921   646   664 D BluetoothManagerService: Sending BLE State Change: TURNING_ON > ON
05-03 02:12:21.922   646   664 D BluetoothManagerService: Sending State Change: TURNING_ON > ON
05-03 02:12:21.928   646   662 V UserDataPreparer: Found /data/user/0 with serial number 0
05-03 02:12:21.928   646   662 V UserDataPreparer: Found /data/system_ce/0 with serial number 0
05-03 02:12:21.929   646   662 D UserDataPreparer: Setting property: sys.user.0.ce_available=true
05-03 02:12:21.938   646   662 V PackageManager: reconcileAppsData for null u0 0x2 migrateAppData=true
05-03 02:12:22.401   197   206 D vold    : Disk at 252:2 changed
05-03 02:12:22.402   197   206 D vold    : Disk at 252:2 changed
05-03 02:12:22.792   646   662 V PackageManager: reconcileAppsData finished 114 packages
05-03 02:12:22.792   646   662 I ActivityManager: User 0 state changed from RUNNING_LOCKED to RUNNING_UNLOCKING
05-03 02:12:22.793   646   662 D ActivityManager: Unlocking user 0 progress 20
05-03 02:12:22.793   646   662 W Looper  : Slow dispatch took 1161ms android.fg h=android.os.Handler c=com.android.server.am.UserController$$ExternalSyntheticLambda3@1f14e8a m=0
05-03 02:12:22.793   646   662 W Looper  : Slow delivery took 1160ms android.fg h=android.os.Handler c=com.android.server.am.UserController$$ExternalSyntheticLambda1@268acfb m=0
05-03 02:12:22.793   646   671 I SystemServerTimingAsync: ssm.UnlockingUser-0
05-03 02:12:22.793   646   671 I SystemServiceManager: Calling onUnlockingUser 0
05-03 02:12:22.793   646   671 I SystemServerTimingAsync: ssm.onUnlockingUser-0_com.android.server.security.FileIntegrityService
05-03 02:12:22.793   646   671 I SystemServerTimingAsync: ssm.onUnlockingUser-0_com.android.server.pm.Installer
05-03 02:12:22.794   646   671 I SystemServerTimingAsync: ssm.onUnlockingUser-0_com.android.server.os.DeviceIdentifiersPolicyService
05-03 02:12:22.794   646   671 I SystemServerTimingAsync: ssm.onUnlockingUser-0_com.android.server.uri.UriGrantsManagerService$Lifecycle
05-03 02:12:22.794   646   671 I SystemServerTimingAsync: ssm.onUnlockingUser-0_com.android.server.powerstats.PowerStatsService
05-03 02:12:22.794   646   671 I SystemServerTimingAsync: ssm.onUnlockingUser-0_com.android.server.wm.ActivityTaskManagerService$Lifecycle
05-03 02:12:22.794   646   671 I SystemServerTimingAsync: ssm.onUnlockingUser-0_com.android.server.am.ActivityManagerService$Lifecycle
05-03 02:12:22.794   646   671 I SystemServerTimingAsync: ssm.onUnlockingUser-0_com.android.server.pm.DataLoaderManagerService
05-03 02:12:22.794   646   671 I SystemServerTimingAsync: ssm.onUnlockingUser-0_com.android.server.power.PowerManagerService
05-03 02:12:22.794   646   671 I SystemServerTimingAsync: ssm.onUnlockingUser-0_com.android.server.power.ThermalManagerService
05-03 02:12:22.794   646   671 I SystemServerTimingAsync: ssm.onUnlockingUser-0_com.android.server.power.hint.HintManagerService
05-03 02:12:22.794   646   671 I SystemServerTimingAsync: ssm.onUnlockingUser-0_com.android.server.recoverysystem.RecoverySystemService$Lifecycle
05-03 02:12:22.794   646   671 I SystemServerTimingAsync: ssm.onUnlockingUser-0_com.android.server.lights.LightsService
05-03 02:12:22.794   646   671 I SystemServerTimingAsync: ssm.onUnlockingUser-0_com.android.server.display.DisplayManagerService
05-03 02:12:22.794   646   671 I SystemServerTimingAsync: ssm.onUnlockingUser-0_com.android.server.pm.verify.domain.DomainVerificationService
05-03 02:12:22.794   646   671 I SystemServerTimingAsync: ssm.onUnlockingUser-0_com.android.server.pm.PackageInstallerService$Lifecycle
05-03 02:12:22.794   646   671 I SystemServerTimingAsync: ssm.onUnlockingUser-0_com.android.server.pm.UserManagerService$LifeCycle
05-03 02:12:22.794   646   671 I SystemServerTimingAsync: ssm.onUnlockingUser-0_com.android.server.om.OverlayManagerService
05-03 02:12:22.794   646   671 I SystemServerTimingAsync: ssm.onUnlockingUser-0_com.android.server.SensorPrivacyService
05-03 02:12:22.794   646   671 I SystemServerTimingAsync: ssm.onUnlockingUser-0_com.android.server.sensors.SensorService
05-03 02:12:22.794   646   671 I SystemServerTimingAsync: ssm.onUnlockingUser-0_com.android.server.SystemConfigService
05-03 02:12:22.794   646   671 I SystemServerTimingAsync: ssm.onUnlockingUser-0_com.android.server.BatteryService
05-03 02:12:22.794   646   671 I SystemServerTimingAsync: ssm.onUnlockingUser-0_com.android.server.usage.UsageStatsService
05-03 02:12:22.794   646   671 I SystemServerTimingAsync: ssm.onUnlockingUser-0_com.android.server.webkit.WebViewUpdateService
05-03 02:12:22.794   646   671 I SystemServerTimingAsync: ssm.onUnlockingUser-0_com.android.server.CachedDeviceStateService
05-03 02:12:22.794   646   671 I SystemServerTimingAsync: ssm.onUnlockingUser-0_com.android.server.BinderCallsStatsService$LifeCycle
05-03 02:12:22.794   646   671 I SystemServerTimingAsync: ssm.onUnlockingUser-0_com.android.server.LooperStatsService$Lifecycle
05-03 02:12:22.794   646   671 I SystemServerTimingAsync: ssm.onUnlockingUser-0_com.android.server.rollback.RollbackManagerService
05-03 02:12:22.795   646   671 I SystemServerTimingAsync: ssm.onUnlockingUser-0_com.android.server.os.NativeTombstoneManagerService
05-03 02:12:22.795   646   671 I SystemServerTimingAsync: ssm.onUnlockingUser-0_com.android.server.os.BugreportManagerService
05-03 02:12:22.795   646   671 I SystemServerTimingAsync: ssm.onUnlockingUser-0_com.android.server.gpu.GpuService
05-03 02:12:22.795   646   671 I SystemServerTimingAsync: ssm.onUnlockingUser-0_com.android.server.security.KeyChainSystemService
05-03 02:12:22.796   646   671 I SystemServerTimingAsync: ssm.onUnlockingUser-0_com.android.server.telecom.TelecomLoaderService
05-03 02:12:22.796   646   671 I SystemServerTimingAsync: ssm.onUnlockingUser-0_com.android.server.accounts.AccountManagerService$Lifecycle
05-03 02:12:22.796   646   671 I SystemServerTimingAsync: ssm.onUnlockingUser-0_com.android.server.content.ContentService$Lifecycle
05-03 02:12:22.796   646   671 I SystemServerTimingAsync: ssm.onUnlockingUser-0_com.android.server.DropBoxManagerService
05-03 02:12:22.796   646   671 I SystemServerTimingAsync: ssm.onUnlockingUser-0_com.android.role.RoleService
05-03 02:12:22.796   646   671 I SystemServerTimingAsync: ssm.onUnlockingUser-0_com.android.server.vibrator.VibratorManagerService$Lifecycle
05-03 02:12:22.796   646   671 I SystemServerTimingAsync: ssm.onUnlockingUser-0_com.android.server.alarm.AlarmManagerService
05-03 02:12:22.796   646   671 I SystemServerTimingAsync: ssm.onUnlockingUser-0_com.android.server.devicestate.DeviceStateManagerService
05-03 02:12:22.796   646   671 I SystemServerTimingAsync: ssm.onUnlockingUser-0_com.android.server.camera.CameraServiceProxy
05-03 02:12:22.796   646   671 I SystemServerTimingAsync: ssm.onUnlockingUser-0_com.android.server.BluetoothService
05-03 02:12:22.796   646   671 D BluetoothManagerService: User 0 unlocked
05-03 02:12:22.796   646   671 I SystemServerTimingAsync: ssm.onUnlockingUser-0_com.android.server.connectivity.IpConnectivityMetrics
05-03 02:12:22.796   646   671 I SystemServerTimingAsync: ssm.onUnlockingUser-0_com.android.server.net.watchlist.NetworkWatchlistService$Lifecycle
05-03 02:12:22.796   646   671 I SystemServerTimingAsync: ssm.onUnlockingUser-0_com.android.server.PinnerService
05-03 02:12:22.796   646   671 I SystemServerTimingAsync: ssm.onUnlockingUser-0_com.google.android.startop.iorap.IorapForwardingService
05-03 02:12:22.796   646   671 I SystemServerTimingAsync: ssm.onUnlockingUser-0_com.android.server.integrity.AppIntegrityManagerService
05-03 02:12:22.797   646   671 I SystemServerTimingAsync: ssm.onUnlockingUser-0_com.android.server.inputmethod.InputMethodManagerService$Lifecycle
05-03 02:12:22.797   646   671 I SystemServerTimingAsync: ssm.onUnlockingUser-0_com.android.server.accessibility.AccessibilityManagerService$Lifecycle
05-03 02:12:22.797   646   671 I SystemServerTimingAsync: ssm.onUnlockingUser-0_com.android.server.StorageManagerService$Lifecycle
05-03 02:12:22.797   646   671 D StorageManagerService: onUnlockUser 0
05-03 02:12:22.797   646   671 I StorageSessionController: On user unlock 0
05-03 02:12:22.797   646   671 I StorageSessionController: Initialialising...
05-03 02:12:22.797   646   664 D BluetoothManagerService: MESSAGE_USER_UNLOCKED
05-03 02:12:22.798   197   319 I vold    : onUserStarted: 0
05-03 02:12:22.806   646   662 W Looper  : Drained
05-03 02:12:22.807   646   829 V StorageManagerService: Found primary storage at VolumeInfo{emulated;0}:
05-03 02:12:22.807   646   829 V StorageManagerService:     type=EMULATED diskId=null partGuid= mountFlags=0 mountUserId=0 
05-03 02:12:22.807   646   829 V StorageManagerService:     state=UNMOUNTED 
05-03 02:12:22.807   646   829 V StorageManagerService:     fsType=null fsUuid=null fsLabel=null 
05-03 02:12:22.807   646   829 V StorageManagerService:     path=null internalPath=null 
05-03 02:12:22.807   646   734 I StorageManagerService: Mounting volume VolumeInfo{emulated;0}:
05-03 02:12:22.807   646   734 I StorageManagerService:     type=EMULATED diskId=null partGuid= mountFlags=PRIMARY|VISIBLE 
05-03 02:12:22.807   646   734 I StorageManagerService:     mountUserId=0 state=UNMOUNTED 
05-03 02:12:22.807   646   734 I StorageManagerService:     fsType=null fsUuid=null fsLabel=null 
05-03 02:12:22.807   646   734 I StorageManagerService:     path=null internalPath=null 
05-03 02:12:22.809   197   319 I vold    : Mounting emulated fuse volume
05-03 02:12:22.849   197   319 I vold    : Bind mounting /data/media to /mnt/pass_through/0/emulated
05-03 02:12:22.852   646   734 I StorageSessionController: On volume mount VolumeInfo{emulated;0}:
05-03 02:12:22.852   646   734 I StorageSessionController:     type=EMULATED diskId=null partGuid= mountFlags=PRIMARY|VISIBLE 
05-03 02:12:22.852   646   734 I StorageSessionController:     mountUserId=0 state=CHECKING 
05-03 02:12:22.852   646   734 I StorageSessionController:     fsType=null fsUuid=null fsLabel=null 
05-03 02:12:22.852   646   734 I StorageSessionController:     path=/storage/emulated internalPath=/data/media 
05-03 02:12:22.853   646   734 I StorageSessionController: Creating connection for user: 0
05-03 02:12:22.854   646   734 I StorageSessionController: Creating and starting session with id: emulated;0
05-03 02:12:22.855   646   734 I StorageUserConnection: Binding to the ExternalStorageService for user 0
05-03 02:12:22.856   646   671 W SystemServiceManager: Service com.android.server.StorageManagerService$Lifecycle took 60 ms in onUnlockingUser-0
05-03 02:12:22.856   646   671 I SystemServerTimingAsync: ssm.onUnlockingUser-0_com.android.server.usage.StorageStatsService$Lifecycle
05-03 02:12:22.856   646   671 I SystemServerTimingAsync: ssm.onUnlockingUser-0_com.android.server.UiModeManagerService
05-03 02:12:22.856   646   671 I SystemServerTimingAsync: ssm.onUnlockingUser-0_com.android.server.locksettings.LockSettingsService$Lifecycle
05-03 02:12:22.856   646   671 I SystemServerTimingAsync: ssm.onUnlockingUser-0_com.android.server.testharness.TestHarnessModeService
05-03 02:12:22.856   646   671 I SystemServerTimingAsync: ssm.onUnlockingUser-0_com.android.server.DeviceIdleController
05-03 02:12:22.857   646   671 I SystemServerTimingAsync: ssm.onUnlockingUser-0_com.android.server.devicepolicy.DevicePolicyManagerService$Lifecycle
05-03 02:12:22.857   646   671 I SystemServerTimingAsync: ssm.onUnlockingUser-0_com.android.server.texttospeech.TextToSpeechManagerService
05-03 02:12:22.858   646   671 I SystemServerTimingAsync: ssm.onUnlockingUser-0_com.android.server.speech.SpeechRecognitionManagerService
05-03 02:12:22.858   646   671 I SystemServerTimingAsync: ssm.onUnlockingUser-0_com.android.server.searchui.SearchUiManagerService
05-03 02:12:22.858   646   671 I SystemServerTimingAsync: ssm.onUnlockingUser-0_com.android.server.smartspace.SmartspaceManagerService
05-03 02:12:22.858   646   671 I SystemServerTimingAsync: ssm.onUnlockingUser-0_com.android.server.graphics.fonts.FontManagerService$Lifecycle
05-03 02:12:22.858   646   671 I SystemServerTimingAsync: ssm.onUnlockingUser-0_com.android.server.textservices.TextServicesManagerService$Lifecycle
05-03 02:12:22.858   646   671 W TextServicesManagerService: no available spell checker services found
05-03 02:12:22.859   646   671 I SystemServerTimingAsync: ssm.onUnlockingUser-0_com.android.server.textclassifier.TextClassificationManagerService$Lifecycle
05-03 02:12:22.859   646   671 I SystemServerTimingAsync: ssm.onUnlockingUser-0_com.android.server.NetworkScoreService$Lifecycle
05-03 02:12:22.859   646   671 I SystemServerTimingAsync: ssm.onUnlockingUser-0_com.android.server.wifi.WifiService
05-03 02:12:22.860   646   671 I SystemServerTimingAsync: ssm.onUnlockingUser-0_com.android.server.wifi.scanner.WifiScanningService
05-03 02:12:22.860   646   671 I SystemServerTimingAsync: ssm.onUnlockingUser-0_com.android.server.ethernet.EthernetService
05-03 02:12:22.860   646   671 I SystemServerTimingAsync: ssm.onUnlockingUser-0_com.android.server.ConnectivityServiceInitializer
05-03 02:12:22.860   646   671 I SystemServerTimingAsync: ssm.onUnlockingUser-0_com.android.server.notification.NotificationManagerService
05-03 02:12:22.863   646   671 I SystemServerTimingAsync: ssm.onUnlockingUser-0_com.android.server.storage.DeviceStorageMonitorService
05-03 02:12:22.863   646   646 I NotificationHistory: Attempted to unlock gone/disabled user 0
05-03 02:12:22.864   646   734 D CompatibilityChangeReporter: Compat change id reported: 135634846; UID 10072; state: DISABLED
05-03 02:12:22.865   646   671 I SystemServerTimingAsync: ssm.onUnlockingUser-0_com.android.server.location.LocationManagerService$Lifecycle
05-03 02:12:22.865   646   671 I SystemServerTimingAsync: ssm.onUnlockingUser-0_com.android.server.timedetector.TimeDetectorService$Lifecycle
05-03 02:12:22.865   646   671 I SystemServerTimingAsync: ssm.onUnlockingUser-0_com.android.server.timezonedetector.TimeZoneDetectorService$Lifecycle
05-03 02:12:22.865   646   671 I SystemServerTimingAsync: ssm.onUnlockingUser-0_com.android.server.timezonedetector.location.LocationTimeZoneManagerService$Lifecycle
05-03 02:12:22.865   646   671 I SystemServerTimingAsync: ssm.onUnlockingUser-0_com.android.server.search.SearchManagerService$Lifecycle
05-03 02:12:22.865   646   672 D CompatibilityChangeReporter: Compat change id reported: 143937733; UID 10072; state: ENABLED
05-03 02:12:22.865   646   671 I SystemServerTimingAsync: ssm.onUnlockingUser-0_com.android.server.wallpaper.WallpaperManagerService$Lifecycle
05-03 02:12:22.865   646   671 I WallpaperManagerService: on-unlock-user-0
05-03 02:12:22.866   646   671 I SystemServerTimingAsync: ssm.onUnlockingUser-0_com.android.server.audio.AudioService$Lifecycle
05-03 02:12:22.866   646   671 I SystemServerTimingAsync: ssm.onUnlockingUser-0_com.android.server.soundtrigger_middleware.SoundTriggerMiddlewareService$Lifecycle
05-03 02:12:22.866   646   671 I SystemServerTimingAsync: ssm.onUnlockingUser-0_com.android.server.adb.AdbService$Lifecycle
05-03 02:12:22.866   646   671 I SystemServerTimingAsync: ssm.onUnlockingUser-0_com.android.server.usb.UsbService$Lifecycle
05-03 02:12:22.866   646   734 I StorageUserConnection: Bound to the ExternalStorageService for user 0
05-03 02:12:22.866   646   671 I SystemServerTimingAsync: ssm.onUnlockingUser-0_com.android.server.twilight.TwilightService
05-03 02:12:22.866   646   671 I SystemServerTimingAsync: ssm.onUnlockingUser-0_com.android.server.display.color.ColorDisplayService
05-03 02:12:22.866   646   671 I SystemServerTimingAsync: ssm.onUnlockingUser-0_com.android.server.job.JobSchedulerService
05-03 02:12:22.866   646   671 I SystemServerTimingAsync: ssm.onUnlockingUser-0_com.android.server.soundtrigger.SoundTriggerService
05-03 02:12:22.866   646   671 I SystemServerTimingAsync: ssm.onUnlockingUser-0_com.android.server.trust.TrustManagerService
05-03 02:12:22.866   646   671 I SystemServerTimingAsync: ssm.onUnlockingUser-0_com.android.server.backup.BackupManagerService$Lifecycle
05-03 02:12:22.866   646   671 I SystemServerTimingAsync: ssm.onUnlockingUser-0_com.android.server.appwidget.AppWidgetService
05-03 02:12:22.866   646   671 I SystemServerTimingAsync: ssm.onUnlockingUser-0_com.android.server.voiceinteraction.VoiceInteractionManagerService
05-03 02:12:22.885   646   671 D CompatibilityChangeReporter: Compat change id reported: 135634846; UID 10044; state: DISABLED
05-03 02:12:22.885   646   671 I SystemServerTimingAsync: ssm.onUnlockingUser-0_com.android.server.apphibernation.AppHibernationService
05-03 02:12:22.886   646   671 I SystemServerTimingAsync: ssm.onUnlockingUser-0_com.android.server.GestureLauncherService
05-03 02:12:22.886   646   671 I SystemServerTimingAsync: ssm.onUnlockingUser-0_com.android.server.SensorNotificationService
05-03 02:12:22.886   646   671 I SystemServerTimingAsync: ssm.onUnlockingUser-0_com.android.server.emergency.EmergencyAffordanceService
05-03 02:12:22.886   646   671 I SystemServerTimingAsync: ssm.onUnlockingUser-0_com.android.server.dreams.DreamManagerService
05-03 02:12:22.886   646   671 I SystemServerTimingAsync: ssm.onUnlockingUser-0_com.android.server.blob.BlobStoreManagerService
05-03 02:12:22.886   646   671 I SystemServerTimingAsync: ssm.onUnlockingUser-0_com.android.server.restrictions.RestrictionsManagerService
05-03 02:12:22.886   646   671 I SystemServerTimingAsync: ssm.onUnlockingUser-0_com.android.server.media.MediaSessionService
05-03 02:12:22.886   646   671 I SystemServerTimingAsync: ssm.onUnlockingUser-0_com.android.server.hdmi.HdmiControlService
05-03 02:12:22.886   646   671 I SystemServerTimingAsync: ssm.onUnlockingUser-0_com.android.server.tv.TvInputManagerService
05-03 02:12:22.886   646   795 I BackupManagerService: Starting service for user: 0
05-03 02:12:22.887   646   795 V BackupManagerService: [UserID:0] Starting with transport com.google.android.gms/.backup.BackupTransportService
05-03 02:12:22.892   646   672 I Watchdog: Interesting Java process com.android.providers.media.module started. Pid 1218
05-03 02:12:22.892   646   672 I ActivityManager: Start proc 1218:com.android.providers.media.module/u0a72 for service {com.android.providers.media.module/com.android.providers.media.fuse.ExternalStorageServiceImpl}
05-03 02:12:22.892   646   672 D CompatibilityChangeReporter: Compat change id reported: 143937733; UID 10044; state: ENABLED
05-03 02:12:22.893   646   795 D BackupManagerService: [UserID:0] Started thread backup-0
05-03 02:12:22.901   646   671 I SystemServerTimingAsync: ssm.onUnlockingUser-0_com.android.server.media.MediaResourceMonitorService
05-03 02:12:22.901   646   671 I SystemServerTimingAsync: ssm.onUnlockingUser-0_com.android.server.tv.TvRemoteService
05-03 02:12:22.901   646   671 I SystemServerTimingAsync: ssm.onUnlockingUser-0_com.android.server.biometrics.BiometricService
05-03 02:12:22.901   646   671 I SystemServerTimingAsync: ssm.onUnlockingUser-0_com.android.server.biometrics.AuthService
05-03 02:12:22.902   646   671 I SystemServerTimingAsync: ssm.onUnlockingUser-0_com.android.server.pm.ShortcutService$Lifecycle
05-03 02:12:22.902   646   671 I SystemServerTimingAsync: ssm.onUnlockingUser-0_com.android.server.pm.LauncherAppsService
05-03 02:12:22.902   646   671 I SystemServerTimingAsync: ssm.onUnlockingUser-0_com.android.server.pm.CrossProfileAppsService
05-03 02:12:22.902   646   671 I SystemServerTimingAsync: ssm.onUnlockingUser-0_com.android.server.people.PeopleService
05-03 02:12:22.902   646   671 I SystemServerTimingAsync: ssm.onUnlockingUser-0_com.android.server.media.metrics.MediaMetricsManagerService
05-03 02:12:22.902   646   671 I SystemServerTimingAsync: ssm.onUnlockingUser-0_com.android.server.media.projection.MediaProjectionManagerService
05-03 02:12:22.902   646   671 I SystemServerTimingAsync: ssm.onUnlockingUser-0_com.android.server.slice.SliceManagerService$Lifecycle
05-03 02:12:22.902   646   671 I SystemServerTimingAsync: ssm.onUnlockingUser-0_com.android.server.stats.StatsCompanion$Lifecycle
05-03 02:12:22.902   646   671 I SystemServerTimingAsync: ssm.onUnlockingUser-0_com.android.server.scheduling.RebootReadinessManagerService$Lifecycle
05-03 02:12:22.902   646   671 I SystemServerTimingAsync: ssm.onUnlockingUser-0_com.android.server.stats.pull.StatsPullAtomService
05-03 02:12:22.902   646   671 I SystemServerTimingAsync: ssm.onUnlockingUser-0_com.android.server.incident.IncidentCompanionService
05-03 02:12:22.902   646   671 I SystemServerTimingAsync: ssm.onUnlockingUser-0_com.android.server.MmsServiceBroker
05-03 02:12:22.902   646   671 I SystemServerTimingAsync: ssm.onUnlockingUser-0_com.android.server.autofill.AutofillManagerService
05-03 02:12:22.903   646   671 E AutofillManagerServiceImpl: Bad service name: com.google.android.gms/.autofill.service.AutofillService
05-03 02:12:22.903   646   671 E AutofillManagerServiceImpl: Bad service name: com.google.android.gms/.autofill.service.AutofillService
05-03 02:12:22.904   646   671 I SystemServerTimingAsync: ssm.onUnlockingUser-0_com.android.server.clipboard.ClipboardService
05-03 02:12:22.904   646   671 I SystemServerTimingAsync: ssm.onUnlockingUser-0_com.android.server.appbinding.AppBindingService$Lifecycle
05-03 02:12:22.904   646   671 W AppBindingService: [Default SMS app] u0 Target package not found
05-03 02:12:22.904   646   671 I SystemServerTimingAsync: ssm.onUnlockingUser-0_com.android.server.tracing.TracingServiceProxy
05-03 02:12:22.904   646   671 I SystemServerTimingAsync: ssm.onUnlockingUser-0_com.android.server.policy.PermissionPolicyService
05-03 02:12:22.904   646   671 I SystemServerTimingAsync: ssm.onUnlockingUser-0_com.android.server.pm.StagingManager$Lifecycle
05-03 02:12:22.905   646   671 I SystemServerTimingAsync: ssm.onUnlockingUser-0_com.android.server.app.GameManagerService$Lifecycle
05-03 02:12:22.905   646   671 I SystemServerTimingAsync: ssm.onUnlockingUser-0_com.android.server.appsearch.AppSearchManagerService
05-03 02:12:22.906   646   671 I SystemServerTimingAsync: ssm.onUnlockingUser-0_com.android.server.media.MediaCommunicationService
05-03 02:12:22.906   646   671 W ActivityManager: UserLifecycleEvent 5 received without an active userJourneySession.
05-03 02:12:22.906   646   671 W ActivityManager: UserLifecycleEvent 6 received without an active userJourneySession.
05-03 02:12:22.906   646   671 I ActivityManager: User 0 state changed from RUNNING_UNLOCKING to RUNNING_UNLOCKED
05-03 02:12:22.907   646   662 I ActivityTaskManager: Loading recents for user 0 into memory.
05-03 02:12:22.908   646   671 D SystemServerTiming: SystemUserUnlock took to complete: 1276ms
05-03 02:12:22.914   646   795 E BackupPasswordManager: Unable to read backup pw version
05-03 02:12:22.914   646   795 E BackupPasswordManager: Unable to read saved backup pw hash
05-03 02:12:22.962   646   662 V PackageConfigPersister: loadPackages: empty list files from /data/system_ce/0/package_configs
05-03 02:12:22.965   646   671 D CompatibilityChangeReporter: Compat change id reported: 135634846; UID 1000; state: DISABLED
05-03 02:12:22.966   646   671 I ActivityManager: com.sagemcom.ota.apkinstaller is exempt from freezer
05-03 02:12:22.967   646   671 D CompatibilityChangeReporter: Compat change id reported: 135634846; UID 10043; state: DISABLED
05-03 02:12:22.967   646   671 D CompatibilityChangeReporter: Compat change id reported: 177438394; UID 10043; state: DISABLED
05-03 02:12:22.967   646   671 D CompatibilityChangeReporter: Compat change id reported: 135772972; UID 10043; state: DISABLED
05-03 02:12:22.967   646   671 D CompatibilityChangeReporter: Compat change id reported: 135754954; UID 10043; state: ENABLED
05-03 02:12:22.971   646   672 W ActivityManager: Slow operation: 87ms so far, now at startProcess: done updating battery stats
05-03 02:12:22.971   646   672 W ActivityManager: Slow operation: 87ms so far, now at startProcess: building log message
05-03 02:12:22.971   646   672 I ActivityManager: Start proc 1222:com.google.android.katniss:interactor/u0a44 for service {com.google.android.katniss/com.google.android.katniss.search.serviceapi.KatnissVoiceInteractionService}
05-03 02:12:22.978   646   672 W ActivityManager: Slow operation: 93ms so far, now at startProcess: starting to update pids map
05-03 02:12:22.978   646   672 W ActivityManager: Slow operation: 94ms so far, now at startProcess: done updating pids map
05-03 02:12:22.981   646   829 D CompatibilityChangeReporter: Compat change id reported: 168419799; UID 10072; state: DISABLED
05-03 02:12:23.011   646   671 I PreBootBroadcaster: Pre-boot of {com.android.managedprovisioning/com.android.managedprovisioning.ota.PreBootListener} for user 0
05-03 02:12:23.012   646   660 D CompatibilityChangeReporter: Compat change id reported: 168419799; UID 10044; state: DISABLED
05-03 02:12:23.017   646   672 W ActivityManager: Slow operation: 54ms so far, now at startProcess: done updating battery stats
05-03 02:12:23.017   646   672 W ActivityManager: Slow operation: 54ms so far, now at startProcess: building log message
05-03 02:12:23.017   646   672 I ActivityManager: Start proc 1249:com.sagemcom.ota/1000 for added application com.sagemcom.ota
05-03 02:12:23.017   646   672 W ActivityManager: Slow operation: 54ms so far, now at startProcess: starting to update pids map
05-03 02:12:23.020   646   672 W ActivityManager: Slow operation: 57ms so far, now at startProcess: done updating pids map
05-03 02:12:23.020   646   672 W ActivityManager: Slow operation: 54ms so far, now at startProcess: asking zygote to start proc
05-03 02:12:23.021   646   672 D CompatibilityChangeReporter: Compat change id reported: 143937733; UID 10043; state: ENABLED
05-03 02:12:23.029   646   646 V NotificationAssistants: disabling notification assistant for user 0: ComponentInfo{com.google.android.ext.services/android.ext.services.notification.Assistant}
05-03 02:12:23.030   646   646 D NotificationListeners: Removing active service ComponentInfo{com.google.android.ext.services/android.ext.services.notification.Assistant}
05-03 02:12:23.043   646   892 W StorageManagerService: Reporting emulated;0 unmounted due to system locked
05-03 02:12:23.052   646   829 I ActivityTaskManager: START u0 {act=android.intent.action.MAIN cat=[android.intent.category.HOME] flg=0x10000100 cmp=com.google.android.tvlauncher/.MainActivity (has extras)} from uid 0
05-03 02:12:23.057   646   646 V NotificationAssistants: enabling notification assistant for 0: ComponentInfo{com.google.android.ext.services/android.ext.services.notification.Assistant}
05-03 02:12:23.057   646   646 V NotificationAssistants: binding: Intent { act=android.service.notification.NotificationAssistantService cmp=com.google.android.ext.services/android.ext.services.notification.Assistant (has extras) }
05-03 02:12:23.068   646   829 D CompatibilityChangeReporter: Compat change id reported: 184838306; UID 10041; state: DISABLED
05-03 02:12:23.077   646   829 D CompatibilityChangeReporter: Compat change id reported: 185004937; UID 10041; state: DISABLED
05-03 02:12:23.080   646   829 D CompatibilityChangeReporter: Compat change id reported: 181136395; UID 10041; state: DISABLED
05-03 02:12:23.082   646   829 D CompatibilityChangeReporter: Compat change id reported: 174042936; UID 10041; state: DISABLED
05-03 02:12:23.083   646   829 D CompatibilityChangeReporter: Compat change id reported: 174042980; UID 10041; state: DISABLED
05-03 02:12:23.085   646   672 W ActivityManager: Slow operation: 119ms so far, now at startProcess: returned from zygote!
05-03 02:12:23.109   646   829 D CompatibilityChangeReporter: Compat change id reported: 168419799; UID 10041; state: DISABLED
05-03 02:12:23.128   646   646 V ConditionProviders: enabling condition provider for 0: ComponentInfo{com.google.android.gms/com.google.android.location.settings.DrivingConditionProvider}
05-03 02:12:23.128   646   646 V ConditionProviders: binding: Intent { act=android.service.notification.ConditionProviderService cmp=com.google.android.gms/com.google.android.location.settings.DrivingConditionProvider (has extras) }
05-03 02:12:23.130   646   672 W ActivityManager: Slow operation: 164ms so far, now at startProcess: done updating battery stats
05-03 02:12:23.130   646   672 W ActivityManager: Slow operation: 164ms so far, now at startProcess: building log message
05-03 02:12:23.130   646   672 I ActivityManager: Start proc 1264:com.sagemcom.ota.apkinstaller/u0a43 for added application com.sagemcom.ota.apkinstaller
05-03 02:12:23.130   646   672 W ActivityManager: Slow operation: 164ms so far, now at startProcess: starting to update pids map
05-03 02:12:23.133   646   672 W ActivityManager: Slow operation: 166ms so far, now at startProcess: done updating pids map
05-03 02:12:23.136   646   892 D CompatibilityChangeReporter: Compat change id reported: 168419799; UID 1000; state: DISABLED
05-03 02:12:23.147   646  1082 D CompatibilityChangeReporter: Compat change id reported: 135634846; UID 1000; state: DISABLED
05-03 02:12:23.154   646   665 D CompatibilityChangeReporter: Compat change id reported: 135634846; UID 10041; state: DISABLED
05-03 02:12:23.154   646   665 D CompatibilityChangeReporter: Compat change id reported: 177438394; UID 10041; state: DISABLED
05-03 02:12:23.154   646   665 D CompatibilityChangeReporter: Compat change id reported: 135772972; UID 10041; state: DISABLED
05-03 02:12:23.154   646   665 D CompatibilityChangeReporter: Compat change id reported: 135754954; UID 10041; state: ENABLED
05-03 02:12:23.164   646   662 W Looper  : Slow dispatch took 106ms android.fg h=android.os.Handler c=com.android.server.servicewatcher.ServiceWatcherImpl$$ExternalSyntheticLambda1@c7af811 m=0
05-03 02:12:23.174   646   646 V NotificationListeners: enabling notification listener for 0: ComponentInfo{com.google.android.tvrecommendations/com.google.android.tvrecommendations.NotificationsService}
05-03 02:12:23.174   646   646 V NotificationListeners: binding: Intent { act=android.service.notification.NotificationListenerService cmp=com.google.android.tvrecommendations/.NotificationsService (has extras) }
05-03 02:12:23.184   646   761 I ActivityManager: Background started FGS: Allowed [callingPackage: com.google.android.tv.remote.service; callingUid: 10049; uidState: BFGS; intent: Intent { cmp=com.google.android.tv.remote.service/.RemoteService }; code:BACKGROUND_ACTIVITY_PERMISSION; tempAllowListReason:<null>; targetSdkVersion:33; callerTargetSdkVersion:33; startForegroundCount:0; bindFromPackage:null]
05-03 02:12:23.198   646   646 D CompatibilityChangeReporter: Compat change id reported: 135634846; UID 10042; state: DISABLED
05-03 02:12:23.198   646   646 D CompatibilityChangeReporter: Compat change id reported: 177438394; UID 10042; state: DISABLED
05-03 02:12:23.198   646   646 D CompatibilityChangeReporter: Compat change id reported: 135772972; UID 10042; state: DISABLED
05-03 02:12:23.198   646   646 D CompatibilityChangeReporter: Compat change id reported: 135754954; UID 10042; state: ENABLED
05-03 02:12:23.199   646   646 W Looper  : Slow dispatch took 170ms main h=android.app.ActivityThread$H c=android.app.LoadedApk$ReceiverDispatcher$Args$$ExternalSyntheticLambda0@c1e25b9 m=0
05-03 02:12:23.202   646   662 W ProcessStats: Tracking association SourceState{9726475 system/1000 BTopFgs #148} whose proc state 2 is better than process ProcessState{7ce9c0a com.google.android.gms.persistent/10051 pkg=com.google.android.gms} proc state 3 (0 skipped)
05-03 02:12:23.206   646   672 W ActivityManager: Slow operation: 60ms so far, now at startProcess: returned from zygote!
05-03 02:12:23.224   646   672 W ActivityManager: Slow operation: 79ms so far, now at startProcess: done updating battery stats
05-03 02:12:23.225   646   672 W ActivityManager: Slow operation: 79ms so far, now at startProcess: building log message
05-03 02:12:23.225   646   672 I ActivityManager: Start proc 1283:com.android.keychain/1000 for service {com.android.keychain/com.android.keychain.KeyChainService}
05-03 02:12:23.225   646   672 W ActivityManager: Slow operation: 79ms so far, now at startProcess: starting to update pids map
05-03 02:12:23.225   646   672 W ActivityManager: Slow operation: 80ms so far, now at startProcess: done updating pids map
05-03 02:12:23.225   646   672 W ActivityManager: Slow operation: 72ms so far, now at startProcess: asking zygote to start proc
05-03 02:12:23.225   646   672 D CompatibilityChangeReporter: Compat change id reported: 143937733; UID 10041; state: ENABLED
05-03 02:12:23.237   646   893 D CompatibilityChangeReporter: Compat change id reported: 168419799; UID 10043; state: DISABLED
05-03 02:12:23.323   646   672 W ActivityManager: Slow operation: 169ms so far, now at startProcess: returned from zygote!
05-03 02:12:23.323   646   672 W ActivityManager: Slow operation: 170ms so far, now at startProcess: done updating battery stats
05-03 02:12:23.323   646   672 W ActivityManager: Slow operation: 170ms so far, now at startProcess: building log message
05-03 02:12:23.323   646   672 I ActivityManager: Start proc 1301:com.google.android.tvlauncher/u0a41 for top-activity {com.google.android.tvlauncher/com.google.android.tvlauncher.MainActivity}
05-03 02:12:23.324   646   672 W ActivityManager: Slow operation: 170ms so far, now at startProcess: starting to update pids map
05-03 02:12:23.326   646   672 W ActivityManager: Slow operation: 171ms so far, now at startProcess: done updating pids map
05-03 02:12:23.327   646   672 W ActivityManager: Slow operation: 130ms so far, now at startProcess: asking zygote to start proc
05-03 02:12:23.327   646   672 D CompatibilityChangeReporter: Compat change id reported: 143937733; UID 10042; state: ENABLED
05-03 02:12:23.328   646   795 V BackupManagerService: [UserID:0] No ancestral data
05-03 02:12:23.330   646   761 D CompatibilityChangeReporter: Compat change id reported: 168419799; UID 1000; state: DISABLED
05-03 02:12:23.372   646   672 W ActivityManager: Slow operation: 167ms so far, now at startProcess: returned from zygote!
05-03 02:12:23.375   646  1120 D CompatibilityChangeReporter: Compat change id reported: 135634846; UID 10051; state: DISABLED
05-03 02:12:23.381   646   672 W ActivityManager: Slow operation: 184ms so far, now at startProcess: done updating battery stats
05-03 02:12:23.381   646   672 W ActivityManager: Slow operation: 185ms so far, now at startProcess: building log message
05-03 02:12:23.381   646   672 I ActivityManager: Start proc 1303:com.google.android.tvrecommendations/u0a42 for service {com.google.android.tvrecommendations/com.google.android.tvrecommendations.NotificationsService}
05-03 02:12:23.381   646   672 W ActivityManager: Slow operation: 185ms so far, now at startProcess: starting to update pids map
05-03 02:12:23.383   646  1219 V BackupManagerConstants: getKeyValueBackupIntervalMilliseconds(...) returns 14400000
05-03 02:12:23.383   646  1219 V BackupManagerConstants: getKeyValueBackupFuzzMilliseconds(...) returns 600000
05-03 02:12:23.383   646  1219 V BackupManagerConstants: getKeyValueBackupRequiredNetworkType(...) returns 1
05-03 02:12:23.383   646  1219 V BackupManagerConstants: getKeyValueBackupRequireCharging(...) returns true
05-03 02:12:23.383   646  1219 V KeyValueBackupJob: Scheduling k/v pass in 240 minutes
05-03 02:12:23.384   646   672 W ActivityManager: Slow operation: 188ms so far, now at startProcess: done updating pids map
05-03 02:12:23.385   646   672 D CompatibilityChangeReporter: Compat change id reported: 143937733; UID 10051; state: ENABLED
05-03 02:12:23.387   646   646 W Looper  : Slow dispatch took 184ms main h=android.app.ActivityThread$H c=android.app.LoadedApk$ReceiverDispatcher$Args$$ExternalSyntheticLambda0@b5ef00e m=0
05-03 02:12:23.387   646   646 W Looper  : Slow delivery took 359ms main h=com.android.server.accessibility.AccessibilityManagerService$MainHandler c=<recycled PooledLambda@d64aa2f> m=0
05-03 02:12:23.426   646   646 V NotificationAssistants: 0 notification assistant service connected: ComponentInfo{com.google.android.ext.services/android.ext.services.notification.Assistant}
05-03 02:12:23.457   646   646 W NotificationHistory: Attempted to add notif for locked/gone/disabled user 0
05-03 02:12:23.465   646   672 W ActivityManager: Slow operation: 92ms so far, now at startProcess: returned from zygote!
05-03 02:12:23.465   646   672 W ActivityManager: Slow operation: 92ms so far, now at startProcess: done updating battery stats
05-03 02:12:23.465   646   672 W ActivityManager: Slow operation: 92ms so far, now at startProcess: building log message
05-03 02:12:23.465   646   672 I ActivityManager: Start proc 1337:com.google.process.gservices/u0a51 for content provider {com.google.android.gsf/com.google.android.gsf.gservices.GservicesProvider}
05-03 02:12:23.482   646   827 I SyncManager: Loaded persisted syncs: 5 periodic syncs, 2 oneshot syncs, 21 total system server jobs, JobStats: FirstLoad: 35/8/7 LastSave: -1/-1/-1
05-03 02:12:23.499   646   672 W ActivityManager: Slow operation: 126ms so far, now at startProcess: starting to update pids map
05-03 02:12:23.501   646   672 W ActivityManager: Slow operation: 127ms so far, now at startProcess: done updating pids map
05-03 02:12:23.501   646   672 W ActivityManager: Slow operation: 124ms so far, now at startProcess: asking zygote to start proc
05-03 02:12:23.512   646   893 D CompatibilityChangeReporter: Compat change id reported: 168419799; UID 10042; state: DISABLED
05-03 02:12:23.519   646   646 W Looper  : Drained
05-03 02:12:23.550   646   672 W ActivityManager: Slow operation: 173ms so far, now at startProcess: returned from zygote!
05-03 02:12:23.575   646   893 D CompatibilityChangeReporter: Compat change id reported: 168419799; UID 10051; state: DISABLED
05-03 02:12:23.578   646   672 W ActivityManager: Slow operation: 201ms so far, now at startProcess: done updating battery stats
05-03 02:12:23.578   646   672 W ActivityManager: Slow operation: 202ms so far, now at startProcess: building log message
05-03 02:12:23.578   646   672 I ActivityManager: Start proc 1353:com.google.android.gms/u0a51 for service {com.google.android.gms/com.google.android.gms.people.sync.PeopleSyncService}
05-03 02:12:23.578   646   672 W ActivityManager: Slow operation: 202ms so far, now at startProcess: starting to update pids map
05-03 02:12:23.578   646   672 W ActivityManager: Slow operation: 202ms so far, now at startProcess: done updating pids map
05-03 02:12:23.629   646   795 I BackupManagerService: isBackupEnabled() => false due to absent settings file
05-03 02:12:23.629   646   795 D BackupManagerService: user:0 readBackupEnableState enabled:false
05-03 02:12:23.629   646   795 I BackupManagerService: [UserID:0] Backup enabled => false
05-03 02:12:23.632   646   670 I UsageStatsService: User[0] Rollover scheduled @ 2023-05-04 01:44:40(1683161080625)
05-03 02:12:23.650   646   670 D AppStandbyController: Initializing defaults for system apps on user 0, appIdleEnabled=true
05-03 02:12:23.852   646   893 D CompatibilityChangeReporter: Compat change id reported: 135634846; UID 1000; state: DISABLED
05-03 02:12:23.905   646   672 W ActivityManager: Slow operation: 54ms so far, now at startProcess: returned from zygote!
05-03 02:12:23.925   646   665 W ActivityTaskManager: Activity top resumed state loss timeout for ActivityRecord{fb0a4a1 u0 com.google.android.tvlauncher/.MainActivity t423}
05-03 02:12:23.926   646   665 W ActivityTaskManager: Activity pause timeout for ActivityRecord{fb0a4a1 u0 com.google.android.tvlauncher/.MainActivity t423}
05-03 02:12:23.926   646   672 W ActivityManager: Slow operation: 76ms so far, now at startProcess: done updating battery stats
05-03 02:12:23.927   646   672 W ActivityManager: Slow operation: 76ms so far, now at startProcess: building log message
05-03 02:12:23.927   646   672 I ActivityManager: Start proc 1385:com.sagemcom.stb.partnerinterface/1000 for content provider {com.sagemcom.stb.partnerinterface/com.sagemcom.stb.partnerinterface.TvLauncherConfigurationProvider}
05-03 02:12:23.927   646   672 W ActivityManager: Slow operation: 76ms so far, now at startProcess: starting to update pids map
05-03 02:12:23.928   646   672 W ActivityManager: Slow operation: 78ms so far, now at startProcess: done updating pids map
05-03 02:12:23.966   646   893 V WallpaperManagerService: updateWallpaperBitmapLocked() : id=11 name= file=wallpaper_orig
05-03 02:12:23.991   646  1273 D CompatibilityChangeReporter: Compat change id reported: 168419799; UID 1000; state: DISABLED
05-03 02:12:24.043   646   679 V WallpaperManagerService: bindWallpaperComponentLocked: componentName=ComponentInfo{com.android.systemui/com.android.systemui.ImageWallpaper}
05-03 02:12:24.050   646   670 I UsageStatsService: User[0] Flushing usage stats to disk
05-03 02:12:24.083   646  1219 V BackupManagerConstants: getKeyValueBackupIntervalMilliseconds(...) returns 14400000
05-03 02:12:24.083   646  1219 V BackupManagerConstants: getKeyValueBackupFuzzMilliseconds(...) returns 600000
05-03 02:12:24.083   646  1219 V BackupManagerConstants: getKeyValueBackupRequiredNetworkType(...) returns 1
05-03 02:12:24.083   646  1219 V BackupManagerConstants: getKeyValueBackupRequireCharging(...) returns true
05-03 02:12:24.083   646  1219 V KeyValueBackupJob: Scheduling k/v pass in 247 minutes
05-03 02:12:24.159   646   646 W Looper  : Slow dispatch took 114ms main h=android.app.ActivityThread$H c=android.app.LoadedApk$ServiceDispatcher$RunConnection@83eed5c m=0
05-03 02:12:24.176   646  1273 D CompatibilityChangeReporter: Compat change id reported: 168419799; UID 10066; state: DISABLED
05-03 02:12:24.226  1385  1411 W ContextImpl: Calling a method in the system process without a qualified user: android.app.ContextImpl.startActivity:1055 android.content.ContextWrapper.startActivity:411 com.sagemcom.stb.partnerinterface.TvLauncherConfigurationProvider.startExtra:76 com.sagemcom.stb.partnerinterface.TvLauncherConfigurationProvider$1.writeDataToPipe:53 android.content.ContentProvider$1.doInBackground:2320 
