04-22 02:50:05.398 19124 19210 D CompatibilityChangeReporter: Compat change id reported: 135634846; UID 10051; state: DISABLED
04-22 02:50:05.398 19124 19149 D CompatibilityChangeReporter: Compat change id reported: 143937733; UID 10051; state: ENABLED
04-22 02:50:05.427 19124 19149 I ActivityManager: Start proc 27430:com.google.android.gms.unstable/u0a51 for service {com.google.android.gms/com.google.android.gms.droidguard.DroidGuardService}
04-22 02:50:05.814 19124 19210 D CompatibilityChangeReporter: Compat change id reported: 135634846; UID 10062; state: DISABLED
04-22 02:50:05.815 19124 19149 D CompatibilityChangeReporter: Compat change id reported: 143937733; UID 10062; state: ENABLED
04-22 02:50:05.848 19124 19149 I ActivityManager: Start proc 27454:com.google.android.webview/u0a62 for broadcast {com.google.android.webview/com.google.android.libraries.phenotype.client.stable.PhenotypeUpdateBackgroundBroadcastReceiver}
04-22 02:50:05.909 19124 19210 D CompatibilityChangeReporter: Compat change id reported: 168419799; UID 10062; state: DISABLED
04-22 02:50:11.424 19124 19148 D CompatibilityChangeReporter: Compat change id reported: 135634846; UID 10054; state: DISABLED
04-22 02:50:11.425 19124 19149 D CompatibilityChangeReporter: Compat change id reported: 143937733; UID 10054; state: ENABLED
04-22 02:50:11.450 19124 19149 I ActivityManager: Start proc 27562:com.google.android.youtube.tv/u0a54 for broadcast {com.google.android.youtube.tv/com.google.android.libraries.phenotype.client.stable.PhenotypeUpdateBackgroundBroadcastReceiver}
04-22 02:50:13.712 19124 22551 W ProcessStats: Tracking association SourceState{589f133 com.google.android.gms/10051 BTopFgs #91401} whose proc state 2 is better than process ProcessState{d5b55e7 com.google.android.gms.persistent/10051 pkg=com.google.android.gms} proc state 3 (4614 skipped)
04-22 02:50:19.496 19124 22551 I ActivityManager: Killing 26516:com.android.providers.calendar/u0a22 (adj 995): empty #17
04-22 02:50:23.732 19124 22551 W ProcessStats: Tracking association SourceState{3f6ac31 system/1000 BTopFgs #91470} whose proc state 2 is better than process ProcessState{d5b55e7 com.google.android.gms.persistent/10051 pkg=com.google.android.gms} proc state 3 (411 skipped)
04-22 02:50:25.055 19124 19210 I ActivityManager: Killing 27105:com.google.android.partnersetup/u0a65 (adj 975): empty #17
04-22 02:50:25.109 19124 25860 I ActivityManager: Killing 24944:android.process.media/u0a12 (adj 985): empty #17
04-22 02:50:39.081 19124 19210 W ProcessStats: Tracking association SourceState{3f6ac31 system/1000 BTopFgs #91504} whose proc state 2 is better than process ProcessState{d5b55e7 com.google.android.gms.persistent/10051 pkg=com.google.android.gms} proc state 3 (173 skipped)
04-22 02:50:55.822 19124 19210 W ProcessStats: Tracking association SourceState{3f6ac31 system/1000 BTopFgs #91506} whose proc state 2 is better than process ProcessState{d5b55e7 com.google.android.gms.persistent/10051 pkg=com.google.android.gms} proc state 3 (5 skipped)
04-22 02:51:06.657 19124 19210 W ProcessStats: Tracking association SourceState{3f6ac31 system/1000 BTopFgs #91508} whose proc state 2 is better than process ProcessState{d5b55e7 com.google.android.gms.persistent/10051 pkg=com.google.android.gms} proc state 3 (11 skipped)
04-22 02:51:21.807 19124 25860 W ProcessStats: Tracking association SourceState{81effa com.google.android.katniss:interactor/10044 BTopFgs #91513} whose proc state 2 is better than process ProcessState{d5b55e7 com.google.android.gms.persistent/10051 pkg=com.google.android.gms} proc state 3 (18 skipped)
04-22 02:54:59.619 19124 19255 W ProcessStats: Tracking association SourceState{3f6ac31 system/1000 BTopFgs #91516} whose proc state 2 is better than process ProcessState{d5b55e7 com.google.android.gms.persistent/10051 pkg=com.google.android.gms} proc state 3 (19 skipped)
04-22 02:55:14.728 19124 19255 W ProcessStats: Tracking association SourceState{3f6ac31 system/1000 BTopFgs #91517} whose proc state 2 is better than process ProcessState{d5b55e7 com.google.android.gms.persistent/10051 pkg=com.google.android.gms} proc state 3 (5 skipped)
04-22 02:58:14.878 19124 19148 I DropBoxManagerService: add tag=system_server_wtf isTagEnabled=true flags=0x2
04-22 02:58:14.889 19124 19148 W ProcessStats: Tracking association SourceState{3f6ac31 system/1000 BTopFgs #91521} whose proc state 2 is better than process ProcessState{d5b55e7 com.google.android.gms.persistent/10051 pkg=com.google.android.gms} proc state 3 (10 skipped)
04-22 02:58:14.984 19124 25860 I RescueParty: Starting to observe: [android, com.android.providers.media.module], updated namespace: storage_native_boot
04-22 02:58:14.984 19124 19147 I PackageWatchdog: Syncing state, reason: observing new packages
04-22 02:58:14.984 19124 19147 D PackageWatchdog: rescue-party-observer added the following packages to monitor [android, com.android.providers.media.module]
04-22 02:58:14.984 19124 19147 I PackageWatchdog: Syncing state, reason: updated observers
04-22 02:58:14.984 19124 19147 I PackageWatchdog: Not pruning observers, elapsed time: 0ms
04-22 02:58:14.984 19124 19147 I PackageWatchdog: Saving observer state to file
04-22 02:58:14.990 19124 19124 I PackageWatchdog: Syncing health check requests for packages: {}
04-22 02:58:14.990 19124 19124 I ExplicitHealthCheckController: Service not ready to get health check supported packages. Binding...
04-22 02:58:14.996 19124 19124 I ExplicitHealthCheckController: Explicit health check service is bound
04-22 02:58:14.999 19124 19210 I RescueParty: Starting to observe: [android], updated namespace: statsd_native_boot
04-22 02:58:15.000 19124 19147 I PackageWatchdog: Syncing state, reason: observing new packages
04-22 02:58:15.000 19124 19147 D PackageWatchdog: rescue-party-observer added the following packages to monitor [android]
04-22 02:58:15.001 19124 19147 I PackageWatchdog: Syncing state, reason: updated observers
04-22 02:58:15.001 19124 19147 I PackageWatchdog: Not pruning observers, elapsed time: 0ms
04-22 02:58:15.001 19124 19147 I PackageWatchdog: Saving observer state to file
04-22 02:58:15.024 19124 19124 I PackageWatchdog: Syncing health check requests for packages: {}
04-22 02:58:15.024 19124 19124 I ExplicitHealthCheckController: Service not ready to get health check supported packages. Binding...
04-22 02:58:15.024 19124 19124 I ExplicitHealthCheckController: Not binding to service, service already connecting
04-22 02:58:15.024 19124 19124 I ExplicitHealthCheckController: Explicit health check service is connected ComponentInfo{com.google.android.ext.services/android.ext.services.watchdog.ExplicitHealthCheckServiceImpl}
04-22 02:58:15.025 19124 19124 I ExplicitHealthCheckController: Service initialized, syncing requests
04-22 02:58:15.025 19124 19124 I PackageWatchdog: Syncing health check requests for packages: {}
04-22 02:58:15.025 19124 19124 D ExplicitHealthCheckController: Getting health check supported packages
04-22 02:58:15.030 19124 25184 I RescueParty: Starting to observe: [android], updated namespace: runtime_native_boot
04-22 02:58:15.030 19124 19147 I PackageWatchdog: Syncing state, reason: observing new packages
04-22 02:58:15.030 19124 19147 D PackageWatchdog: rescue-party-observer added the following packages to monitor [android]
04-22 02:58:15.030 19124 19147 I PackageWatchdog: Syncing state, reason: updated observers
04-22 02:58:15.030 19124 19147 I PackageWatchdog: Not pruning observers, elapsed time: 0ms
04-22 02:58:15.030 19124 19147 I PackageWatchdog: Saving observer state to file
04-22 02:58:15.031 19124 25860 I ExplicitHealthCheckController: Explicit health check supported packages []
04-22 02:58:15.036 19124 25860 D PackageWatchdog: Received supported packages []
04-22 02:58:15.036 19124 25860 D ExplicitHealthCheckController: Getting health check requested packages
04-22 02:58:15.036 19124 19124 I PackageWatchdog: Syncing health check requests for packages: {}
04-22 02:58:15.036 19124 19124 D ExplicitHealthCheckController: Getting health check supported packages
04-22 02:58:15.039 19124 25860 I ExplicitHealthCheckController: Explicit health check requested packages []
04-22 02:58:15.039 19124 25860 I ExplicitHealthCheckController: No more health check requests, unbinding...
04-22 02:58:15.039 19124 25184 I ExplicitHealthCheckController: Explicit health check supported packages []
04-22 02:58:15.039 19124 25184 D PackageWatchdog: Received supported packages []
04-22 02:58:15.042 19124 25860 I ExplicitHealthCheckController: Explicit health check service is unbound
04-22 02:58:15.042 19124 25184 I ExplicitHealthCheckController: Service not ready to get health check requested packages. Binding...
04-22 02:58:15.047 19124 25184 I ExplicitHealthCheckController: Explicit health check service is bound
04-22 02:58:15.049 19124 19124 I ExplicitHealthCheckController: Explicit health check service is connected ComponentInfo{com.google.android.ext.services/android.ext.services.watchdog.ExplicitHealthCheckServiceImpl}
04-22 02:58:15.050 19124 19124 I ExplicitHealthCheckController: Service initialized, syncing requests
04-22 02:58:15.050 19124 19124 I PackageWatchdog: Syncing health check requests for packages: {}
04-22 02:58:15.050 19124 19124 D ExplicitHealthCheckController: Getting health check supported packages
04-22 02:58:15.052 19124 19210 I ExplicitHealthCheckController: Explicit health check supported packages []
04-22 02:58:15.052 19124 19210 D PackageWatchdog: Received supported packages []
04-22 02:58:15.052 19124 19210 D ExplicitHealthCheckController: Getting health check requested packages
04-22 02:58:15.053 19124 19210 I ExplicitHealthCheckController: Explicit health check requested packages []
04-22 02:58:15.053 19124 19210 I ExplicitHealthCheckController: No more health check requests, unbinding...
04-22 02:58:15.056 19124 19210 I ExplicitHealthCheckController: Explicit health check service is unbound
04-22 02:58:15.057 19124 24863 E SettingsToPropertiesMapper: com.yelp.android,0,com.yy.biu,0,com.groupme.android,0,air.tv.douyu.android,0,com.baidu.mbaby,0,com.vlocker.locker,0,com.znxh.hyhuo,0,com.yixia.xiaokaxiu,0 exceeds system property max length.
04-22 02:58:15.123 19124 25860 I RescueParty: Starting to observe: [android], updated namespace: netd_native
04-22 02:58:15.123 19124 19147 I PackageWatchdog: Syncing state, reason: observing new packages
04-22 02:58:15.123 19124 19147 D PackageWatchdog: rescue-party-observer added the following packages to monitor [android]
04-22 02:58:15.123 19124 19147 I PackageWatchdog: Syncing state, reason: updated observers
04-22 02:58:15.124 19124 19147 I PackageWatchdog: Not pruning observers, elapsed time: 0ms
04-22 02:58:15.124 19124 19147 I PackageWatchdog: Saving observer state to file
04-22 02:58:15.127 19124 19124 I PackageWatchdog: Syncing health check requests for packages: {}
04-22 02:58:15.127 19124 19124 I ExplicitHealthCheckController: Service not ready to get health check supported packages. Binding...
04-22 02:58:15.132 19124 19124 I ExplicitHealthCheckController: Explicit health check service is bound
04-22 02:58:15.134 19124 19124 I ExplicitHealthCheckController: Explicit health check service is connected ComponentInfo{com.google.android.ext.services/android.ext.services.watchdog.ExplicitHealthCheckServiceImpl}
04-22 02:58:15.134 19124 19124 I ExplicitHealthCheckController: Service initialized, syncing requests
04-22 02:58:15.134 19124 19124 I PackageWatchdog: Syncing health check requests for packages: {}
04-22 02:58:15.134 19124 19124 D ExplicitHealthCheckController: Getting health check supported packages
04-22 02:58:15.137 19124 25184 I ExplicitHealthCheckController: Explicit health check supported packages []
04-22 02:58:15.137 19124 25184 D PackageWatchdog: Received supported packages []
04-22 02:58:15.137 19124 25184 D ExplicitHealthCheckController: Getting health check requested packages
04-22 02:58:15.139 19124 25184 I ExplicitHealthCheckController: Explicit health check requested packages []
04-22 02:58:15.139 19124 25184 I ExplicitHealthCheckController: No more health check requests, unbinding...
04-22 02:58:15.144 19124 25184 I ExplicitHealthCheckController: Explicit health check service is unbound
04-22 02:58:15.217 19124 25184 I RescueParty: Starting to observe: [android], updated namespace: connectivity
04-22 02:58:15.217 19124 19147 I PackageWatchdog: Syncing state, reason: observing new packages
04-22 02:58:15.218 19124 19124 I PackageWatchdog: Syncing health check requests for packages: {}
04-22 02:58:15.218 19124 19124 I ExplicitHealthCheckController: Service not ready to get health check supported packages. Binding...
04-22 02:58:15.221 19124 19124 I ExplicitHealthCheckController: Explicit health check service is bound
04-22 02:58:15.223 19124 19124 I ExplicitHealthCheckController: Explicit health check service is connected ComponentInfo{com.google.android.ext.services/android.ext.services.watchdog.ExplicitHealthCheckServiceImpl}
04-22 02:58:15.223 19124 19124 I ExplicitHealthCheckController: Service initialized, syncing requests
04-22 02:58:15.223 19124 19124 I PackageWatchdog: Syncing health check requests for packages: {}
04-22 02:58:15.223 19124 19124 D ExplicitHealthCheckController: Getting health check supported packages
04-22 02:58:15.224 19124 19147 D PackageWatchdog: rescue-party-observer added the following packages to monitor [android]
04-22 02:58:15.224 19124 19147 I PackageWatchdog: Syncing state, reason: updated observers
04-22 02:58:15.224 19124 19147 I PackageWatchdog: Saving observer state to file
04-22 02:58:15.226 19124 19210 I ExplicitHealthCheckController: Explicit health check supported packages []
04-22 02:58:15.232 19124 19124 I PackageWatchdog: Syncing health check requests for packages: {}
04-22 02:58:15.232 19124 19124 D ExplicitHealthCheckController: Getting health check supported packages
04-22 02:58:15.232 19124 19210 D PackageWatchdog: Received supported packages []
04-22 02:58:15.233 19124 19210 D ExplicitHealthCheckController: Getting health check requested packages
04-22 02:58:15.233 19124 25184 I ExplicitHealthCheckController: Explicit health check supported packages []
04-22 02:58:15.233 19124 25184 D PackageWatchdog: Received supported packages []
04-22 02:58:15.233 19124 25184 D ExplicitHealthCheckController: Getting health check requested packages
04-22 02:58:15.235 19124 19210 I ExplicitHealthCheckController: Explicit health check requested packages []
04-22 02:58:15.235 19124 25184 I ExplicitHealthCheckController: Explicit health check requested packages []
04-22 02:58:15.235 19124 19210 I ExplicitHealthCheckController: No more health check requests, unbinding...
04-22 02:58:15.240 19124 25860 I RescueParty: Starting to observe: [com.google.android.permissioncontroller], updated namespace: permissions
04-22 02:58:15.241 19124 19210 I ExplicitHealthCheckController: Explicit health check service is unbound
04-22 02:58:15.241 19124 25184 I ExplicitHealthCheckController: No more health check requests, unbinding...
04-22 02:58:15.241 19124 25184 I ExplicitHealthCheckController: Explicit health check service is unbound
04-22 02:58:15.241 19124 19147 I PackageWatchdog: Syncing state, reason: observing new packages
04-22 02:58:15.241 19124 19147 D PackageWatchdog: rescue-party-observer added the following packages to monitor [com.google.android.permissioncontroller]
04-22 02:58:15.241 19124 19147 I PackageWatchdog: Syncing state, reason: updated observers
04-22 02:58:15.241 19124 19147 I PackageWatchdog: Not pruning observers, elapsed time: 0ms
04-22 02:58:15.241 19124 19147 I PackageWatchdog: Saving observer state to file
04-22 02:58:15.245 19124 19124 I PackageWatchdog: Syncing health check requests for packages: {}
04-22 02:58:15.245 19124 19124 I ExplicitHealthCheckController: Service not ready to get health check supported packages. Binding...
04-22 02:58:15.248 19124 19124 I ExplicitHealthCheckController: Explicit health check service is bound
04-22 02:58:15.251 19124 19124 I ExplicitHealthCheckController: Explicit health check service is connected ComponentInfo{com.google.android.ext.services/android.ext.services.watchdog.ExplicitHealthCheckServiceImpl}
04-22 02:58:15.251 19124 19124 I ExplicitHealthCheckController: Service initialized, syncing requests
04-22 02:58:15.251 19124 19124 I PackageWatchdog: Syncing health check requests for packages: {}
04-22 02:58:15.251 19124 19124 D ExplicitHealthCheckController: Getting health check supported packages
04-22 02:58:15.253 19124 19210 I ExplicitHealthCheckController: Explicit health check supported packages []
04-22 02:58:15.253 19124 19210 D PackageWatchdog: Received supported packages []
04-22 02:58:15.253 19124 19210 D ExplicitHealthCheckController: Getting health check requested packages
04-22 02:58:15.253 19124 19210 I ExplicitHealthCheckController: Explicit health check requested packages []
04-22 02:58:15.253 19124 19210 I ExplicitHealthCheckController: No more health check requests, unbinding...
04-22 02:58:15.255 19124 19210 I ExplicitHealthCheckController: Explicit health check service is unbound
04-22 02:58:15.312 19124 19210 I RescueParty: Starting to observe: [android], updated namespace: app_compat
04-22 02:58:15.312 19124 19147 I PackageWatchdog: Syncing state, reason: observing new packages
04-22 02:58:15.313 19124 19147 D PackageWatchdog: rescue-party-observer added the following packages to monitor [android]
04-22 02:58:15.313 19124 19147 I PackageWatchdog: Syncing state, reason: updated observers
04-22 02:58:15.313 19124 19147 I PackageWatchdog: Not pruning observers, elapsed time: 0ms
04-22 02:58:15.313 19124 19147 I PackageWatchdog: Saving observer state to file
04-22 02:58:15.320 19124 19124 I PackageWatchdog: Syncing health check requests for packages: {}
04-22 02:58:15.320 19124 19124 I ExplicitHealthCheckController: Service not ready to get health check supported packages. Binding...
04-22 02:58:15.324 19124 19124 I ExplicitHealthCheckController: Explicit health check service is bound
04-22 02:58:15.327 19124 19124 I ExplicitHealthCheckController: Explicit health check service is connected ComponentInfo{com.google.android.ext.services/android.ext.services.watchdog.ExplicitHealthCheckServiceImpl}
04-22 02:58:15.327 19124 19124 I ExplicitHealthCheckController: Service initialized, syncing requests
04-22 02:58:15.328 19124 19124 I PackageWatchdog: Syncing health check requests for packages: {}
04-22 02:58:15.328 19124 19124 D ExplicitHealthCheckController: Getting health check supported packages
04-22 02:58:15.330 19124 19210 I ExplicitHealthCheckController: Explicit health check supported packages []
04-22 02:58:15.330 19124 19210 D PackageWatchdog: Received supported packages []
04-22 02:58:15.330 19124 19210 D ExplicitHealthCheckController: Getting health check requested packages
04-22 02:58:15.331 19124 19210 I ExplicitHealthCheckController: Explicit health check requested packages []
04-22 02:58:15.331 19124 19210 I ExplicitHealthCheckController: No more health check requests, unbinding...
04-22 02:58:15.332 19124 19210 I ExplicitHealthCheckController: Explicit health check service is unbound
04-22 02:58:15.355 19124 25184 I RescueParty: Starting to observe: [android], updated namespace: content_capture
04-22 02:58:15.355 19124 19147 I PackageWatchdog: Syncing state, reason: observing new packages
04-22 02:58:15.356 19124 19147 D PackageWatchdog: rescue-party-observer added the following packages to monitor [android]
04-22 02:58:15.356 19124 19147 I PackageWatchdog: Syncing state, reason: updated observers
04-22 02:58:15.356 19124 19147 I PackageWatchdog: Saving observer state to file
04-22 02:58:15.364 19124 19124 I PackageWatchdog: Syncing health check requests for packages: {}
04-22 02:58:15.364 19124 19124 I ExplicitHealthCheckController: Service not ready to get health check supported packages. Binding...
04-22 02:58:15.368 19124 19124 I ExplicitHealthCheckController: Explicit health check service is bound
04-22 02:58:15.368 19124 19124 I PackageWatchdog: Syncing health check requests for packages: {}
04-22 02:58:15.368 19124 19124 I ExplicitHealthCheckController: Service not ready to get health check supported packages. Binding...
04-22 02:58:15.368 19124 19124 I ExplicitHealthCheckController: Not binding to service, service already connecting
04-22 02:58:15.373 19124 19124 I ExplicitHealthCheckController: Explicit health check service is connected ComponentInfo{com.google.android.ext.services/android.ext.services.watchdog.ExplicitHealthCheckServiceImpl}
04-22 02:58:15.374 19124 19124 I ExplicitHealthCheckController: Service initialized, syncing requests
04-22 02:58:15.374 19124 19124 I PackageWatchdog: Syncing health check requests for packages: {}
04-22 02:58:15.374 19124 19124 D ExplicitHealthCheckController: Getting health check supported packages
04-22 02:58:15.377 19124 25860 I ExplicitHealthCheckController: Explicit health check supported packages []
04-22 02:58:15.377 19124 25860 D PackageWatchdog: Received supported packages []
04-22 02:58:15.377 19124 25860 D ExplicitHealthCheckController: Getting health check requested packages
04-22 02:58:15.378 19124 25860 I ExplicitHealthCheckController: Explicit health check requested packages []
04-22 02:58:15.378 19124 25860 I ExplicitHealthCheckController: No more health check requests, unbinding...
04-22 02:58:15.390 19124 25860 I ExplicitHealthCheckController: Explicit health check service is unbound
04-22 02:58:15.405 19124 19210 I RescueParty: Starting to observe: [android], updated namespace: wifi
04-22 02:58:15.405 19124 19147 I PackageWatchdog: Syncing state, reason: observing new packages
04-22 02:58:15.405 19124 19147 D PackageWatchdog: rescue-party-observer added the following packages to monitor [android]
04-22 02:58:15.405 19124 19147 I PackageWatchdog: Syncing state, reason: updated observers
04-22 02:58:15.405 19124 19147 I PackageWatchdog: Not pruning observers, elapsed time: 0ms
04-22 02:58:15.406 19124 19147 I PackageWatchdog: Saving observer state to file
04-22 02:58:15.417 19124 19124 I PackageWatchdog: Syncing health check requests for packages: {}
04-22 02:58:15.417 19124 19124 I ExplicitHealthCheckController: Service not ready to get health check supported packages. Binding...
04-22 02:58:15.422 19124 19124 I ExplicitHealthCheckController: Explicit health check service is bound
04-22 02:58:15.426 19124 19124 I ExplicitHealthCheckController: Explicit health check service is connected ComponentInfo{com.google.android.ext.services/android.ext.services.watchdog.ExplicitHealthCheckServiceImpl}
04-22 02:58:15.426 19124 19124 I ExplicitHealthCheckController: Service initialized, syncing requests
04-22 02:58:15.426 19124 19124 I PackageWatchdog: Syncing health check requests for packages: {}
04-22 02:58:15.426 19124 19124 D ExplicitHealthCheckController: Getting health check supported packages
04-22 02:58:15.428 19124 19210 I ExplicitHealthCheckController: Explicit health check supported packages []
04-22 02:58:15.429 19124 19210 D PackageWatchdog: Received supported packages []
04-22 02:58:15.429 19124 19210 D ExplicitHealthCheckController: Getting health check requested packages
04-22 02:58:15.432 19124 19210 I ExplicitHealthCheckController: Explicit health check requested packages []
04-22 02:58:15.432 19124 19210 I ExplicitHealthCheckController: No more health check requests, unbinding...
04-22 02:58:15.438 19124 19210 I ExplicitHealthCheckController: Explicit health check service is unbound
04-22 02:58:15.524 19124 25184 I RescueParty: Starting to observe: [android], updated namespace: telephony
04-22 02:58:15.524 19124 19147 I PackageWatchdog: Syncing state, reason: observing new packages
04-22 02:58:15.525 19124 19147 D PackageWatchdog: rescue-party-observer added the following packages to monitor [android]
04-22 02:58:15.525 19124 19147 I PackageWatchdog: Syncing state, reason: updated observers
04-22 02:58:15.525 19124 19147 I PackageWatchdog: Not pruning observers, elapsed time: 0ms
04-22 02:58:15.525 19124 19147 I PackageWatchdog: Saving observer state to file
04-22 02:58:15.528 19124 19124 I PackageWatchdog: Syncing health check requests for packages: {}
04-22 02:58:15.528 19124 19124 I ExplicitHealthCheckController: Service not ready to get health check supported packages. Binding...
04-22 02:58:15.531 19124 19124 I ExplicitHealthCheckController: Explicit health check service is bound
04-22 02:58:15.532 19124 19124 I ExplicitHealthCheckController: Explicit health check service is connected ComponentInfo{com.google.android.ext.services/android.ext.services.watchdog.ExplicitHealthCheckServiceImpl}
04-22 02:58:15.533 19124 19124 I ExplicitHealthCheckController: Service initialized, syncing requests
04-22 02:58:15.533 19124 19124 I PackageWatchdog: Syncing health check requests for packages: {}
04-22 02:58:15.533 19124 19124 D ExplicitHealthCheckController: Getting health check supported packages
04-22 02:58:15.535 19124 25184 I ExplicitHealthCheckController: Explicit health check supported packages []
04-22 02:58:15.535 19124 25184 D PackageWatchdog: Received supported packages []
04-22 02:58:15.535 19124 25184 D ExplicitHealthCheckController: Getting health check requested packages
04-22 02:58:15.536 19124 25184 I ExplicitHealthCheckController: Explicit health check requested packages []
04-22 02:58:15.536 19124 25184 I ExplicitHealthCheckController: No more health check requests, unbinding...
04-22 02:58:15.539 19124 25184 I ExplicitHealthCheckController: Explicit health check service is unbound
04-22 02:58:15.554 19124 25860 I RescueParty: Starting to observe: [android], updated namespace: runtime_native
04-22 02:58:15.555 19124 19147 I PackageWatchdog: Syncing state, reason: observing new packages
04-22 02:58:15.555 19124 19147 D PackageWatchdog: rescue-party-observer added the following packages to monitor [android]
04-22 02:58:15.555 19124 19147 I PackageWatchdog: Syncing state, reason: updated observers
04-22 02:58:15.555 19124 19124 I PackageWatchdog: Syncing health check requests for packages: {}
04-22 02:58:15.555 19124 19124 I ExplicitHealthCheckController: Service not ready to get health check supported packages. Binding...
04-22 02:58:15.556 19124 19147 I PackageWatchdog: Not pruning observers, elapsed time: 0ms
04-22 02:58:15.556 19124 19147 I PackageWatchdog: Saving observer state to file
04-22 02:58:15.558 19124 19124 I ExplicitHealthCheckController: Explicit health check service is bound
04-22 02:58:15.566 19124 19124 I PackageWatchdog: Syncing health check requests for packages: {}
04-22 02:58:15.566 19124 19124 I ExplicitHealthCheckController: Service not ready to get health check supported packages. Binding...
04-22 02:58:15.566 19124 19124 I ExplicitHealthCheckController: Not binding to service, service already connecting
04-22 02:58:15.566 19124 19124 I ExplicitHealthCheckController: Explicit health check service is connected ComponentInfo{com.google.android.ext.services/android.ext.services.watchdog.ExplicitHealthCheckServiceImpl}
04-22 02:58:15.566 19124 19124 I ExplicitHealthCheckController: Service initialized, syncing requests
04-22 02:58:15.567 19124 19124 I PackageWatchdog: Syncing health check requests for packages: {}
04-22 02:58:15.567 19124 19124 D ExplicitHealthCheckController: Getting health check supported packages
04-22 02:58:15.570 19124 25860 I ExplicitHealthCheckController: Explicit health check supported packages []
04-22 02:58:15.570 19124 25860 D PackageWatchdog: Received supported packages []
04-22 02:58:15.570 19124 25860 D ExplicitHealthCheckController: Getting health check requested packages
04-22 02:58:15.571 19124 25860 I ExplicitHealthCheckController: Explicit health check requested packages []
04-22 02:58:15.571 19124 25860 I ExplicitHealthCheckController: No more health check requests, unbinding...
04-22 02:58:15.575 19124 25860 I ExplicitHealthCheckController: Explicit health check service is unbound
04-22 02:58:15.679 19124 25860 I RescueParty: Starting to observe: [android], updated namespace: configuration
04-22 02:58:15.680 19124 19147 I PackageWatchdog: Syncing state, reason: observing new packages
04-22 02:58:15.681 19124 19147 D PackageWatchdog: rescue-party-observer added the following packages to monitor [android]
04-22 02:58:15.681 19124 19147 I PackageWatchdog: Syncing state, reason: updated observers
04-22 02:58:15.681 19124 19147 I PackageWatchdog: Not pruning observers, elapsed time: 0ms
04-22 02:58:15.681 19124 19147 I PackageWatchdog: Saving observer state to file
04-22 02:58:15.690 19124 19124 I PackageWatchdog: Syncing health check requests for packages: {}
04-22 02:58:15.690 19124 19124 I ExplicitHealthCheckController: Service not ready to get health check supported packages. Binding...
04-22 02:58:15.694 19124 19124 I ExplicitHealthCheckController: Explicit health check service is bound
04-22 02:58:15.695 19124 24863 E SettingsToPropertiesMapper: adservices/disable_sdk_sandbox,adservices/enforce_broadcast_receiver_restrictions,adservices/fledge_ad_selection_enforce_foreground_status_custom_audience,adservices/fledge_custom_audience_max_count,adservices/fledge_custom_audience_max_num_ads,adservices/fledge_custom_audience_max_owner_count,adservices/fledge_custom_audience_per_app_max_count,adservices/fledge_js_isolate_enforce_max_heap_size,adservices/fledge_js_isolate_max_heap_size_bytes,adservices/sdk_request_permits_per_second,adservices/sdksandbox_customized_sdk_context_enabled,configuration/namespace_to_package_mapping,constrain_display_apis/always_constrain_display_apis,constrain_display_apis/never_constrain_display_apis,constrain_display_apis/never_constrain_display_apis_all_packages,device_policy_manager/disable_resources_updatability,flipendo/default_savings_mode_launch,flipendo/essential_apps,flipendo/flipendo_enabled_launch,flipendo/grayscale_enabled_launch,flipendo/lever_ble_scanning_enabled_launch,flipendo/lever_hotspot_enabled_launch,flipendo/lever_work_profile_enabled_launch,flipendo/resuspend_delay_minutes,namespace/key,namespace1/key1,namespace1/key2,namespace2/key1,namespace2/key2,package_manager_service/incfs_default_timeouts,package_manager_service/known_digesters_list,privacy/location_access_check_periodic_interval_millis,rollback/enable_rollback_timeout,rollback/watchdog_explicit_health_check_enabled,rollback/watchdog_request_timeout_millis,rollback/watchdog_trigger_failure_count,rollback/watchdog_trigger_failure_duration_millis,rollback_boot/rollback_lifetime_in_millis,systemui/nas_generate_actions,systemui/nas_generate_replies,systemui/nas_max_messages_to_extract,systemui/nas_max_suggestions,testspace/another,testspace/flagname,textclassifier/config_updater_model_enabled,textclassifier/key,textclassifier/key2,textclassifier/manifest_url_annotator_en,textclassifier/manifest_url_annotator_ru,textclassifier/model_download_backoff_delay_in_millis,textclassifier/model_download_manager_enabled,textclassifier/multi_language_support_enabled,textclassifier/testing_locale_list_override,textclassifier/textclassifier_service_package_override,window_manager/enable_default_rescind_bal_privileges_from_pending_intent_sender,wrong/nas_generate_replies, exceeds system property max length.
04-22 02:58:15.696 19124 19124 I ExplicitHealthCheckController: Explicit health check service is connected ComponentInfo{com.google.android.ext.services/android.ext.services.watchdog.ExplicitHealthCheckServiceImpl}
04-22 02:58:15.697 19124 19124 I ExplicitHealthCheckController: Service initialized, syncing requests
04-22 02:58:15.697 19124 19124 I PackageWatchdog: Syncing health check requests for packages: {}
04-22 02:58:15.697 19124 19124 D ExplicitHealthCheckController: Getting health check supported packages
04-22 02:58:15.703 19124 25860 I ExplicitHealthCheckController: Explicit health check supported packages []
04-22 02:58:15.703 19124 25860 D PackageWatchdog: Received supported packages []
04-22 02:58:15.703 19124 25860 D ExplicitHealthCheckController: Getting health check requested packages
04-22 02:58:15.704 19124 25184 I ExplicitHealthCheckController: Explicit health check requested packages []
04-22 02:58:15.704 19124 25184 I ExplicitHealthCheckController: No more health check requests, unbinding...
04-22 02:58:15.708 19124 25184 I ExplicitHealthCheckController: Explicit health check service is unbound
04-22 02:58:15.739 19124 25860 I RescueParty: Starting to observe: [android, com.google.android.permissioncontroller, com.google.android.gms, com.google.android.gsf, com.android.providers.userdictionary, com.android.providers.media.module, com.android.systemui, com.android.bluetooth, com.android.providers.contacts], updated namespace: privacy
04-22 02:58:15.739 19124 19147 I PackageWatchdog: Syncing state, reason: observing new packages
04-22 02:58:15.740 19124 19147 D PackageWatchdog: rescue-party-observer added the following packages to monitor [android, com.google.android.permissioncontroller, com.google.android.gms, com.google.android.gsf, com.android.providers.userdictionary, com.android.providers.media.module, com.android.systemui, com.android.bluetooth, com.android.providers.contacts]
04-22 02:58:15.740 19124 19147 I PackageWatchdog: Syncing state, reason: updated observers
04-22 02:58:15.740 19124 19147 I PackageWatchdog: Not pruning observers, elapsed time: 0ms
04-22 02:58:15.740 19124 19147 I PackageWatchdog: Saving observer state to file
04-22 02:58:15.753 19124 19124 I PackageWatchdog: Syncing health check requests for packages: {}
04-22 02:58:15.753 19124 19124 I ExplicitHealthCheckController: Service not ready to get health check supported packages. Binding...
04-22 02:58:15.757 19124 19124 I ExplicitHealthCheckController: Explicit health check service is bound
04-22 02:58:15.758 19124 19124 I ExplicitHealthCheckController: Explicit health check service is connected ComponentInfo{com.google.android.ext.services/android.ext.services.watchdog.ExplicitHealthCheckServiceImpl}
04-22 02:58:15.759 19124 19124 I ExplicitHealthCheckController: Service initialized, syncing requests
04-22 02:58:15.759 19124 19124 I PackageWatchdog: Syncing health check requests for packages: {}
04-22 02:58:15.759 19124 19124 D ExplicitHealthCheckController: Getting health check supported packages
04-22 02:58:15.762 19124 22551 I ExplicitHealthCheckController: Explicit health check supported packages []
04-22 02:58:15.762 19124 22551 D PackageWatchdog: Received supported packages []
04-22 02:58:15.762 19124 22551 D ExplicitHealthCheckController: Getting health check requested packages
04-22 02:58:15.763 19124 22551 I ExplicitHealthCheckController: Explicit health check requested packages []
04-22 02:58:15.763 19124 22551 I ExplicitHealthCheckController: No more health check requests, unbinding...
04-22 02:58:15.768 19124 22551 I ExplicitHealthCheckController: Explicit health check service is unbound
04-22 02:58:15.807 19124 25184 I RescueParty: Starting to observe: [com.google.android.ext.services, android, com.android.systemui], updated namespace: systemui
04-22 02:58:15.808 19124 19147 I PackageWatchdog: Syncing state, reason: observing new packages
04-22 02:58:15.808 19124 19147 D PackageWatchdog: rescue-party-observer added the following packages to monitor [com.google.android.ext.services, android, com.android.systemui]
04-22 02:58:15.808 19124 19147 I PackageWatchdog: Syncing state, reason: updated observers
04-22 02:58:15.808 19124 19147 I PackageWatchdog: Not pruning observers, elapsed time: 0ms
04-22 02:58:15.808 19124 19147 I PackageWatchdog: Saving observer state to file
04-22 02:58:15.814 19124 19124 I PackageWatchdog: Syncing health check requests for packages: {}
04-22 02:58:15.814 19124 19124 I ExplicitHealthCheckController: Service not ready to get health check supported packages. Binding...
04-22 02:58:15.818 19124 19124 I ExplicitHealthCheckController: Explicit health check service is bound
04-22 02:58:15.821 19124 19124 I ExplicitHealthCheckController: Explicit health check service is connected ComponentInfo{com.google.android.ext.services/android.ext.services.watchdog.ExplicitHealthCheckServiceImpl}
04-22 02:58:15.822 19124 19124 I ExplicitHealthCheckController: Service initialized, syncing requests
04-22 02:58:15.822 19124 19124 I PackageWatchdog: Syncing health check requests for packages: {}
04-22 02:58:15.822 19124 19124 D ExplicitHealthCheckController: Getting health check supported packages
04-22 02:58:15.824 19124 22551 I ExplicitHealthCheckController: Explicit health check supported packages []
04-22 02:58:15.824 19124 22551 D PackageWatchdog: Received supported packages []
04-22 02:58:15.824 19124 22551 D ExplicitHealthCheckController: Getting health check requested packages
04-22 02:58:15.825 19124 22551 I ExplicitHealthCheckController: Explicit health check requested packages []
04-22 02:58:15.825 19124 22551 I ExplicitHealthCheckController: No more health check requests, unbinding...
04-22 02:58:15.827 19124 25184 I RescueParty: Starting to observe: [android], updated namespace: media
04-22 02:58:15.827 19124 19147 I PackageWatchdog: Syncing state, reason: observing new packages
04-22 02:58:15.827 19124 19147 D PackageWatchdog: rescue-party-observer added the following packages to monitor [android]
04-22 02:58:15.827 19124 19147 I PackageWatchdog: Syncing state, reason: updated observers
04-22 02:58:15.827 19124 19147 I PackageWatchdog: Not pruning observers, elapsed time: 0ms
04-22 02:58:15.827 19124 19147 I PackageWatchdog: Saving observer state to file
04-22 02:58:15.830 19124 22551 I ExplicitHealthCheckController: Explicit health check service is unbound
04-22 02:58:15.834 19124 19124 I PackageWatchdog: Syncing health check requests for packages: {}
04-22 02:58:15.834 19124 19124 I ExplicitHealthCheckController: Service not ready to get health check supported packages. Binding...
04-22 02:58:15.837 19124 19124 I ExplicitHealthCheckController: Explicit health check service is bound
04-22 02:58:15.840 19124 19124 I ExplicitHealthCheckController: Explicit health check service is connected ComponentInfo{com.google.android.ext.services/android.ext.services.watchdog.ExplicitHealthCheckServiceImpl}
04-22 02:58:15.840 19124 19124 I ExplicitHealthCheckController: Service initialized, syncing requests
04-22 02:58:15.840 19124 19124 I PackageWatchdog: Syncing health check requests for packages: {}
04-22 02:58:15.841 19124 19124 D ExplicitHealthCheckController: Getting health check supported packages
04-22 02:58:15.842 19124 25184 I ExplicitHealthCheckController: Explicit health check supported packages []
04-22 02:58:15.842 19124 25184 D PackageWatchdog: Received supported packages []
04-22 02:58:15.842 19124 25184 D ExplicitHealthCheckController: Getting health check requested packages
04-22 02:58:15.844 19124 22551 I ExplicitHealthCheckController: Explicit health check requested packages []
04-22 02:58:15.844 19124 22551 I ExplicitHealthCheckController: No more health check requests, unbinding...
04-22 02:58:15.847 19124 22551 I ExplicitHealthCheckController: Explicit health check service is unbound
04-22 02:58:15.894 19124 25184 I RescueParty: Starting to observe: [android, com.google.android.permissioncontroller], updated namespace: app_hibernation
04-22 02:58:15.894 19124 19147 I PackageWatchdog: Syncing state, reason: observing new packages
04-22 02:58:15.894 19124 19147 D PackageWatchdog: rescue-party-observer added the following packages to monitor [android, com.google.android.permissioncontroller]
04-22 02:58:15.894 19124 19147 I PackageWatchdog: Syncing state, reason: updated observers
04-22 02:58:15.894 19124 19147 I PackageWatchdog: Not pruning observers, elapsed time: 0ms
04-22 02:58:15.894 19124 19147 I PackageWatchdog: Saving observer state to file
04-22 02:58:15.900 19124 19124 I PackageWatchdog: Syncing health check requests for packages: {}
04-22 02:58:15.900 19124 19124 I ExplicitHealthCheckController: Service not ready to get health check supported packages. Binding...
04-22 02:58:15.903 19124 19124 I ExplicitHealthCheckController: Explicit health check service is bound
04-22 02:58:15.903 19124 19124 D AppHibernationService: App hibernation changed to enabled=true
04-22 02:58:15.905 19124 19124 I ExplicitHealthCheckController: Explicit health check service is connected ComponentInfo{com.google.android.ext.services/android.ext.services.watchdog.ExplicitHealthCheckServiceImpl}
04-22 02:58:15.906 19124 19124 I ExplicitHealthCheckController: Service initialized, syncing requests
04-22 02:58:15.906 19124 19124 I PackageWatchdog: Syncing health check requests for packages: {}
04-22 02:58:15.906 19124 19124 D ExplicitHealthCheckController: Getting health check supported packages
04-22 02:58:15.907 19124 25184 I ExplicitHealthCheckController: Explicit health check supported packages []
04-22 02:58:15.907 19124 25184 D PackageWatchdog: Received supported packages []
04-22 02:58:15.907 19124 25184 D ExplicitHealthCheckController: Getting health check requested packages
04-22 02:58:15.909 19124 25184 I ExplicitHealthCheckController: Explicit health check requested packages []
04-22 02:58:15.909 19124 25184 I ExplicitHealthCheckController: No more health check requests, unbinding...
04-22 02:58:15.911 19124 25184 I ExplicitHealthCheckController: Explicit health check service is unbound
04-22 02:58:15.966 19124 25184 I RescueParty: Starting to observe: [android], updated namespace: lmkd_native
04-22 02:58:15.966 19124 19147 I PackageWatchdog: Syncing state, reason: observing new packages
04-22 02:58:15.966 19124 19147 D PackageWatchdog: rescue-party-observer added the following packages to monitor [android]
04-22 02:58:15.966 19124 19147 I PackageWatchdog: Syncing state, reason: updated observers
04-22 02:58:15.966 19124 19147 I PackageWatchdog: Not pruning observers, elapsed time: 0ms
04-22 02:58:15.966 19124 19147 I PackageWatchdog: Saving observer state to file
04-22 02:58:15.970 19124 19124 I PackageWatchdog: Syncing health check requests for packages: {}
04-22 02:58:15.970 19124 19124 I ExplicitHealthCheckController: Service not ready to get health check supported packages. Binding...
04-22 02:58:15.975 19124 19124 I ExplicitHealthCheckController: Explicit health check service is bound
04-22 02:58:15.976 19124 19124 I ExplicitHealthCheckController: Explicit health check service is connected ComponentInfo{com.google.android.ext.services/android.ext.services.watchdog.ExplicitHealthCheckServiceImpl}
04-22 02:58:15.977 19124 19124 I ExplicitHealthCheckController: Service initialized, syncing requests
04-22 02:58:15.977 19124 19124 I PackageWatchdog: Syncing health check requests for packages: {}
04-22 02:58:15.977 19124 19124 D ExplicitHealthCheckController: Getting health check supported packages
04-22 02:58:15.979 19124 25184 I ExplicitHealthCheckController: Explicit health check supported packages []
04-22 02:58:15.979 19124 25184 D PackageWatchdog: Received supported packages []
04-22 02:58:15.979 19124 25184 D ExplicitHealthCheckController: Getting health check requested packages
04-22 02:58:15.980 19124 25184 I ExplicitHealthCheckController: Explicit health check requested packages []
04-22 02:58:15.980 19124 25184 I ExplicitHealthCheckController: No more health check requests, unbinding...
04-22 02:58:15.982 19124 25184 I ExplicitHealthCheckController: Explicit health check service is unbound
04-22 02:58:15.987 19124 25184 I RescueParty: Starting to observe: [android], updated namespace: window_manager
04-22 02:58:15.988 19124 19147 I PackageWatchdog: Syncing state, reason: observing new packages
04-22 02:58:15.988 19124 19147 D PackageWatchdog: rescue-party-observer added the following packages to monitor [android]
04-22 02:58:15.988 19124 19147 I PackageWatchdog: Syncing state, reason: updated observers
04-22 02:58:15.988 19124 19147 I PackageWatchdog: Not pruning observers, elapsed time: 0ms
04-22 02:58:15.988 19124 19147 I PackageWatchdog: Saving observer state to file
04-22 02:58:15.991 19124 19124 I PackageWatchdog: Syncing health check requests for packages: {}
04-22 02:58:15.991 19124 19124 I ExplicitHealthCheckController: Service not ready to get health check supported packages. Binding...
04-22 02:58:15.994 19124 19124 I ExplicitHealthCheckController: Explicit health check service is bound
04-22 02:58:15.997 19124 19124 I ExplicitHealthCheckController: Explicit health check service is connected ComponentInfo{com.google.android.ext.services/android.ext.services.watchdog.ExplicitHealthCheckServiceImpl}
04-22 02:58:15.998 19124 19124 I ExplicitHealthCheckController: Service initialized, syncing requests
04-22 02:58:15.999 19124 19124 I PackageWatchdog: Syncing health check requests for packages: {}
04-22 02:58:15.999 19124 19124 D ExplicitHealthCheckController: Getting health check supported packages
04-22 02:58:16.001 19124 20050 I ExplicitHealthCheckController: Explicit health check supported packages []
04-22 02:58:16.001 19124 20050 D PackageWatchdog: Received supported packages []
04-22 02:58:16.001 19124 20050 D ExplicitHealthCheckController: Getting health check requested packages
04-22 02:58:16.003 19124 20050 I ExplicitHealthCheckController: Explicit health check requested packages []
04-22 02:58:16.003 19124 20050 I ExplicitHealthCheckController: No more health check requests, unbinding...
04-22 02:58:16.008 19124 20050 I ExplicitHealthCheckController: Explicit health check service is unbound
04-22 02:58:16.137 19124 20050 I RescueParty: Starting to observe: [android, com.android.bluetooth], updated namespace: bluetooth
04-22 02:58:16.137 19124 19147 I PackageWatchdog: Syncing state, reason: observing new packages
04-22 02:58:16.138 19124 19147 D PackageWatchdog: rescue-party-observer added the following packages to monitor [android, com.android.bluetooth]
04-22 02:58:16.138 19124 19147 I PackageWatchdog: Syncing state, reason: updated observers
04-22 02:58:16.138 19124 19147 I PackageWatchdog: Not pruning observers, elapsed time: 0ms
04-22 02:58:16.138 19124 19147 I PackageWatchdog: Saving observer state to file
04-22 02:58:16.139 19124 19124 D BluetoothDeviceConfigListener: onPropertiesChanged: location_denylist_name='',location_denylist_advertising_data='⊆0016AAFE/00FFFFFF,⊆00FF4C0002/00FFFFFFFF',location_denylist_mac=''
04-22 02:58:16.143 19124 19124 I PackageWatchdog: Syncing health check requests for packages: {}
04-22 02:58:16.143 19124 19124 I ExplicitHealthCheckController: Service not ready to get health check supported packages. Binding...
04-22 02:58:16.148 19124 19124 I ExplicitHealthCheckController: Explicit health check service is bound
04-22 02:58:16.151 19124 19124 I ExplicitHealthCheckController: Explicit health check service is connected ComponentInfo{com.google.android.ext.services/android.ext.services.watchdog.ExplicitHealthCheckServiceImpl}
04-22 02:58:16.151 19124 19124 I ExplicitHealthCheckController: Service initialized, syncing requests
04-22 02:58:16.151 19124 19124 I PackageWatchdog: Syncing health check requests for packages: {}
04-22 02:58:16.151 19124 19124 D ExplicitHealthCheckController: Getting health check supported packages
04-22 02:58:16.155 19124 19210 I ExplicitHealthCheckController: Explicit health check supported packages []
04-22 02:58:16.155 19124 19210 D PackageWatchdog: Received supported packages []
04-22 02:58:16.155 19124 19210 D ExplicitHealthCheckController: Getting health check requested packages
04-22 02:58:16.156 19124 19210 I ExplicitHealthCheckController: Explicit health check requested packages []
04-22 02:58:16.157 19124 19210 I ExplicitHealthCheckController: No more health check requests, unbinding...
04-22 02:58:16.159 19124 19210 I ExplicitHealthCheckController: Explicit health check service is unbound
04-22 02:58:16.166 19124 20050 I RescueParty: Starting to observe: [android], updated namespace: latency_tracker
04-22 02:58:16.166 19124 19147 I PackageWatchdog: Syncing state, reason: observing new packages
04-22 02:58:16.166 19124 19147 D PackageWatchdog: rescue-party-observer added the following packages to monitor [android]
04-22 02:58:16.166 19124 19147 I PackageWatchdog: Syncing state, reason: updated observers
04-22 02:58:16.166 19124 19147 I PackageWatchdog: Saving observer state to file
04-22 02:58:16.170 19124 19124 I PackageWatchdog: Syncing health check requests for packages: {}
04-22 02:58:16.170 19124 19124 I ExplicitHealthCheckController: Service not ready to get health check supported packages. Binding...
04-22 02:58:16.173 19124 19124 I ExplicitHealthCheckController: Explicit health check service is bound
04-22 02:58:16.175 19124 19124 I ExplicitHealthCheckController: Explicit health check service is connected ComponentInfo{com.google.android.ext.services/android.ext.services.watchdog.ExplicitHealthCheckServiceImpl}
04-22 02:58:16.176 19124 19124 I ExplicitHealthCheckController: Service initialized, syncing requests
04-22 02:58:16.176 19124 19124 I PackageWatchdog: Syncing health check requests for packages: {}
04-22 02:58:16.176 19124 19124 D ExplicitHealthCheckController: Getting health check supported packages
04-22 02:58:16.178 19124 19210 I ExplicitHealthCheckController: Explicit health check supported packages []
04-22 02:58:16.178 19124 19210 D PackageWatchdog: Received supported packages []
04-22 02:58:16.178 19124 19210 D ExplicitHealthCheckController: Getting health check requested packages
04-22 02:58:16.179 19124 19210 I ExplicitHealthCheckController: Explicit health check requested packages []
04-22 02:58:16.179 19124 19210 I ExplicitHealthCheckController: No more health check requests, unbinding...
04-22 02:58:16.181 19124 19210 I ExplicitHealthCheckController: Explicit health check service is unbound
04-22 02:58:16.183 19124 19210 I RescueParty: Starting to observe: [android], updated namespace: battery_saver
